=== RUN FILE confidence_interval/run_9.log (run index = 9) ===
### ENTRY users=10 run=9 seed=9 ###
ResponseTime=0.06045 Throughput=3.09375 goodput=3.09375 badput=0.00000 completed=542 timedout=0 dropped=0 Util=0.04591
### END_ENTRY users=10 run=9 ###

### ENTRY users=20 run=9 seed=9 ###
ResponseTime=0.06235 Throughput=6.10625 goodput=6.10625 badput=0.00000 completed=1075 timedout=0 dropped=0 Util=0.09209
### END_ENTRY users=20 run=9 ###

### ENTRY users=30 run=9 seed=9 ###
ResponseTime=0.06589 Throughput=9.16250 goodput=9.16250 badput=0.00000 completed=1610 timedout=0 dropped=0 Util=0.14233
### END_ENTRY users=30 run=9 ###

### ENTRY users=40 run=9 seed=9 ###
ResponseTime=0.06984 Throughput=12.21250 goodput=12.21250 badput=0.00000 completed=2146 timedout=0 dropped=0 Util=0.18512
### END_ENTRY users=40 run=9 ###

### ENTRY users=50 run=9 seed=9 ###
ResponseTime=0.07326 Throughput=15.31250 goodput=15.31250 badput=0.00000 completed=2691 timedout=0 dropped=0 Util=0.23163
### END_ENTRY users=50 run=9 ###

### ENTRY users=60 run=9 seed=9 ###
ResponseTime=0.08097 Throughput=18.26250 goodput=18.26250 badput=0.00000 completed=3210 timedout=0 dropped=0 Util=0.27735
### END_ENTRY users=60 run=9 ###

### ENTRY users=70 run=9 seed=9 ###
ResponseTime=0.08260 Throughput=21.31875 goodput=21.31875 badput=0.00000 completed=3747 timedout=0 dropped=0 Util=0.31899
### END_ENTRY users=70 run=9 ###

### ENTRY users=80 run=9 seed=9 ###
ResponseTime=0.08965 Throughput=24.29375 goodput=24.29375 badput=0.00000 completed=4274 timedout=0 dropped=0 Util=0.36273
### END_ENTRY users=80 run=9 ###

### ENTRY users=90 run=9 seed=9 ###
ResponseTime=0.09563 Throughput=27.31250 goodput=27.31250 badput=0.00000 completed=4800 timedout=0 dropped=0 Util=0.40397
### END_ENTRY users=90 run=9 ###

### ENTRY users=100 run=9 seed=9 ###
ResponseTime=0.10660 Throughput=30.28125 goodput=30.28125 badput=0.00000 completed=5329 timedout=0 dropped=0 Util=0.45087
### END_ENTRY users=100 run=9 ###

### ENTRY users=110 run=9 seed=9 ###
ResponseTime=0.11255 Throughput=33.26250 goodput=33.26250 badput=0.00000 completed=5850 timedout=0 dropped=0 Util=0.49402
### END_ENTRY users=110 run=9 ###

### ENTRY users=120 run=9 seed=9 ###
ResponseTime=0.11792 Throughput=36.19375 goodput=36.19375 badput=0.00000 completed=6367 timedout=0 dropped=0 Util=0.54355
### END_ENTRY users=120 run=9 ###

### ENTRY users=130 run=9 seed=9 ###
ResponseTime=0.13379 Throughput=39.03125 goodput=39.03125 badput=0.00000 completed=6860 timedout=0 dropped=0 Util=0.57482
### END_ENTRY users=130 run=9 ###

### ENTRY users=140 run=9 seed=9 ###
ResponseTime=0.17028 Throughput=41.56875 goodput=41.56875 badput=0.00000 completed=7313 timedout=0 dropped=0 Util=0.63037
### END_ENTRY users=140 run=9 ###

### ENTRY users=150 run=9 seed=9 ###
ResponseTime=0.16174 Throughput=44.70625 goodput=44.70625 badput=0.00000 completed=7860 timedout=0 dropped=0 Util=0.66389
### END_ENTRY users=150 run=9 ###

### ENTRY users=160 run=9 seed=9 ###
ResponseTime=0.20340 Throughput=47.10625 goodput=47.10625 badput=0.00000 completed=8263 timedout=0 dropped=0 Util=0.71319
### END_ENTRY users=160 run=9 ###

### ENTRY users=170 run=9 seed=9 ###
ResponseTime=0.19836 Throughput=49.98750 goodput=49.98750 badput=0.00000 completed=8780 timedout=0 dropped=0 Util=0.73470
### END_ENTRY users=170 run=9 ###

### ENTRY users=180 run=9 seed=9 ###
ResponseTime=0.23397 Throughput=52.41250 goodput=52.41250 badput=0.00000 completed=9205 timedout=0 dropped=0 Util=0.77068
### END_ENTRY users=180 run=9 ###

### ENTRY users=190 run=9 seed=9 ###
ResponseTime=0.28586 Throughput=54.46250 goodput=54.46250 badput=0.00000 completed=9580 timedout=0 dropped=0 Util=0.81782
### END_ENTRY users=190 run=9 ###

### ENTRY users=200 run=9 seed=9 ###
ResponseTime=0.33525 Throughput=56.51875 goodput=56.51875 badput=0.00000 completed=9949 timedout=0 dropped=0 Util=0.85903
### END_ENTRY users=200 run=9 ###

### ENTRY users=210 run=9 seed=9 ###
ResponseTime=0.35331 Throughput=59.10625 goodput=59.10625 badput=0.00000 completed=10370 timedout=0 dropped=0 Util=0.87427
### END_ENTRY users=210 run=9 ###

### ENTRY users=220 run=9 seed=9 ###
ResponseTime=0.44479 Throughput=60.31875 goodput=60.31875 badput=0.00000 completed=10576 timedout=0 dropped=0 Util=0.90707
### END_ENTRY users=220 run=9 ###

### ENTRY users=230 run=9 seed=9 ###
ResponseTime=0.51003 Throughput=61.93125 goodput=61.93125 badput=0.00000 completed=10882 timedout=0 dropped=0 Util=0.92839
### END_ENTRY users=230 run=9 ###

### ENTRY users=240 run=9 seed=9 ###
ResponseTime=0.59313 Throughput=63.18125 goodput=63.18125 badput=0.00000 completed=11108 timedout=0 dropped=0 Util=0.94691
### END_ENTRY users=240 run=9 ###

### ENTRY users=250 run=9 seed=9 ###
ResponseTime=0.66941 Throughput=64.67500 goodput=64.67500 badput=0.00000 completed=11347 timedout=0 dropped=0 Util=0.95794
### END_ENTRY users=250 run=9 ###

### ENTRY users=260 run=9 seed=9 ###
ResponseTime=0.77807 Throughput=65.33125 goodput=65.33125 badput=0.00000 completed=11536 timedout=0 dropped=0 Util=0.97011
### END_ENTRY users=260 run=9 ###

### ENTRY users=270 run=9 seed=9 ###
ResponseTime=0.92803 Throughput=65.55625 goodput=65.55625 badput=0.00000 completed=11562 timedout=0 dropped=0 Util=0.97405
### END_ENTRY users=270 run=9 ###

### ENTRY users=280 run=9 seed=9 ###
ResponseTime=1.03211 Throughput=66.10000 goodput=66.10000 badput=0.00000 completed=11607 timedout=0 dropped=0 Util=0.97806
### END_ENTRY users=280 run=9 ###

### ENTRY users=290 run=9 seed=9 ###
ResponseTime=1.16904 Throughput=66.48750 goodput=66.48750 badput=0.00000 completed=11711 timedout=0 dropped=0 Util=0.98063
### END_ENTRY users=290 run=9 ###

### ENTRY users=300 run=9 seed=9 ###
ResponseTime=1.33415 Throughput=66.33125 goodput=66.33125 badput=0.00000 completed=11667 timedout=0 dropped=0 Util=0.98195
### END_ENTRY users=300 run=9 ###

### ENTRY users=310 run=9 seed=9 ###
ResponseTime=1.53424 Throughput=65.40625 goodput=65.40625 badput=0.00000 completed=11573 timedout=0 dropped=0 Util=0.98171
### END_ENTRY users=310 run=9 ###

### ENTRY users=320 run=9 seed=9 ###
ResponseTime=1.66336 Throughput=65.74375 goodput=65.74375 badput=0.00000 completed=11564 timedout=0 dropped=0 Util=0.98199
### END_ENTRY users=320 run=9 ###

### ENTRY users=330 run=9 seed=9 ###
ResponseTime=1.84021 Throughput=65.42500 goodput=65.42500 badput=0.00000 completed=11598 timedout=0 dropped=0 Util=0.98198
### END_ENTRY users=330 run=9 ###

### ENTRY users=340 run=9 seed=9 ###
ResponseTime=1.92649 Throughput=66.26875 goodput=66.26875 badput=0.00000 completed=11648 timedout=0 dropped=0 Util=0.98200
### END_ENTRY users=340 run=9 ###

### ENTRY users=350 run=9 seed=9 ###
ResponseTime=2.14391 Throughput=65.68125 goodput=65.68125 badput=0.00000 completed=11582 timedout=0 dropped=0 Util=0.98199
### END_ENTRY users=350 run=9 ###

### ENTRY users=360 run=9 seed=9 ###
ResponseTime=2.32568 Throughput=65.07500 goodput=65.07500 badput=0.00000 completed=11499 timedout=0 dropped=0 Util=0.98198
### END_ENTRY users=360 run=9 ###

### ENTRY users=370 run=9 seed=9 ###
ResponseTime=2.38911 Throughput=66.28125 goodput=66.28125 badput=0.00000 completed=11668 timedout=0 dropped=0 Util=0.98198
### END_ENTRY users=370 run=9 ###

### ENTRY users=380 run=9 seed=9 ###
ResponseTime=2.56700 Throughput=66.00000 goodput=65.99375 badput=0.00625 completed=11625 timedout=1 dropped=0 Util=0.98202
### END_ENTRY users=380 run=9 ###

### ENTRY users=390 run=9 seed=9 ###
ResponseTime=2.73400 Throughput=65.73125 goodput=65.71875 badput=0.01250 completed=11617 timedout=2 dropped=0 Util=0.98197
### END_ENTRY users=390 run=9 ###

### ENTRY users=400 run=9 seed=9 ###
ResponseTime=2.94238 Throughput=65.09375 goodput=65.08125 badput=0.01250 completed=11520 timedout=2 dropped=0 Util=0.98200
### END_ENTRY users=400 run=9 ###

### ENTRY users=410 run=9 seed=9 ###
ResponseTime=3.00575 Throughput=66.16875 goodput=66.15625 badput=0.01250 completed=11653 timedout=2 dropped=0 Util=0.98199
### END_ENTRY users=410 run=9 ###

### ENTRY users=420 run=9 seed=9 ###
ResponseTime=3.21651 Throughput=65.48750 goodput=65.46250 badput=0.02500 completed=11549 timedout=4 dropped=0 Util=0.98198
### END_ENTRY users=420 run=9 ###

### ENTRY users=430 run=9 seed=9 ###
ResponseTime=3.37420 Throughput=65.35625 goodput=65.33125 badput=0.02500 completed=11543 timedout=4 dropped=0 Util=0.98201
### END_ENTRY users=430 run=9 ###

### ENTRY users=440 run=9 seed=9 ###
ResponseTime=3.59437 Throughput=65.01875 goodput=64.99375 badput=0.02500 completed=11467 timedout=4 dropped=0 Util=0.98198
### END_ENTRY users=440 run=9 ###

### ENTRY users=450 run=9 seed=9 ###
ResponseTime=3.63697 Throughput=65.98750 goodput=65.93125 badput=0.05625 completed=11602 timedout=9 dropped=0 Util=0.98198
### END_ENTRY users=450 run=9 ###

### ENTRY users=460 run=9 seed=9 ###
ResponseTime=3.77326 Throughput=66.05625 goodput=65.98125 badput=0.07500 completed=11625 timedout=12 dropped=0 Util=0.98199
### END_ENTRY users=460 run=9 ###

### ENTRY users=470 run=9 seed=9 ###
ResponseTime=3.96349 Throughput=65.50000 goodput=65.41250 badput=0.08750 completed=11560 timedout=14 dropped=0 Util=0.98195
### END_ENTRY users=470 run=9 ###

### ENTRY users=480 run=9 seed=9 ###
ResponseTime=4.14619 Throughput=65.23750 goodput=65.13750 badput=0.10000 completed=11519 timedout=16 dropped=0 Util=0.98198
### END_ENTRY users=480 run=9 ###

### ENTRY users=490 run=9 seed=9 ###
ResponseTime=4.27433 Throughput=65.40625 goodput=65.28125 badput=0.12500 completed=11537 timedout=20 dropped=0 Util=0.98196
### END_ENTRY users=490 run=9 ###

### ENTRY users=500 run=9 seed=9 ###
ResponseTime=4.35756 Throughput=66.16250 goodput=66.10625 badput=0.05625 completed=11655 timedout=9 dropped=0 Util=0.98198
### END_ENTRY users=500 run=9 ###

### ENTRY users=510 run=9 seed=9 ###
ResponseTime=4.60379 Throughput=65.46875 goodput=65.35625 badput=0.11250 completed=11551 timedout=18 dropped=0 Util=0.98195
### END_ENTRY users=510 run=9 ###

### ENTRY users=520 run=9 seed=9 ###
ResponseTime=4.73661 Throughput=65.50000 goodput=65.38125 badput=0.11875 completed=11516 timedout=19 dropped=0 Util=0.98198
### END_ENTRY users=520 run=9 ###

### ENTRY users=530 run=9 seed=9 ###
ResponseTime=4.78479 Throughput=66.37500 goodput=66.30625 badput=0.06875 completed=11704 timedout=11 dropped=0 Util=0.98197
### END_ENTRY users=530 run=9 ###

### ENTRY users=540 run=9 seed=9 ###
ResponseTime=5.07535 Throughput=65.16875 goodput=65.01875 badput=0.15000 completed=11507 timedout=24 dropped=0 Util=0.98193
### END_ENTRY users=540 run=9 ###

### ENTRY users=550 run=9 seed=9 ###
ResponseTime=5.08152 Throughput=66.39375 goodput=66.28125 badput=0.11250 completed=11729 timedout=18 dropped=0 Util=0.98200
### END_ENTRY users=550 run=9 ###

### ENTRY users=560 run=9 seed=9 ###
ResponseTime=5.31651 Throughput=65.48125 goodput=65.34375 badput=0.13750 completed=11614 timedout=22 dropped=0 Util=0.98193
### END_ENTRY users=560 run=9 ###

### ENTRY users=570 run=9 seed=9 ###
ResponseTime=5.44386 Throughput=65.95625 goodput=65.83750 badput=0.11875 completed=11618 timedout=19 dropped=0 Util=0.98195
### END_ENTRY users=570 run=9 ###

### ENTRY users=580 run=9 seed=9 ###
ResponseTime=5.72093 Throughput=64.90625 goodput=64.72500 badput=0.18125 completed=11442 timedout=29 dropped=0 Util=0.98195
### END_ENTRY users=580 run=9 ###

### ENTRY users=590 run=9 seed=9 ###
ResponseTime=5.75619 Throughput=65.98750 goodput=65.88125 badput=0.10625 completed=11584 timedout=17 dropped=0 Util=0.98195
### END_ENTRY users=590 run=9 ###

### ENTRY users=600 run=9 seed=9 ###
ResponseTime=5.89021 Throughput=66.02500 goodput=65.90000 badput=0.12500 completed=11598 timedout=20 dropped=0 Util=0.98194
### END_ENTRY users=600 run=9 ###

### ENTRY users=610 run=9 seed=9 ###
ResponseTime=6.08436 Throughput=65.58750 goodput=65.46250 badput=0.12500 completed=11563 timedout=20 dropped=0 Util=0.98199
### END_ENTRY users=610 run=9 ###

### ENTRY users=620 run=9 seed=9 ###
ResponseTime=6.25211 Throughput=65.80000 goodput=65.60000 badput=0.20000 completed=11534 timedout=32 dropped=0 Util=0.98195
### END_ENTRY users=620 run=9 ###

### ENTRY users=630 run=9 seed=9 ###
ResponseTime=6.29748 Throughput=66.36250 goodput=66.22500 badput=0.13750 completed=11684 timedout=22 dropped=0 Util=0.98197
### END_ENTRY users=630 run=9 ###

### ENTRY users=640 run=9 seed=9 ###
ResponseTime=6.49487 Throughput=66.16250 goodput=65.97500 badput=0.18750 completed=11587 timedout=30 dropped=0 Util=0.98197
### END_ENTRY users=640 run=9 ###

### ENTRY users=650 run=9 seed=9 ###
ResponseTime=6.61655 Throughput=66.15625 goodput=66.01875 badput=0.13750 completed=11635 timedout=22 dropped=0 Util=0.98198
### END_ENTRY users=650 run=9 ###

### ENTRY users=660 run=9 seed=9 ###
ResponseTime=6.91496 Throughput=65.11875 goodput=64.95625 badput=0.16250 completed=11551 timedout=26 dropped=0 Util=0.98195
### END_ENTRY users=660 run=9 ###

### ENTRY users=670 run=9 seed=9 ###
ResponseTime=7.00294 Throughput=65.68125 goodput=65.47500 badput=0.20625 completed=11527 timedout=33 dropped=0 Util=0.98197
### END_ENTRY users=670 run=9 ###

### ENTRY users=680 run=9 seed=9 ###
ResponseTime=7.12482 Throughput=65.66250 goodput=65.45625 badput=0.20625 completed=11537 timedout=33 dropped=0 Util=0.98195
### END_ENTRY users=680 run=9 ###

### ENTRY users=690 run=9 seed=9 ###
ResponseTime=7.26920 Throughput=65.83750 goodput=65.58125 badput=0.25625 completed=11571 timedout=41 dropped=0 Util=0.98193
### END_ENTRY users=690 run=9 ###

### ENTRY users=700 run=9 seed=9 ###
ResponseTime=7.42531 Throughput=65.75625 goodput=65.52500 badput=0.23125 completed=11574 timedout=37 dropped=0 Util=0.98195
### END_ENTRY users=700 run=9 ###

### ENTRY users=710 run=9 seed=9 ###
ResponseTime=7.72194 Throughput=64.91875 goodput=64.71250 badput=0.20625 completed=11408 timedout=33 dropped=0 Util=0.98194
### END_ENTRY users=710 run=9 ###

### ENTRY users=720 run=9 seed=9 ###
ResponseTime=7.82244 Throughput=65.32500 goodput=65.08125 badput=0.24375 completed=11492 timedout=39 dropped=0 Util=0.98192
### END_ENTRY users=720 run=9 ###

### ENTRY users=730 run=9 seed=9 ###
ResponseTime=7.91781 Throughput=65.53125 goodput=65.25625 badput=0.27500 completed=11519 timedout=44 dropped=0 Util=0.98195
### END_ENTRY users=730 run=9 ###

### ENTRY users=740 run=9 seed=9 ###
ResponseTime=8.03589 Throughput=65.74375 goodput=65.45000 badput=0.29375 completed=11558 timedout=47 dropped=0 Util=0.98196
### END_ENTRY users=740 run=9 ###

### ENTRY users=750 run=9 seed=9 ###
ResponseTime=7.94899 Throughput=67.20000 goodput=66.98125 badput=0.21875 completed=11785 timedout=35 dropped=0 Util=0.98202
### END_ENTRY users=750 run=9 ###

### ENTRY users=760 run=9 seed=9 ###
ResponseTime=8.31114 Throughput=66.15625 goodput=65.84375 badput=0.31250 completed=11582 timedout=50 dropped=0 Util=0.98195
### END_ENTRY users=760 run=9 ###

### ENTRY users=770 run=9 seed=9 ###
ResponseTime=8.53343 Throughput=65.63750 goodput=65.36875 badput=0.26875 completed=11510 timedout=43 dropped=0 Util=0.98197
### END_ENTRY users=770 run=9 ###

### ENTRY users=780 run=9 seed=9 ###
ResponseTime=8.74468 Throughput=65.43750 goodput=65.15000 badput=0.28750 completed=11451 timedout=46 dropped=0 Util=0.98196
### END_ENTRY users=780 run=9 ###

### ENTRY users=790 run=9 seed=9 ###
ResponseTime=8.71594 Throughput=66.25000 goodput=65.95000 badput=0.30000 completed=11603 timedout=48 dropped=0 Util=0.98198
### END_ENTRY users=790 run=9 ###

### ENTRY users=800 run=9 seed=9 ###
ResponseTime=8.99772 Throughput=65.63750 goodput=65.26875 badput=0.36875 completed=11488 timedout=59 dropped=0 Util=0.98195
### END_ENTRY users=800 run=9 ###

### ENTRY users=810 run=9 seed=9 ###
ResponseTime=9.09814 Throughput=65.98125 goodput=65.65625 badput=0.32500 completed=11578 timedout=52 dropped=0 Util=0.98198
### END_ENTRY users=810 run=9 ###

### ENTRY users=820 run=9 seed=9 ###
ResponseTime=9.29422 Throughput=65.73750 goodput=65.37500 badput=0.36250 completed=11511 timedout=58 dropped=0 Util=0.98198
### END_ENTRY users=820 run=9 ###

### ENTRY users=830 run=9 seed=9 ###
ResponseTime=9.29369 Throughput=66.29375 goodput=65.86875 badput=0.42500 completed=11624 timedout=68 dropped=0 Util=0.98200
### END_ENTRY users=830 run=9 ###

### ENTRY users=840 run=9 seed=9 ###
ResponseTime=9.58225 Throughput=65.76250 goodput=65.26875 badput=0.49375 completed=11530 timedout=79 dropped=0 Util=0.98196
### END_ENTRY users=840 run=9 ###

### ENTRY users=850 run=9 seed=9 ###
ResponseTime=9.61603 Throughput=66.25000 goodput=65.81875 badput=0.43125 completed=11614 timedout=69 dropped=0 Util=0.98197
### END_ENTRY users=850 run=9 ###

### ENTRY users=860 run=9 seed=9 ###
ResponseTime=9.90704 Throughput=65.40625 goodput=64.90625 badput=0.50000 completed=11470 timedout=80 dropped=0 Util=0.98196
### END_ENTRY users=860 run=9 ###

### ENTRY users=870 run=9 seed=9 ###
ResponseTime=9.97167 Throughput=65.96875 goodput=65.51250 badput=0.45625 completed=11590 timedout=73 dropped=0 Util=0.98195
### END_ENTRY users=870 run=9 ###

### ENTRY users=880 run=9 seed=9 ###
ResponseTime=10.00975 Throughput=66.60000 goodput=66.11250 badput=0.48750 completed=11617 timedout=78 dropped=0 Util=0.98196
### END_ENTRY users=880 run=9 ###

### ENTRY users=890 run=9 seed=9 ###
ResponseTime=10.31360 Throughput=65.83750 goodput=65.33125 badput=0.50625 completed=11525 timedout=81 dropped=0 Util=0.98195
### END_ENTRY users=890 run=9 ###

### ENTRY users=900 run=9 seed=9 ###
ResponseTime=10.51925 Throughput=65.49375 goodput=64.97500 badput=0.51875 completed=11495 timedout=83 dropped=0 Util=0.98194
### END_ENTRY users=900 run=9 ###

### ENTRY users=910 run=9 seed=9 ###
ResponseTime=10.70214 Throughput=65.44375 goodput=64.91875 badput=0.52500 completed=11454 timedout=84 dropped=0 Util=0.98197
### END_ENTRY users=910 run=9 ###

### ENTRY users=920 run=9 seed=9 ###
ResponseTime=10.94272 Throughput=65.01875 goodput=64.35625 badput=0.66250 completed=11357 timedout=106 dropped=0 Util=0.98195
### END_ENTRY users=920 run=9 ###

### ENTRY users=930 run=9 seed=9 ###
ResponseTime=10.96127 Throughput=65.45625 goodput=64.81875 badput=0.63750 completed=11469 timedout=102 dropped=0 Util=0.98193
### END_ENTRY users=930 run=9 ###

### ENTRY users=940 run=9 seed=9 ###
ResponseTime=11.04009 Throughput=65.92500 goodput=65.29375 badput=0.63125 completed=11538 timedout=101 dropped=0 Util=0.98199
### END_ENTRY users=940 run=9 ###

### ENTRY users=950 run=9 seed=9 ###
ResponseTime=11.19021 Throughput=65.85000 goodput=65.18750 badput=0.66250 completed=11530 timedout=106 dropped=0 Util=0.98193
### END_ENTRY users=950 run=9 ###

### ENTRY users=960 run=9 seed=9 ###
ResponseTime=11.52820 Throughput=65.21875 goodput=64.40625 badput=0.81250 completed=11374 timedout=130 dropped=0 Util=0.98194
### END_ENTRY users=960 run=9 ###

### ENTRY users=970 run=9 seed=9 ###
ResponseTime=11.48651 Throughput=65.91875 goodput=65.15000 badput=0.76875 completed=11519 timedout=123 dropped=0 Util=0.98197
### END_ENTRY users=970 run=9 ###

### ENTRY users=980 run=9 seed=9 ###
ResponseTime=11.82855 Throughput=65.18125 goodput=64.28750 badput=0.89375 completed=11383 timedout=143 dropped=0 Util=0.98195
### END_ENTRY users=980 run=9 ###

### ENTRY users=990 run=9 seed=9 ###
ResponseTime=12.06241 Throughput=64.78750 goodput=63.95000 badput=0.83750 completed=11303 timedout=134 dropped=0 Util=0.98194
### END_ENTRY users=990 run=9 ###

### ENTRY users=1000 run=9 seed=9 ###
ResponseTime=12.04493 Throughput=65.26875 goodput=64.50000 badput=0.76875 completed=11446 timedout=123 dropped=0 Util=0.98193
### END_ENTRY users=1000 run=9 ###

### ENTRY users=1010 run=9 seed=9 ###
ResponseTime=12.08274 Throughput=66.00625 goodput=65.11250 badput=0.89375 completed=11513 timedout=143 dropped=0 Util=0.98197
### END_ENTRY users=1010 run=9 ###

### ENTRY users=1020 run=9 seed=9 ###
ResponseTime=12.35639 Throughput=65.39375 goodput=64.46250 badput=0.93125 completed=11405 timedout=149 dropped=0 Util=0.98194
### END_ENTRY users=1020 run=9 ###

### ENTRY users=1030 run=9 seed=9 ###
ResponseTime=12.30104 Throughput=66.48125 goodput=65.62500 badput=0.85625 completed=11594 timedout=137 dropped=0 Util=0.98197
### END_ENTRY users=1030 run=9 ###

### ENTRY users=1040 run=9 seed=9 ###
ResponseTime=12.51814 Throughput=66.01875 goodput=65.03750 badput=0.98125 completed=11526 timedout=157 dropped=0 Util=0.98196
### END_ENTRY users=1040 run=9 ###

### ENTRY users=1050 run=9 seed=9 ###
ResponseTime=12.72303 Throughput=65.59375 goodput=64.62500 badput=0.96875 completed=11463 timedout=155 dropped=0 Util=0.98197
### END_ENTRY users=1050 run=9 ###

### ENTRY users=1060 run=9 seed=9 ###
ResponseTime=12.88855 Throughput=65.85000 goodput=64.70625 badput=1.14375 completed=11451 timedout=183 dropped=0 Util=0.98199
### END_ENTRY users=1060 run=9 ###

### ENTRY users=1070 run=9 seed=9 ###
ResponseTime=12.98328 Throughput=65.96250 goodput=64.82500 badput=1.13750 completed=11492 timedout=182 dropped=0 Util=0.98192
### END_ENTRY users=1070 run=9 ###

### ENTRY users=1080 run=9 seed=9 ###
ResponseTime=12.98247 Throughput=66.82500 goodput=65.62500 badput=1.20000 completed=11593 timedout=192 dropped=0 Util=0.98199
### END_ENTRY users=1080 run=9 ###

### ENTRY users=1090 run=9 seed=9 ###
ResponseTime=13.48838 Throughput=65.08125 goodput=63.76875 badput=1.31250 completed=11292 timedout=210 dropped=0 Util=0.98193
### END_ENTRY users=1090 run=9 ###

### ENTRY users=1100 run=9 seed=9 ###
ResponseTime=13.55057 Throughput=65.56875 goodput=64.23125 badput=1.33750 completed=11341 timedout=214 dropped=0 Util=0.98197
### END_ENTRY users=1100 run=9 ###

### ENTRY users=1110 run=9 seed=9 ###
ResponseTime=13.72132 Throughput=65.56875 goodput=64.05625 badput=1.51250 completed=11312 timedout=242 dropped=0 Util=0.98197
### END_ENTRY users=1110 run=9 ###

### ENTRY users=1120 run=9 seed=9 ###
ResponseTime=14.01200 Throughput=64.72500 goodput=63.08125 badput=1.64375 completed=11176 timedout=263 dropped=0 Util=0.98195
### END_ENTRY users=1120 run=9 ###

### ENTRY users=1130 run=9 seed=9 ###
ResponseTime=13.67895 Throughput=66.91875 goodput=65.56875 badput=1.35000 completed=11565 timedout=216 dropped=0 Util=0.98199
### END_ENTRY users=1130 run=9 ###

### ENTRY users=1140 run=9 seed=9 ###
ResponseTime=13.93969 Throughput=66.30625 goodput=64.81875 badput=1.48750 completed=11465 timedout=238 dropped=0 Util=0.98197
### END_ENTRY users=1140 run=9 ###

### ENTRY users=1150 run=9 seed=9 ###
ResponseTime=14.29089 Throughput=65.65000 goodput=64.00625 badput=1.64375 completed=11338 timedout=263 dropped=0 Util=0.98194
### END_ENTRY users=1150 run=9 ###

### ENTRY users=1160 run=9 seed=9 ###
ResponseTime=14.54163 Throughput=65.32500 goodput=63.45000 badput=1.87500 completed=11235 timedout=300 dropped=0 Util=0.98197
### END_ENTRY users=1160 run=9 ###

### ENTRY users=1170 run=9 seed=9 ###
ResponseTime=14.50296 Throughput=65.84375 goodput=64.08750 badput=1.75625 completed=11305 timedout=281 dropped=0 Util=0.98198
### END_ENTRY users=1170 run=9 ###

### ENTRY users=1180 run=9 seed=9 ###
ResponseTime=14.67273 Throughput=65.84375 goodput=63.85000 badput=1.99375 completed=11315 timedout=319 dropped=0 Util=0.98197
### END_ENTRY users=1180 run=9 ###

### ENTRY users=1190 run=9 seed=9 ###
ResponseTime=14.73180 Throughput=66.23125 goodput=64.34375 badput=1.88750 completed=11380 timedout=302 dropped=0 Util=0.98195
### END_ENTRY users=1190 run=9 ###

### ENTRY users=1200 run=9 seed=9 ###
ResponseTime=15.13349 Throughput=65.24375 goodput=63.20000 badput=2.04375 completed=11213 timedout=327 dropped=0 Util=0.98195
### END_ENTRY users=1200 run=9 ###

### ENTRY users=1210 run=9 seed=9 ###
ResponseTime=15.20114 Throughput=65.51875 goodput=63.38750 badput=2.13125 completed=11227 timedout=341 dropped=0 Util=0.98195
### END_ENTRY users=1210 run=9 ###

### ENTRY users=1220 run=9 seed=9 ###
ResponseTime=15.50198 Throughput=65.06875 goodput=62.86875 badput=2.20000 completed=11142 timedout=352 dropped=0 Util=0.98192
### END_ENTRY users=1220 run=9 ###

### ENTRY users=1230 run=9 seed=9 ###
ResponseTime=15.49863 Throughput=65.67500 goodput=63.26250 badput=2.41250 completed=11223 timedout=386 dropped=0 Util=0.98195
### END_ENTRY users=1230 run=9 ###

### ENTRY users=1240 run=9 seed=9 ###
ResponseTime=15.45823 Throughput=66.13750 goodput=63.81875 badput=2.31875 completed=11309 timedout=371 dropped=0 Util=0.98201
### END_ENTRY users=1240 run=9 ###

### ENTRY users=1250 run=9 seed=9 ###
ResponseTime=15.46898 Throughput=66.81250 goodput=64.58125 badput=2.23125 completed=11420 timedout=357 dropped=0 Util=0.98198
### END_ENTRY users=1250 run=9 ###

### ENTRY users=1260 run=9 seed=9 ###
ResponseTime=15.76480 Throughput=66.18125 goodput=63.73125 badput=2.45000 completed=11279 timedout=392 dropped=0 Util=0.98196
### END_ENTRY users=1260 run=9 ###

### ENTRY users=1270 run=9 seed=9 ###
ResponseTime=16.17109 Throughput=65.33750 goodput=62.43750 badput=2.90000 completed=11050 timedout=464 dropped=0 Util=0.98196
### END_ENTRY users=1270 run=9 ###

### ENTRY users=1280 run=9 seed=9 ###
ResponseTime=16.37416 Throughput=65.22500 goodput=62.50625 badput=2.71875 completed=11096 timedout=435 dropped=0 Util=0.98195
### END_ENTRY users=1280 run=9 ###

### ENTRY users=1290 run=9 seed=9 ###
ResponseTime=16.25447 Throughput=65.98750 goodput=63.02500 badput=2.96250 completed=11180 timedout=474 dropped=0 Util=0.98200
### END_ENTRY users=1290 run=9 ###

### ENTRY users=1300 run=9 seed=9 ###
ResponseTime=16.32898 Throughput=66.24375 goodput=63.39375 badput=2.85000 completed=11207 timedout=456 dropped=0 Util=0.98200
### END_ENTRY users=1300 run=9 ###

### ENTRY users=1310 run=9 seed=9 ###
ResponseTime=16.38550 Throughput=66.12500 goodput=63.21250 badput=2.91250 completed=11222 timedout=466 dropped=0 Util=0.98197
### END_ENTRY users=1310 run=9 ###

### ENTRY users=1320 run=9 seed=9 ###
ResponseTime=16.57827 Throughput=66.31250 goodput=63.22500 badput=3.08750 completed=11196 timedout=494 dropped=0 Util=0.98200
### END_ENTRY users=1320 run=9 ###

### ENTRY users=1330 run=9 seed=9 ###
ResponseTime=16.82682 Throughput=65.87500 goodput=62.44375 badput=3.43125 completed=11109 timedout=549 dropped=0 Util=0.98196
### END_ENTRY users=1330 run=9 ###

### ENTRY users=1340 run=9 seed=9 ###
ResponseTime=16.99449 Throughput=66.06875 goodput=62.88125 badput=3.18750 completed=11155 timedout=510 dropped=0 Util=0.98196
### END_ENTRY users=1340 run=9 ###

### ENTRY users=1350 run=9 seed=9 ###
ResponseTime=17.42202 Throughput=65.08750 goodput=61.26250 badput=3.82500 completed=10907 timedout=612 dropped=0 Util=0.98196
### END_ENTRY users=1350 run=9 ###

### ENTRY users=1360 run=9 seed=9 ###
ResponseTime=17.39550 Throughput=65.89375 goodput=62.11875 badput=3.77500 completed=11018 timedout=604 dropped=0 Util=0.98197
### END_ENTRY users=1360 run=9 ###

### ENTRY users=1370 run=9 seed=9 ###
ResponseTime=17.66687 Throughput=65.26875 goodput=61.22500 badput=4.04375 completed=10852 timedout=647 dropped=0 Util=0.98197
### END_ENTRY users=1370 run=9 ###

### ENTRY users=1380 run=9 seed=9 ###
ResponseTime=17.23635 Throughput=67.15625 goodput=63.58750 badput=3.56875 completed=11308 timedout=571 dropped=0 Util=0.98199
### END_ENTRY users=1380 run=9 ###

### ENTRY users=1390 run=9 seed=9 ###
ResponseTime=17.76169 Throughput=66.03125 goodput=61.90000 badput=4.13125 completed=10968 timedout=661 dropped=0 Util=0.98198
### END_ENTRY users=1390 run=9 ###

### ENTRY users=1400 run=9 seed=9 ###
ResponseTime=17.73049 Throughput=66.34375 goodput=62.18750 badput=4.15625 completed=11053 timedout=665 dropped=0 Util=0.98198
### END_ENTRY users=1400 run=9 ###

### ENTRY users=1410 run=9 seed=9 ###
ResponseTime=18.24023 Throughput=65.43750 goodput=60.57500 badput=4.86250 completed=10795 timedout=778 dropped=0 Util=0.98197
### END_ENTRY users=1410 run=9 ###

### ENTRY users=1420 run=9 seed=9 ###
ResponseTime=18.08107 Throughput=66.32500 goodput=61.58125 badput=4.74375 completed=10905 timedout=759 dropped=0 Util=0.98198
### END_ENTRY users=1420 run=9 ###

### ENTRY users=1430 run=9 seed=9 ###
ResponseTime=17.98583 Throughput=67.05625 goodput=62.53125 badput=4.52500 completed=11117 timedout=724 dropped=0 Util=0.98200
### END_ENTRY users=1430 run=9 ###

### ENTRY users=1440 run=9 seed=9 ###
ResponseTime=18.33925 Throughput=66.39375 goodput=61.45000 badput=4.94375 completed=10910 timedout=791 dropped=0 Util=0.98197
### END_ENTRY users=1440 run=9 ###

### ENTRY users=1450 run=9 seed=9 ###
ResponseTime=18.54500 Throughput=66.24375 goodput=60.90625 badput=5.33750 completed=10849 timedout=854 dropped=0 Util=0.98200
### END_ENTRY users=1450 run=9 ###

### ENTRY users=1460 run=9 seed=9 ###
ResponseTime=18.74146 Throughput=65.98125 goodput=60.46250 badput=5.51875 completed=10762 timedout=883 dropped=0 Util=0.98199
### END_ENTRY users=1460 run=9 ###

### ENTRY users=1470 run=9 seed=9 ###
ResponseTime=19.05711 Throughput=65.52500 goodput=59.34375 badput=6.18125 completed=10549 timedout=989 dropped=0 Util=0.98192
### END_ENTRY users=1470 run=9 ###

### ENTRY users=1480 run=9 seed=9 ###
ResponseTime=19.23663 Throughput=65.61875 goodput=59.38750 badput=6.23125 completed=10564 timedout=997 dropped=0 Util=0.98196
### END_ENTRY users=1480 run=9 ###

### ENTRY users=1490 run=9 seed=9 ###
ResponseTime=19.53055 Throughput=65.03750 goodput=58.08750 badput=6.95000 completed=10393 timedout=1112 dropped=0 Util=0.98194
### END_ENTRY users=1490 run=9 ###

### ENTRY users=1500 run=9 seed=9 ###
ResponseTime=19.17175 Throughput=66.44375 goodput=60.19375 badput=6.25000 completed=10722 timedout=1000 dropped=0 Util=0.98198
### END_ENTRY users=1500 run=9 ###

### ENTRY users=1510 run=9 seed=9 ###
ResponseTime=19.32712 Throughput=66.58125 goodput=59.99375 badput=6.58750 completed=10668 timedout=1054 dropped=0 Util=0.98195
### END_ENTRY users=1510 run=9 ###

### ENTRY users=1520 run=9 seed=9 ###
ResponseTime=19.99025 Throughput=65.05000 goodput=56.79375 badput=8.25625 completed=10157 timedout=1321 dropped=0 Util=0.98194
### END_ENTRY users=1520 run=9 ###

### ENTRY users=1530 run=9 seed=9 ###
ResponseTime=19.74715 Throughput=66.08750 goodput=58.59375 badput=7.49375 completed=10467 timedout=1199 dropped=0 Util=0.98194
### END_ENTRY users=1530 run=9 ###

### ENTRY users=1540 run=9 seed=9 ###
ResponseTime=19.88631 Throughput=65.89375 goodput=58.25000 badput=7.64375 completed=10426 timedout=1223 dropped=0 Util=0.98197
### END_ENTRY users=1540 run=9 ###

### ENTRY users=1550 run=9 seed=9 ###
ResponseTime=20.15905 Throughput=65.60625 goodput=57.18750 badput=8.41875 completed=10217 timedout=1347 dropped=0 Util=0.98195
### END_ENTRY users=1550 run=9 ###

### ENTRY users=1560 run=9 seed=9 ###
ResponseTime=19.87688 Throughput=66.93125 goodput=59.15000 badput=7.78125 completed=10541 timedout=1245 dropped=0 Util=0.98199
### END_ENTRY users=1560 run=9 ###

### ENTRY users=1570 run=9 seed=9 ###
ResponseTime=20.60306 Throughput=65.23750 goodput=55.41250 badput=9.82500 completed=9962 timedout=1572 dropped=0 Util=0.98195
### END_ENTRY users=1570 run=9 ###

### ENTRY users=1580 run=9 seed=9 ###
ResponseTime=20.31019 Throughput=66.29375 goodput=57.56250 badput=8.73125 completed=10349 timedout=1397 dropped=0 Util=0.98197
### END_ENTRY users=1580 run=9 ###

### ENTRY users=1590 run=9 seed=9 ###
ResponseTime=20.29175 Throughput=66.86250 goodput=58.04375 badput=8.81875 completed=10359 timedout=1411 dropped=0 Util=0.98200
### END_ENTRY users=1590 run=9 ###

### ENTRY users=1600 run=9 seed=9 ###
ResponseTime=20.56957 Throughput=66.59375 goodput=56.96875 badput=9.62500 completed=10228 timedout=1540 dropped=0 Util=0.98202
### END_ENTRY users=1600 run=9 ###

### ENTRY users=1610 run=9 seed=9 ###
ResponseTime=20.82848 Throughput=66.08125 goodput=55.96875 badput=10.11250 completed=10045 timedout=1618 dropped=0 Util=0.98195
### END_ENTRY users=1610 run=9 ###

### ENTRY users=1620 run=9 seed=9 ###
ResponseTime=21.01037 Throughput=66.09375 goodput=55.06875 badput=11.02500 completed=9932 timedout=1764 dropped=0 Util=0.98200
### END_ENTRY users=1620 run=9 ###

### ENTRY users=1630 run=9 seed=9 ###
ResponseTime=21.07062 Throughput=66.00625 goodput=54.50000 badput=11.50625 completed=9830 timedout=1841 dropped=0 Util=0.98197
### END_ENTRY users=1630 run=9 ###

### ENTRY users=1640 run=9 seed=9 ###
ResponseTime=21.27279 Throughput=66.26875 goodput=54.26250 badput=12.00625 completed=9749 timedout=1921 dropped=0 Util=0.98197
### END_ENTRY users=1640 run=9 ###

### ENTRY users=1650 run=9 seed=9 ###
ResponseTime=21.25414 Throughput=66.46250 goodput=54.68125 badput=11.78125 completed=9861 timedout=1885 dropped=0 Util=0.98197
### END_ENTRY users=1650 run=9 ###

### ENTRY users=1660 run=9 seed=9 ###
ResponseTime=21.64582 Throughput=66.03125 goodput=52.85625 badput=13.17500 completed=9571 timedout=2108 dropped=0 Util=0.98197
### END_ENTRY users=1660 run=9 ###

### ENTRY users=1670 run=9 seed=9 ###
ResponseTime=21.69728 Throughput=66.16250 goodput=52.54375 badput=13.61875 completed=9455 timedout=2179 dropped=0 Util=0.98196
### END_ENTRY users=1670 run=9 ###

### ENTRY users=1680 run=9 seed=9 ###
ResponseTime=21.80527 Throughput=66.72500 goodput=52.77500 badput=13.95000 completed=9500 timedout=2232 dropped=0 Util=0.98198
### END_ENTRY users=1680 run=9 ###

### ENTRY users=1690 run=9 seed=9 ###
ResponseTime=22.06176 Throughput=65.91875 goodput=51.03750 badput=14.88125 completed=9261 timedout=2381 dropped=0 Util=0.98198
### END_ENTRY users=1690 run=9 ###

### ENTRY users=1700 run=9 seed=9 ###
ResponseTime=22.43305 Throughput=65.25625 goodput=48.73750 badput=16.51875 completed=8888 timedout=2643 dropped=0 Util=0.98195
### END_ENTRY users=1700 run=9 ###

### ENTRY users=1710 run=9 seed=9 ###
ResponseTime=22.15973 Throughput=66.48125 goodput=50.98125 badput=15.50000 completed=9261 timedout=2480 dropped=0 Util=0.98199
### END_ENTRY users=1710 run=9 ###

### ENTRY users=1720 run=9 seed=9 ###
ResponseTime=22.55397 Throughput=65.77500 goodput=48.70625 badput=17.06875 completed=8895 timedout=2731 dropped=0 Util=0.98195
### END_ENTRY users=1720 run=9 ###

### ENTRY users=1730 run=9 seed=9 ###
ResponseTime=22.58670 Throughput=65.99375 goodput=47.93125 badput=18.06250 completed=8757 timedout=2890 dropped=0 Util=0.98198
### END_ENTRY users=1730 run=9 ###

### ENTRY users=1740 run=9 seed=9 ###
ResponseTime=22.63841 Throughput=66.28750 goodput=48.32500 badput=17.96250 completed=8854 timedout=2874 dropped=0 Util=0.98197
### END_ENTRY users=1740 run=9 ###

### ENTRY users=1750 run=9 seed=9 ###
ResponseTime=22.59837 Throughput=66.98125 goodput=48.93125 badput=18.05000 completed=8918 timedout=2888 dropped=0 Util=0.98198
### END_ENTRY users=1750 run=9 ###

### ENTRY users=1760 run=9 seed=9 ###
ResponseTime=22.86076 Throughput=66.53750 goodput=47.52500 badput=19.01250 completed=8712 timedout=3042 dropped=0 Util=0.98200
### END_ENTRY users=1760 run=9 ###

### ENTRY users=1770 run=9 seed=9 ###
ResponseTime=23.11130 Throughput=66.16875 goodput=45.36875 badput=20.80000 completed=8352 timedout=3328 dropped=0 Util=0.98200
### END_ENTRY users=1770 run=9 ###

### ENTRY users=1780 run=9 seed=9 ###
ResponseTime=23.43811 Throughput=65.77500 goodput=43.67500 badput=22.10000 completed=8060 timedout=3536 dropped=0 Util=0.98194
### END_ENTRY users=1780 run=9 ###

### ENTRY users=1790 run=9 seed=9 ###
ResponseTime=23.57050 Throughput=65.80625 goodput=42.39375 badput=23.41250 completed=7899 timedout=3746 dropped=0 Util=0.98196
### END_ENTRY users=1790 run=9 ###

### ENTRY users=1800 run=9 seed=9 ###
ResponseTime=23.89885 Throughput=65.33125 goodput=40.01250 badput=25.31875 completed=7462 timedout=4051 dropped=0 Util=0.98193
### END_ENTRY users=1800 run=9 ###

### ENTRY users=1810 run=9 seed=9 ###
ResponseTime=23.58753 Throughput=66.33125 goodput=42.71250 badput=23.61875 completed=7918 timedout=3779 dropped=0 Util=0.98198
### END_ENTRY users=1810 run=9 ###

### ENTRY users=1820 run=9 seed=9 ###
ResponseTime=24.04918 Throughput=65.80000 goodput=40.18125 badput=25.61875 completed=7535 timedout=4099 dropped=0 Util=0.98195
### END_ENTRY users=1820 run=9 ###

### ENTRY users=1830 run=9 seed=9 ###
ResponseTime=23.90581 Throughput=66.16250 goodput=40.83125 badput=25.33125 completed=7596 timedout=4053 dropped=0 Util=0.98197
### END_ENTRY users=1830 run=9 ###

### ENTRY users=1840 run=9 seed=9 ###
ResponseTime=24.13974 Throughput=66.08125 goodput=39.65625 badput=26.42500 completed=7467 timedout=4228 dropped=0 Util=0.98196
### END_ENTRY users=1840 run=9 ###

### ENTRY users=1850 run=9 seed=9 ###
ResponseTime=24.29314 Throughput=65.90625 goodput=38.78125 badput=27.12500 completed=7312 timedout=4340 dropped=0 Util=0.98196
### END_ENTRY users=1850 run=9 ###

### ENTRY users=1860 run=9 seed=9 ###
ResponseTime=24.39273 Throughput=65.95000 goodput=38.09375 badput=27.85625 completed=7194 timedout=4457 dropped=0 Util=0.98197
### END_ENTRY users=1860 run=9 ###

### ENTRY users=1870 run=9 seed=9 ###
ResponseTime=24.57225 Throughput=66.05625 goodput=36.80000 badput=29.25625 completed=7013 timedout=4681 dropped=0 Util=0.98197
### END_ENTRY users=1870 run=9 ###

### ENTRY users=1880 run=9 seed=9 ###
ResponseTime=24.88455 Throughput=65.50625 goodput=34.51875 badput=30.98750 completed=6631 timedout=4958 dropped=0 Util=0.98195
### END_ENTRY users=1880 run=9 ###

### ENTRY users=1890 run=9 seed=9 ###
ResponseTime=24.88770 Throughput=65.85625 goodput=34.45000 badput=31.40625 completed=6599 timedout=5025 dropped=0 Util=0.98197
### END_ENTRY users=1890 run=9 ###

### ENTRY users=1900 run=9 seed=9 ###
ResponseTime=24.74544 Throughput=66.80000 goodput=36.43750 badput=30.36250 completed=6869 timedout=4858 dropped=0 Util=0.98199
### END_ENTRY users=1900 run=9 ###

### ENTRY users=1910 run=9 seed=9 ###
ResponseTime=25.05171 Throughput=66.26250 goodput=34.00000 badput=32.26250 completed=6542 timedout=5162 dropped=0 Util=0.98196
### END_ENTRY users=1910 run=9 ###

### ENTRY users=1920 run=9 seed=9 ###
ResponseTime=25.02104 Throughput=66.61875 goodput=34.03125 badput=32.58750 completed=6535 timedout=5214 dropped=0 Util=0.98199
### END_ENTRY users=1920 run=9 ###

### ENTRY users=1930 run=9 seed=9 ###
ResponseTime=25.54455 Throughput=65.57500 goodput=30.92500 badput=34.65000 completed=6032 timedout=5544 dropped=0 Util=0.98196
### END_ENTRY users=1930 run=9 ###

### ENTRY users=1940 run=9 seed=9 ###
ResponseTime=25.60191 Throughput=65.93750 goodput=30.82500 badput=35.11250 completed=6030 timedout=5618 dropped=0 Util=0.98196
### END_ENTRY users=1940 run=9 ###

### ENTRY users=1950 run=9 seed=9 ###
ResponseTime=25.60056 Throughput=66.16875 goodput=30.93125 badput=35.23750 completed=6070 timedout=5638 dropped=0 Util=0.98196
### END_ENTRY users=1950 run=9 ###

### ENTRY users=1960 run=9 seed=9 ###
ResponseTime=25.94402 Throughput=65.69375 goodput=28.25625 badput=37.43750 completed=5587 timedout=5990 dropped=0 Util=0.98200
### END_ENTRY users=1960 run=9 ###

### ENTRY users=1970 run=9 seed=9 ###
ResponseTime=25.96700 Throughput=65.85000 goodput=28.36250 badput=37.48750 completed=5658 timedout=5998 dropped=0 Util=0.98195
### END_ENTRY users=1970 run=9 ###

### ENTRY users=1980 run=9 seed=9 ###
ResponseTime=26.30819 Throughput=65.92500 goodput=26.56875 badput=39.35625 completed=5311 timedout=6297 dropped=0 Util=0.98197
### END_ENTRY users=1980 run=9 ###

### ENTRY users=1990 run=9 seed=9 ###
ResponseTime=26.59818 Throughput=65.25000 goodput=24.28125 badput=40.96875 completed=4953 timedout=6555 dropped=0 Util=0.98193
### END_ENTRY users=1990 run=9 ###

### ENTRY users=2000 run=9 seed=9 ###
ResponseTime=26.63407 Throughput=65.51250 goodput=24.78125 badput=40.73125 completed=5051 timedout=6517 dropped=0 Util=0.98194
### END_ENTRY users=2000 run=9 ###

### ENTRY users=2010 run=9 seed=9 ###
ResponseTime=26.52896 Throughput=65.91250 goodput=25.33125 badput=40.58125 completed=5205 timedout=6493 dropped=0 Util=0.98197
### END_ENTRY users=2010 run=9 ###

### ENTRY users=2020 run=9 seed=9 ###
ResponseTime=26.43893 Throughput=66.49375 goodput=26.00000 badput=40.49375 completed=5282 timedout=6479 dropped=0 Util=0.98198
### END_ENTRY users=2020 run=9 ###

### ENTRY users=2030 run=9 seed=9 ###
ResponseTime=26.60542 Throughput=66.45000 goodput=25.46250 badput=40.98750 completed=5175 timedout=6558 dropped=0 Util=0.98198
### END_ENTRY users=2030 run=9 ###

### ENTRY users=2040 run=9 seed=9 ###
ResponseTime=26.57414 Throughput=66.85000 goodput=25.58750 badput=41.26250 completed=5230 timedout=6602 dropped=0 Util=0.98199
### END_ENTRY users=2040 run=9 ###

### ENTRY users=2050 run=9 seed=9 ###
ResponseTime=27.28422 Throughput=65.54375 goodput=20.98125 badput=44.56250 completed=4431 timedout=7130 dropped=0 Util=0.98196
### END_ENTRY users=2050 run=9 ###

### ENTRY users=2060 run=9 seed=9 ###
ResponseTime=27.31351 Throughput=65.84375 goodput=21.26875 badput=44.57500 completed=4508 timedout=7132 dropped=0 Util=0.98197
### END_ENTRY users=2060 run=9 ###

### ENTRY users=2070 run=9 seed=9 ###
ResponseTime=27.67299 Throughput=65.21250 goodput=19.26875 badput=45.94375 completed=4148 timedout=7351 dropped=0 Util=0.98195
### END_ENTRY users=2070 run=9 ###

### ENTRY users=2080 run=9 seed=9 ###
ResponseTime=27.72659 Throughput=65.30000 goodput=18.98750 badput=46.31250 completed=4145 timedout=7410 dropped=0 Util=0.98192
### END_ENTRY users=2080 run=9 ###

### ENTRY users=2090 run=9 seed=9 ###
ResponseTime=27.86125 Throughput=65.43750 goodput=18.34375 badput=47.09375 completed=4026 timedout=7535 dropped=0 Util=0.98195
### END_ENTRY users=2090 run=9 ###

### ENTRY users=2100 run=9 seed=9 ###
ResponseTime=28.09062 Throughput=65.36250 goodput=17.16875 badput=48.19375 completed=3883 timedout=7711 dropped=0 Util=0.98194
### END_ENTRY users=2100 run=9 ###

### ENTRY users=2110 run=9 seed=9 ###
ResponseTime=27.86279 Throughput=66.05625 goodput=18.63125 badput=47.42500 completed=4068 timedout=7588 dropped=0 Util=0.98194
### END_ENTRY users=2110 run=9 ###

### ENTRY users=2120 run=9 seed=9 ###
ResponseTime=27.86916 Throughput=66.59375 goodput=18.51250 badput=48.08125 completed=4052 timedout=7693 dropped=0 Util=0.98198
### END_ENTRY users=2120 run=9 ###

### ENTRY users=2130 run=9 seed=9 ###
ResponseTime=28.45703 Throughput=65.67500 goodput=15.65625 badput=50.01875 completed=3594 timedout=8003 dropped=0 Util=0.98197
### END_ENTRY users=2130 run=9 ###

### ENTRY users=2140 run=9 seed=9 ###
ResponseTime=28.68078 Throughput=65.08125 goodput=14.33750 badput=50.74375 completed=3404 timedout=8119 dropped=0 Util=0.98193
### END_ENTRY users=2140 run=9 ###

### ENTRY users=2150 run=9 seed=9 ###
ResponseTime=28.08626 Throughput=66.93750 goodput=17.60625 badput=49.33125 completed=3891 timedout=7893 dropped=0 Util=0.98197
### END_ENTRY users=2150 run=9 ###

### ENTRY users=2160 run=9 seed=9 ###
ResponseTime=28.55622 Throughput=66.15625 goodput=15.10625 badput=51.05000 completed=3597 timedout=8168 dropped=0 Util=0.98200
### END_ENTRY users=2160 run=9 ###

### ENTRY users=2170 run=9 seed=9 ###
ResponseTime=28.56284 Throughput=66.27500 goodput=14.92500 badput=51.35000 completed=3467 timedout=8216 dropped=0 Util=0.98197
### END_ENTRY users=2170 run=9 ###

### ENTRY users=2180 run=9 seed=9 ###
ResponseTime=28.58440 Throughput=66.83750 goodput=15.23750 badput=51.60000 completed=3533 timedout=8256 dropped=0 Util=0.98199
### END_ENTRY users=2180 run=9 ###

### ENTRY users=2190 run=9 seed=9 ###
ResponseTime=29.40844 Throughput=64.76250 goodput=11.38750 badput=53.37500 completed=2992 timedout=8540 dropped=0 Util=0.98196
### END_ENTRY users=2190 run=9 ###

### ENTRY users=2200 run=9 seed=9 ###
ResponseTime=29.46566 Throughput=64.99375 goodput=11.21875 badput=53.77500 completed=2937 timedout=8604 dropped=0 Util=0.98194
### END_ENTRY users=2200 run=9 ###

### ENTRY users=2210 run=9 seed=9 ###
ResponseTime=29.71191 Throughput=64.95000 goodput=10.30625 badput=54.64375 completed=2806 timedout=8743 dropped=0 Util=0.98194
### END_ENTRY users=2210 run=9 ###

### ENTRY users=2220 run=9 seed=9 ###
ResponseTime=29.56337 Throughput=65.69375 goodput=11.05625 badput=54.63750 completed=2901 timedout=8742 dropped=0 Util=0.98198
### END_ENTRY users=2220 run=9 ###

### ENTRY users=2230 run=9 seed=9 ###
ResponseTime=29.77377 Throughput=65.41250 goodput=9.90625 badput=55.50625 completed=2692 timedout=8881 dropped=0 Util=0.98194
### END_ENTRY users=2230 run=9 ###

### ENTRY users=2240 run=9 seed=9 ###
ResponseTime=29.94194 Throughput=65.59375 goodput=9.40625 badput=56.18750 completed=2615 timedout=8990 dropped=0 Util=0.98196
### END_ENTRY users=2240 run=9 ###

### ENTRY users=2250 run=9 seed=9 ###
ResponseTime=30.17017 Throughput=65.51875 goodput=9.14375 badput=56.37500 completed=2582 timedout=9020 dropped=0 Util=0.98194
### END_ENTRY users=2250 run=9 ###

### ENTRY users=2260 run=9 seed=9 ###
ResponseTime=29.53286 Throughput=66.64375 goodput=11.06875 badput=55.57500 completed=2930 timedout=8892 dropped=0 Util=0.98197
### END_ENTRY users=2260 run=9 ###

### ENTRY users=2270 run=9 seed=9 ###
ResponseTime=30.31869 Throughput=65.45000 goodput=8.36875 badput=57.08125 completed=2501 timedout=9133 dropped=0 Util=0.98196
### END_ENTRY users=2270 run=9 ###

### ENTRY users=2280 run=9 seed=9 ###
ResponseTime=30.17150 Throughput=66.18750 goodput=8.60625 badput=57.58125 completed=2509 timedout=9213 dropped=0 Util=0.98198
### END_ENTRY users=2280 run=9 ###

### ENTRY users=2290 run=9 seed=9 ###
ResponseTime=30.09711 Throughput=66.53750 goodput=9.15000 badput=57.38750 completed=2605 timedout=9182 dropped=0 Util=0.98197
### END_ENTRY users=2290 run=9 ###

### ENTRY users=2300 run=9 seed=9 ###
ResponseTime=30.76841 Throughput=65.48750 goodput=7.08750 badput=58.40000 completed=2294 timedout=9344 dropped=0 Util=0.98194
### END_ENTRY users=2300 run=9 ###

### ENTRY users=2310 run=9 seed=9 ###
ResponseTime=30.76452 Throughput=65.58125 goodput=6.95000 badput=58.63125 completed=2253 timedout=9381 dropped=0 Util=0.98195
### END_ENTRY users=2310 run=9 ###

### ENTRY users=2320 run=9 seed=9 ###
ResponseTime=30.50332 Throughput=66.26250 goodput=8.05625 badput=58.20625 completed=2454 timedout=9313 dropped=0 Util=0.98198
### END_ENTRY users=2320 run=9 ###

### ENTRY users=2330 run=9 seed=9 ###
ResponseTime=30.91360 Throughput=65.97500 goodput=6.80000 badput=59.17500 completed=2262 timedout=9468 dropped=0 Util=0.98197
### END_ENTRY users=2330 run=9 ###

### ENTRY users=2340 run=9 seed=9 ###
ResponseTime=31.50260 Throughput=64.69375 goodput=5.67500 badput=59.01875 completed=2084 timedout=9443 dropped=0 Util=0.98193
### END_ENTRY users=2340 run=9 ###

### ENTRY users=2350 run=9 seed=9 ###
ResponseTime=31.11109 Throughput=65.91875 goodput=6.46250 badput=59.45625 completed=2196 timedout=9513 dropped=0 Util=0.98197
### END_ENTRY users=2350 run=9 ###

### ENTRY users=2360 run=9 seed=9 ###
ResponseTime=31.71362 Throughput=64.88125 goodput=5.36875 badput=59.51250 completed=1995 timedout=9522 dropped=0 Util=0.98194
### END_ENTRY users=2360 run=9 ###

### ENTRY users=2370 run=9 seed=9 ###
ResponseTime=31.68816 Throughput=65.38750 goodput=5.42500 badput=59.96250 completed=2029 timedout=9594 dropped=0 Util=0.98196
### END_ENTRY users=2370 run=9 ###

### ENTRY users=2380 run=9 seed=9 ###
ResponseTime=31.94506 Throughput=65.42500 goodput=5.13125 badput=60.29375 completed=1974 timedout=9647 dropped=0 Util=0.98194
### END_ENTRY users=2380 run=9 ###

### ENTRY users=2390 run=9 seed=9 ###
ResponseTime=31.91236 Throughput=65.61250 goodput=5.37500 badput=60.23750 completed=2026 timedout=9638 dropped=0 Util=0.98192
### END_ENTRY users=2390 run=9 ###

### ENTRY users=2400 run=9 seed=9 ###
ResponseTime=31.66595 Throughput=66.05625 goodput=5.28125 badput=60.77500 completed=2000 timedout=9724 dropped=0 Util=0.98195
### END_ENTRY users=2400 run=9 ###

### ENTRY users=2410 run=9 seed=9 ###
ResponseTime=32.39876 Throughput=65.08125 goodput=4.86875 badput=60.21250 completed=1919 timedout=9634 dropped=0 Util=0.98196
### END_ENTRY users=2410 run=9 ###

### ENTRY users=2420 run=9 seed=9 ###
ResponseTime=32.05475 Throughput=66.01250 goodput=4.85000 badput=61.16250 completed=1922 timedout=9786 dropped=0 Util=0.98198
### END_ENTRY users=2420 run=9 ###

### ENTRY users=2430 run=9 seed=9 ###
ResponseTime=32.16451 Throughput=66.08750 goodput=5.10000 badput=60.98750 completed=1963 timedout=9758 dropped=0 Util=0.98194
### END_ENTRY users=2430 run=9 ###

### ENTRY users=2440 run=9 seed=9 ###
ResponseTime=32.42410 Throughput=65.88750 goodput=5.18125 badput=60.70625 completed=1989 timedout=9713 dropped=0 Util=0.98195
### END_ENTRY users=2440 run=9 ###

### ENTRY users=2450 run=9 seed=9 ###
ResponseTime=32.53022 Throughput=65.73750 goodput=5.03750 badput=60.70000 completed=1923 timedout=9712 dropped=0 Util=0.98197
### END_ENTRY users=2450 run=9 ###

### ENTRY users=2460 run=9 seed=9 ###
ResponseTime=33.37659 Throughput=64.61875 goodput=5.15625 badput=59.46250 completed=1950 timedout=9514 dropped=0 Util=0.98194
### END_ENTRY users=2460 run=9 ###

### ENTRY users=2470 run=9 seed=9 ###
ResponseTime=32.62475 Throughput=66.28750 goodput=5.11250 badput=61.17500 completed=1965 timedout=9788 dropped=0 Util=0.98197
### END_ENTRY users=2470 run=9 ###

### ENTRY users=2480 run=9 seed=9 ###
ResponseTime=32.94665 Throughput=65.95000 goodput=4.73125 badput=61.21875 completed=1886 timedout=9795 dropped=0 Util=0.98196
### END_ENTRY users=2480 run=9 ###

### ENTRY users=2490 run=9 seed=9 ###
ResponseTime=32.68455 Throughput=66.50000 goodput=4.85000 badput=61.65000 completed=1914 timedout=9864 dropped=0 Util=0.98197
### END_ENTRY users=2490 run=9 ###

### ENTRY users=2500 run=9 seed=9 ###
ResponseTime=33.45056 Throughput=65.40625 goodput=4.88750 badput=60.51875 completed=1954 timedout=9683 dropped=0 Util=0.98194
### END_ENTRY users=2500 run=9 ###

### ENTRY users=2510 run=9 seed=9 ###
ResponseTime=33.81936 Throughput=65.03750 goodput=4.84375 badput=60.19375 completed=1885 timedout=9631 dropped=0 Util=0.98193
### END_ENTRY users=2510 run=9 ###

### ENTRY users=2520 run=9 seed=9 ###
ResponseTime=33.68486 Throughput=65.66875 goodput=4.90625 badput=60.76250 completed=1893 timedout=9722 dropped=0 Util=0.98193
### END_ENTRY users=2520 run=9 ###

### ENTRY users=2530 run=9 seed=9 ###
ResponseTime=33.50748 Throughput=66.02500 goodput=4.60625 badput=61.41875 completed=1873 timedout=9827 dropped=0 Util=0.98196
### END_ENTRY users=2530 run=9 ###

### ENTRY users=2540 run=9 seed=9 ###
ResponseTime=33.97224 Throughput=65.33125 goodput=4.76875 badput=60.56250 completed=1908 timedout=9690 dropped=0 Util=0.98194
### END_ENTRY users=2540 run=9 ###

### ENTRY users=2550 run=9 seed=9 ###
ResponseTime=33.98337 Throughput=65.56250 goodput=4.86250 badput=60.70000 completed=1951 timedout=9712 dropped=0 Util=0.98199
### END_ENTRY users=2550 run=9 ###

### ENTRY users=2560 run=9 seed=9 ###
ResponseTime=34.28364 Throughput=65.50625 goodput=5.01250 badput=60.49375 completed=1935 timedout=9679 dropped=0 Util=0.98195
### END_ENTRY users=2560 run=9 ###

### ENTRY users=2570 run=9 seed=9 ###
ResponseTime=33.71011 Throughput=66.59375 goodput=4.95625 badput=61.63750 completed=1966 timedout=9862 dropped=0 Util=0.98199
### END_ENTRY users=2570 run=9 ###

### ENTRY users=2580 run=9 seed=9 ###
ResponseTime=34.07804 Throughput=66.13125 goodput=4.83125 badput=61.30000 completed=1965 timedout=9808 dropped=0 Util=0.98199
### END_ENTRY users=2580 run=9 ###

### ENTRY users=2590 run=9 seed=9 ###
ResponseTime=34.80954 Throughput=65.18125 goodput=5.10000 badput=60.08125 completed=1974 timedout=9613 dropped=0 Util=0.98196
### END_ENTRY users=2590 run=9 ###

### ENTRY users=2600 run=9 seed=9 ###
ResponseTime=34.13017 Throughput=66.84375 goodput=4.86875 badput=61.97500 completed=1942 timedout=9916 dropped=0 Util=0.98198
### END_ENTRY users=2600 run=9 ###

### ENTRY users=2610 run=9 seed=9 ###
ResponseTime=34.76573 Throughput=65.54375 goodput=4.82500 badput=60.71875 completed=1938 timedout=9715 dropped=0 Util=0.98195
### END_ENTRY users=2610 run=9 ###

### ENTRY users=2620 run=9 seed=9 ###
ResponseTime=35.27865 Throughput=64.71250 goodput=4.80000 badput=59.91250 completed=1930 timedout=9586 dropped=0 Util=0.98195
### END_ENTRY users=2620 run=9 ###

### ENTRY users=2630 run=9 seed=9 ###
ResponseTime=34.55026 Throughput=66.20625 goodput=4.68750 badput=61.51875 completed=1932 timedout=9843 dropped=0 Util=0.98197
### END_ENTRY users=2630 run=9 ###

### ENTRY users=2640 run=9 seed=9 ###
ResponseTime=34.87080 Throughput=66.13125 goodput=4.76250 badput=61.36875 completed=1923 timedout=9819 dropped=0 Util=0.98195
### END_ENTRY users=2640 run=9 ###

### ENTRY users=2650 run=9 seed=9 ###
ResponseTime=35.05354 Throughput=66.19375 goodput=4.56875 badput=61.62500 completed=1850 timedout=9860 dropped=0 Util=0.98196
### END_ENTRY users=2650 run=9 ###

### ENTRY users=2660 run=9 seed=9 ###
ResponseTime=35.41305 Throughput=65.59375 goodput=4.99375 badput=60.60000 completed=1996 timedout=9696 dropped=0 Util=0.98196
### END_ENTRY users=2660 run=9 ###

### ENTRY users=2670 run=9 seed=9 ###
ResponseTime=35.44056 Throughput=65.94375 goodput=4.81875 badput=61.12500 completed=1914 timedout=9780 dropped=0 Util=0.98197
### END_ENTRY users=2670 run=9 ###

### ENTRY users=2680 run=9 seed=9 ###
ResponseTime=35.66482 Throughput=65.69375 goodput=4.85625 badput=60.83750 completed=1905 timedout=9734 dropped=0 Util=0.98195
### END_ENTRY users=2680 run=9 ###

### ENTRY users=2690 run=9 seed=9 ###
ResponseTime=35.86909 Throughput=65.47500 goodput=4.96875 badput=60.50625 completed=1951 timedout=9681 dropped=0 Util=0.98195
### END_ENTRY users=2690 run=9 ###

### ENTRY users=2700 run=9 seed=9 ###
ResponseTime=35.76926 Throughput=65.96875 goodput=5.04375 badput=60.92500 completed=1978 timedout=9748 dropped=0 Util=0.98196
### END_ENTRY users=2700 run=9 ###

### ENTRY users=2710 run=9 seed=9 ###
ResponseTime=36.52904 Throughput=64.83125 goodput=4.73750 badput=60.09375 completed=1887 timedout=9615 dropped=0 Util=0.98195
### END_ENTRY users=2710 run=9 ###

### ENTRY users=2720 run=9 seed=9 ###
ResponseTime=35.91382 Throughput=66.22500 goodput=4.90625 badput=61.31875 completed=1898 timedout=9811 dropped=0 Util=0.98196
### END_ENTRY users=2720 run=9 ###

### ENTRY users=2730 run=9 seed=9 ###
ResponseTime=35.83978 Throughput=66.36250 goodput=4.71875 badput=61.64375 completed=1887 timedout=9863 dropped=0 Util=0.98197
### END_ENTRY users=2730 run=9 ###

### ENTRY users=2740 run=9 seed=9 ###
ResponseTime=36.31590 Throughput=66.17500 goodput=4.64375 badput=61.53125 completed=1868 timedout=9845 dropped=0 Util=0.98197
### END_ENTRY users=2740 run=9 ###

### ENTRY users=2750 run=9 seed=9 ###
ResponseTime=36.56698 Throughput=65.55000 goodput=4.96875 badput=60.58125 completed=1989 timedout=9693 dropped=0 Util=0.98196
### END_ENTRY users=2750 run=9 ###

### ENTRY users=2760 run=9 seed=9 ###
ResponseTime=36.46865 Throughput=65.70625 goodput=4.98125 badput=60.72500 completed=1945 timedout=9716 dropped=0 Util=0.98196
### END_ENTRY users=2760 run=9 ###

### ENTRY users=2770 run=9 seed=9 ###
ResponseTime=36.56120 Throughput=66.33750 goodput=4.76875 badput=61.56875 completed=1889 timedout=9851 dropped=0 Util=0.98200
### END_ENTRY users=2770 run=9 ###

### ENTRY users=2780 run=9 seed=9 ###
ResponseTime=36.76075 Throughput=66.41250 goodput=4.72500 badput=61.68750 completed=1919 timedout=9870 dropped=0 Util=0.98200
### END_ENTRY users=2780 run=9 ###

### ENTRY users=2790 run=9 seed=9 ###
ResponseTime=37.53962 Throughput=65.01250 goodput=4.79375 badput=60.21875 completed=1937 timedout=9635 dropped=0 Util=0.98198
### END_ENTRY users=2790 run=9 ###

### ENTRY users=2800 run=9 seed=9 ###
ResponseTime=37.27683 Throughput=65.41250 goodput=4.85000 badput=60.56250 completed=1904 timedout=9690 dropped=0 Util=0.98194
### END_ENTRY users=2800 run=9 ###

### ENTRY users=2810 run=9 seed=9 ###
ResponseTime=36.66647 Throughput=66.76875 goodput=4.62500 badput=62.14375 completed=1889 timedout=9943 dropped=0 Util=0.98197
### END_ENTRY users=2810 run=9 ###

### ENTRY users=2820 run=9 seed=9 ###
ResponseTime=37.40744 Throughput=65.41250 goodput=4.90625 badput=60.50625 completed=1975 timedout=9681 dropped=0 Util=0.98197
### END_ENTRY users=2820 run=9 ###

### ENTRY users=2830 run=9 seed=9 ###
ResponseTime=37.54333 Throughput=65.69375 goodput=4.91250 badput=60.78125 completed=1976 timedout=9725 dropped=0 Util=0.98196
### END_ENTRY users=2830 run=9 ###

### ENTRY users=2840 run=9 seed=9 ###
ResponseTime=37.44143 Throughput=65.99375 goodput=4.86250 badput=61.13125 completed=1907 timedout=9781 dropped=0 Util=0.98197
### END_ENTRY users=2840 run=9 ###

### ENTRY users=2850 run=9 seed=9 ###
ResponseTime=37.48244 Throughput=66.54375 goodput=4.90625 badput=61.63750 completed=1959 timedout=9862 dropped=0 Util=0.98199
### END_ENTRY users=2850 run=9 ###

### ENTRY users=2860 run=9 seed=9 ###
ResponseTime=37.68295 Throughput=65.84375 goodput=4.83125 badput=61.01250 completed=1904 timedout=9762 dropped=0 Util=0.98195
### END_ENTRY users=2860 run=9 ###

### ENTRY users=2870 run=9 seed=9 ###
ResponseTime=37.97863 Throughput=65.91875 goodput=4.75000 badput=61.16875 completed=1883 timedout=9787 dropped=0 Util=0.98198
### END_ENTRY users=2870 run=9 ###

### ENTRY users=2880 run=9 seed=9 ###
ResponseTime=38.00371 Throughput=66.16250 goodput=4.85000 badput=61.31250 completed=1888 timedout=9810 dropped=0 Util=0.98198
### END_ENTRY users=2880 run=9 ###

### ENTRY users=2890 run=9 seed=9 ###
ResponseTime=38.33395 Throughput=65.69375 goodput=5.01875 badput=60.67500 completed=2006 timedout=9708 dropped=0 Util=0.98197
### END_ENTRY users=2890 run=9 ###

### ENTRY users=2900 run=9 seed=9 ###
ResponseTime=37.97200 Throughput=66.78125 goodput=5.03750 badput=61.74375 completed=1966 timedout=9879 dropped=0 Util=0.98197
### END_ENTRY users=2900 run=9 ###

### ENTRY users=2910 run=9 seed=9 ###
ResponseTime=38.36976 Throughput=66.16250 goodput=4.75000 badput=61.41250 completed=1897 timedout=9826 dropped=0 Util=0.98197
### END_ENTRY users=2910 run=9 ###

### ENTRY users=2920 run=9 seed=9 ###
ResponseTime=38.79711 Throughput=65.96250 goodput=4.66250 badput=61.30000 completed=1862 timedout=9808 dropped=0 Util=0.98194
### END_ENTRY users=2920 run=9 ###

### ENTRY users=2930 run=9 seed=9 ###
ResponseTime=38.28603 Throughput=66.71250 goodput=4.56875 badput=62.14375 completed=1868 timedout=9943 dropped=0 Util=0.98196
### END_ENTRY users=2930 run=9 ###

### ENTRY users=2940 run=9 seed=9 ###
ResponseTime=39.19213 Throughput=65.08125 goodput=4.85000 badput=60.23125 completed=1927 timedout=9637 dropped=0 Util=0.98193
### END_ENTRY users=2940 run=9 ###

### ENTRY users=2950 run=9 seed=9 ###
ResponseTime=39.46753 Throughput=65.23125 goodput=4.74375 badput=60.48750 completed=1865 timedout=9678 dropped=0 Util=0.98194
### END_ENTRY users=2950 run=9 ###

### ENTRY users=2960 run=9 seed=9 ###
ResponseTime=39.33326 Throughput=65.70625 goodput=4.80000 badput=60.90625 completed=1884 timedout=9745 dropped=0 Util=0.98193
### END_ENTRY users=2960 run=9 ###

### ENTRY users=2970 run=9 seed=9 ###
ResponseTime=39.00701 Throughput=66.25000 goodput=4.80000 badput=61.45000 completed=1906 timedout=9832 dropped=0 Util=0.98199
### END_ENTRY users=2970 run=9 ###

### ENTRY users=2980 run=9 seed=9 ###
ResponseTime=39.90666 Throughput=65.08750 goodput=4.80625 badput=60.28125 completed=1891 timedout=9645 dropped=0 Util=0.98194
### END_ENTRY users=2980 run=9 ###

### ENTRY users=2990 run=9 seed=9 ###
ResponseTime=39.57079 Throughput=65.51875 goodput=4.63750 badput=60.88125 completed=1884 timedout=9741 dropped=0 Util=0.98196
### END_ENTRY users=2990 run=9 ###

### ENTRY users=3000 run=9 seed=9 ###
ResponseTime=39.54075 Throughput=66.11250 goodput=4.44375 badput=61.66875 completed=1858 timedout=9867 dropped=0 Util=0.98196
### END_ENTRY users=3000 run=9 ###

