=== RUN FILE confidence_interval/run_35.log (run index = 35) ===
### ENTRY users=10 run=35 seed=35 ###
ResponseTime=0.06868 Throughput=3.06875 goodput=3.06875 badput=0.00000 completed=540 timedout=0 dropped=0 Util=0.05138
### END_ENTRY users=10 run=35 ###

### ENTRY users=20 run=35 seed=35 ###
ResponseTime=0.06460 Throughput=6.11875 goodput=6.11875 badput=0.00000 completed=1079 timedout=0 dropped=0 Util=0.09448
### END_ENTRY users=20 run=35 ###

### ENTRY users=30 run=35 seed=35 ###
ResponseTime=0.06312 Throughput=9.17500 goodput=9.17500 badput=0.00000 completed=1615 timedout=0 dropped=0 Util=0.13543
### END_ENTRY users=30 run=35 ###

### ENTRY users=40 run=35 seed=35 ###
ResponseTime=0.07209 Throughput=12.18125 goodput=12.18125 badput=0.00000 completed=2145 timedout=0 dropped=0 Util=0.18911
### END_ENTRY users=40 run=35 ###

### ENTRY users=50 run=35 seed=35 ###
ResponseTime=0.07762 Throughput=15.26875 goodput=15.26875 badput=0.00000 completed=2684 timedout=0 dropped=0 Util=0.23887
### END_ENTRY users=50 run=35 ###

### ENTRY users=60 run=35 seed=35 ###
ResponseTime=0.08106 Throughput=18.24375 goodput=18.24375 badput=0.00000 completed=3211 timedout=0 dropped=0 Util=0.27563
### END_ENTRY users=60 run=35 ###

### ENTRY users=70 run=35 seed=35 ###
ResponseTime=0.08524 Throughput=21.27500 goodput=21.27500 badput=0.00000 completed=3746 timedout=0 dropped=0 Util=0.32444
### END_ENTRY users=70 run=35 ###

### ENTRY users=80 run=35 seed=35 ###
ResponseTime=0.08694 Throughput=24.31250 goodput=24.31250 badput=0.00000 completed=4278 timedout=0 dropped=0 Util=0.36653
### END_ENTRY users=80 run=35 ###

### ENTRY users=90 run=35 seed=35 ###
ResponseTime=0.10147 Throughput=27.21875 goodput=27.21875 badput=0.00000 completed=4788 timedout=0 dropped=0 Util=0.41130
### END_ENTRY users=90 run=35 ###

### ENTRY users=100 run=35 seed=35 ###
ResponseTime=0.11101 Throughput=30.26250 goodput=30.26250 badput=0.00000 completed=5317 timedout=0 dropped=0 Util=0.45394
### END_ENTRY users=100 run=35 ###

### ENTRY users=110 run=35 seed=35 ###
ResponseTime=0.11149 Throughput=33.16250 goodput=33.16250 badput=0.00000 completed=5834 timedout=0 dropped=0 Util=0.49070
### END_ENTRY users=110 run=35 ###

### ENTRY users=120 run=35 seed=35 ###
ResponseTime=0.12222 Throughput=36.13125 goodput=36.13125 badput=0.00000 completed=6349 timedout=0 dropped=0 Util=0.52807
### END_ENTRY users=120 run=35 ###

### ENTRY users=130 run=35 seed=35 ###
ResponseTime=0.13479 Throughput=38.96875 goodput=38.96875 badput=0.00000 completed=6853 timedout=0 dropped=0 Util=0.58406
### END_ENTRY users=130 run=35 ###

### ENTRY users=140 run=35 seed=35 ###
ResponseTime=0.15687 Throughput=41.74375 goodput=41.74375 badput=0.00000 completed=7334 timedout=0 dropped=0 Util=0.62198
### END_ENTRY users=140 run=35 ###

### ENTRY users=150 run=35 seed=35 ###
ResponseTime=0.17506 Throughput=44.42500 goodput=44.42500 badput=0.00000 completed=7808 timedout=0 dropped=0 Util=0.67681
### END_ENTRY users=150 run=35 ###

### ENTRY users=160 run=35 seed=35 ###
ResponseTime=0.18471 Throughput=47.28750 goodput=47.28750 badput=0.00000 completed=8323 timedout=0 dropped=0 Util=0.71213
### END_ENTRY users=160 run=35 ###

### ENTRY users=170 run=35 seed=35 ###
ResponseTime=0.22546 Throughput=49.69375 goodput=49.69375 badput=0.00000 completed=8740 timedout=0 dropped=0 Util=0.74876
### END_ENTRY users=170 run=35 ###

### ENTRY users=180 run=35 seed=35 ###
ResponseTime=0.25238 Throughput=52.13750 goodput=52.13750 badput=0.00000 completed=9171 timedout=0 dropped=0 Util=0.78862
### END_ENTRY users=180 run=35 ###

### ENTRY users=190 run=35 seed=35 ###
ResponseTime=0.28994 Throughput=54.35625 goodput=54.35625 badput=0.00000 completed=9559 timedout=0 dropped=0 Util=0.81526
### END_ENTRY users=190 run=35 ###

### ENTRY users=200 run=35 seed=35 ###
ResponseTime=0.33547 Throughput=56.53750 goodput=56.53750 badput=0.00000 completed=9927 timedout=0 dropped=0 Util=0.85638
### END_ENTRY users=200 run=35 ###

### ENTRY users=210 run=35 seed=35 ###
ResponseTime=0.40486 Throughput=58.18125 goodput=58.18125 badput=0.00000 completed=10230 timedout=0 dropped=0 Util=0.88501
### END_ENTRY users=210 run=35 ###

### ENTRY users=220 run=35 seed=35 ###
ResponseTime=0.47742 Throughput=59.83750 goodput=59.83750 badput=0.00000 completed=10528 timedout=0 dropped=0 Util=0.91025
### END_ENTRY users=220 run=35 ###

### ENTRY users=230 run=35 seed=35 ###
ResponseTime=0.52604 Throughput=61.61875 goodput=61.61875 badput=0.00000 completed=10816 timedout=0 dropped=0 Util=0.93193
### END_ENTRY users=230 run=35 ###

### ENTRY users=240 run=35 seed=35 ###
ResponseTime=0.59538 Throughput=63.13125 goodput=63.13125 badput=0.00000 completed=11103 timedout=0 dropped=0 Util=0.94764
### END_ENTRY users=240 run=35 ###

### ENTRY users=250 run=35 seed=35 ###
ResponseTime=0.76808 Throughput=63.02500 goodput=63.02500 badput=0.00000 completed=11089 timedout=0 dropped=0 Util=0.95878
### END_ENTRY users=250 run=35 ###

### ENTRY users=260 run=35 seed=35 ###
ResponseTime=0.81306 Throughput=64.78125 goodput=64.78125 badput=0.00000 completed=11382 timedout=0 dropped=0 Util=0.96741
### END_ENTRY users=260 run=35 ###

### ENTRY users=270 run=35 seed=35 ###
ResponseTime=0.97199 Throughput=64.81875 goodput=64.81875 badput=0.00000 completed=11422 timedout=0 dropped=0 Util=0.97839
### END_ENTRY users=270 run=35 ###

### ENTRY users=280 run=35 seed=35 ###
ResponseTime=1.11834 Throughput=64.92500 goodput=64.92500 badput=0.00000 completed=11382 timedout=0 dropped=0 Util=0.97970
### END_ENTRY users=280 run=35 ###

### ENTRY users=290 run=35 seed=35 ###
ResponseTime=1.27020 Throughput=64.90000 goodput=64.90000 badput=0.00000 completed=11420 timedout=0 dropped=0 Util=0.98110
### END_ENTRY users=290 run=35 ###

### ENTRY users=300 run=35 seed=35 ###
ResponseTime=1.37716 Throughput=65.55000 goodput=65.55000 badput=0.00000 completed=11504 timedout=0 dropped=0 Util=0.98199
### END_ENTRY users=300 run=35 ###

### ENTRY users=310 run=35 seed=35 ###
ResponseTime=1.57399 Throughput=65.05625 goodput=65.05625 badput=0.00000 completed=11443 timedout=0 dropped=0 Util=0.98197
### END_ENTRY users=310 run=35 ###

### ENTRY users=320 run=35 seed=35 ###
ResponseTime=1.72652 Throughput=65.07500 goodput=65.07500 badput=0.00000 completed=11441 timedout=0 dropped=0 Util=0.98198
### END_ENTRY users=320 run=35 ###

### ENTRY users=330 run=35 seed=35 ###
ResponseTime=1.87061 Throughput=65.23125 goodput=65.23125 badput=0.00000 completed=11446 timedout=0 dropped=0 Util=0.98199
### END_ENTRY users=330 run=35 ###

### ENTRY users=340 run=35 seed=35 ###
ResponseTime=2.08263 Throughput=64.46875 goodput=64.46875 badput=0.00000 completed=11357 timedout=0 dropped=0 Util=0.98196
### END_ENTRY users=340 run=35 ###

### ENTRY users=350 run=35 seed=35 ###
ResponseTime=2.11130 Throughput=65.82500 goodput=65.82500 badput=0.00000 completed=11612 timedout=0 dropped=0 Util=0.98200
### END_ENTRY users=350 run=35 ###

### ENTRY users=360 run=35 seed=35 ###
ResponseTime=2.42160 Throughput=64.22500 goodput=64.22500 badput=0.00000 completed=11283 timedout=0 dropped=0 Util=0.98194
### END_ENTRY users=360 run=35 ###

### ENTRY users=370 run=35 seed=35 ###
ResponseTime=2.51575 Throughput=64.51875 goodput=64.51250 badput=0.00625 completed=11404 timedout=1 dropped=0 Util=0.98196
### END_ENTRY users=370 run=35 ###

### ENTRY users=380 run=35 seed=35 ###
ResponseTime=2.61014 Throughput=65.29375 goodput=65.28750 badput=0.00625 completed=11480 timedout=1 dropped=0 Util=0.98198
### END_ENTRY users=380 run=35 ###

### ENTRY users=390 run=35 seed=35 ###
ResponseTime=2.73454 Throughput=65.93125 goodput=65.92500 badput=0.00625 completed=11584 timedout=1 dropped=0 Util=0.98198
### END_ENTRY users=390 run=35 ###

### ENTRY users=400 run=35 seed=35 ###
ResponseTime=2.96152 Throughput=64.95000 goodput=64.91875 badput=0.03125 completed=11429 timedout=5 dropped=0 Util=0.98197
### END_ENTRY users=400 run=35 ###

### ENTRY users=410 run=35 seed=35 ###
ResponseTime=3.09715 Throughput=65.16250 goodput=65.13125 badput=0.03125 completed=11446 timedout=5 dropped=0 Util=0.98197
### END_ENTRY users=410 run=35 ###

### ENTRY users=420 run=35 seed=35 ###
ResponseTime=3.35815 Throughput=64.06875 goodput=64.03750 badput=0.03125 completed=11304 timedout=5 dropped=0 Util=0.98195
### END_ENTRY users=420 run=35 ###

### ENTRY users=430 run=35 seed=35 ###
ResponseTime=3.54295 Throughput=63.67500 goodput=63.63750 badput=0.03750 completed=11258 timedout=6 dropped=0 Util=0.98196
### END_ENTRY users=430 run=35 ###

### ENTRY users=440 run=35 seed=35 ###
ResponseTime=3.56813 Throughput=64.99375 goodput=64.94375 badput=0.05000 completed=11463 timedout=8 dropped=0 Util=0.98199
### END_ENTRY users=440 run=35 ###

### ENTRY users=450 run=35 seed=35 ###
ResponseTime=3.70043 Throughput=65.08125 goodput=65.03125 badput=0.05000 completed=11507 timedout=8 dropped=0 Util=0.98192
### END_ENTRY users=450 run=35 ###

### ENTRY users=460 run=35 seed=35 ###
ResponseTime=3.75433 Throughput=66.31250 goodput=66.22500 badput=0.08750 completed=11626 timedout=14 dropped=0 Util=0.98198
### END_ENTRY users=460 run=35 ###

### ENTRY users=470 run=35 seed=35 ###
ResponseTime=4.00720 Throughput=65.36875 goodput=65.24375 badput=0.12500 completed=11484 timedout=20 dropped=0 Util=0.98198
### END_ENTRY users=470 run=35 ###

### ENTRY users=480 run=35 seed=35 ###
ResponseTime=4.13552 Throughput=65.44375 goodput=65.32500 badput=0.11875 completed=11443 timedout=19 dropped=0 Util=0.98195
### END_ENTRY users=480 run=35 ###

### ENTRY users=490 run=35 seed=35 ###
ResponseTime=4.33403 Throughput=65.03750 goodput=64.90000 badput=0.13750 completed=11439 timedout=22 dropped=0 Util=0.98193
### END_ENTRY users=490 run=35 ###

### ENTRY users=500 run=35 seed=35 ###
ResponseTime=4.53650 Throughput=64.43750 goodput=64.35000 badput=0.08750 completed=11327 timedout=14 dropped=0 Util=0.98189
### END_ENTRY users=500 run=35 ###

### ENTRY users=510 run=35 seed=35 ###
ResponseTime=4.61280 Throughput=65.31875 goodput=65.20625 badput=0.11250 completed=11496 timedout=18 dropped=0 Util=0.98193
### END_ENTRY users=510 run=35 ###

### ENTRY users=520 run=35 seed=35 ###
ResponseTime=4.86942 Throughput=64.45000 goodput=64.32500 badput=0.12500 completed=11331 timedout=20 dropped=0 Util=0.98190
### END_ENTRY users=520 run=35 ###

### ENTRY users=530 run=35 seed=35 ###
ResponseTime=5.02281 Throughput=64.34375 goodput=64.18125 badput=0.16250 completed=11327 timedout=26 dropped=0 Util=0.98191
### END_ENTRY users=530 run=35 ###

### ENTRY users=540 run=35 seed=35 ###
ResponseTime=5.23381 Throughput=64.03750 goodput=63.88750 badput=0.15000 completed=11265 timedout=24 dropped=0 Util=0.98190
### END_ENTRY users=540 run=35 ###

### ENTRY users=550 run=35 seed=35 ###
ResponseTime=5.29510 Throughput=64.66875 goodput=64.52500 badput=0.14375 completed=11378 timedout=23 dropped=0 Util=0.98191
### END_ENTRY users=550 run=35 ###

### ENTRY users=560 run=35 seed=35 ###
ResponseTime=5.37502 Throughput=65.29375 goodput=65.09375 badput=0.20000 completed=11508 timedout=32 dropped=0 Util=0.98195
### END_ENTRY users=560 run=35 ###

### ENTRY users=570 run=35 seed=35 ###
ResponseTime=5.46554 Throughput=66.01875 goodput=65.88125 badput=0.13750 completed=11593 timedout=22 dropped=0 Util=0.98193
### END_ENTRY users=570 run=35 ###

### ENTRY users=580 run=35 seed=35 ###
ResponseTime=5.65299 Throughput=65.51875 goodput=65.35000 badput=0.16875 completed=11571 timedout=27 dropped=0 Util=0.98193
### END_ENTRY users=580 run=35 ###

### ENTRY users=590 run=35 seed=35 ###
ResponseTime=5.88043 Throughput=65.08750 goodput=64.90625 badput=0.18125 completed=11458 timedout=29 dropped=0 Util=0.98193
### END_ENTRY users=590 run=35 ###

### ENTRY users=600 run=35 seed=35 ###
ResponseTime=5.98944 Throughput=65.38125 goodput=65.17500 badput=0.20625 completed=11508 timedout=33 dropped=0 Util=0.98191
### END_ENTRY users=600 run=35 ###

### ENTRY users=610 run=35 seed=35 ###
ResponseTime=6.28458 Throughput=64.08750 goodput=63.84375 badput=0.24375 completed=11272 timedout=39 dropped=0 Util=0.98189
### END_ENTRY users=610 run=35 ###

### ENTRY users=620 run=35 seed=35 ###
ResponseTime=6.18102 Throughput=66.36875 goodput=66.20000 badput=0.16875 completed=11669 timedout=27 dropped=0 Util=0.98195
### END_ENTRY users=620 run=35 ###

### ENTRY users=630 run=35 seed=35 ###
ResponseTime=6.38005 Throughput=65.86875 goodput=65.69375 badput=0.17500 completed=11558 timedout=28 dropped=0 Util=0.98194
### END_ENTRY users=630 run=35 ###

### ENTRY users=640 run=35 seed=35 ###
ResponseTime=6.59983 Throughput=65.31250 goodput=65.12500 badput=0.18750 completed=11480 timedout=30 dropped=0 Util=0.98195
### END_ENTRY users=640 run=35 ###

### ENTRY users=650 run=35 seed=35 ###
ResponseTime=6.88705 Throughput=64.50625 goodput=64.24375 badput=0.26250 completed=11350 timedout=42 dropped=0 Util=0.98191
### END_ENTRY users=650 run=35 ###

### ENTRY users=660 run=35 seed=35 ###
ResponseTime=6.91220 Throughput=65.23750 goodput=65.01875 badput=0.21875 completed=11464 timedout=35 dropped=0 Util=0.98196
### END_ENTRY users=660 run=35 ###

### ENTRY users=670 run=35 seed=35 ###
ResponseTime=7.12274 Throughput=64.75000 goodput=64.47500 badput=0.27500 completed=11431 timedout=44 dropped=0 Util=0.98196
### END_ENTRY users=670 run=35 ###

### ENTRY users=680 run=35 seed=35 ###
ResponseTime=7.29257 Throughput=64.69375 goodput=64.41875 badput=0.27500 completed=11397 timedout=44 dropped=0 Util=0.98193
### END_ENTRY users=680 run=35 ###

### ENTRY users=690 run=35 seed=35 ###
ResponseTime=7.39130 Throughput=65.33750 goodput=65.10625 badput=0.23125 completed=11515 timedout=37 dropped=0 Util=0.98196
### END_ENTRY users=690 run=35 ###

### ENTRY users=700 run=35 seed=35 ###
ResponseTime=7.51245 Throughput=65.27500 goodput=65.01250 badput=0.26250 completed=11517 timedout=42 dropped=0 Util=0.98193
### END_ENTRY users=700 run=35 ###

### ENTRY users=710 run=35 seed=35 ###
ResponseTime=7.85914 Throughput=63.98125 goodput=63.61250 badput=0.36875 completed=11292 timedout=59 dropped=0 Util=0.98192
### END_ENTRY users=710 run=35 ###

### ENTRY users=720 run=35 seed=35 ###
ResponseTime=7.88777 Throughput=64.88125 goodput=64.60625 badput=0.27500 completed=11434 timedout=44 dropped=0 Util=0.98196
### END_ENTRY users=720 run=35 ###

### ENTRY users=730 run=35 seed=35 ###
ResponseTime=8.01447 Throughput=64.94375 goodput=64.59375 badput=0.35000 completed=11415 timedout=56 dropped=0 Util=0.98195
### END_ENTRY users=730 run=35 ###

### ENTRY users=740 run=35 seed=35 ###
ResponseTime=8.18531 Throughput=65.03125 goodput=64.71875 badput=0.31250 completed=11399 timedout=50 dropped=0 Util=0.98192
### END_ENTRY users=740 run=35 ###

### ENTRY users=750 run=35 seed=35 ###
ResponseTime=8.41420 Throughput=64.66875 goodput=64.29375 badput=0.37500 completed=11365 timedout=60 dropped=0 Util=0.98194
### END_ENTRY users=750 run=35 ###

### ENTRY users=760 run=35 seed=35 ###
ResponseTime=8.48673 Throughput=65.22500 goodput=64.83125 badput=0.39375 completed=11407 timedout=63 dropped=0 Util=0.98192
### END_ENTRY users=760 run=35 ###

### ENTRY users=770 run=35 seed=35 ###
ResponseTime=8.70533 Throughput=64.93125 goodput=64.50625 badput=0.42500 completed=11379 timedout=68 dropped=0 Util=0.98193
### END_ENTRY users=770 run=35 ###

### ENTRY users=780 run=35 seed=35 ###
ResponseTime=8.75193 Throughput=65.50625 goodput=65.16875 badput=0.33750 completed=11476 timedout=54 dropped=0 Util=0.98196
### END_ENTRY users=780 run=35 ###

### ENTRY users=790 run=35 seed=35 ###
ResponseTime=8.96438 Throughput=65.03125 goodput=64.65625 badput=0.37500 completed=11401 timedout=60 dropped=0 Util=0.98193
### END_ENTRY users=790 run=35 ###

### ENTRY users=800 run=35 seed=35 ###
ResponseTime=8.93858 Throughput=65.90000 goodput=65.50625 badput=0.39375 completed=11592 timedout=63 dropped=0 Util=0.98196
### END_ENTRY users=800 run=35 ###

### ENTRY users=810 run=35 seed=35 ###
ResponseTime=9.23276 Throughput=65.29375 goodput=64.85000 badput=0.44375 completed=11403 timedout=71 dropped=0 Util=0.98195
### END_ENTRY users=810 run=35 ###

### ENTRY users=820 run=35 seed=35 ###
ResponseTime=9.38993 Throughput=65.31250 goodput=64.88750 badput=0.42500 completed=11445 timedout=68 dropped=0 Util=0.98197
### END_ENTRY users=820 run=35 ###

### ENTRY users=830 run=35 seed=35 ###
ResponseTime=9.65615 Throughput=64.65000 goodput=64.23125 badput=0.41875 completed=11331 timedout=67 dropped=0 Util=0.98197
### END_ENTRY users=830 run=35 ###

### ENTRY users=840 run=35 seed=35 ###
ResponseTime=9.74806 Throughput=65.05000 goodput=64.50625 badput=0.54375 completed=11378 timedout=87 dropped=0 Util=0.98194
### END_ENTRY users=840 run=35 ###

### ENTRY users=850 run=35 seed=35 ###
ResponseTime=9.77707 Throughput=65.65000 goodput=65.18125 badput=0.46875 completed=11490 timedout=75 dropped=0 Util=0.98194
### END_ENTRY users=850 run=35 ###

### ENTRY users=860 run=35 seed=35 ###
ResponseTime=9.96456 Throughput=65.46250 goodput=64.93750 badput=0.52500 completed=11455 timedout=84 dropped=0 Util=0.98194
### END_ENTRY users=860 run=35 ###

### ENTRY users=870 run=35 seed=35 ###
ResponseTime=10.06367 Throughput=65.66250 goodput=65.12500 badput=0.53750 completed=11511 timedout=86 dropped=0 Util=0.98193
### END_ENTRY users=870 run=35 ###

### ENTRY users=880 run=35 seed=35 ###
ResponseTime=10.25038 Throughput=65.61875 goodput=65.09375 badput=0.52500 completed=11500 timedout=84 dropped=0 Util=0.98196
### END_ENTRY users=880 run=35 ###

### ENTRY users=890 run=35 seed=35 ###
ResponseTime=10.57458 Throughput=64.76250 goodput=64.18750 badput=0.57500 completed=11352 timedout=92 dropped=0 Util=0.98192
### END_ENTRY users=890 run=35 ###

### ENTRY users=900 run=35 seed=35 ###
ResponseTime=10.55247 Throughput=65.64375 goodput=65.04375 badput=0.60000 completed=11484 timedout=96 dropped=0 Util=0.98195
### END_ENTRY users=900 run=35 ###

### ENTRY users=910 run=35 seed=35 ###
ResponseTime=10.70562 Throughput=65.53750 goodput=64.98750 badput=0.55000 completed=11415 timedout=88 dropped=0 Util=0.98193
### END_ENTRY users=910 run=35 ###

### ENTRY users=920 run=35 seed=35 ###
ResponseTime=10.82048 Throughput=65.78750 goodput=65.19375 badput=0.59375 completed=11500 timedout=95 dropped=0 Util=0.98196
### END_ENTRY users=920 run=35 ###

### ENTRY users=930 run=35 seed=35 ###
ResponseTime=10.98928 Throughput=65.55625 goodput=64.94375 badput=0.61250 completed=11489 timedout=98 dropped=0 Util=0.98196
### END_ENTRY users=930 run=35 ###

### ENTRY users=940 run=35 seed=35 ###
ResponseTime=11.41179 Throughput=64.45000 goodput=63.62500 badput=0.82500 completed=11257 timedout=132 dropped=0 Util=0.98192
### END_ENTRY users=940 run=35 ###

### ENTRY users=950 run=35 seed=35 ###
ResponseTime=11.22647 Throughput=65.93750 goodput=65.27500 badput=0.66250 completed=11520 timedout=106 dropped=0 Util=0.98196
### END_ENTRY users=950 run=35 ###

### ENTRY users=960 run=35 seed=35 ###
ResponseTime=11.39176 Throughput=66.11250 goodput=65.33750 badput=0.77500 completed=11509 timedout=124 dropped=0 Util=0.98196
### END_ENTRY users=960 run=35 ###

### ENTRY users=970 run=35 seed=35 ###
ResponseTime=11.60630 Throughput=65.63125 goodput=64.89375 badput=0.73750 completed=11485 timedout=118 dropped=0 Util=0.98195
### END_ENTRY users=970 run=35 ###

### ENTRY users=980 run=35 seed=35 ###
ResponseTime=11.90164 Throughput=64.68125 goodput=63.84375 badput=0.83750 completed=11341 timedout=134 dropped=0 Util=0.98193
### END_ENTRY users=980 run=35 ###

### ENTRY users=990 run=35 seed=35 ###
ResponseTime=12.24154 Throughput=63.90000 goodput=62.98750 badput=0.91250 completed=11133 timedout=146 dropped=0 Util=0.98189
### END_ENTRY users=990 run=35 ###

### ENTRY users=1000 run=35 seed=35 ###
ResponseTime=12.11469 Throughput=65.43750 goodput=64.60000 badput=0.83750 completed=11417 timedout=134 dropped=0 Util=0.98195
### END_ENTRY users=1000 run=35 ###

### ENTRY users=1010 run=35 seed=35 ###
ResponseTime=12.23763 Throughput=65.73125 goodput=64.83125 badput=0.90000 completed=11416 timedout=144 dropped=0 Util=0.98193
### END_ENTRY users=1010 run=35 ###

### ENTRY users=1020 run=35 seed=35 ###
ResponseTime=12.49965 Throughput=65.08750 goodput=64.11250 badput=0.97500 completed=11332 timedout=156 dropped=0 Util=0.98195
### END_ENTRY users=1020 run=35 ###

### ENTRY users=1030 run=35 seed=35 ###
ResponseTime=12.51081 Throughput=65.50000 goodput=64.48125 badput=1.01875 completed=11399 timedout=163 dropped=0 Util=0.98194
### END_ENTRY users=1030 run=35 ###

### ENTRY users=1040 run=35 seed=35 ###
ResponseTime=12.72416 Throughput=65.30625 goodput=64.28750 badput=1.01875 completed=11440 timedout=163 dropped=0 Util=0.98196
### END_ENTRY users=1040 run=35 ###

### ENTRY users=1050 run=35 seed=35 ###
ResponseTime=12.89101 Throughput=65.47500 goodput=64.35625 badput=1.11875 completed=11349 timedout=179 dropped=0 Util=0.98194
### END_ENTRY users=1050 run=35 ###

### ENTRY users=1060 run=35 seed=35 ###
ResponseTime=12.83317 Throughput=66.24375 goodput=65.21250 badput=1.03125 completed=11484 timedout=165 dropped=0 Util=0.98197
### END_ENTRY users=1060 run=35 ###

### ENTRY users=1070 run=35 seed=35 ###
ResponseTime=13.11444 Throughput=65.65625 goodput=64.37500 badput=1.28125 completed=11338 timedout=205 dropped=0 Util=0.98197
### END_ENTRY users=1070 run=35 ###

### ENTRY users=1080 run=35 seed=35 ###
ResponseTime=13.46151 Throughput=64.89375 goodput=63.65000 badput=1.24375 completed=11234 timedout=199 dropped=0 Util=0.98195
### END_ENTRY users=1080 run=35 ###

### ENTRY users=1090 run=35 seed=35 ###
ResponseTime=13.43407 Throughput=65.60625 goodput=64.31250 badput=1.29375 completed=11354 timedout=207 dropped=0 Util=0.98196
### END_ENTRY users=1090 run=35 ###

### ENTRY users=1100 run=35 seed=35 ###
ResponseTime=13.73360 Throughput=64.75000 goodput=63.23750 badput=1.51250 completed=11215 timedout=242 dropped=0 Util=0.98192
### END_ENTRY users=1100 run=35 ###

### ENTRY users=1110 run=35 seed=35 ###
ResponseTime=13.83209 Throughput=65.25625 goodput=63.83125 badput=1.42500 completed=11301 timedout=228 dropped=0 Util=0.98197
### END_ENTRY users=1110 run=35 ###

### ENTRY users=1120 run=35 seed=35 ###
ResponseTime=13.99211 Throughput=65.26250 goodput=63.68750 badput=1.57500 completed=11285 timedout=252 dropped=0 Util=0.98196
### END_ENTRY users=1120 run=35 ###

### ENTRY users=1130 run=35 seed=35 ###
ResponseTime=14.04936 Throughput=65.60625 goodput=64.15625 badput=1.45000 completed=11331 timedout=232 dropped=0 Util=0.98194
### END_ENTRY users=1130 run=35 ###

### ENTRY users=1140 run=35 seed=35 ###
ResponseTime=14.40476 Throughput=64.82500 goodput=63.11250 badput=1.71250 completed=11142 timedout=274 dropped=0 Util=0.98193
### END_ENTRY users=1140 run=35 ###

### ENTRY users=1150 run=35 seed=35 ###
ResponseTime=14.55370 Throughput=64.62500 goodput=62.91875 badput=1.70625 completed=11148 timedout=273 dropped=0 Util=0.98192
### END_ENTRY users=1150 run=35 ###

### ENTRY users=1160 run=35 seed=35 ###
ResponseTime=14.56863 Throughput=65.14375 goodput=63.39375 badput=1.75000 completed=11260 timedout=280 dropped=0 Util=0.98194
### END_ENTRY users=1160 run=35 ###

### ENTRY users=1170 run=35 seed=35 ###
ResponseTime=14.67977 Throughput=65.47500 goodput=63.76250 badput=1.71250 completed=11247 timedout=274 dropped=0 Util=0.98194
### END_ENTRY users=1170 run=35 ###

### ENTRY users=1180 run=35 seed=35 ###
ResponseTime=15.03719 Throughput=64.48125 goodput=62.45000 badput=2.03125 completed=11077 timedout=325 dropped=0 Util=0.98191
### END_ENTRY users=1180 run=35 ###

### ENTRY users=1190 run=35 seed=35 ###
ResponseTime=15.01420 Throughput=65.13750 goodput=63.15000 badput=1.98750 completed=11187 timedout=318 dropped=0 Util=0.98193
### END_ENTRY users=1190 run=35 ###

### ENTRY users=1200 run=35 seed=35 ###
ResponseTime=15.13012 Throughput=65.34375 goodput=63.23750 badput=2.10625 completed=11204 timedout=337 dropped=0 Util=0.98194
### END_ENTRY users=1200 run=35 ###

### ENTRY users=1210 run=35 seed=35 ###
ResponseTime=15.15553 Throughput=65.82500 goodput=63.71250 badput=2.11250 completed=11284 timedout=338 dropped=0 Util=0.98192
### END_ENTRY users=1210 run=35 ###

### ENTRY users=1220 run=35 seed=35 ###
ResponseTime=15.32050 Throughput=65.72500 goodput=63.51875 badput=2.20625 completed=11226 timedout=353 dropped=0 Util=0.98196
### END_ENTRY users=1220 run=35 ###

### ENTRY users=1230 run=35 seed=35 ###
ResponseTime=15.73039 Throughput=64.93750 goodput=62.44375 badput=2.49375 completed=11089 timedout=399 dropped=0 Util=0.98193
### END_ENTRY users=1230 run=35 ###

### ENTRY users=1240 run=35 seed=35 ###
ResponseTime=15.91912 Throughput=64.60625 goodput=61.85625 badput=2.75000 completed=10978 timedout=440 dropped=0 Util=0.98192
### END_ENTRY users=1240 run=35 ###

### ENTRY users=1250 run=35 seed=35 ###
ResponseTime=15.63081 Throughput=66.46875 goodput=63.98125 badput=2.48750 completed=11297 timedout=398 dropped=0 Util=0.98197
### END_ENTRY users=1250 run=35 ###

### ENTRY users=1260 run=35 seed=35 ###
ResponseTime=16.29420 Throughput=64.56250 goodput=61.60625 badput=2.95625 completed=10931 timedout=473 dropped=0 Util=0.98194
### END_ENTRY users=1260 run=35 ###

### ENTRY users=1270 run=35 seed=35 ###
ResponseTime=16.18746 Throughput=65.41875 goodput=62.56875 badput=2.85000 completed=11077 timedout=456 dropped=0 Util=0.98197
### END_ENTRY users=1270 run=35 ###

### ENTRY users=1280 run=35 seed=35 ###
ResponseTime=16.45230 Throughput=64.85625 goodput=61.82500 badput=3.03125 completed=10991 timedout=485 dropped=0 Util=0.98192
### END_ENTRY users=1280 run=35 ###

### ENTRY users=1290 run=35 seed=35 ###
ResponseTime=16.63990 Throughput=64.88750 goodput=61.70625 badput=3.18125 completed=10921 timedout=509 dropped=0 Util=0.98192
### END_ENTRY users=1290 run=35 ###

### ENTRY users=1300 run=35 seed=35 ###
ResponseTime=16.68038 Throughput=65.26250 goodput=61.82500 badput=3.43750 completed=10994 timedout=550 dropped=0 Util=0.98190
### END_ENTRY users=1300 run=35 ###

### ENTRY users=1310 run=35 seed=35 ###
ResponseTime=16.83537 Throughput=65.31875 goodput=61.88750 badput=3.43125 completed=10987 timedout=549 dropped=0 Util=0.98194
### END_ENTRY users=1310 run=35 ###

### ENTRY users=1320 run=35 seed=35 ###
ResponseTime=17.29492 Throughput=64.46875 goodput=60.55000 badput=3.91875 completed=10768 timedout=627 dropped=0 Util=0.98190
### END_ENTRY users=1320 run=35 ###

### ENTRY users=1330 run=35 seed=35 ###
ResponseTime=17.37287 Throughput=64.53125 goodput=60.75625 badput=3.77500 completed=10810 timedout=604 dropped=0 Util=0.98192
### END_ENTRY users=1330 run=35 ###

### ENTRY users=1340 run=35 seed=35 ###
ResponseTime=17.30465 Throughput=65.20000 goodput=61.36875 badput=3.83125 completed=10903 timedout=613 dropped=0 Util=0.98193
### END_ENTRY users=1340 run=35 ###

### ENTRY users=1350 run=35 seed=35 ###
ResponseTime=17.51151 Throughput=64.97500 goodput=60.83125 badput=4.14375 completed=10815 timedout=663 dropped=0 Util=0.98192
### END_ENTRY users=1350 run=35 ###

### ENTRY users=1360 run=35 seed=35 ###
ResponseTime=17.59772 Throughput=65.10000 goodput=60.93750 badput=4.16250 completed=10838 timedout=666 dropped=0 Util=0.98192
### END_ENTRY users=1360 run=35 ###

### ENTRY users=1370 run=35 seed=35 ###
ResponseTime=17.83536 Throughput=65.13125 goodput=60.62500 badput=4.50625 completed=10784 timedout=721 dropped=0 Util=0.98193
### END_ENTRY users=1370 run=35 ###

### ENTRY users=1380 run=35 seed=35 ###
ResponseTime=17.91965 Throughput=65.31250 goodput=60.81875 badput=4.49375 completed=10768 timedout=719 dropped=0 Util=0.98196
### END_ENTRY users=1380 run=35 ###

### ENTRY users=1390 run=35 seed=35 ###
ResponseTime=17.96563 Throughput=65.34375 goodput=60.66875 badput=4.67500 completed=10771 timedout=748 dropped=0 Util=0.98194
### END_ENTRY users=1390 run=35 ###

### ENTRY users=1400 run=35 seed=35 ###
ResponseTime=18.31508 Throughput=64.91875 goodput=59.89375 badput=5.02500 completed=10665 timedout=804 dropped=0 Util=0.98194
### END_ENTRY users=1400 run=35 ###

### ENTRY users=1410 run=35 seed=35 ###
ResponseTime=18.15352 Throughput=66.04375 goodput=61.21250 badput=4.83125 completed=10864 timedout=773 dropped=0 Util=0.98196
### END_ENTRY users=1410 run=35 ###

### ENTRY users=1420 run=35 seed=35 ###
ResponseTime=18.49825 Throughput=65.26875 goodput=60.10625 badput=5.16250 completed=10671 timedout=826 dropped=0 Util=0.98194
### END_ENTRY users=1420 run=35 ###

### ENTRY users=1430 run=35 seed=35 ###
ResponseTime=18.67412 Throughput=65.20625 goodput=59.35625 badput=5.85000 completed=10568 timedout=936 dropped=0 Util=0.98195
### END_ENTRY users=1430 run=35 ###

### ENTRY users=1440 run=35 seed=35 ###
ResponseTime=18.68407 Throughput=65.71250 goodput=60.05000 badput=5.66250 completed=10696 timedout=906 dropped=0 Util=0.98196
### END_ENTRY users=1440 run=35 ###

### ENTRY users=1450 run=35 seed=35 ###
ResponseTime=19.00412 Throughput=64.96250 goodput=58.60000 badput=6.36250 completed=10429 timedout=1018 dropped=0 Util=0.98193
### END_ENTRY users=1450 run=35 ###

### ENTRY users=1460 run=35 seed=35 ###
ResponseTime=18.85203 Throughput=66.10000 goodput=60.10625 badput=5.99375 completed=10673 timedout=959 dropped=0 Util=0.98195
### END_ENTRY users=1460 run=35 ###

### ENTRY users=1470 run=35 seed=35 ###
ResponseTime=19.31978 Throughput=64.97500 goodput=58.21250 badput=6.76250 completed=10384 timedout=1082 dropped=0 Util=0.98193
### END_ENTRY users=1470 run=35 ###

### ENTRY users=1480 run=35 seed=35 ###
ResponseTime=19.52931 Throughput=64.75000 goodput=57.53750 badput=7.21250 completed=10258 timedout=1154 dropped=0 Util=0.98194
### END_ENTRY users=1480 run=35 ###

### ENTRY users=1490 run=35 seed=35 ###
ResponseTime=19.33579 Throughput=65.80625 goodput=59.22500 badput=6.58125 completed=10570 timedout=1053 dropped=0 Util=0.98198
### END_ENTRY users=1490 run=35 ###

### ENTRY users=1500 run=35 seed=35 ###
ResponseTime=19.99293 Throughput=64.28125 goodput=56.10625 badput=8.17500 completed=10064 timedout=1308 dropped=0 Util=0.98191
### END_ENTRY users=1500 run=35 ###

### ENTRY users=1510 run=35 seed=35 ###
ResponseTime=19.71989 Throughput=65.49375 goodput=57.85000 badput=7.64375 completed=10287 timedout=1223 dropped=0 Util=0.98195
### END_ENTRY users=1510 run=35 ###

### ENTRY users=1520 run=35 seed=35 ###
ResponseTime=19.80868 Throughput=65.68750 goodput=57.91875 badput=7.76875 completed=10350 timedout=1243 dropped=0 Util=0.98196
### END_ENTRY users=1520 run=35 ###

### ENTRY users=1530 run=35 seed=35 ###
ResponseTime=19.89200 Throughput=65.92500 goodput=57.98750 badput=7.93750 completed=10303 timedout=1270 dropped=0 Util=0.98196
### END_ENTRY users=1530 run=35 ###

### ENTRY users=1540 run=35 seed=35 ###
ResponseTime=20.20802 Throughput=65.16875 goodput=56.35625 badput=8.81250 completed=10067 timedout=1410 dropped=0 Util=0.98193
### END_ENTRY users=1540 run=35 ###

### ENTRY users=1550 run=35 seed=35 ###
ResponseTime=20.21728 Throughput=65.71250 goodput=56.78750 badput=8.92500 completed=10176 timedout=1428 dropped=0 Util=0.98194
### END_ENTRY users=1550 run=35 ###

### ENTRY users=1560 run=35 seed=35 ###
ResponseTime=20.39486 Throughput=65.87500 goodput=56.41250 badput=9.46250 completed=10100 timedout=1514 dropped=0 Util=0.98195
### END_ENTRY users=1560 run=35 ###

### ENTRY users=1570 run=35 seed=35 ###
ResponseTime=20.73251 Throughput=65.01250 goodput=54.79375 badput=10.21875 completed=9841 timedout=1635 dropped=0 Util=0.98194
### END_ENTRY users=1570 run=35 ###

### ENTRY users=1580 run=35 seed=35 ###
ResponseTime=20.83687 Throughput=65.25625 goodput=54.61875 badput=10.63750 completed=9773 timedout=1702 dropped=0 Util=0.98195
### END_ENTRY users=1580 run=35 ###

### ENTRY users=1590 run=35 seed=35 ###
ResponseTime=20.85947 Throughput=65.88750 goodput=55.38125 badput=10.50625 completed=9903 timedout=1681 dropped=0 Util=0.98197
### END_ENTRY users=1590 run=35 ###

### ENTRY users=1600 run=35 seed=35 ###
ResponseTime=21.05534 Throughput=65.29375 goodput=54.23125 badput=11.06250 completed=9723 timedout=1770 dropped=0 Util=0.98194
### END_ENTRY users=1600 run=35 ###

### ENTRY users=1610 run=35 seed=35 ###
ResponseTime=21.26000 Throughput=65.36250 goodput=53.41250 badput=11.95000 completed=9624 timedout=1912 dropped=0 Util=0.98195
### END_ENTRY users=1610 run=35 ###

### ENTRY users=1620 run=35 seed=35 ###
ResponseTime=21.40579 Throughput=65.28750 goodput=53.09375 badput=12.19375 completed=9547 timedout=1951 dropped=0 Util=0.98195
### END_ENTRY users=1620 run=35 ###

### ENTRY users=1630 run=35 seed=35 ###
ResponseTime=21.14544 Throughput=66.66250 goodput=54.98125 badput=11.68125 completed=9851 timedout=1869 dropped=0 Util=0.98197
### END_ENTRY users=1630 run=35 ###

### ENTRY users=1640 run=35 seed=35 ###
ResponseTime=21.52999 Throughput=65.95625 goodput=53.02500 badput=12.93125 completed=9512 timedout=2069 dropped=0 Util=0.98197
### END_ENTRY users=1640 run=35 ###

### ENTRY users=1650 run=35 seed=35 ###
ResponseTime=21.20186 Throughput=67.01875 goodput=55.11875 badput=11.90000 completed=9907 timedout=1904 dropped=0 Util=0.98196
### END_ENTRY users=1650 run=35 ###

### ENTRY users=1660 run=35 seed=35 ###
ResponseTime=22.04280 Throughput=65.28750 goodput=50.59375 badput=14.69375 completed=9169 timedout=2351 dropped=0 Util=0.98198
### END_ENTRY users=1660 run=35 ###

### ENTRY users=1670 run=35 seed=35 ###
ResponseTime=22.31501 Throughput=64.91250 goodput=49.04375 badput=15.86875 completed=8878 timedout=2539 dropped=0 Util=0.98192
### END_ENTRY users=1670 run=35 ###

### ENTRY users=1680 run=35 seed=35 ###
ResponseTime=22.31039 Throughput=65.24375 goodput=49.17500 badput=16.06875 completed=8967 timedout=2571 dropped=0 Util=0.98194
### END_ENTRY users=1680 run=35 ###

### ENTRY users=1690 run=35 seed=35 ###
ResponseTime=22.01540 Throughput=66.60000 goodput=51.67500 badput=14.92500 completed=9342 timedout=2388 dropped=0 Util=0.98198
### END_ENTRY users=1690 run=35 ###

### ENTRY users=1700 run=35 seed=35 ###
ResponseTime=22.93332 Throughput=64.28750 goodput=45.70000 badput=18.58750 completed=8397 timedout=2974 dropped=0 Util=0.98195
### END_ENTRY users=1700 run=35 ###

### ENTRY users=1710 run=35 seed=35 ###
ResponseTime=22.75436 Throughput=65.41250 goodput=47.33125 badput=18.08125 completed=8638 timedout=2893 dropped=0 Util=0.98192
### END_ENTRY users=1710 run=35 ###

### ENTRY users=1720 run=35 seed=35 ###
ResponseTime=22.87119 Throughput=65.40000 goodput=46.66875 badput=18.73125 completed=8516 timedout=2997 dropped=0 Util=0.98196
### END_ENTRY users=1720 run=35 ###

### ENTRY users=1730 run=35 seed=35 ###
ResponseTime=23.46045 Throughput=64.18125 goodput=42.65625 badput=21.52500 completed=7907 timedout=3444 dropped=0 Util=0.98192
### END_ENTRY users=1730 run=35 ###

### ENTRY users=1740 run=35 seed=35 ###
ResponseTime=23.29050 Throughput=65.02500 goodput=43.85625 badput=21.16875 completed=8098 timedout=3387 dropped=0 Util=0.98193
### END_ENTRY users=1740 run=35 ###

### ENTRY users=1750 run=35 seed=35 ###
ResponseTime=23.41999 Throughput=65.01875 goodput=43.06875 badput=21.95000 completed=7986 timedout=3512 dropped=0 Util=0.98195
### END_ENTRY users=1750 run=35 ###

### ENTRY users=1760 run=35 seed=35 ###
ResponseTime=23.39762 Throughput=65.53750 goodput=43.40000 badput=22.13750 completed=8001 timedout=3542 dropped=0 Util=0.98196
### END_ENTRY users=1760 run=35 ###

### ENTRY users=1770 run=35 seed=35 ###
ResponseTime=23.64430 Throughput=64.97500 goodput=41.96875 badput=23.00625 completed=7811 timedout=3681 dropped=0 Util=0.98192
### END_ENTRY users=1770 run=35 ###

### ENTRY users=1780 run=35 seed=35 ###
ResponseTime=23.63063 Throughput=65.63750 goodput=42.31250 badput=23.32500 completed=7844 timedout=3732 dropped=0 Util=0.98199
### END_ENTRY users=1780 run=35 ###

### ENTRY users=1790 run=35 seed=35 ###
ResponseTime=23.72055 Throughput=65.95625 goodput=41.98125 badput=23.97500 completed=7794 timedout=3836 dropped=0 Util=0.98195
### END_ENTRY users=1790 run=35 ###

### ENTRY users=1800 run=35 seed=35 ###
ResponseTime=24.06420 Throughput=65.07500 goodput=39.64375 badput=25.43125 completed=7394 timedout=4069 dropped=0 Util=0.98191
### END_ENTRY users=1800 run=35 ###

### ENTRY users=1810 run=35 seed=35 ###
ResponseTime=24.11804 Throughput=65.75000 goodput=39.24375 badput=26.50625 completed=7378 timedout=4241 dropped=0 Util=0.98195
### END_ENTRY users=1810 run=35 ###

### ENTRY users=1820 run=35 seed=35 ###
ResponseTime=24.24885 Throughput=65.39375 goodput=38.04375 badput=27.35000 completed=7118 timedout=4376 dropped=0 Util=0.98195
### END_ENTRY users=1820 run=35 ###

### ENTRY users=1830 run=35 seed=35 ###
ResponseTime=24.32860 Throughput=65.76875 goodput=38.05625 badput=27.71250 completed=7168 timedout=4434 dropped=0 Util=0.98195
### END_ENTRY users=1830 run=35 ###

### ENTRY users=1840 run=35 seed=35 ###
ResponseTime=24.58943 Throughput=65.14375 goodput=36.68125 badput=28.46250 completed=7008 timedout=4554 dropped=0 Util=0.98192
### END_ENTRY users=1840 run=35 ###

### ENTRY users=1850 run=35 seed=35 ###
ResponseTime=24.80078 Throughput=65.22500 goodput=34.86250 badput=30.36250 completed=6644 timedout=4858 dropped=0 Util=0.98195
### END_ENTRY users=1850 run=35 ###

### ENTRY users=1860 run=35 seed=35 ###
ResponseTime=24.62161 Throughput=65.84375 goodput=35.68125 badput=30.16250 completed=6726 timedout=4826 dropped=0 Util=0.98195
### END_ENTRY users=1860 run=35 ###

### ENTRY users=1870 run=35 seed=35 ###
ResponseTime=24.86757 Throughput=65.61875 goodput=35.06250 badput=30.55625 completed=6687 timedout=4889 dropped=0 Util=0.98194
### END_ENTRY users=1870 run=35 ###

### ENTRY users=1880 run=35 seed=35 ###
ResponseTime=25.02076 Throughput=65.76250 goodput=33.81250 badput=31.95000 completed=6437 timedout=5112 dropped=0 Util=0.98195
### END_ENTRY users=1880 run=35 ###

### ENTRY users=1890 run=35 seed=35 ###
ResponseTime=25.50985 Throughput=64.88750 goodput=30.53750 badput=34.35000 completed=5970 timedout=5496 dropped=0 Util=0.98193
### END_ENTRY users=1890 run=35 ###

### ENTRY users=1900 run=35 seed=35 ###
ResponseTime=25.53386 Throughput=65.09375 goodput=31.15000 badput=33.94375 completed=6058 timedout=5431 dropped=0 Util=0.98195
### END_ENTRY users=1900 run=35 ###

### ENTRY users=1910 run=35 seed=35 ###
ResponseTime=25.12636 Throughput=66.08125 goodput=33.35000 badput=32.73125 completed=6439 timedout=5237 dropped=0 Util=0.98197
### END_ENTRY users=1910 run=35 ###

### ENTRY users=1920 run=35 seed=35 ###
ResponseTime=25.55187 Throughput=65.77500 goodput=30.74375 badput=35.03125 completed=6013 timedout=5605 dropped=0 Util=0.98195
### END_ENTRY users=1920 run=35 ###

### ENTRY users=1930 run=35 seed=35 ###
ResponseTime=25.62106 Throughput=65.96875 goodput=31.08125 badput=34.88750 completed=6000 timedout=5582 dropped=0 Util=0.98195
### END_ENTRY users=1930 run=35 ###

### ENTRY users=1940 run=35 seed=35 ###
ResponseTime=25.81264 Throughput=65.77500 goodput=29.08125 badput=36.69375 completed=5663 timedout=5871 dropped=0 Util=0.98194
### END_ENTRY users=1940 run=35 ###

### ENTRY users=1950 run=35 seed=35 ###
ResponseTime=26.09222 Throughput=65.81250 goodput=27.86250 badput=37.95000 completed=5505 timedout=6072 dropped=0 Util=0.98197
### END_ENTRY users=1950 run=35 ###

### ENTRY users=1960 run=35 seed=35 ###
ResponseTime=26.29177 Throughput=65.24375 goodput=26.39375 badput=38.85000 completed=5272 timedout=6216 dropped=0 Util=0.98192
### END_ENTRY users=1960 run=35 ###

### ENTRY users=1970 run=35 seed=35 ###
ResponseTime=26.50208 Throughput=64.91875 goodput=24.98750 badput=39.93125 completed=5105 timedout=6389 dropped=0 Util=0.98192
### END_ENTRY users=1970 run=35 ###

### ENTRY users=1980 run=35 seed=35 ###
ResponseTime=26.71772 Throughput=65.00625 goodput=24.60625 badput=40.40000 completed=5019 timedout=6464 dropped=0 Util=0.98193
### END_ENTRY users=1980 run=35 ###

### ENTRY users=1990 run=35 seed=35 ###
ResponseTime=26.62307 Throughput=65.39375 goodput=24.93750 badput=40.45625 completed=5040 timedout=6473 dropped=0 Util=0.98194
### END_ENTRY users=1990 run=35 ###

### ENTRY users=2000 run=35 seed=35 ###
ResponseTime=26.92689 Throughput=65.13125 goodput=23.83125 badput=41.30000 completed=4892 timedout=6608 dropped=0 Util=0.98193
### END_ENTRY users=2000 run=35 ###

### ENTRY users=2010 run=35 seed=35 ###
ResponseTime=26.98351 Throughput=65.37500 goodput=22.90625 badput=42.46875 completed=4735 timedout=6795 dropped=0 Util=0.98195
### END_ENTRY users=2010 run=35 ###

### ENTRY users=2020 run=35 seed=35 ###
ResponseTime=27.11414 Throughput=65.49375 goodput=22.20000 badput=43.29375 completed=4640 timedout=6927 dropped=0 Util=0.98193
### END_ENTRY users=2020 run=35 ###

### ENTRY users=2030 run=35 seed=35 ###
ResponseTime=27.39305 Throughput=65.30625 goodput=21.03750 badput=44.26875 completed=4422 timedout=7083 dropped=0 Util=0.98195
### END_ENTRY users=2030 run=35 ###

### ENTRY users=2040 run=35 seed=35 ###
ResponseTime=26.96027 Throughput=66.11875 goodput=23.36250 badput=42.75625 completed=4797 timedout=6841 dropped=0 Util=0.98195
### END_ENTRY users=2040 run=35 ###

### ENTRY users=2050 run=35 seed=35 ###
ResponseTime=27.48361 Throughput=65.45625 goodput=20.45000 badput=45.00625 completed=4332 timedout=7201 dropped=0 Util=0.98193
### END_ENTRY users=2050 run=35 ###

### ENTRY users=2060 run=35 seed=35 ###
ResponseTime=27.65178 Throughput=65.63125 goodput=19.71250 badput=45.91875 completed=4205 timedout=7347 dropped=0 Util=0.98195
### END_ENTRY users=2060 run=35 ###

### ENTRY users=2070 run=35 seed=35 ###
ResponseTime=27.97464 Throughput=65.07500 goodput=18.06250 badput=47.01250 completed=3965 timedout=7522 dropped=0 Util=0.98192
### END_ENTRY users=2070 run=35 ###

### ENTRY users=2080 run=35 seed=35 ###
ResponseTime=28.03713 Throughput=65.23125 goodput=17.79375 badput=47.43750 completed=3927 timedout=7590 dropped=0 Util=0.98195
### END_ENTRY users=2080 run=35 ###

### ENTRY users=2090 run=35 seed=35 ###
ResponseTime=28.15359 Throughput=65.25000 goodput=17.20625 badput=48.04375 completed=3845 timedout=7687 dropped=0 Util=0.98196
### END_ENTRY users=2090 run=35 ###

### ENTRY users=2100 run=35 seed=35 ###
ResponseTime=28.20757 Throughput=65.33125 goodput=16.76250 badput=48.56875 completed=3797 timedout=7771 dropped=0 Util=0.98194
### END_ENTRY users=2100 run=35 ###

### ENTRY users=2110 run=35 seed=35 ###
ResponseTime=28.17398 Throughput=65.63125 goodput=16.98125 badput=48.65000 completed=3803 timedout=7784 dropped=0 Util=0.98194
### END_ENTRY users=2110 run=35 ###

### ENTRY users=2120 run=35 seed=35 ###
ResponseTime=28.61702 Throughput=65.13750 goodput=14.83750 badput=50.30000 completed=3431 timedout=8048 dropped=0 Util=0.98195
### END_ENTRY users=2120 run=35 ###

### ENTRY users=2130 run=35 seed=35 ###
ResponseTime=28.62799 Throughput=65.30625 goodput=14.86250 badput=50.44375 completed=3446 timedout=8071 dropped=0 Util=0.98195
### END_ENTRY users=2130 run=35 ###

### ENTRY users=2140 run=35 seed=35 ###
ResponseTime=28.42809 Throughput=65.94375 goodput=16.28125 badput=49.66250 completed=3716 timedout=7946 dropped=0 Util=0.98196
### END_ENTRY users=2140 run=35 ###

### ENTRY users=2150 run=35 seed=35 ###
ResponseTime=28.89416 Throughput=65.14375 goodput=14.05000 badput=51.09375 completed=3348 timedout=8175 dropped=0 Util=0.98194
### END_ENTRY users=2150 run=35 ###

### ENTRY users=2160 run=35 seed=35 ###
ResponseTime=29.12032 Throughput=65.14375 goodput=12.45625 badput=52.68750 completed=3089 timedout=8430 dropped=0 Util=0.98192
### END_ENTRY users=2160 run=35 ###

### ENTRY users=2170 run=35 seed=35 ###
ResponseTime=29.00199 Throughput=65.71875 goodput=13.37500 badput=52.34375 completed=3231 timedout=8375 dropped=0 Util=0.98193
### END_ENTRY users=2170 run=35 ###

### ENTRY users=2180 run=35 seed=35 ###
ResponseTime=29.18277 Throughput=65.78125 goodput=12.71875 badput=53.06250 completed=3092 timedout=8490 dropped=0 Util=0.98196
### END_ENTRY users=2180 run=35 ###

### ENTRY users=2190 run=35 seed=35 ###
ResponseTime=29.50006 Throughput=65.30625 goodput=11.14375 badput=54.16250 completed=2833 timedout=8666 dropped=0 Util=0.98197
### END_ENTRY users=2190 run=35 ###

### ENTRY users=2200 run=35 seed=35 ###
ResponseTime=29.23157 Throughput=66.40625 goodput=12.82500 badput=53.58125 completed=3165 timedout=8573 dropped=0 Util=0.98199
### END_ENTRY users=2200 run=35 ###

### ENTRY users=2210 run=35 seed=35 ###
ResponseTime=29.37238 Throughput=66.28125 goodput=11.59375 badput=54.68750 completed=2915 timedout=8750 dropped=0 Util=0.98196
### END_ENTRY users=2210 run=35 ###

### ENTRY users=2220 run=35 seed=35 ###
ResponseTime=30.22300 Throughput=64.75625 goodput=8.72500 badput=56.03125 completed=2461 timedout=8965 dropped=0 Util=0.98190
### END_ENTRY users=2220 run=35 ###

### ENTRY users=2230 run=35 seed=35 ###
ResponseTime=30.13031 Throughput=65.17500 goodput=8.82500 badput=56.35000 completed=2493 timedout=9016 dropped=0 Util=0.98194
### END_ENTRY users=2230 run=35 ###

### ENTRY users=2240 run=35 seed=35 ###
ResponseTime=29.95419 Throughput=65.66250 goodput=9.91250 badput=55.75000 completed=2665 timedout=8920 dropped=0 Util=0.98195
### END_ENTRY users=2240 run=35 ###

### ENTRY users=2250 run=35 seed=35 ###
ResponseTime=30.05589 Throughput=66.11875 goodput=9.25625 badput=56.86250 completed=2559 timedout=9098 dropped=0 Util=0.98195
### END_ENTRY users=2250 run=35 ###

### ENTRY users=2260 run=35 seed=35 ###
ResponseTime=30.43978 Throughput=65.33125 goodput=8.08750 badput=57.24375 completed=2351 timedout=9159 dropped=0 Util=0.98196
### END_ENTRY users=2260 run=35 ###

### ENTRY users=2270 run=35 seed=35 ###
ResponseTime=30.25701 Throughput=66.07500 goodput=8.53750 badput=57.53750 completed=2447 timedout=9206 dropped=0 Util=0.98197
### END_ENTRY users=2270 run=35 ###

### ENTRY users=2280 run=35 seed=35 ###
ResponseTime=30.63459 Throughput=65.59375 goodput=7.35625 badput=58.23750 completed=2244 timedout=9318 dropped=0 Util=0.98197
### END_ENTRY users=2280 run=35 ###

### ENTRY users=2290 run=35 seed=35 ###
ResponseTime=30.33396 Throughput=66.58125 goodput=8.45000 badput=58.13125 completed=2420 timedout=9301 dropped=0 Util=0.98196
### END_ENTRY users=2290 run=35 ###

### ENTRY users=2300 run=35 seed=35 ###
ResponseTime=31.20108 Throughput=64.97500 goodput=5.96250 badput=59.01250 completed=2021 timedout=9442 dropped=0 Util=0.98193
### END_ENTRY users=2300 run=35 ###

### ENTRY users=2310 run=35 seed=35 ###
ResponseTime=30.57849 Throughput=66.48125 goodput=7.89375 badput=58.58750 completed=2387 timedout=9374 dropped=0 Util=0.98198
### END_ENTRY users=2310 run=35 ###

### ENTRY users=2320 run=35 seed=35 ###
ResponseTime=30.97764 Throughput=65.80625 goodput=6.61875 badput=59.18750 completed=2132 timedout=9470 dropped=0 Util=0.98195
### END_ENTRY users=2320 run=35 ###

### ENTRY users=2330 run=35 seed=35 ###
ResponseTime=31.32385 Throughput=65.45000 goodput=6.03125 badput=59.41875 completed=2046 timedout=9507 dropped=0 Util=0.98197
### END_ENTRY users=2330 run=35 ###

### ENTRY users=2340 run=35 seed=35 ###
ResponseTime=31.53849 Throughput=65.33750 goodput=6.03125 badput=59.30625 completed=2030 timedout=9489 dropped=0 Util=0.98196
### END_ENTRY users=2340 run=35 ###

### ENTRY users=2350 run=35 seed=35 ###
ResponseTime=31.56064 Throughput=65.75000 goodput=5.86250 badput=59.88750 completed=1932 timedout=9582 dropped=0 Util=0.98194
### END_ENTRY users=2350 run=35 ###

### ENTRY users=2360 run=35 seed=35 ###
ResponseTime=31.93967 Throughput=65.33125 goodput=5.16875 badput=60.16250 completed=1855 timedout=9626 dropped=0 Util=0.98193
### END_ENTRY users=2360 run=35 ###

### ENTRY users=2370 run=35 seed=35 ###
ResponseTime=31.59280 Throughput=66.00000 goodput=5.47500 badput=60.52500 completed=1919 timedout=9684 dropped=0 Util=0.98194
### END_ENTRY users=2370 run=35 ###

### ENTRY users=2380 run=35 seed=35 ###
ResponseTime=31.49312 Throughput=66.20625 goodput=5.96250 badput=60.24375 completed=2053 timedout=9639 dropped=0 Util=0.98195
### END_ENTRY users=2380 run=35 ###

### ENTRY users=2390 run=35 seed=35 ###
ResponseTime=31.92957 Throughput=66.02500 goodput=5.40000 badput=60.62500 completed=1898 timedout=9700 dropped=0 Util=0.98197
### END_ENTRY users=2390 run=35 ###

### ENTRY users=2400 run=35 seed=35 ###
ResponseTime=32.05450 Throughput=66.21875 goodput=5.37500 badput=60.84375 completed=1915 timedout=9735 dropped=0 Util=0.98198
### END_ENTRY users=2400 run=35 ###

### ENTRY users=2410 run=35 seed=35 ###
ResponseTime=32.38490 Throughput=65.50000 goodput=5.22500 badput=60.27500 completed=1911 timedout=9644 dropped=0 Util=0.98195
### END_ENTRY users=2410 run=35 ###

### ENTRY users=2420 run=35 seed=35 ###
ResponseTime=31.99666 Throughput=66.78750 goodput=5.31875 badput=61.46875 completed=1906 timedout=9835 dropped=0 Util=0.98198
### END_ENTRY users=2420 run=35 ###

### ENTRY users=2430 run=35 seed=35 ###
ResponseTime=32.47860 Throughput=65.88750 goodput=5.02500 badput=60.86250 completed=1852 timedout=9738 dropped=0 Util=0.98195
### END_ENTRY users=2430 run=35 ###

### ENTRY users=2440 run=35 seed=35 ###
ResponseTime=32.50957 Throughput=65.95000 goodput=5.08750 badput=60.86250 completed=1866 timedout=9738 dropped=0 Util=0.98194
### END_ENTRY users=2440 run=35 ###

### ENTRY users=2450 run=35 seed=35 ###
ResponseTime=33.40742 Throughput=64.69375 goodput=4.94375 badput=59.75000 completed=1826 timedout=9560 dropped=0 Util=0.98192
### END_ENTRY users=2450 run=35 ###

### ENTRY users=2460 run=35 seed=35 ###
ResponseTime=32.64015 Throughput=66.21875 goodput=4.96875 badput=61.25000 completed=1871 timedout=9800 dropped=0 Util=0.98196
### END_ENTRY users=2460 run=35 ###

### ENTRY users=2470 run=35 seed=35 ###
ResponseTime=33.04623 Throughput=65.55000 goodput=4.88750 badput=60.66250 completed=1823 timedout=9706 dropped=0 Util=0.98198
### END_ENTRY users=2470 run=35 ###

### ENTRY users=2480 run=35 seed=35 ###
ResponseTime=33.11650 Throughput=65.96250 goodput=4.75000 badput=61.21250 completed=1841 timedout=9794 dropped=0 Util=0.98194
### END_ENTRY users=2480 run=35 ###

### ENTRY users=2490 run=35 seed=35 ###
ResponseTime=33.29006 Throughput=65.84375 goodput=4.62500 badput=61.21875 completed=1799 timedout=9795 dropped=0 Util=0.98195
### END_ENTRY users=2490 run=35 ###

### ENTRY users=2500 run=35 seed=35 ###
ResponseTime=33.35355 Throughput=65.93750 goodput=4.69375 badput=61.24375 completed=1790 timedout=9799 dropped=0 Util=0.98193
### END_ENTRY users=2500 run=35 ###

### ENTRY users=2510 run=35 seed=35 ###
ResponseTime=33.85462 Throughput=65.43125 goodput=4.74375 badput=60.68750 completed=1827 timedout=9710 dropped=0 Util=0.98196
### END_ENTRY users=2510 run=35 ###

### ENTRY users=2520 run=35 seed=35 ###
ResponseTime=33.67808 Throughput=66.01250 goodput=4.78125 badput=61.23125 completed=1810 timedout=9797 dropped=0 Util=0.98196
### END_ENTRY users=2520 run=35 ###

### ENTRY users=2530 run=35 seed=35 ###
ResponseTime=33.87146 Throughput=65.57500 goodput=4.85625 badput=60.71875 completed=1829 timedout=9715 dropped=0 Util=0.98196
### END_ENTRY users=2530 run=35 ###

### ENTRY users=2540 run=35 seed=35 ###
ResponseTime=34.20537 Throughput=65.34375 goodput=4.86875 badput=60.47500 completed=1857 timedout=9676 dropped=0 Util=0.98195
### END_ENTRY users=2540 run=35 ###

### ENTRY users=2550 run=35 seed=35 ###
ResponseTime=33.85616 Throughput=66.43750 goodput=5.01875 badput=61.41875 completed=1886 timedout=9827 dropped=0 Util=0.98196
### END_ENTRY users=2550 run=35 ###

### ENTRY users=2560 run=35 seed=35 ###
ResponseTime=34.40984 Throughput=65.38750 goodput=5.03750 badput=60.35000 completed=1841 timedout=9656 dropped=0 Util=0.98195
### END_ENTRY users=2560 run=35 ###

### ENTRY users=2570 run=35 seed=35 ###
ResponseTime=34.62092 Throughput=65.30625 goodput=5.03750 badput=60.26875 completed=1881 timedout=9643 dropped=0 Util=0.98196
### END_ENTRY users=2570 run=35 ###

### ENTRY users=2580 run=35 seed=35 ###
ResponseTime=34.66012 Throughput=65.61875 goodput=4.96250 badput=60.65625 completed=1882 timedout=9705 dropped=0 Util=0.98195
### END_ENTRY users=2580 run=35 ###

### ENTRY users=2590 run=35 seed=35 ###
ResponseTime=35.05209 Throughput=65.25000 goodput=4.89375 badput=60.35625 completed=1826 timedout=9657 dropped=0 Util=0.98195
### END_ENTRY users=2590 run=35 ###

### ENTRY users=2600 run=35 seed=35 ###
ResponseTime=34.64756 Throughput=66.20625 goodput=4.65000 badput=61.55625 completed=1760 timedout=9849 dropped=0 Util=0.98197
### END_ENTRY users=2600 run=35 ###

### ENTRY users=2610 run=35 seed=35 ###
ResponseTime=34.34832 Throughput=66.56875 goodput=4.94375 badput=61.62500 completed=1839 timedout=9860 dropped=0 Util=0.98196
### END_ENTRY users=2610 run=35 ###

### ENTRY users=2620 run=35 seed=35 ###
ResponseTime=35.25658 Throughput=65.32500 goodput=4.76875 badput=60.55625 completed=1786 timedout=9689 dropped=0 Util=0.98194
### END_ENTRY users=2620 run=35 ###

### ENTRY users=2630 run=35 seed=35 ###
ResponseTime=35.29980 Throughput=65.63750 goodput=4.91875 badput=60.71875 completed=1843 timedout=9715 dropped=0 Util=0.98195
### END_ENTRY users=2630 run=35 ###

### ENTRY users=2640 run=35 seed=35 ###
ResponseTime=35.09457 Throughput=66.06875 goodput=4.95000 badput=61.11875 completed=1890 timedout=9779 dropped=0 Util=0.98195
### END_ENTRY users=2640 run=35 ###

### ENTRY users=2650 run=35 seed=35 ###
ResponseTime=35.44092 Throughput=65.75625 goodput=5.01875 badput=60.73750 completed=1845 timedout=9718 dropped=0 Util=0.98194
### END_ENTRY users=2650 run=35 ###

### ENTRY users=2660 run=35 seed=35 ###
ResponseTime=35.62443 Throughput=65.70000 goodput=4.75625 badput=60.94375 completed=1830 timedout=9751 dropped=0 Util=0.98194
### END_ENTRY users=2660 run=35 ###

### ENTRY users=2670 run=35 seed=35 ###
ResponseTime=36.13321 Throughput=64.91250 goodput=4.72500 badput=60.18750 completed=1796 timedout=9630 dropped=0 Util=0.98193
### END_ENTRY users=2670 run=35 ###

### ENTRY users=2680 run=35 seed=35 ###
ResponseTime=35.96737 Throughput=65.41875 goodput=4.66250 badput=60.75625 completed=1792 timedout=9721 dropped=0 Util=0.98194
### END_ENTRY users=2680 run=35 ###

### ENTRY users=2690 run=35 seed=35 ###
ResponseTime=36.04364 Throughput=65.67500 goodput=4.76875 badput=60.90625 completed=1815 timedout=9745 dropped=0 Util=0.98197
### END_ENTRY users=2690 run=35 ###

### ENTRY users=2700 run=35 seed=35 ###
ResponseTime=36.24531 Throughput=65.26875 goodput=4.89375 badput=60.37500 completed=1859 timedout=9660 dropped=0 Util=0.98195
### END_ENTRY users=2700 run=35 ###

### ENTRY users=2710 run=35 seed=35 ###
ResponseTime=36.18603 Throughput=65.69375 goodput=4.56250 badput=61.13125 completed=1751 timedout=9781 dropped=0 Util=0.98196
### END_ENTRY users=2710 run=35 ###

### ENTRY users=2720 run=35 seed=35 ###
ResponseTime=36.44803 Throughput=65.56250 goodput=5.03125 badput=60.53125 completed=1883 timedout=9685 dropped=0 Util=0.98194
### END_ENTRY users=2720 run=35 ###

### ENTRY users=2730 run=35 seed=35 ###
ResponseTime=36.54058 Throughput=65.70000 goodput=5.15000 badput=60.55000 completed=1883 timedout=9688 dropped=0 Util=0.98194
### END_ENTRY users=2730 run=35 ###

### ENTRY users=2740 run=35 seed=35 ###
ResponseTime=36.82035 Throughput=65.86250 goodput=4.92500 badput=60.93750 completed=1868 timedout=9750 dropped=0 Util=0.98194
### END_ENTRY users=2740 run=35 ###

### ENTRY users=2750 run=35 seed=35 ###
ResponseTime=36.66878 Throughput=65.85000 goodput=5.14375 badput=60.70625 completed=1936 timedout=9713 dropped=0 Util=0.98196
### END_ENTRY users=2750 run=35 ###

### ENTRY users=2760 run=35 seed=35 ###
ResponseTime=36.58218 Throughput=66.50000 goodput=4.74375 badput=61.75625 completed=1866 timedout=9881 dropped=0 Util=0.98197
### END_ENTRY users=2760 run=35 ###

### ENTRY users=2770 run=35 seed=35 ###
ResponseTime=36.72240 Throughput=66.33125 goodput=4.96250 badput=61.36875 completed=1803 timedout=9819 dropped=0 Util=0.98196
### END_ENTRY users=2770 run=35 ###

### ENTRY users=2780 run=35 seed=35 ###
ResponseTime=37.08896 Throughput=65.68125 goodput=4.68750 badput=60.99375 completed=1810 timedout=9759 dropped=0 Util=0.98197
### END_ENTRY users=2780 run=35 ###

### ENTRY users=2790 run=35 seed=35 ###
ResponseTime=37.93164 Throughput=64.53125 goodput=4.75000 badput=59.78125 completed=1806 timedout=9565 dropped=0 Util=0.98194
### END_ENTRY users=2790 run=35 ###

### ENTRY users=2800 run=35 seed=35 ###
ResponseTime=37.46275 Throughput=65.61875 goodput=4.95000 badput=60.66875 completed=1874 timedout=9707 dropped=0 Util=0.98195
### END_ENTRY users=2800 run=35 ###

### ENTRY users=2810 run=35 seed=35 ###
ResponseTime=37.93409 Throughput=64.96875 goodput=4.61250 badput=60.35625 completed=1806 timedout=9657 dropped=0 Util=0.98192
### END_ENTRY users=2810 run=35 ###

### ENTRY users=2820 run=35 seed=35 ###
ResponseTime=37.44067 Throughput=65.96875 goodput=4.88125 badput=61.08750 completed=1846 timedout=9774 dropped=0 Util=0.98197
### END_ENTRY users=2820 run=35 ###

### ENTRY users=2830 run=35 seed=35 ###
ResponseTime=37.99122 Throughput=65.28750 goodput=4.62500 badput=60.66250 completed=1840 timedout=9706 dropped=0 Util=0.98194
### END_ENTRY users=2830 run=35 ###

### ENTRY users=2840 run=35 seed=35 ###
ResponseTime=37.50756 Throughput=66.27500 goodput=5.06875 badput=61.20625 completed=1861 timedout=9793 dropped=0 Util=0.98201
### END_ENTRY users=2840 run=35 ###

### ENTRY users=2850 run=35 seed=35 ###
ResponseTime=37.77261 Throughput=66.15000 goodput=4.95625 badput=61.19375 completed=1828 timedout=9791 dropped=0 Util=0.98195
### END_ENTRY users=2850 run=35 ###

### ENTRY users=2860 run=35 seed=35 ###
ResponseTime=38.51012 Throughput=65.00625 goodput=4.77500 badput=60.23125 completed=1832 timedout=9637 dropped=0 Util=0.98191
### END_ENTRY users=2860 run=35 ###

### ENTRY users=2870 run=35 seed=35 ###
ResponseTime=38.17899 Throughput=65.75625 goodput=4.63125 badput=61.12500 completed=1859 timedout=9780 dropped=0 Util=0.98197
### END_ENTRY users=2870 run=35 ###

### ENTRY users=2880 run=35 seed=35 ###
ResponseTime=38.32197 Throughput=65.75000 goodput=4.90625 badput=60.84375 completed=1896 timedout=9735 dropped=0 Util=0.98195
### END_ENTRY users=2880 run=35 ###

### ENTRY users=2890 run=35 seed=35 ###
ResponseTime=38.49851 Throughput=65.78125 goodput=4.71250 badput=61.06875 completed=1834 timedout=9771 dropped=0 Util=0.98195
### END_ENTRY users=2890 run=35 ###

### ENTRY users=2900 run=35 seed=35 ###
ResponseTime=38.52949 Throughput=66.03750 goodput=4.73125 badput=61.30625 completed=1836 timedout=9809 dropped=0 Util=0.98196
### END_ENTRY users=2900 run=35 ###

### ENTRY users=2910 run=35 seed=35 ###
ResponseTime=39.10519 Throughput=65.05625 goodput=4.68125 badput=60.37500 completed=1820 timedout=9660 dropped=0 Util=0.98191
### END_ENTRY users=2910 run=35 ###

### ENTRY users=2920 run=35 seed=35 ###
ResponseTime=38.27202 Throughput=66.86875 goodput=4.73750 badput=62.13125 completed=1900 timedout=9941 dropped=0 Util=0.98198
### END_ENTRY users=2920 run=35 ###

### ENTRY users=2930 run=35 seed=35 ###
ResponseTime=39.14061 Throughput=65.69375 goodput=4.66875 badput=61.02500 completed=1771 timedout=9764 dropped=0 Util=0.98198
### END_ENTRY users=2930 run=35 ###

### ENTRY users=2940 run=35 seed=35 ###
ResponseTime=39.21968 Throughput=65.68750 goodput=4.60000 badput=61.08750 completed=1797 timedout=9774 dropped=0 Util=0.98194
### END_ENTRY users=2940 run=35 ###

### ENTRY users=2950 run=35 seed=35 ###
ResponseTime=38.86240 Throughput=66.62500 goodput=4.81875 badput=61.80625 completed=1847 timedout=9889 dropped=0 Util=0.98197
### END_ENTRY users=2950 run=35 ###

### ENTRY users=2960 run=35 seed=35 ###
ResponseTime=39.65443 Throughput=65.20625 goodput=4.68125 badput=60.52500 completed=1841 timedout=9684 dropped=0 Util=0.98193
### END_ENTRY users=2960 run=35 ###

### ENTRY users=2970 run=35 seed=35 ###
ResponseTime=39.25399 Throughput=66.11250 goodput=4.68750 badput=61.42500 completed=1825 timedout=9828 dropped=0 Util=0.98196
### END_ENTRY users=2970 run=35 ###

### ENTRY users=2980 run=35 seed=35 ###
ResponseTime=39.64200 Throughput=65.63125 goodput=4.60625 badput=61.02500 completed=1857 timedout=9764 dropped=0 Util=0.98197
### END_ENTRY users=2980 run=35 ###

### ENTRY users=2990 run=35 seed=35 ###
ResponseTime=39.31010 Throughput=66.53125 goodput=4.78750 badput=61.74375 completed=1862 timedout=9879 dropped=0 Util=0.98196
### END_ENTRY users=2990 run=35 ###

### ENTRY users=3000 run=35 seed=35 ###
ResponseTime=39.80445 Throughput=66.13750 goodput=4.61250 badput=61.52500 completed=1778 timedout=9844 dropped=0 Util=0.98195
### END_ENTRY users=3000 run=35 ###

