=== RUN FILE confidence_interval/run_19.log (run index = 19) ===
### ENTRY users=10 run=19 seed=19 ###
ResponseTime=0.06544 Throughput=3.05000 goodput=3.05000 badput=0.00000 completed=536 timedout=0 dropped=0 Util=0.04899
### END_ENTRY users=10 run=19 ###

### ENTRY users=20 run=19 seed=19 ###
ResponseTime=0.06305 Throughput=6.11250 goodput=6.11250 badput=0.00000 completed=1071 timedout=0 dropped=0 Util=0.09335
### END_ENTRY users=20 run=19 ###

### ENTRY users=30 run=19 seed=19 ###
ResponseTime=0.06618 Throughput=9.16250 goodput=9.16250 badput=0.00000 completed=1609 timedout=0 dropped=0 Util=0.14056
### END_ENTRY users=30 run=19 ###

### ENTRY users=40 run=19 seed=19 ###
ResponseTime=0.06815 Throughput=12.21250 goodput=12.21250 badput=0.00000 completed=2140 timedout=0 dropped=0 Util=0.18415
### END_ENTRY users=40 run=19 ###

### ENTRY users=50 run=19 seed=19 ###
ResponseTime=0.07412 Throughput=15.28750 goodput=15.28750 badput=0.00000 completed=2683 timedout=0 dropped=0 Util=0.23405
### END_ENTRY users=50 run=19 ###

### ENTRY users=60 run=19 seed=19 ###
ResponseTime=0.08075 Throughput=18.27500 goodput=18.27500 badput=0.00000 completed=3206 timedout=0 dropped=0 Util=0.28359
### END_ENTRY users=60 run=19 ###

### ENTRY users=70 run=19 seed=19 ###
ResponseTime=0.08557 Throughput=21.26250 goodput=21.26250 badput=0.00000 completed=3733 timedout=0 dropped=0 Util=0.31914
### END_ENTRY users=70 run=19 ###

### ENTRY users=80 run=19 seed=19 ###
ResponseTime=0.09003 Throughput=24.30000 goodput=24.30000 badput=0.00000 completed=4271 timedout=0 dropped=0 Util=0.36833
### END_ENTRY users=80 run=19 ###

### ENTRY users=90 run=19 seed=19 ###
ResponseTime=0.09185 Throughput=27.29375 goodput=27.29375 badput=0.00000 completed=4796 timedout=0 dropped=0 Util=0.40313
### END_ENTRY users=90 run=19 ###

### ENTRY users=100 run=19 seed=19 ###
ResponseTime=0.10679 Throughput=30.22500 goodput=30.22500 badput=0.00000 completed=5310 timedout=0 dropped=0 Util=0.46116
### END_ENTRY users=100 run=19 ###

### ENTRY users=110 run=19 seed=19 ###
ResponseTime=0.11664 Throughput=33.12500 goodput=33.12500 badput=0.00000 completed=5827 timedout=0 dropped=0 Util=0.50708
### END_ENTRY users=110 run=19 ###

### ENTRY users=120 run=19 seed=19 ###
ResponseTime=0.13100 Throughput=36.00000 goodput=36.00000 badput=0.00000 completed=6333 timedout=0 dropped=0 Util=0.54005
### END_ENTRY users=120 run=19 ###

### ENTRY users=130 run=19 seed=19 ###
ResponseTime=0.13778 Throughput=39.00000 goodput=39.00000 badput=0.00000 completed=6854 timedout=0 dropped=0 Util=0.59394
### END_ENTRY users=130 run=19 ###

### ENTRY users=140 run=19 seed=19 ###
ResponseTime=0.14729 Throughput=41.76250 goodput=41.76250 badput=0.00000 completed=7343 timedout=0 dropped=0 Util=0.62841
### END_ENTRY users=140 run=19 ###

### ENTRY users=150 run=19 seed=19 ###
ResponseTime=0.17749 Throughput=44.38750 goodput=44.38750 badput=0.00000 completed=7798 timedout=0 dropped=0 Util=0.68179
### END_ENTRY users=150 run=19 ###

### ENTRY users=160 run=19 seed=19 ###
ResponseTime=0.20294 Throughput=47.00625 goodput=47.00625 badput=0.00000 completed=8262 timedout=0 dropped=0 Util=0.71329
### END_ENTRY users=160 run=19 ###

### ENTRY users=170 run=19 seed=19 ###
ResponseTime=0.22845 Throughput=49.65000 goodput=49.65000 badput=0.00000 completed=8734 timedout=0 dropped=0 Util=0.75806
### END_ENTRY users=170 run=19 ###

### ENTRY users=180 run=19 seed=19 ###
ResponseTime=0.26071 Throughput=51.94375 goodput=51.94375 badput=0.00000 completed=9133 timedout=0 dropped=0 Util=0.79263
### END_ENTRY users=180 run=19 ###

### ENTRY users=190 run=19 seed=19 ###
ResponseTime=0.29936 Throughput=54.30000 goodput=54.30000 badput=0.00000 completed=9559 timedout=0 dropped=0 Util=0.82530
### END_ENTRY users=190 run=19 ###

### ENTRY users=200 run=19 seed=19 ###
ResponseTime=0.31591 Throughput=56.83125 goodput=56.83125 badput=0.00000 completed=9973 timedout=0 dropped=0 Util=0.85187
### END_ENTRY users=200 run=19 ###

### ENTRY users=210 run=19 seed=19 ###
ResponseTime=0.34794 Throughput=59.18125 goodput=59.18125 badput=0.00000 completed=10396 timedout=0 dropped=0 Util=0.88269
### END_ENTRY users=210 run=19 ###

### ENTRY users=220 run=19 seed=19 ###
ResponseTime=0.44740 Throughput=60.41875 goodput=60.41875 badput=0.00000 completed=10618 timedout=0 dropped=0 Util=0.91369
### END_ENTRY users=220 run=19 ###

### ENTRY users=230 run=19 seed=19 ###
ResponseTime=0.54892 Throughput=61.31250 goodput=61.31250 badput=0.00000 completed=10793 timedout=0 dropped=0 Util=0.93527
### END_ENTRY users=230 run=19 ###

### ENTRY users=240 run=19 seed=19 ###
ResponseTime=0.60448 Throughput=62.86250 goodput=62.86250 badput=0.00000 completed=11073 timedout=0 dropped=0 Util=0.95184
### END_ENTRY users=240 run=19 ###

### ENTRY users=250 run=19 seed=19 ###
ResponseTime=0.69756 Throughput=64.08125 goodput=64.08125 badput=0.00000 completed=11248 timedout=0 dropped=0 Util=0.95601
### END_ENTRY users=250 run=19 ###

### ENTRY users=260 run=19 seed=19 ###
ResponseTime=0.86017 Throughput=64.05000 goodput=64.05000 badput=0.00000 completed=11251 timedout=0 dropped=0 Util=0.97040
### END_ENTRY users=260 run=19 ###

### ENTRY users=270 run=19 seed=19 ###
ResponseTime=1.02371 Throughput=63.88750 goodput=63.88750 badput=0.00000 completed=11236 timedout=0 dropped=0 Util=0.97678
### END_ENTRY users=270 run=19 ###

### ENTRY users=280 run=19 seed=19 ###
ResponseTime=1.13478 Throughput=64.57500 goodput=64.57500 badput=0.00000 completed=11338 timedout=0 dropped=0 Util=0.97923
### END_ENTRY users=280 run=19 ###

### ENTRY users=290 run=19 seed=19 ###
ResponseTime=1.24522 Throughput=65.30000 goodput=65.30000 badput=0.00000 completed=11488 timedout=0 dropped=0 Util=0.98193
### END_ENTRY users=290 run=19 ###

### ENTRY users=300 run=19 seed=19 ###
ResponseTime=1.42780 Throughput=64.97500 goodput=64.97500 badput=0.00000 completed=11445 timedout=0 dropped=0 Util=0.98189
### END_ENTRY users=300 run=19 ###

### ENTRY users=310 run=19 seed=19 ###
ResponseTime=1.59454 Throughput=64.66875 goodput=64.66875 badput=0.00000 completed=11372 timedout=0 dropped=0 Util=0.98191
### END_ENTRY users=310 run=19 ###

### ENTRY users=320 run=19 seed=19 ###
ResponseTime=1.72944 Throughput=65.06250 goodput=65.06250 badput=0.00000 completed=11443 timedout=0 dropped=0 Util=0.98195
### END_ENTRY users=320 run=19 ###

### ENTRY users=330 run=19 seed=19 ###
ResponseTime=1.91092 Throughput=64.65625 goodput=64.65625 badput=0.00000 completed=11362 timedout=0 dropped=0 Util=0.98192
### END_ENTRY users=330 run=19 ###

### ENTRY users=340 run=19 seed=19 ###
ResponseTime=2.00474 Throughput=65.32500 goodput=65.32500 badput=0.00000 completed=11519 timedout=0 dropped=0 Util=0.98197
### END_ENTRY users=340 run=19 ###

### ENTRY users=350 run=19 seed=19 ###
ResponseTime=2.13344 Throughput=65.66875 goodput=65.66875 badput=0.00000 completed=11525 timedout=0 dropped=0 Util=0.98200
### END_ENTRY users=350 run=19 ###

### ENTRY users=360 run=19 seed=19 ###
ResponseTime=2.34026 Throughput=65.03750 goodput=65.03750 badput=0.00000 completed=11468 timedout=0 dropped=0 Util=0.98199
### END_ENTRY users=360 run=19 ###

### ENTRY users=370 run=19 seed=19 ###
ResponseTime=2.56006 Throughput=64.21875 goodput=64.21250 badput=0.00625 completed=11398 timedout=1 dropped=0 Util=0.98195
### END_ENTRY users=370 run=19 ###

### ENTRY users=380 run=19 seed=19 ###
ResponseTime=2.63895 Throughput=65.10625 goodput=65.10625 badput=0.00000 completed=11517 timedout=0 dropped=0 Util=0.98198
### END_ENTRY users=380 run=19 ###

### ENTRY users=390 run=19 seed=19 ###
ResponseTime=2.79831 Throughput=65.16250 goodput=65.15625 badput=0.00625 completed=11481 timedout=1 dropped=0 Util=0.98200
### END_ENTRY users=390 run=19 ###

### ENTRY users=400 run=19 seed=19 ###
ResponseTime=2.87811 Throughput=65.86875 goodput=65.86250 badput=0.00625 completed=11608 timedout=1 dropped=0 Util=0.98200
### END_ENTRY users=400 run=19 ###

### ENTRY users=410 run=19 seed=19 ###
ResponseTime=3.05826 Throughput=65.52500 goodput=65.51250 badput=0.01250 completed=11587 timedout=2 dropped=0 Util=0.98198
### END_ENTRY users=410 run=19 ###

### ENTRY users=420 run=19 seed=19 ###
ResponseTime=3.20084 Throughput=65.55000 goodput=65.53125 badput=0.01875 completed=11577 timedout=3 dropped=0 Util=0.98200
### END_ENTRY users=420 run=19 ###

### ENTRY users=430 run=19 seed=19 ###
ResponseTime=3.41483 Throughput=65.03750 goodput=65.01250 badput=0.02500 completed=11496 timedout=4 dropped=0 Util=0.98197
### END_ENTRY users=430 run=19 ###

### ENTRY users=440 run=19 seed=19 ###
ResponseTime=3.58610 Throughput=64.86250 goodput=64.81250 badput=0.05000 completed=11462 timedout=8 dropped=0 Util=0.98196
### END_ENTRY users=440 run=19 ###

### ENTRY users=450 run=19 seed=19 ###
ResponseTime=3.75379 Throughput=64.62500 goodput=64.56250 badput=0.06250 completed=11369 timedout=10 dropped=0 Util=0.98194
### END_ENTRY users=450 run=19 ###

### ENTRY users=460 run=19 seed=19 ###
ResponseTime=3.87383 Throughput=65.19375 goodput=65.12500 badput=0.06875 completed=11445 timedout=11 dropped=0 Util=0.98198
### END_ENTRY users=460 run=19 ###

### ENTRY users=470 run=19 seed=19 ###
ResponseTime=4.10352 Throughput=64.13750 goodput=64.03750 badput=0.10000 completed=11321 timedout=16 dropped=0 Util=0.98194
### END_ENTRY users=470 run=19 ###

### ENTRY users=480 run=19 seed=19 ###
ResponseTime=4.09998 Throughput=65.51875 goodput=65.42500 badput=0.09375 completed=11546 timedout=15 dropped=0 Util=0.98197
### END_ENTRY users=480 run=19 ###

### ENTRY users=490 run=19 seed=19 ###
ResponseTime=4.36680 Throughput=64.38125 goodput=64.26250 badput=0.11875 completed=11365 timedout=19 dropped=0 Util=0.98196
### END_ENTRY users=490 run=19 ###

### ENTRY users=500 run=19 seed=19 ###
ResponseTime=4.48807 Throughput=64.57500 goodput=64.44375 badput=0.13125 completed=11398 timedout=21 dropped=0 Util=0.98193
### END_ENTRY users=500 run=19 ###

### ENTRY users=510 run=19 seed=19 ###
ResponseTime=4.68977 Throughput=64.48750 goodput=64.35625 badput=0.13125 completed=11341 timedout=21 dropped=0 Util=0.98196
### END_ENTRY users=510 run=19 ###

### ENTRY users=520 run=19 seed=19 ###
ResponseTime=4.78883 Throughput=64.78125 goodput=64.64375 badput=0.13750 completed=11456 timedout=22 dropped=0 Util=0.98193
### END_ENTRY users=520 run=19 ###

### ENTRY users=530 run=19 seed=19 ###
ResponseTime=4.75680 Throughput=66.26250 goodput=66.15625 badput=0.10625 completed=11664 timedout=17 dropped=0 Util=0.98194
### END_ENTRY users=530 run=19 ###

### ENTRY users=540 run=19 seed=19 ###
ResponseTime=5.14260 Throughput=64.48125 goodput=64.32500 badput=0.15625 completed=11355 timedout=25 dropped=0 Util=0.98192
### END_ENTRY users=540 run=19 ###

### ENTRY users=550 run=19 seed=19 ###
ResponseTime=5.13592 Throughput=65.82500 goodput=65.70000 badput=0.12500 completed=11588 timedout=20 dropped=0 Util=0.98196
### END_ENTRY users=550 run=19 ###

### ENTRY users=560 run=19 seed=19 ###
ResponseTime=5.35867 Throughput=65.21250 goodput=65.07500 badput=0.13750 completed=11479 timedout=22 dropped=0 Util=0.98192
### END_ENTRY users=560 run=19 ###

### ENTRY users=570 run=19 seed=19 ###
ResponseTime=5.56986 Throughput=64.70000 goodput=64.54375 badput=0.15625 completed=11405 timedout=25 dropped=0 Util=0.98194
### END_ENTRY users=570 run=19 ###

### ENTRY users=580 run=19 seed=19 ###
ResponseTime=5.69289 Throughput=65.07500 goodput=64.95625 badput=0.11875 completed=11460 timedout=19 dropped=0 Util=0.98194
### END_ENTRY users=580 run=19 ###

### ENTRY users=590 run=19 seed=19 ###
ResponseTime=5.83281 Throughput=65.11250 goodput=64.98750 badput=0.12500 completed=11457 timedout=20 dropped=0 Util=0.98195
### END_ENTRY users=590 run=19 ###

### ENTRY users=600 run=19 seed=19 ###
ResponseTime=5.87385 Throughput=65.98750 goodput=65.83750 badput=0.15000 completed=11591 timedout=24 dropped=0 Util=0.98197
### END_ENTRY users=600 run=19 ###

### ENTRY users=610 run=19 seed=19 ###
ResponseTime=6.08161 Throughput=65.53750 goodput=65.35625 badput=0.18125 completed=11557 timedout=29 dropped=0 Util=0.98194
### END_ENTRY users=610 run=19 ###

### ENTRY users=620 run=19 seed=19 ###
ResponseTime=6.16935 Throughput=66.10625 goodput=65.95625 badput=0.15000 completed=11599 timedout=24 dropped=0 Util=0.98196
### END_ENTRY users=620 run=19 ###

### ENTRY users=630 run=19 seed=19 ###
ResponseTime=6.36484 Throughput=65.44375 goodput=65.25625 badput=0.18750 completed=11544 timedout=30 dropped=0 Util=0.98195
### END_ENTRY users=630 run=19 ###

### ENTRY users=640 run=19 seed=19 ###
ResponseTime=6.59835 Throughput=64.98750 goodput=64.80000 badput=0.18750 completed=11416 timedout=30 dropped=0 Util=0.98196
### END_ENTRY users=640 run=19 ###

### ENTRY users=650 run=19 seed=19 ###
ResponseTime=6.62809 Throughput=65.66875 goodput=65.50625 badput=0.16250 completed=11620 timedout=26 dropped=0 Util=0.98193
### END_ENTRY users=650 run=19 ###

### ENTRY users=660 run=19 seed=19 ###
ResponseTime=6.81442 Throughput=65.40000 goodput=65.14375 badput=0.25625 completed=11539 timedout=41 dropped=0 Util=0.98197
### END_ENTRY users=660 run=19 ###

### ENTRY users=670 run=19 seed=19 ###
ResponseTime=7.03829 Throughput=65.09375 goodput=64.82500 badput=0.26875 completed=11455 timedout=43 dropped=0 Util=0.98195
### END_ENTRY users=670 run=19 ###

### ENTRY users=680 run=19 seed=19 ###
ResponseTime=7.16656 Throughput=65.23750 goodput=64.95625 badput=0.28125 completed=11488 timedout=45 dropped=0 Util=0.98195
### END_ENTRY users=680 run=19 ###

### ENTRY users=690 run=19 seed=19 ###
ResponseTime=7.42024 Throughput=64.60625 goodput=64.35000 badput=0.25625 completed=11330 timedout=41 dropped=0 Util=0.98195
### END_ENTRY users=690 run=19 ###

### ENTRY users=700 run=19 seed=19 ###
ResponseTime=7.41223 Throughput=65.46875 goodput=65.16875 badput=0.30000 completed=11553 timedout=48 dropped=0 Util=0.98196
### END_ENTRY users=700 run=19 ###

### ENTRY users=710 run=19 seed=19 ###
ResponseTime=7.55663 Throughput=65.62500 goodput=65.35625 badput=0.26875 completed=11524 timedout=43 dropped=0 Util=0.98194
### END_ENTRY users=710 run=19 ###

### ENTRY users=720 run=19 seed=19 ###
ResponseTime=7.87011 Throughput=64.67500 goodput=64.35625 badput=0.31875 completed=11376 timedout=51 dropped=0 Util=0.98194
### END_ENTRY users=720 run=19 ###

### ENTRY users=730 run=19 seed=19 ###
ResponseTime=7.95738 Throughput=65.10625 goodput=64.80000 badput=0.30625 completed=11403 timedout=49 dropped=0 Util=0.98195
### END_ENTRY users=730 run=19 ###

### ENTRY users=740 run=19 seed=19 ###
ResponseTime=8.21917 Throughput=64.12500 goodput=63.81875 badput=0.30625 completed=11339 timedout=49 dropped=0 Util=0.98193
### END_ENTRY users=740 run=19 ###

### ENTRY users=750 run=19 seed=19 ###
ResponseTime=8.25065 Throughput=64.97500 goodput=64.66250 badput=0.31250 completed=11463 timedout=50 dropped=0 Util=0.98193
### END_ENTRY users=750 run=19 ###

### ENTRY users=760 run=19 seed=19 ###
ResponseTime=8.23993 Throughput=65.66250 goodput=65.29375 badput=0.36875 completed=11594 timedout=59 dropped=0 Util=0.98194
### END_ENTRY users=760 run=19 ###

### ENTRY users=770 run=19 seed=19 ###
ResponseTime=8.32818 Throughput=66.12500 goodput=65.72500 badput=0.40000 completed=11630 timedout=64 dropped=0 Util=0.98195
### END_ENTRY users=770 run=19 ###

### ENTRY users=780 run=19 seed=19 ###
ResponseTime=8.73169 Throughput=65.07500 goodput=64.71250 badput=0.36250 completed=11432 timedout=58 dropped=0 Util=0.98194
### END_ENTRY users=780 run=19 ###

### ENTRY users=790 run=19 seed=19 ###
ResponseTime=8.92096 Throughput=64.96875 goodput=64.59375 badput=0.37500 completed=11373 timedout=60 dropped=0 Util=0.98193
### END_ENTRY users=790 run=19 ###

### ENTRY users=800 run=19 seed=19 ###
ResponseTime=8.91280 Throughput=65.57500 goodput=65.20625 badput=0.36875 completed=11526 timedout=59 dropped=0 Util=0.98197
### END_ENTRY users=800 run=19 ###

### ENTRY users=810 run=19 seed=19 ###
ResponseTime=9.16154 Throughput=65.07500 goodput=64.69375 badput=0.38125 completed=11440 timedout=61 dropped=0 Util=0.98196
### END_ENTRY users=810 run=19 ###

### ENTRY users=820 run=19 seed=19 ###
ResponseTime=9.21689 Throughput=65.21875 goodput=64.78125 badput=0.43750 completed=11492 timedout=70 dropped=0 Util=0.98196
### END_ENTRY users=820 run=19 ###

### ENTRY users=830 run=19 seed=19 ###
ResponseTime=9.62310 Throughput=64.47500 goodput=64.04375 badput=0.43125 completed=11331 timedout=69 dropped=0 Util=0.98194
### END_ENTRY users=830 run=19 ###

### ENTRY users=840 run=19 seed=19 ###
ResponseTime=9.56984 Throughput=65.21250 goodput=64.78125 badput=0.43125 completed=11433 timedout=69 dropped=0 Util=0.98193
### END_ENTRY users=840 run=19 ###

### ENTRY users=850 run=19 seed=19 ###
ResponseTime=9.76469 Throughput=65.01875 goodput=64.56250 badput=0.45625 completed=11413 timedout=73 dropped=0 Util=0.98194
### END_ENTRY users=850 run=19 ###

### ENTRY users=860 run=19 seed=19 ###
ResponseTime=9.91477 Throughput=65.13750 goodput=64.66250 badput=0.47500 completed=11438 timedout=76 dropped=0 Util=0.98196
### END_ENTRY users=860 run=19 ###

### ENTRY users=870 run=19 seed=19 ###
ResponseTime=9.89440 Throughput=65.96875 goodput=65.45000 badput=0.51875 completed=11502 timedout=83 dropped=0 Util=0.98198
### END_ENTRY users=870 run=19 ###

### ENTRY users=880 run=19 seed=19 ###
ResponseTime=10.11389 Throughput=65.42500 goodput=64.90000 badput=0.52500 completed=11515 timedout=84 dropped=0 Util=0.98196
### END_ENTRY users=880 run=19 ###

### ENTRY users=890 run=19 seed=19 ###
ResponseTime=10.42509 Throughput=64.68125 goodput=64.00625 badput=0.67500 completed=11354 timedout=108 dropped=0 Util=0.98192
### END_ENTRY users=890 run=19 ###

### ENTRY users=900 run=19 seed=19 ###
ResponseTime=10.42153 Throughput=65.38750 goodput=64.78125 badput=0.60625 completed=11496 timedout=97 dropped=0 Util=0.98193
### END_ENTRY users=900 run=19 ###

### ENTRY users=910 run=19 seed=19 ###
ResponseTime=10.88019 Throughput=64.04375 goodput=63.25625 badput=0.78750 completed=11190 timedout=126 dropped=0 Util=0.98191
### END_ENTRY users=910 run=19 ###

### ENTRY users=920 run=19 seed=19 ###
ResponseTime=10.85627 Throughput=64.49375 goodput=63.81250 badput=0.68125 completed=11311 timedout=109 dropped=0 Util=0.98194
### END_ENTRY users=920 run=19 ###

### ENTRY users=930 run=19 seed=19 ###
ResponseTime=10.86665 Throughput=65.69375 goodput=65.09375 badput=0.60000 completed=11489 timedout=96 dropped=0 Util=0.98195
### END_ENTRY users=930 run=19 ###

### ENTRY users=940 run=19 seed=19 ###
ResponseTime=11.21297 Throughput=64.56250 goodput=63.84375 badput=0.71875 completed=11307 timedout=115 dropped=0 Util=0.98194
### END_ENTRY users=940 run=19 ###

### ENTRY users=950 run=19 seed=19 ###
ResponseTime=11.25406 Throughput=65.12500 goodput=64.41250 badput=0.71250 completed=11404 timedout=114 dropped=0 Util=0.98195
### END_ENTRY users=950 run=19 ###

### ENTRY users=960 run=19 seed=19 ###
ResponseTime=11.45503 Throughput=64.98750 goodput=64.12500 badput=0.86250 completed=11307 timedout=138 dropped=0 Util=0.98196
### END_ENTRY users=960 run=19 ###

### ENTRY users=970 run=19 seed=19 ###
ResponseTime=11.64124 Throughput=64.77500 goodput=63.93125 badput=0.84375 completed=11314 timedout=135 dropped=0 Util=0.98194
### END_ENTRY users=970 run=19 ###

### ENTRY users=980 run=19 seed=19 ###
ResponseTime=11.76023 Throughput=64.75000 goodput=63.93750 badput=0.81250 completed=11316 timedout=130 dropped=0 Util=0.98195
### END_ENTRY users=980 run=19 ###

### ENTRY users=990 run=19 seed=19 ###
ResponseTime=11.76661 Throughput=65.48750 goodput=64.67500 badput=0.81250 completed=11443 timedout=130 dropped=0 Util=0.98198
### END_ENTRY users=990 run=19 ###

### ENTRY users=1000 run=19 seed=19 ###
ResponseTime=11.94747 Throughput=65.43125 goodput=64.58125 badput=0.85000 completed=11393 timedout=136 dropped=0 Util=0.98191
### END_ENTRY users=1000 run=19 ###

### ENTRY users=1010 run=19 seed=19 ###
ResponseTime=12.10610 Throughput=65.31875 goodput=64.38750 badput=0.93125 completed=11355 timedout=149 dropped=0 Util=0.98195
### END_ENTRY users=1010 run=19 ###

### ENTRY users=1020 run=19 seed=19 ###
ResponseTime=12.26073 Throughput=65.18125 goodput=64.21875 badput=0.96250 completed=11350 timedout=154 dropped=0 Util=0.98194
### END_ENTRY users=1020 run=19 ###

### ENTRY users=1030 run=19 seed=19 ###
ResponseTime=12.09497 Throughput=66.57500 goodput=65.71250 badput=0.86250 completed=11626 timedout=138 dropped=0 Util=0.98196
### END_ENTRY users=1030 run=19 ###

### ENTRY users=1040 run=19 seed=19 ###
ResponseTime=12.57139 Throughput=65.08750 goodput=64.01250 badput=1.07500 completed=11332 timedout=172 dropped=0 Util=0.98192
### END_ENTRY users=1040 run=19 ###

### ENTRY users=1050 run=19 seed=19 ###
ResponseTime=12.63041 Throughput=65.50000 goodput=64.45000 badput=1.05000 completed=11463 timedout=168 dropped=0 Util=0.98193
### END_ENTRY users=1050 run=19 ###

### ENTRY users=1060 run=19 seed=19 ###
ResponseTime=12.84782 Throughput=65.17500 goodput=64.04375 badput=1.13125 completed=11332 timedout=181 dropped=0 Util=0.98192
### END_ENTRY users=1060 run=19 ###

### ENTRY users=1070 run=19 seed=19 ###
ResponseTime=13.08142 Throughput=64.98125 goodput=63.74375 badput=1.23750 completed=11281 timedout=198 dropped=0 Util=0.98194
### END_ENTRY users=1070 run=19 ###

### ENTRY users=1080 run=19 seed=19 ###
ResponseTime=13.30906 Throughput=64.33750 goodput=62.99375 badput=1.34375 completed=11176 timedout=215 dropped=0 Util=0.98191
### END_ENTRY users=1080 run=19 ###

### ENTRY users=1090 run=19 seed=19 ###
ResponseTime=13.11129 Throughput=65.92500 goodput=64.57500 badput=1.35000 completed=11460 timedout=216 dropped=0 Util=0.98195
### END_ENTRY users=1090 run=19 ###

### ENTRY users=1100 run=19 seed=19 ###
ResponseTime=13.48300 Throughput=64.68750 goodput=63.25625 badput=1.43125 completed=11249 timedout=229 dropped=0 Util=0.98194
### END_ENTRY users=1100 run=19 ###

### ENTRY users=1110 run=19 seed=19 ###
ResponseTime=13.51047 Throughput=65.34375 goodput=63.85625 badput=1.48750 completed=11307 timedout=238 dropped=0 Util=0.98195
### END_ENTRY users=1110 run=19 ###

### ENTRY users=1120 run=19 seed=19 ###
ResponseTime=13.85941 Throughput=64.81250 goodput=63.21250 badput=1.60000 completed=11176 timedout=256 dropped=0 Util=0.98194
### END_ENTRY users=1120 run=19 ###

### ENTRY users=1130 run=19 seed=19 ###
ResponseTime=14.04561 Throughput=64.35000 goodput=62.65000 badput=1.70000 completed=11111 timedout=272 dropped=0 Util=0.98192
### END_ENTRY users=1130 run=19 ###

### ENTRY users=1140 run=19 seed=19 ###
ResponseTime=14.08440 Throughput=64.75000 goodput=62.95625 badput=1.79375 completed=11178 timedout=287 dropped=0 Util=0.98196
### END_ENTRY users=1140 run=19 ###

### ENTRY users=1150 run=19 seed=19 ###
ResponseTime=14.06722 Throughput=65.74375 goodput=64.10625 badput=1.63750 completed=11352 timedout=262 dropped=0 Util=0.98198
### END_ENTRY users=1150 run=19 ###

### ENTRY users=1160 run=19 seed=19 ###
ResponseTime=14.61958 Throughput=64.04375 goodput=61.97500 badput=2.06875 completed=11012 timedout=331 dropped=0 Util=0.98194
### END_ENTRY users=1160 run=19 ###

### ENTRY users=1170 run=19 seed=19 ###
ResponseTime=14.53707 Throughput=64.91250 goodput=62.96250 badput=1.95000 completed=11162 timedout=312 dropped=0 Util=0.98193
### END_ENTRY users=1170 run=19 ###

### ENTRY users=1180 run=19 seed=19 ###
ResponseTime=14.51017 Throughput=65.46875 goodput=63.48125 badput=1.98750 completed=11269 timedout=318 dropped=0 Util=0.98196
### END_ENTRY users=1180 run=19 ###

### ENTRY users=1190 run=19 seed=19 ###
ResponseTime=14.80878 Throughput=64.81250 goodput=62.73750 badput=2.07500 completed=11153 timedout=332 dropped=0 Util=0.98193
### END_ENTRY users=1190 run=19 ###

### ENTRY users=1200 run=19 seed=19 ###
ResponseTime=14.98307 Throughput=64.83750 goodput=62.61875 badput=2.21875 completed=11114 timedout=355 dropped=0 Util=0.98195
### END_ENTRY users=1200 run=19 ###

### ENTRY users=1210 run=19 seed=19 ###
ResponseTime=15.07317 Throughput=64.97500 goodput=62.70625 badput=2.26875 completed=11147 timedout=363 dropped=0 Util=0.98194
### END_ENTRY users=1210 run=19 ###

### ENTRY users=1220 run=19 seed=19 ###
ResponseTime=15.19418 Throughput=64.83750 goodput=62.36875 badput=2.46875 completed=11060 timedout=395 dropped=0 Util=0.98194
### END_ENTRY users=1220 run=19 ###

### ENTRY users=1230 run=19 seed=19 ###
ResponseTime=15.22771 Throughput=65.42500 goodput=62.95000 badput=2.47500 completed=11197 timedout=396 dropped=0 Util=0.98194
### END_ENTRY users=1230 run=19 ###

### ENTRY users=1240 run=19 seed=19 ###
ResponseTime=15.69276 Throughput=64.03125 goodput=61.06250 badput=2.96875 completed=10937 timedout=475 dropped=0 Util=0.98189
### END_ENTRY users=1240 run=19 ###

### ENTRY users=1250 run=19 seed=19 ###
ResponseTime=15.58783 Throughput=65.25625 goodput=62.70625 badput=2.55000 completed=11096 timedout=408 dropped=0 Util=0.98193
### END_ENTRY users=1250 run=19 ###

### ENTRY users=1260 run=19 seed=19 ###
ResponseTime=15.81472 Throughput=64.83750 goodput=62.13750 badput=2.70000 completed=11043 timedout=432 dropped=0 Util=0.98193
### END_ENTRY users=1260 run=19 ###

### ENTRY users=1270 run=19 seed=19 ###
ResponseTime=15.83530 Throughput=65.08125 goodput=62.08125 badput=3.00000 completed=11086 timedout=480 dropped=0 Util=0.98194
### END_ENTRY users=1270 run=19 ###

### ENTRY users=1280 run=19 seed=19 ###
ResponseTime=16.26920 Throughput=64.30000 goodput=61.05000 badput=3.25000 completed=10880 timedout=520 dropped=0 Util=0.98191
### END_ENTRY users=1280 run=19 ###

### ENTRY users=1290 run=19 seed=19 ###
ResponseTime=16.25975 Throughput=64.90625 goodput=61.62500 badput=3.28125 completed=10958 timedout=525 dropped=0 Util=0.98193
### END_ENTRY users=1290 run=19 ###

### ENTRY users=1300 run=19 seed=19 ###
ResponseTime=16.28841 Throughput=65.32500 goodput=62.12500 badput=3.20000 completed=11069 timedout=512 dropped=0 Util=0.98194
### END_ENTRY users=1300 run=19 ###

### ENTRY users=1310 run=19 seed=19 ###
ResponseTime=16.66967 Throughput=64.26875 goodput=60.35000 badput=3.91875 completed=10754 timedout=627 dropped=0 Util=0.98196
### END_ENTRY users=1310 run=19 ###

### ENTRY users=1320 run=19 seed=19 ###
ResponseTime=16.51650 Throughput=65.42500 goodput=61.93125 badput=3.49375 completed=11028 timedout=559 dropped=0 Util=0.98196
### END_ENTRY users=1320 run=19 ###

### ENTRY users=1330 run=19 seed=19 ###
ResponseTime=16.61270 Throughput=65.56250 goodput=61.93750 badput=3.62500 completed=11040 timedout=580 dropped=0 Util=0.98195
### END_ENTRY users=1330 run=19 ###

### ENTRY users=1340 run=19 seed=19 ###
ResponseTime=17.00277 Throughput=64.61250 goodput=60.19375 badput=4.41875 completed=10740 timedout=707 dropped=0 Util=0.98191
### END_ENTRY users=1340 run=19 ###

### ENTRY users=1350 run=19 seed=19 ###
ResponseTime=17.07614 Throughput=65.03125 goodput=60.91250 badput=4.11875 completed=10834 timedout=659 dropped=0 Util=0.98193
### END_ENTRY users=1350 run=19 ###

### ENTRY users=1360 run=19 seed=19 ###
ResponseTime=17.01178 Throughput=65.60000 goodput=61.53750 badput=4.06250 completed=10984 timedout=650 dropped=0 Util=0.98195
### END_ENTRY users=1360 run=19 ###

### ENTRY users=1370 run=19 seed=19 ###
ResponseTime=17.28303 Throughput=65.24375 goodput=61.01250 badput=4.23125 completed=10889 timedout=677 dropped=0 Util=0.98194
### END_ENTRY users=1370 run=19 ###

### ENTRY users=1380 run=19 seed=19 ###
ResponseTime=17.24201 Throughput=65.83750 goodput=61.23750 badput=4.60000 completed=10908 timedout=736 dropped=0 Util=0.98195
### END_ENTRY users=1380 run=19 ###

### ENTRY users=1390 run=19 seed=19 ###
ResponseTime=17.48148 Throughput=65.63125 goodput=61.15000 badput=4.48125 completed=10892 timedout=717 dropped=0 Util=0.98195
### END_ENTRY users=1390 run=19 ###

### ENTRY users=1400 run=19 seed=19 ###
ResponseTime=17.80555 Throughput=64.80000 goodput=59.31250 badput=5.48750 completed=10597 timedout=878 dropped=0 Util=0.98194
### END_ENTRY users=1400 run=19 ###

### ENTRY users=1410 run=19 seed=19 ###
ResponseTime=17.94302 Throughput=64.93750 goodput=59.81875 badput=5.11875 completed=10653 timedout=819 dropped=0 Util=0.98195
### END_ENTRY users=1410 run=19 ###

### ENTRY users=1420 run=19 seed=19 ###
ResponseTime=17.79880 Throughput=66.05000 goodput=60.75625 badput=5.29375 completed=10806 timedout=847 dropped=0 Util=0.98197
### END_ENTRY users=1420 run=19 ###

### ENTRY users=1430 run=19 seed=19 ###
ResponseTime=18.06469 Throughput=65.22500 goodput=59.76250 badput=5.46250 completed=10748 timedout=874 dropped=0 Util=0.98193
### END_ENTRY users=1430 run=19 ###

### ENTRY users=1440 run=19 seed=19 ###
ResponseTime=18.50434 Throughput=64.69375 goodput=58.25625 badput=6.43750 completed=10414 timedout=1030 dropped=0 Util=0.98194
### END_ENTRY users=1440 run=19 ###

### ENTRY users=1450 run=19 seed=19 ###
ResponseTime=18.43577 Throughput=64.71250 goodput=58.28750 badput=6.42500 completed=10452 timedout=1028 dropped=0 Util=0.98195
### END_ENTRY users=1450 run=19 ###

### ENTRY users=1460 run=19 seed=19 ###
ResponseTime=18.29527 Throughput=66.07500 goodput=59.92500 badput=6.15000 completed=10754 timedout=984 dropped=0 Util=0.98197
### END_ENTRY users=1460 run=19 ###

### ENTRY users=1470 run=19 seed=19 ###
ResponseTime=18.88635 Throughput=64.18125 goodput=56.47500 badput=7.70625 completed=10137 timedout=1233 dropped=0 Util=0.98192
### END_ENTRY users=1470 run=19 ###

### ENTRY users=1480 run=19 seed=19 ###
ResponseTime=18.93383 Throughput=64.71250 goodput=56.88750 badput=7.82500 completed=10211 timedout=1252 dropped=0 Util=0.98193
### END_ENTRY users=1480 run=19 ###

### ENTRY users=1490 run=19 seed=19 ###
ResponseTime=19.16945 Throughput=64.58750 goodput=56.60625 badput=7.98125 completed=10131 timedout=1277 dropped=0 Util=0.98194
### END_ENTRY users=1490 run=19 ###

### ENTRY users=1500 run=19 seed=19 ###
ResponseTime=19.27839 Throughput=64.68125 goodput=56.10625 badput=8.57500 completed=10086 timedout=1372 dropped=0 Util=0.98194
### END_ENTRY users=1500 run=19 ###

### ENTRY users=1510 run=19 seed=19 ###
ResponseTime=19.17498 Throughput=65.74375 goodput=57.65000 badput=8.09375 completed=10298 timedout=1295 dropped=0 Util=0.98194
### END_ENTRY users=1510 run=19 ###

### ENTRY users=1520 run=19 seed=19 ###
ResponseTime=19.26341 Throughput=65.63750 goodput=57.26875 badput=8.36875 completed=10247 timedout=1339 dropped=0 Util=0.98196
### END_ENTRY users=1520 run=19 ###

### ENTRY users=1530 run=19 seed=19 ###
ResponseTime=19.62014 Throughput=64.91875 goodput=55.08125 badput=9.83750 completed=9918 timedout=1574 dropped=0 Util=0.98196
### END_ENTRY users=1530 run=19 ###

### ENTRY users=1540 run=19 seed=19 ###
ResponseTime=19.71993 Throughput=64.90000 goodput=54.96875 badput=9.93125 completed=9911 timedout=1589 dropped=0 Util=0.98196
### END_ENTRY users=1540 run=19 ###

### ENTRY users=1550 run=19 seed=19 ###
ResponseTime=19.83310 Throughput=65.43125 goodput=55.18750 badput=10.24375 completed=9884 timedout=1639 dropped=0 Util=0.98194
### END_ENTRY users=1550 run=19 ###

### ENTRY users=1560 run=19 seed=19 ###
ResponseTime=20.09030 Throughput=64.89375 goodput=53.26875 badput=11.62500 completed=9597 timedout=1860 dropped=0 Util=0.98195
### END_ENTRY users=1560 run=19 ###

### ENTRY users=1570 run=19 seed=19 ###
ResponseTime=19.90658 Throughput=65.51875 goodput=55.01875 badput=10.50000 completed=9957 timedout=1680 dropped=0 Util=0.98196
### END_ENTRY users=1570 run=19 ###

### ENTRY users=1580 run=19 seed=19 ###
ResponseTime=20.51658 Throughput=64.13125 goodput=50.68750 badput=13.44375 completed=9176 timedout=2151 dropped=0 Util=0.98193
### END_ENTRY users=1580 run=19 ###

### ENTRY users=1590 run=19 seed=19 ###
ResponseTime=20.25198 Throughput=65.75000 goodput=53.61250 badput=12.13750 completed=9642 timedout=1942 dropped=0 Util=0.98197
### END_ENTRY users=1590 run=19 ###

### ENTRY users=1600 run=19 seed=19 ###
ResponseTime=20.52465 Throughput=65.08750 goodput=51.16875 badput=13.91875 completed=9246 timedout=2227 dropped=0 Util=0.98196
### END_ENTRY users=1600 run=19 ###

### ENTRY users=1610 run=19 seed=19 ###
ResponseTime=20.68887 Throughput=64.81875 goodput=50.01250 badput=14.80625 completed=9150 timedout=2369 dropped=0 Util=0.98193
### END_ENTRY users=1610 run=19 ###

### ENTRY users=1620 run=19 seed=19 ###
ResponseTime=20.80421 Throughput=65.21250 goodput=50.30000 badput=14.91250 completed=9170 timedout=2386 dropped=0 Util=0.98195
### END_ENTRY users=1620 run=19 ###

### ENTRY users=1630 run=19 seed=19 ###
ResponseTime=20.83386 Throughput=65.24375 goodput=49.63750 badput=15.60625 completed=9048 timedout=2497 dropped=0 Util=0.98194
### END_ENTRY users=1630 run=19 ###

### ENTRY users=1640 run=19 seed=19 ###
ResponseTime=21.32514 Throughput=64.60625 goodput=46.47500 badput=18.13125 completed=8503 timedout=2901 dropped=0 Util=0.98192
### END_ENTRY users=1640 run=19 ###

### ENTRY users=1650 run=19 seed=19 ###
ResponseTime=21.12201 Throughput=65.88750 goodput=49.59375 badput=16.29375 completed=9030 timedout=2607 dropped=0 Util=0.98197
### END_ENTRY users=1650 run=19 ###

### ENTRY users=1660 run=19 seed=19 ###
ResponseTime=21.43519 Throughput=64.93125 goodput=46.23125 badput=18.70000 completed=8518 timedout=2992 dropped=0 Util=0.98196
### END_ENTRY users=1660 run=19 ###

### ENTRY users=1670 run=19 seed=19 ###
ResponseTime=21.59339 Throughput=64.88750 goodput=44.33750 badput=20.55000 completed=8199 timedout=3288 dropped=0 Util=0.98193
### END_ENTRY users=1670 run=19 ###

### ENTRY users=1680 run=19 seed=19 ###
ResponseTime=21.64236 Throughput=65.18750 goodput=44.16875 badput=21.01875 completed=8162 timedout=3363 dropped=0 Util=0.98193
### END_ENTRY users=1680 run=19 ###

### ENTRY users=1690 run=19 seed=19 ###
ResponseTime=22.12178 Throughput=64.28125 goodput=40.38125 badput=23.90000 completed=7618 timedout=3824 dropped=0 Util=0.98191
### END_ENTRY users=1690 run=19 ###

### ENTRY users=1700 run=19 seed=19 ###
ResponseTime=21.98301 Throughput=65.24375 goodput=42.45625 badput=22.78750 completed=7875 timedout=3646 dropped=0 Util=0.98194
### END_ENTRY users=1700 run=19 ###

### ENTRY users=1710 run=19 seed=19 ###
ResponseTime=21.97147 Throughput=65.58125 goodput=41.93125 badput=23.65000 completed=7795 timedout=3784 dropped=0 Util=0.98195
### END_ENTRY users=1710 run=19 ###

### ENTRY users=1720 run=19 seed=19 ###
ResponseTime=22.16789 Throughput=65.80000 goodput=41.34375 badput=24.45625 completed=7678 timedout=3913 dropped=0 Util=0.98196
### END_ENTRY users=1720 run=19 ###

### ENTRY users=1730 run=19 seed=19 ###
ResponseTime=22.47185 Throughput=65.35000 goodput=38.88750 badput=26.46250 completed=7329 timedout=4234 dropped=0 Util=0.98193
### END_ENTRY users=1730 run=19 ###

### ENTRY users=1740 run=19 seed=19 ###
ResponseTime=22.79504 Throughput=64.61875 goodput=35.11875 badput=29.50000 completed=6707 timedout=4720 dropped=0 Util=0.98192
### END_ENTRY users=1740 run=19 ###

### ENTRY users=1750 run=19 seed=19 ###
ResponseTime=23.01098 Throughput=64.45000 goodput=32.94375 badput=31.50625 completed=6378 timedout=5041 dropped=0 Util=0.98191
### END_ENTRY users=1750 run=19 ###

### ENTRY users=1760 run=19 seed=19 ###
ResponseTime=22.75937 Throughput=65.78750 goodput=35.44375 badput=30.34375 completed=6789 timedout=4855 dropped=0 Util=0.98195
### END_ENTRY users=1760 run=19 ###

### ENTRY users=1770 run=19 seed=19 ###
ResponseTime=23.21166 Throughput=64.70000 goodput=30.98125 badput=33.71875 completed=6077 timedout=5395 dropped=0 Util=0.98194
### END_ENTRY users=1770 run=19 ###

### ENTRY users=1780 run=19 seed=19 ###
ResponseTime=23.41929 Throughput=65.12500 goodput=30.34375 badput=34.78125 completed=5948 timedout=5565 dropped=0 Util=0.98197
### END_ENTRY users=1780 run=19 ###

### ENTRY users=1790 run=19 seed=19 ###
ResponseTime=23.08609 Throughput=66.09375 goodput=34.35625 badput=31.73750 completed=6559 timedout=5078 dropped=0 Util=0.98199
### END_ENTRY users=1790 run=19 ###

### ENTRY users=1800 run=19 seed=19 ###
ResponseTime=23.34316 Throughput=65.55000 goodput=29.94375 badput=35.60625 completed=5900 timedout=5697 dropped=0 Util=0.98198
### END_ENTRY users=1800 run=19 ###

### ENTRY users=1810 run=19 seed=19 ###
ResponseTime=23.53899 Throughput=65.12500 goodput=27.03750 badput=38.08750 completed=5432 timedout=6094 dropped=0 Util=0.98195
### END_ENTRY users=1810 run=19 ###

### ENTRY users=1820 run=19 seed=19 ###
ResponseTime=24.10254 Throughput=64.61250 goodput=20.92500 badput=43.68750 completed=4398 timedout=6990 dropped=0 Util=0.98191
### END_ENTRY users=1820 run=19 ###

### ENTRY users=1830 run=19 seed=19 ###
ResponseTime=23.71891 Throughput=65.99375 goodput=27.50000 badput=38.49375 completed=5482 timedout=6159 dropped=0 Util=0.98198
### END_ENTRY users=1830 run=19 ###

### ENTRY users=1840 run=19 seed=19 ###
ResponseTime=23.91657 Throughput=65.04375 goodput=21.45625 badput=43.58750 completed=4503 timedout=6974 dropped=0 Util=0.98197
### END_ENTRY users=1840 run=19 ###

### ENTRY users=1850 run=19 seed=19 ###
ResponseTime=24.06988 Throughput=64.41250 goodput=18.53750 badput=45.87500 completed=4057 timedout=7340 dropped=0 Util=0.98192
### END_ENTRY users=1850 run=19 ###

### ENTRY users=1860 run=19 seed=19 ###
ResponseTime=24.06478 Throughput=65.67500 goodput=21.10625 badput=44.56875 completed=4469 timedout=7131 dropped=0 Util=0.98197
### END_ENTRY users=1860 run=19 ###

### ENTRY users=1870 run=19 seed=19 ###
ResponseTime=24.15742 Throughput=64.93750 goodput=19.16875 badput=45.76875 completed=4148 timedout=7323 dropped=0 Util=0.98192
### END_ENTRY users=1870 run=19 ###

### ENTRY users=1880 run=19 seed=19 ###
ResponseTime=23.67040 Throughput=64.19375 goodput=15.66875 badput=48.52500 completed=3640 timedout=7764 dropped=0 Util=0.98193
### END_ENTRY users=1880 run=19 ###

### ENTRY users=1890 run=19 seed=19 ###
ResponseTime=23.90791 Throughput=65.20625 goodput=16.40000 badput=48.80625 completed=3765 timedout=7809 dropped=0 Util=0.98197
### END_ENTRY users=1890 run=19 ###

### ENTRY users=1900 run=19 seed=19 ###
ResponseTime=23.63410 Throughput=65.28125 goodput=14.46250 badput=50.81875 completed=3417 timedout=8131 dropped=0 Util=0.98192
### END_ENTRY users=1900 run=19 ###

### ENTRY users=1910 run=19 seed=19 ###
ResponseTime=23.91691 Throughput=65.25000 goodput=13.60625 badput=51.64375 completed=3284 timedout=8263 dropped=0 Util=0.98194
### END_ENTRY users=1910 run=19 ###

### ENTRY users=1920 run=19 seed=19 ###
ResponseTime=23.02024 Throughput=64.93125 goodput=11.00000 badput=53.93125 completed=2852 timedout=8629 dropped=0 Util=0.98192
### END_ENTRY users=1920 run=19 ###

### ENTRY users=1930 run=19 seed=19 ###
ResponseTime=23.79446 Throughput=65.30000 goodput=13.97500 badput=51.32500 completed=3382 timedout=8212 dropped=0 Util=0.98195
### END_ENTRY users=1930 run=19 ###

### ENTRY users=1940 run=19 seed=19 ###
ResponseTime=22.62545 Throughput=63.89375 goodput=9.34375 badput=54.55000 completed=2593 timedout=8728 dropped=0 Util=0.98193
### END_ENTRY users=1940 run=19 ###

### ENTRY users=1950 run=19 seed=19 ###
ResponseTime=22.66409 Throughput=64.90000 goodput=9.60000 badput=55.30000 completed=2665 timedout=8848 dropped=0 Util=0.98192
### END_ENTRY users=1950 run=19 ###

### ENTRY users=1960 run=19 seed=19 ###
ResponseTime=22.91261 Throughput=65.40625 goodput=9.96250 badput=55.44375 completed=2682 timedout=8871 dropped=0 Util=0.98194
### END_ENTRY users=1960 run=19 ###

### ENTRY users=1970 run=19 seed=19 ###
ResponseTime=22.37005 Throughput=64.67500 goodput=8.32500 badput=56.35000 completed=2431 timedout=9016 dropped=0 Util=0.98191
### END_ENTRY users=1970 run=19 ###

### ENTRY users=1980 run=19 seed=19 ###
ResponseTime=22.97754 Throughput=65.76250 goodput=9.84375 badput=55.91875 completed=2715 timedout=8947 dropped=0 Util=0.98194
### END_ENTRY users=1980 run=19 ###

### ENTRY users=1990 run=19 seed=19 ###
ResponseTime=22.60553 Throughput=65.51250 goodput=9.60625 badput=55.90625 completed=2642 timedout=8945 dropped=0 Util=0.98194
### END_ENTRY users=1990 run=19 ###

### ENTRY users=2000 run=19 seed=19 ###
ResponseTime=22.42480 Throughput=65.26875 goodput=8.65000 badput=56.61875 completed=2497 timedout=9059 dropped=0 Util=0.98194
### END_ENTRY users=2000 run=19 ###

### ENTRY users=2010 run=19 seed=19 ###
ResponseTime=22.27001 Throughput=65.88750 goodput=8.33750 badput=57.55000 completed=2415 timedout=9208 dropped=0 Util=0.98195
### END_ENTRY users=2010 run=19 ###

### ENTRY users=2020 run=19 seed=19 ###
ResponseTime=22.05102 Throughput=65.65000 goodput=7.68750 badput=57.96250 completed=2317 timedout=9274 dropped=0 Util=0.98196
### END_ENTRY users=2020 run=19 ###

### ENTRY users=2030 run=19 seed=19 ###
ResponseTime=22.58258 Throughput=66.14375 goodput=8.85000 badput=57.29375 completed=2557 timedout=9167 dropped=0 Util=0.98196
### END_ENTRY users=2030 run=19 ###

### ENTRY users=2040 run=19 seed=19 ###
ResponseTime=22.46311 Throughput=65.65625 goodput=7.36875 badput=58.28750 completed=2307 timedout=9326 dropped=0 Util=0.98196
### END_ENTRY users=2040 run=19 ###

### ENTRY users=2050 run=19 seed=19 ###
ResponseTime=22.46479 Throughput=65.45625 goodput=8.01875 badput=57.43750 completed=2421 timedout=9190 dropped=0 Util=0.98197
### END_ENTRY users=2050 run=19 ###

### ENTRY users=2060 run=19 seed=19 ###
ResponseTime=21.98710 Throughput=64.91250 goodput=7.05000 badput=57.86250 completed=2260 timedout=9258 dropped=0 Util=0.98196
### END_ENTRY users=2060 run=19 ###

### ENTRY users=2070 run=19 seed=19 ###
ResponseTime=21.88643 Throughput=65.55625 goodput=7.33125 badput=58.22500 completed=2299 timedout=9316 dropped=0 Util=0.98195
### END_ENTRY users=2070 run=19 ###

### ENTRY users=2080 run=19 seed=19 ###
ResponseTime=21.85671 Throughput=64.54375 goodput=6.79375 badput=57.75000 completed=2212 timedout=9240 dropped=0 Util=0.98193
### END_ENTRY users=2080 run=19 ###

### ENTRY users=2090 run=19 seed=19 ###
ResponseTime=21.66808 Throughput=65.46250 goodput=6.93750 badput=58.52500 completed=2248 timedout=9364 dropped=0 Util=0.98198
### END_ENTRY users=2090 run=19 ###

### ENTRY users=2100 run=19 seed=19 ###
ResponseTime=21.90589 Throughput=65.31250 goodput=6.83125 badput=58.48125 completed=2154 timedout=9357 dropped=0 Util=0.98194
### END_ENTRY users=2100 run=19 ###

### ENTRY users=2110 run=19 seed=19 ###
ResponseTime=21.80345 Throughput=65.26875 goodput=6.86250 badput=58.40625 completed=2226 timedout=9345 dropped=0 Util=0.98194
### END_ENTRY users=2110 run=19 ###

### ENTRY users=2120 run=19 seed=19 ###
ResponseTime=21.34176 Throughput=65.17500 goodput=5.80000 badput=59.37500 completed=2019 timedout=9500 dropped=0 Util=0.98193
### END_ENTRY users=2120 run=19 ###

### ENTRY users=2130 run=19 seed=19 ###
ResponseTime=21.75871 Throughput=65.90000 goodput=6.55000 badput=59.35000 completed=2189 timedout=9496 dropped=0 Util=0.98197
### END_ENTRY users=2130 run=19 ###

### ENTRY users=2140 run=19 seed=19 ###
ResponseTime=21.47024 Throughput=64.70000 goodput=5.87500 badput=58.82500 completed=2043 timedout=9412 dropped=0 Util=0.98191
### END_ENTRY users=2140 run=19 ###

### ENTRY users=2150 run=19 seed=19 ###
ResponseTime=21.74303 Throughput=65.19375 goodput=6.84375 badput=58.35000 completed=2235 timedout=9336 dropped=0 Util=0.98198
### END_ENTRY users=2150 run=19 ###

### ENTRY users=2160 run=19 seed=19 ###
ResponseTime=21.30604 Throughput=65.69375 goodput=6.26250 badput=59.43125 completed=2085 timedout=9509 dropped=0 Util=0.98196
### END_ENTRY users=2160 run=19 ###

### ENTRY users=2170 run=19 seed=19 ###
ResponseTime=21.48783 Throughput=65.35625 goodput=6.36875 badput=58.98750 completed=2114 timedout=9438 dropped=0 Util=0.98196
### END_ENTRY users=2170 run=19 ###

### ENTRY users=2180 run=19 seed=19 ###
ResponseTime=21.29022 Throughput=64.83125 goodput=6.07500 badput=58.75625 completed=2127 timedout=9401 dropped=0 Util=0.98193
### END_ENTRY users=2180 run=19 ###

### ENTRY users=2190 run=19 seed=19 ###
ResponseTime=21.39251 Throughput=65.20000 goodput=6.30000 badput=58.90000 completed=2124 timedout=9424 dropped=0 Util=0.98195
### END_ENTRY users=2190 run=19 ###

### ENTRY users=2200 run=19 seed=19 ###
ResponseTime=20.67163 Throughput=64.98750 goodput=5.38750 badput=59.60000 completed=1985 timedout=9536 dropped=0 Util=0.98193
### END_ENTRY users=2200 run=19 ###

### ENTRY users=2210 run=19 seed=19 ###
ResponseTime=21.18032 Throughput=65.47500 goodput=5.75625 badput=59.71875 completed=2017 timedout=9555 dropped=0 Util=0.98195
### END_ENTRY users=2210 run=19 ###

### ENTRY users=2220 run=19 seed=19 ###
ResponseTime=21.02234 Throughput=64.95000 goodput=5.91250 badput=59.03750 completed=2051 timedout=9446 dropped=0 Util=0.98192
### END_ENTRY users=2220 run=19 ###

### ENTRY users=2230 run=19 seed=19 ###
ResponseTime=21.20333 Throughput=65.48125 goodput=5.82500 badput=59.65625 completed=2040 timedout=9545 dropped=0 Util=0.98195
### END_ENTRY users=2230 run=19 ###

### ENTRY users=2240 run=19 seed=19 ###
ResponseTime=20.30418 Throughput=64.65625 goodput=5.06875 badput=59.58750 completed=1899 timedout=9534 dropped=0 Util=0.98193
### END_ENTRY users=2240 run=19 ###

### ENTRY users=2250 run=19 seed=19 ###
ResponseTime=20.96548 Throughput=65.40000 goodput=5.86875 badput=59.53125 completed=2064 timedout=9525 dropped=0 Util=0.98195
### END_ENTRY users=2250 run=19 ###

### ENTRY users=2260 run=19 seed=19 ###
ResponseTime=20.60547 Throughput=65.78125 goodput=5.33125 badput=60.45000 completed=1927 timedout=9672 dropped=0 Util=0.98195
### END_ENTRY users=2260 run=19 ###

### ENTRY users=2270 run=19 seed=19 ###
ResponseTime=20.61671 Throughput=66.20000 goodput=5.59375 badput=60.60625 completed=2007 timedout=9697 dropped=0 Util=0.98197
### END_ENTRY users=2270 run=19 ###

### ENTRY users=2280 run=19 seed=19 ###
ResponseTime=20.75343 Throughput=65.58750 goodput=5.57500 badput=60.01250 completed=1976 timedout=9602 dropped=0 Util=0.98197
### END_ENTRY users=2280 run=19 ###

### ENTRY users=2290 run=19 seed=19 ###
ResponseTime=20.41511 Throughput=64.63125 goodput=5.01875 badput=59.61250 completed=1939 timedout=9538 dropped=0 Util=0.98192
### END_ENTRY users=2290 run=19 ###

### ENTRY users=2300 run=19 seed=19 ###
ResponseTime=20.55577 Throughput=65.73125 goodput=5.28125 badput=60.45000 completed=1907 timedout=9672 dropped=0 Util=0.98194
### END_ENTRY users=2300 run=19 ###

### ENTRY users=2310 run=19 seed=19 ###
ResponseTime=20.71773 Throughput=65.88125 goodput=5.36875 badput=60.51250 completed=1991 timedout=9682 dropped=0 Util=0.98196
### END_ENTRY users=2310 run=19 ###

### ENTRY users=2320 run=19 seed=19 ###
ResponseTime=20.13757 Throughput=64.99375 goodput=4.88750 badput=60.10625 completed=1883 timedout=9617 dropped=0 Util=0.98194
### END_ENTRY users=2320 run=19 ###

### ENTRY users=2330 run=19 seed=19 ###
ResponseTime=20.19133 Throughput=65.22500 goodput=5.21250 badput=60.01250 completed=1909 timedout=9602 dropped=0 Util=0.98196
### END_ENTRY users=2330 run=19 ###

### ENTRY users=2340 run=19 seed=19 ###
ResponseTime=20.06703 Throughput=65.46875 goodput=5.10625 badput=60.36250 completed=1909 timedout=9658 dropped=0 Util=0.98197
### END_ENTRY users=2340 run=19 ###

### ENTRY users=2350 run=19 seed=19 ###
ResponseTime=20.19247 Throughput=65.30625 goodput=5.26875 badput=60.03750 completed=1922 timedout=9606 dropped=0 Util=0.98195
### END_ENTRY users=2350 run=19 ###

### ENTRY users=2360 run=19 seed=19 ###
ResponseTime=19.92820 Throughput=64.97500 goodput=5.06250 badput=59.91250 completed=1899 timedout=9586 dropped=0 Util=0.98193
### END_ENTRY users=2360 run=19 ###

### ENTRY users=2370 run=19 seed=19 ###
ResponseTime=20.12053 Throughput=65.01250 goodput=5.18125 badput=59.83125 completed=1922 timedout=9573 dropped=0 Util=0.98192
### END_ENTRY users=2370 run=19 ###

### ENTRY users=2380 run=19 seed=19 ###
ResponseTime=20.10276 Throughput=65.45000 goodput=4.78750 badput=60.66250 completed=1799 timedout=9706 dropped=0 Util=0.98196
### END_ENTRY users=2380 run=19 ###

### ENTRY users=2390 run=19 seed=19 ###
ResponseTime=20.02719 Throughput=65.47500 goodput=5.20625 badput=60.26875 completed=1894 timedout=9643 dropped=0 Util=0.98197
### END_ENTRY users=2390 run=19 ###

### ENTRY users=2400 run=19 seed=19 ###
ResponseTime=20.00143 Throughput=65.11875 goodput=4.92500 badput=60.19375 completed=1859 timedout=9631 dropped=0 Util=0.98195
### END_ENTRY users=2400 run=19 ###

### ENTRY users=2410 run=19 seed=19 ###
ResponseTime=19.92839 Throughput=64.59375 goodput=4.85000 badput=59.74375 completed=1899 timedout=9559 dropped=0 Util=0.98195
### END_ENTRY users=2410 run=19 ###

### ENTRY users=2420 run=19 seed=19 ###
ResponseTime=20.10661 Throughput=64.92500 goodput=4.80000 badput=60.12500 completed=1867 timedout=9620 dropped=0 Util=0.98193
### END_ENTRY users=2420 run=19 ###

### ENTRY users=2430 run=19 seed=19 ###
ResponseTime=20.26474 Throughput=65.03750 goodput=5.10625 badput=59.93125 completed=1886 timedout=9589 dropped=0 Util=0.98192
### END_ENTRY users=2430 run=19 ###

### ENTRY users=2440 run=19 seed=19 ###
ResponseTime=20.14630 Throughput=65.12500 goodput=4.93750 badput=60.18750 completed=1876 timedout=9630 dropped=0 Util=0.98195
### END_ENTRY users=2440 run=19 ###

### ENTRY users=2450 run=19 seed=19 ###
ResponseTime=19.87643 Throughput=64.68125 goodput=4.79375 badput=59.88750 completed=1853 timedout=9582 dropped=0 Util=0.98193
### END_ENTRY users=2450 run=19 ###

### ENTRY users=2460 run=19 seed=19 ###
ResponseTime=20.37746 Throughput=65.65625 goodput=5.08125 badput=60.57500 completed=1829 timedout=9692 dropped=0 Util=0.98198
### END_ENTRY users=2460 run=19 ###

### ENTRY users=2470 run=19 seed=19 ###
ResponseTime=20.05397 Throughput=64.79375 goodput=5.06250 badput=59.73125 completed=1926 timedout=9557 dropped=0 Util=0.98195
### END_ENTRY users=2470 run=19 ###

### ENTRY users=2480 run=19 seed=19 ###
ResponseTime=20.09592 Throughput=64.48750 goodput=4.73750 badput=59.75000 completed=1878 timedout=9560 dropped=0 Util=0.98193
### END_ENTRY users=2480 run=19 ###

### ENTRY users=2490 run=19 seed=19 ###
ResponseTime=20.13206 Throughput=65.47500 goodput=4.79375 badput=60.68125 completed=1810 timedout=9709 dropped=0 Util=0.98196
### END_ENTRY users=2490 run=19 ###

### ENTRY users=2500 run=19 seed=19 ###
ResponseTime=19.94275 Throughput=64.85000 goodput=4.95625 badput=59.89375 completed=1857 timedout=9583 dropped=0 Util=0.98197
### END_ENTRY users=2500 run=19 ###

### ENTRY users=2510 run=19 seed=19 ###
ResponseTime=20.03931 Throughput=65.31250 goodput=4.96250 badput=60.35000 completed=1843 timedout=9656 dropped=0 Util=0.98191
### END_ENTRY users=2510 run=19 ###

### ENTRY users=2520 run=19 seed=19 ###
ResponseTime=19.88010 Throughput=64.49375 goodput=4.84375 badput=59.65000 completed=1829 timedout=9544 dropped=0 Util=0.98194
### END_ENTRY users=2520 run=19 ###

### ENTRY users=2530 run=19 seed=19 ###
ResponseTime=20.22398 Throughput=65.24375 goodput=5.20000 badput=60.04375 completed=1906 timedout=9607 dropped=0 Util=0.98192
### END_ENTRY users=2530 run=19 ###

### ENTRY users=2540 run=19 seed=19 ###
ResponseTime=19.90654 Throughput=65.56250 goodput=4.76875 badput=60.79375 completed=1854 timedout=9727 dropped=0 Util=0.98194
### END_ENTRY users=2540 run=19 ###

### ENTRY users=2550 run=19 seed=19 ###
ResponseTime=20.17791 Throughput=65.75625 goodput=4.69375 badput=61.06250 completed=1814 timedout=9770 dropped=0 Util=0.98194
### END_ENTRY users=2550 run=19 ###

### ENTRY users=2560 run=19 seed=19 ###
ResponseTime=19.88047 Throughput=66.17500 goodput=4.90625 badput=61.26875 completed=1876 timedout=9803 dropped=0 Util=0.98196
### END_ENTRY users=2560 run=19 ###

### ENTRY users=2570 run=19 seed=19 ###
ResponseTime=20.17745 Throughput=65.35625 goodput=4.78125 badput=60.57500 completed=1823 timedout=9692 dropped=0 Util=0.98193
### END_ENTRY users=2570 run=19 ###

### ENTRY users=2580 run=19 seed=19 ###
ResponseTime=20.00832 Throughput=64.96875 goodput=5.01250 badput=59.95625 completed=1900 timedout=9593 dropped=0 Util=0.98193
### END_ENTRY users=2580 run=19 ###

### ENTRY users=2590 run=19 seed=19 ###
ResponseTime=19.99590 Throughput=64.88750 goodput=4.90000 badput=59.98750 completed=1882 timedout=9598 dropped=0 Util=0.98194
### END_ENTRY users=2590 run=19 ###

### ENTRY users=2600 run=19 seed=19 ###
ResponseTime=20.15299 Throughput=64.78125 goodput=4.76250 badput=60.01875 completed=1881 timedout=9603 dropped=0 Util=0.98191
### END_ENTRY users=2600 run=19 ###

### ENTRY users=2610 run=19 seed=19 ###
ResponseTime=20.07770 Throughput=65.14375 goodput=5.15625 badput=59.98750 completed=1908 timedout=9598 dropped=0 Util=0.98196
### END_ENTRY users=2610 run=19 ###

### ENTRY users=2620 run=19 seed=19 ###
ResponseTime=20.18818 Throughput=65.18750 goodput=4.60625 badput=60.58125 completed=1799 timedout=9693 dropped=0 Util=0.98195
### END_ENTRY users=2620 run=19 ###

### ENTRY users=2630 run=19 seed=19 ###
ResponseTime=19.99169 Throughput=66.20000 goodput=4.68125 badput=61.51875 completed=1824 timedout=9843 dropped=0 Util=0.98196
### END_ENTRY users=2630 run=19 ###

### ENTRY users=2640 run=19 seed=19 ###
ResponseTime=20.03491 Throughput=66.14375 goodput=4.78750 badput=61.35625 completed=1886 timedout=9817 dropped=0 Util=0.98199
### END_ENTRY users=2640 run=19 ###

### ENTRY users=2650 run=19 seed=19 ###
ResponseTime=19.96124 Throughput=64.82500 goodput=4.70000 badput=60.12500 completed=1865 timedout=9620 dropped=0 Util=0.98193
### END_ENTRY users=2650 run=19 ###

### ENTRY users=2660 run=19 seed=19 ###
ResponseTime=19.94941 Throughput=65.61875 goodput=5.07500 badput=60.54375 completed=1900 timedout=9687 dropped=0 Util=0.98194
### END_ENTRY users=2660 run=19 ###

### ENTRY users=2670 run=19 seed=19 ###
ResponseTime=20.05810 Throughput=65.10000 goodput=4.55000 badput=60.55000 completed=1802 timedout=9688 dropped=0 Util=0.98193
### END_ENTRY users=2670 run=19 ###

### ENTRY users=2680 run=19 seed=19 ###
ResponseTime=20.21869 Throughput=65.41875 goodput=4.82500 badput=60.59375 completed=1840 timedout=9695 dropped=0 Util=0.98196
### END_ENTRY users=2680 run=19 ###

### ENTRY users=2690 run=19 seed=19 ###
ResponseTime=19.83309 Throughput=64.85000 goodput=4.50000 badput=60.35000 completed=1819 timedout=9656 dropped=0 Util=0.98193
### END_ENTRY users=2690 run=19 ###

### ENTRY users=2700 run=19 seed=19 ###
ResponseTime=20.23107 Throughput=65.18125 goodput=4.63750 badput=60.54375 completed=1808 timedout=9687 dropped=0 Util=0.98194
### END_ENTRY users=2700 run=19 ###

### ENTRY users=2710 run=19 seed=19 ###
ResponseTime=20.14831 Throughput=65.76875 goodput=4.91250 badput=60.85625 completed=1875 timedout=9737 dropped=0 Util=0.98196
### END_ENTRY users=2710 run=19 ###

### ENTRY users=2720 run=19 seed=19 ###
ResponseTime=20.10442 Throughput=64.91875 goodput=4.58750 badput=60.33125 completed=1800 timedout=9653 dropped=0 Util=0.98194
### END_ENTRY users=2720 run=19 ###

### ENTRY users=2730 run=19 seed=19 ###
ResponseTime=20.21043 Throughput=64.75000 goodput=4.57500 badput=60.17500 completed=1788 timedout=9628 dropped=0 Util=0.98195
### END_ENTRY users=2730 run=19 ###

### ENTRY users=2740 run=19 seed=19 ###
ResponseTime=20.13651 Throughput=65.64375 goodput=5.00000 badput=60.64375 completed=1908 timedout=9703 dropped=0 Util=0.98194
### END_ENTRY users=2740 run=19 ###

### ENTRY users=2750 run=19 seed=19 ###
ResponseTime=20.24734 Throughput=65.47500 goodput=4.91250 badput=60.56250 completed=1888 timedout=9690 dropped=0 Util=0.98193
### END_ENTRY users=2750 run=19 ###

### ENTRY users=2760 run=19 seed=19 ###
ResponseTime=20.07198 Throughput=65.59375 goodput=4.45625 badput=61.13750 completed=1787 timedout=9782 dropped=0 Util=0.98195
### END_ENTRY users=2760 run=19 ###

### ENTRY users=2770 run=19 seed=19 ###
ResponseTime=20.36436 Throughput=64.79375 goodput=4.62500 badput=60.16875 completed=1896 timedout=9627 dropped=0 Util=0.98194
### END_ENTRY users=2770 run=19 ###

### ENTRY users=2780 run=19 seed=19 ###
ResponseTime=20.10632 Throughput=65.22500 goodput=4.51875 badput=60.70625 completed=1832 timedout=9713 dropped=0 Util=0.98195
### END_ENTRY users=2780 run=19 ###

### ENTRY users=2790 run=19 seed=19 ###
ResponseTime=20.20721 Throughput=65.31875 goodput=4.78125 badput=60.53750 completed=1875 timedout=9686 dropped=0 Util=0.98195
### END_ENTRY users=2790 run=19 ###

### ENTRY users=2800 run=19 seed=19 ###
ResponseTime=20.22985 Throughput=65.58125 goodput=4.99375 badput=60.58750 completed=1899 timedout=9694 dropped=0 Util=0.98196
### END_ENTRY users=2800 run=19 ###

### ENTRY users=2810 run=19 seed=19 ###
ResponseTime=20.20226 Throughput=64.90000 goodput=4.62500 badput=60.27500 completed=1841 timedout=9644 dropped=0 Util=0.98196
### END_ENTRY users=2810 run=19 ###

### ENTRY users=2820 run=19 seed=19 ###
ResponseTime=20.23403 Throughput=65.21875 goodput=4.86875 badput=60.35000 completed=1880 timedout=9656 dropped=0 Util=0.98195
### END_ENTRY users=2820 run=19 ###

### ENTRY users=2830 run=19 seed=19 ###
ResponseTime=20.26426 Throughput=65.26875 goodput=4.95625 badput=60.31250 completed=1913 timedout=9650 dropped=0 Util=0.98196
### END_ENTRY users=2830 run=19 ###

### ENTRY users=2840 run=19 seed=19 ###
ResponseTime=20.24765 Throughput=65.50000 goodput=4.84375 badput=60.65625 completed=1893 timedout=9705 dropped=0 Util=0.98193
### END_ENTRY users=2840 run=19 ###

### ENTRY users=2850 run=19 seed=19 ###
ResponseTime=20.23712 Throughput=65.78125 goodput=4.67500 badput=61.10625 completed=1830 timedout=9777 dropped=0 Util=0.98196
### END_ENTRY users=2850 run=19 ###

### ENTRY users=2860 run=19 seed=19 ###
ResponseTime=20.47077 Throughput=65.51875 goodput=4.81875 badput=60.70000 completed=1870 timedout=9712 dropped=0 Util=0.98196
### END_ENTRY users=2860 run=19 ###

### ENTRY users=2870 run=19 seed=19 ###
ResponseTime=20.24907 Throughput=65.70000 goodput=4.52500 badput=61.17500 completed=1817 timedout=9788 dropped=0 Util=0.98195
### END_ENTRY users=2870 run=19 ###

### ENTRY users=2880 run=19 seed=19 ###
ResponseTime=20.18109 Throughput=65.51875 goodput=4.64375 badput=60.87500 completed=1861 timedout=9740 dropped=0 Util=0.98195
### END_ENTRY users=2880 run=19 ###

### ENTRY users=2890 run=19 seed=19 ###
ResponseTime=20.24739 Throughput=65.01250 goodput=4.53750 badput=60.47500 completed=1803 timedout=9676 dropped=0 Util=0.98196
### END_ENTRY users=2890 run=19 ###

### ENTRY users=2900 run=19 seed=19 ###
ResponseTime=20.44350 Throughput=66.07500 goodput=4.68750 badput=61.38750 completed=1854 timedout=9822 dropped=0 Util=0.98196
### END_ENTRY users=2900 run=19 ###

### ENTRY users=2910 run=19 seed=19 ###
ResponseTime=20.47241 Throughput=66.00000 goodput=4.62500 badput=61.37500 completed=1868 timedout=9820 dropped=0 Util=0.98197
### END_ENTRY users=2910 run=19 ###

### ENTRY users=2920 run=19 seed=19 ###
ResponseTime=20.34472 Throughput=65.30625 goodput=4.55000 badput=60.75625 completed=1812 timedout=9721 dropped=0 Util=0.98195
### END_ENTRY users=2920 run=19 ###

### ENTRY users=2930 run=19 seed=19 ###
ResponseTime=20.10387 Throughput=65.58750 goodput=4.68125 badput=60.90625 completed=1868 timedout=9745 dropped=0 Util=0.98195
### END_ENTRY users=2930 run=19 ###

### ENTRY users=2940 run=19 seed=19 ###
ResponseTime=20.37691 Throughput=65.74375 goodput=4.41875 badput=61.32500 completed=1866 timedout=9812 dropped=0 Util=0.98195
### END_ENTRY users=2940 run=19 ###

### ENTRY users=2950 run=19 seed=19 ###
ResponseTime=20.27868 Throughput=65.40000 goodput=4.43750 badput=60.96250 completed=1798 timedout=9754 dropped=0 Util=0.98195
### END_ENTRY users=2950 run=19 ###

### ENTRY users=2960 run=19 seed=19 ###
ResponseTime=20.52907 Throughput=64.68750 goodput=4.64375 badput=60.04375 completed=1809 timedout=9607 dropped=0 Util=0.98192
### END_ENTRY users=2960 run=19 ###

### ENTRY users=2970 run=19 seed=19 ###
ResponseTime=20.36894 Throughput=64.99375 goodput=4.56875 badput=60.42500 completed=1797 timedout=9668 dropped=0 Util=0.98193
### END_ENTRY users=2970 run=19 ###

### ENTRY users=2980 run=19 seed=19 ###
ResponseTime=20.48175 Throughput=66.19375 goodput=4.61875 badput=61.57500 completed=1821 timedout=9852 dropped=0 Util=0.98196
### END_ENTRY users=2980 run=19 ###

### ENTRY users=2990 run=19 seed=19 ###
ResponseTime=20.45201 Throughput=64.48750 goodput=4.46250 badput=60.02500 completed=1829 timedout=9604 dropped=0 Util=0.98193
### END_ENTRY users=2990 run=19 ###

### ENTRY users=3000 run=19 seed=19 ###
ResponseTime=20.52438 Throughput=65.25625 goodput=4.30000 badput=60.95625 completed=1767 timedout=9753 dropped=0 Util=0.98195
### END_ENTRY users=3000 run=19 ###

