=== RUN FILE confidence_interval/run_14.log (run index = 14) ===
### ENTRY users=10 run=14 seed=14 ###
ResponseTime=0.06060 Throughput=3.37500 goodput=3.37500 badput=0.00000 completed=540 timedout=0 dropped=0 Util=0.04575
### END_ENTRY users=10 run=14 ###

### ENTRY users=20 run=14 seed=14 ###
ResponseTime=0.06595 Throughput=6.73125 goodput=6.73125 badput=0.00000 completed=1077 timedout=0 dropped=0 Util=0.09770
### END_ENTRY users=20 run=14 ###

### ENTRY users=30 run=14 seed=14 ###
ResponseTime=0.06292 Throughput=10.06875 goodput=10.06875 badput=0.00000 completed=1611 timedout=0 dropped=0 Util=0.13553
### END_ENTRY users=30 run=14 ###

### ENTRY users=40 run=14 seed=14 ###
ResponseTime=0.06872 Throughput=13.41875 goodput=13.41875 badput=0.00000 completed=2147 timedout=0 dropped=0 Util=0.18114
### END_ENTRY users=40 run=14 ###

### ENTRY users=50 run=14 seed=14 ###
ResponseTime=0.07449 Throughput=16.83125 goodput=16.83125 badput=0.00000 completed=2693 timedout=0 dropped=0 Util=0.23878
### END_ENTRY users=50 run=14 ###

### ENTRY users=60 run=14 seed=14 ###
ResponseTime=0.07684 Throughput=20.11875 goodput=20.11875 badput=0.00000 completed=3219 timedout=0 dropped=0 Util=0.27498
### END_ENTRY users=60 run=14 ###

### ENTRY users=70 run=14 seed=14 ###
ResponseTime=0.08069 Throughput=23.43750 goodput=23.43750 badput=0.00000 completed=3750 timedout=0 dropped=0 Util=0.31601
### END_ENTRY users=70 run=14 ###

### ENTRY users=80 run=14 seed=14 ###
ResponseTime=0.09200 Throughput=26.73750 goodput=26.73750 badput=0.00000 completed=4278 timedout=0 dropped=0 Util=0.36463
### END_ENTRY users=80 run=14 ###

### ENTRY users=90 run=14 seed=14 ###
ResponseTime=0.09238 Throughput=30.01875 goodput=30.01875 badput=0.00000 completed=4803 timedout=0 dropped=0 Util=0.39472
### END_ENTRY users=90 run=14 ###

### ENTRY users=100 run=14 seed=14 ###
ResponseTime=0.11343 Throughput=33.20625 goodput=33.20625 badput=0.00000 completed=5313 timedout=0 dropped=0 Util=0.45340
### END_ENTRY users=100 run=14 ###

### ENTRY users=110 run=14 seed=14 ###
ResponseTime=0.11948 Throughput=36.50625 goodput=36.50625 badput=0.00000 completed=5841 timedout=0 dropped=0 Util=0.49682
### END_ENTRY users=110 run=14 ###

### ENTRY users=120 run=14 seed=14 ###
ResponseTime=0.13005 Throughput=39.61250 goodput=39.61250 badput=0.00000 completed=6338 timedout=0 dropped=0 Util=0.53822
### END_ENTRY users=120 run=14 ###

### ENTRY users=130 run=14 seed=14 ###
ResponseTime=0.14131 Throughput=42.84375 goodput=42.84375 badput=0.00000 completed=6855 timedout=0 dropped=0 Util=0.58132
### END_ENTRY users=130 run=14 ###

### ENTRY users=140 run=14 seed=14 ###
ResponseTime=0.15780 Throughput=45.95000 goodput=45.95000 badput=0.00000 completed=7352 timedout=0 dropped=0 Util=0.62810
### END_ENTRY users=140 run=14 ###

### ENTRY users=150 run=14 seed=14 ###
ResponseTime=0.16955 Throughput=49.05625 goodput=49.05625 badput=0.00000 completed=7849 timedout=0 dropped=0 Util=0.66682
### END_ENTRY users=150 run=14 ###

### ENTRY users=160 run=14 seed=14 ###
ResponseTime=0.19233 Throughput=51.91250 goodput=51.91250 badput=0.00000 completed=8306 timedout=0 dropped=0 Util=0.70348
### END_ENTRY users=160 run=14 ###

### ENTRY users=170 run=14 seed=14 ###
ResponseTime=0.23176 Throughput=54.53750 goodput=54.53750 badput=0.00000 completed=8726 timedout=0 dropped=0 Util=0.74869
### END_ENTRY users=170 run=14 ###

### ENTRY users=180 run=14 seed=14 ###
ResponseTime=0.25178 Throughput=57.48125 goodput=57.48125 badput=0.00000 completed=9197 timedout=0 dropped=0 Util=0.78755
### END_ENTRY users=180 run=14 ###

### ENTRY users=190 run=14 seed=14 ###
ResponseTime=0.28268 Throughput=59.98125 goodput=59.98125 badput=0.00000 completed=9597 timedout=0 dropped=0 Util=0.82159
### END_ENTRY users=190 run=14 ###

### ENTRY users=200 run=14 seed=14 ###
ResponseTime=0.31252 Throughput=62.51250 goodput=62.51250 badput=0.00000 completed=10002 timedout=0 dropped=0 Util=0.84696
### END_ENTRY users=200 run=14 ###

### ENTRY users=210 run=14 seed=14 ###
ResponseTime=0.39736 Throughput=64.32500 goodput=64.32500 badput=0.00000 completed=10292 timedout=0 dropped=0 Util=0.88418
### END_ENTRY users=210 run=14 ###

### ENTRY users=220 run=14 seed=14 ###
ResponseTime=0.45242 Throughput=66.20625 goodput=66.20625 badput=0.00000 completed=10593 timedout=0 dropped=0 Util=0.90827
### END_ENTRY users=220 run=14 ###

### ENTRY users=230 run=14 seed=14 ###
ResponseTime=0.51150 Throughput=68.13125 goodput=68.13125 badput=0.00000 completed=10901 timedout=0 dropped=0 Util=0.93699
### END_ENTRY users=230 run=14 ###

### ENTRY users=240 run=14 seed=14 ###
ResponseTime=0.55107 Throughput=70.31875 goodput=70.31875 badput=0.00000 completed=11251 timedout=0 dropped=0 Util=0.94268
### END_ENTRY users=240 run=14 ###

### ENTRY users=250 run=14 seed=14 ###
ResponseTime=0.72250 Throughput=70.09375 goodput=70.09375 badput=0.00000 completed=11215 timedout=0 dropped=0 Util=0.96067
### END_ENTRY users=250 run=14 ###

### ENTRY users=260 run=14 seed=14 ###
ResponseTime=0.79154 Throughput=71.41875 goodput=71.41875 badput=0.00000 completed=11427 timedout=0 dropped=0 Util=0.97256
### END_ENTRY users=260 run=14 ###

### ENTRY users=270 run=14 seed=14 ###
ResponseTime=0.98170 Throughput=71.23125 goodput=71.23125 badput=0.00000 completed=11397 timedout=0 dropped=0 Util=0.97366
### END_ENTRY users=270 run=14 ###

### ENTRY users=280 run=14 seed=14 ###
ResponseTime=1.02115 Throughput=72.93125 goodput=72.93125 badput=0.00000 completed=11669 timedout=0 dropped=0 Util=0.97821
### END_ENTRY users=280 run=14 ###

### ENTRY users=290 run=14 seed=14 ###
ResponseTime=1.17850 Throughput=72.55625 goodput=72.55625 badput=0.00000 completed=11609 timedout=0 dropped=0 Util=0.98182
### END_ENTRY users=290 run=14 ###

### ENTRY users=300 run=14 seed=14 ###
ResponseTime=1.31155 Throughput=73.10000 goodput=73.10000 badput=0.00000 completed=11696 timedout=0 dropped=0 Util=0.98200
### END_ENTRY users=300 run=14 ###

### ENTRY users=310 run=14 seed=14 ###
ResponseTime=1.43303 Throughput=73.19375 goodput=73.19375 badput=0.00000 completed=11711 timedout=0 dropped=0 Util=0.98202
### END_ENTRY users=310 run=14 ###

### ENTRY users=320 run=14 seed=14 ###
ResponseTime=1.55025 Throughput=74.28750 goodput=74.28750 badput=0.00000 completed=11886 timedout=0 dropped=0 Util=0.98188
### END_ENTRY users=320 run=14 ###

### ENTRY users=330 run=14 seed=14 ###
ResponseTime=1.81539 Throughput=71.90625 goodput=71.90625 badput=0.00000 completed=11505 timedout=0 dropped=0 Util=0.98198
### END_ENTRY users=330 run=14 ###

### ENTRY users=340 run=14 seed=14 ###
ResponseTime=1.92482 Throughput=72.95625 goodput=72.95625 badput=0.00000 completed=11673 timedout=0 dropped=0 Util=0.98201
### END_ENTRY users=340 run=14 ###

### ENTRY users=350 run=14 seed=14 ###
ResponseTime=2.06167 Throughput=72.88125 goodput=72.88125 badput=0.00000 completed=11661 timedout=0 dropped=0 Util=0.98200
### END_ENTRY users=350 run=14 ###

### ENTRY users=360 run=14 seed=14 ###
ResponseTime=2.32873 Throughput=71.26875 goodput=71.26875 badput=0.00000 completed=11403 timedout=0 dropped=0 Util=0.98196
### END_ENTRY users=360 run=14 ###

### ENTRY users=370 run=14 seed=14 ###
ResponseTime=2.30240 Throughput=73.78125 goodput=73.78125 badput=0.00000 completed=11805 timedout=0 dropped=0 Util=0.98200
### END_ENTRY users=370 run=14 ###

### ENTRY users=380 run=14 seed=14 ###
ResponseTime=2.66291 Throughput=70.97500 goodput=70.97500 badput=0.00000 completed=11356 timedout=0 dropped=0 Util=0.98196
### END_ENTRY users=380 run=14 ###

### ENTRY users=390 run=14 seed=14 ###
ResponseTime=2.69959 Throughput=72.36250 goodput=72.36250 badput=0.00000 completed=11578 timedout=0 dropped=0 Util=0.98199
### END_ENTRY users=390 run=14 ###

### ENTRY users=400 run=14 seed=14 ###
ResponseTime=2.83402 Throughput=72.73125 goodput=72.72500 badput=0.00625 completed=11636 timedout=1 dropped=0 Util=0.98200
### END_ENTRY users=400 run=14 ###

### ENTRY users=410 run=14 seed=14 ###
ResponseTime=2.94829 Throughput=72.63125 goodput=72.61875 badput=0.01250 completed=11619 timedout=2 dropped=0 Util=0.98200
### END_ENTRY users=410 run=14 ###

### ENTRY users=420 run=14 seed=14 ###
ResponseTime=3.21548 Throughput=71.49375 goodput=71.46875 badput=0.02500 completed=11435 timedout=4 dropped=0 Util=0.98199
### END_ENTRY users=420 run=14 ###

### ENTRY users=430 run=14 seed=14 ###
ResponseTime=3.25972 Throughput=72.88125 goodput=72.83750 badput=0.04375 completed=11654 timedout=7 dropped=0 Util=0.98198
### END_ENTRY users=430 run=14 ###

### ENTRY users=440 run=14 seed=14 ###
ResponseTime=3.46366 Throughput=71.84375 goodput=71.76875 badput=0.07500 completed=11483 timedout=12 dropped=0 Util=0.98200
### END_ENTRY users=440 run=14 ###

### ENTRY users=450 run=14 seed=14 ###
ResponseTime=3.55072 Throughput=72.35625 goodput=72.28125 badput=0.07500 completed=11565 timedout=12 dropped=0 Util=0.98198
### END_ENTRY users=450 run=14 ###

### ENTRY users=460 run=14 seed=14 ###
ResponseTime=3.64417 Throughput=73.13125 goodput=73.05625 badput=0.07500 completed=11689 timedout=12 dropped=0 Util=0.98199
### END_ENTRY users=460 run=14 ###

### ENTRY users=470 run=14 seed=14 ###
ResponseTime=3.87907 Throughput=72.45000 goodput=72.37500 badput=0.07500 completed=11580 timedout=12 dropped=0 Util=0.98195
### END_ENTRY users=470 run=14 ###

### ENTRY users=480 run=14 seed=14 ###
ResponseTime=3.93022 Throughput=73.09375 goodput=73.00625 badput=0.08750 completed=11681 timedout=14 dropped=0 Util=0.98198
### END_ENTRY users=480 run=14 ###

### ENTRY users=490 run=14 seed=14 ###
ResponseTime=4.16363 Throughput=72.53750 goodput=72.51250 badput=0.02500 completed=11602 timedout=4 dropped=0 Util=0.98196
### END_ENTRY users=490 run=14 ###

### ENTRY users=500 run=14 seed=14 ###
ResponseTime=4.27856 Throughput=72.95625 goodput=72.88125 badput=0.07500 completed=11661 timedout=12 dropped=0 Util=0.98197
### END_ENTRY users=500 run=14 ###

### ENTRY users=510 run=14 seed=14 ###
ResponseTime=4.39808 Throughput=72.88125 goodput=72.76875 badput=0.11250 completed=11643 timedout=18 dropped=0 Util=0.98197
### END_ENTRY users=510 run=14 ###

### ENTRY users=520 run=14 seed=14 ###
ResponseTime=4.45803 Throughput=73.85000 goodput=73.75000 badput=0.10000 completed=11800 timedout=16 dropped=0 Util=0.98198
### END_ENTRY users=520 run=14 ###

### ENTRY users=530 run=14 seed=14 ###
ResponseTime=4.78718 Throughput=72.22500 goodput=72.10625 badput=0.11875 completed=11537 timedout=19 dropped=0 Util=0.98195
### END_ENTRY users=530 run=14 ###

### ENTRY users=540 run=14 seed=14 ###
ResponseTime=4.76222 Throughput=73.60625 goodput=73.48125 badput=0.12500 completed=11757 timedout=20 dropped=0 Util=0.98198
### END_ENTRY users=540 run=14 ###

### ENTRY users=550 run=14 seed=14 ###
ResponseTime=5.03756 Throughput=72.81875 goodput=72.72500 badput=0.09375 completed=11636 timedout=15 dropped=0 Util=0.98196
### END_ENTRY users=550 run=14 ###

### ENTRY users=560 run=14 seed=14 ###
ResponseTime=5.12567 Throughput=73.36875 goodput=73.25625 badput=0.11250 completed=11721 timedout=18 dropped=0 Util=0.98195
### END_ENTRY users=560 run=14 ###

### ENTRY users=570 run=14 seed=14 ###
ResponseTime=5.41067 Throughput=72.28750 goodput=72.15625 badput=0.13125 completed=11545 timedout=21 dropped=0 Util=0.98193
### END_ENTRY users=570 run=14 ###

### ENTRY users=580 run=14 seed=14 ###
ResponseTime=5.51852 Throughput=72.46875 goodput=72.35000 badput=0.11875 completed=11576 timedout=19 dropped=0 Util=0.98196
### END_ENTRY users=580 run=14 ###

### ENTRY users=590 run=14 seed=14 ###
ResponseTime=5.66908 Throughput=72.48750 goodput=72.31250 badput=0.17500 completed=11570 timedout=28 dropped=0 Util=0.98195
### END_ENTRY users=590 run=14 ###

### ENTRY users=600 run=14 seed=14 ###
ResponseTime=5.87038 Throughput=72.30625 goodput=72.15625 badput=0.15000 completed=11545 timedout=24 dropped=0 Util=0.98193
### END_ENTRY users=600 run=14 ###

### ENTRY users=610 run=14 seed=14 ###
ResponseTime=5.87462 Throughput=73.18125 goodput=73.02500 badput=0.15625 completed=11684 timedout=25 dropped=0 Util=0.98197
### END_ENTRY users=610 run=14 ###

### ENTRY users=620 run=14 seed=14 ###
ResponseTime=6.09937 Throughput=72.69375 goodput=72.53125 badput=0.16250 completed=11605 timedout=26 dropped=0 Util=0.98197
### END_ENTRY users=620 run=14 ###

### ENTRY users=630 run=14 seed=14 ###
ResponseTime=6.25386 Throughput=72.71875 goodput=72.56250 badput=0.15625 completed=11610 timedout=25 dropped=0 Util=0.98198
### END_ENTRY users=630 run=14 ###

### ENTRY users=640 run=14 seed=14 ###
ResponseTime=6.43148 Throughput=72.29375 goodput=72.12500 badput=0.16875 completed=11540 timedout=27 dropped=0 Util=0.98197
### END_ENTRY users=640 run=14 ###

### ENTRY users=650 run=14 seed=14 ###
ResponseTime=6.48573 Throughput=72.94375 goodput=72.79375 badput=0.15000 completed=11647 timedout=24 dropped=0 Util=0.98197
### END_ENTRY users=650 run=14 ###

### ENTRY users=660 run=14 seed=14 ###
ResponseTime=6.59241 Throughput=73.30625 goodput=73.15625 badput=0.15000 completed=11705 timedout=24 dropped=0 Util=0.98198
### END_ENTRY users=660 run=14 ###

### ENTRY users=670 run=14 seed=14 ###
ResponseTime=6.91809 Throughput=72.37500 goodput=72.18125 badput=0.19375 completed=11549 timedout=31 dropped=0 Util=0.98194
### END_ENTRY users=670 run=14 ###

### ENTRY users=680 run=14 seed=14 ###
ResponseTime=6.94296 Throughput=72.78125 goodput=72.61875 badput=0.16250 completed=11619 timedout=26 dropped=0 Util=0.98197
### END_ENTRY users=680 run=14 ###

### ENTRY users=690 run=14 seed=14 ###
ResponseTime=7.07884 Throughput=73.21250 goodput=73.04375 badput=0.16875 completed=11687 timedout=27 dropped=0 Util=0.98197
### END_ENTRY users=690 run=14 ###

### ENTRY users=700 run=14 seed=14 ###
ResponseTime=7.11773 Throughput=73.73750 goodput=73.54375 badput=0.19375 completed=11767 timedout=31 dropped=0 Util=0.98199
### END_ENTRY users=700 run=14 ###

### ENTRY users=710 run=14 seed=14 ###
ResponseTime=7.31850 Throughput=73.68750 goodput=73.53125 badput=0.15625 completed=11765 timedout=25 dropped=0 Util=0.98198
### END_ENTRY users=710 run=14 ###

### ENTRY users=720 run=14 seed=14 ###
ResponseTime=7.73759 Throughput=71.72500 goodput=71.51875 badput=0.20625 completed=11443 timedout=33 dropped=0 Util=0.98193
### END_ENTRY users=720 run=14 ###

### ENTRY users=730 run=14 seed=14 ###
ResponseTime=7.73089 Throughput=73.12500 goodput=72.90000 badput=0.22500 completed=11664 timedout=36 dropped=0 Util=0.98195
### END_ENTRY users=730 run=14 ###

### ENTRY users=740 run=14 seed=14 ###
ResponseTime=7.87044 Throughput=72.78750 goodput=72.54375 badput=0.24375 completed=11607 timedout=39 dropped=0 Util=0.98195
### END_ENTRY users=740 run=14 ###

### ENTRY users=750 run=14 seed=14 ###
ResponseTime=8.07119 Throughput=72.68125 goodput=72.41250 badput=0.26875 completed=11586 timedout=43 dropped=0 Util=0.98192
### END_ENTRY users=750 run=14 ###

### ENTRY users=760 run=14 seed=14 ###
ResponseTime=8.13612 Throughput=73.03750 goodput=72.73125 badput=0.30625 completed=11637 timedout=49 dropped=0 Util=0.98196
### END_ENTRY users=760 run=14 ###

### ENTRY users=770 run=14 seed=14 ###
ResponseTime=8.27715 Throughput=73.10625 goodput=72.83750 badput=0.26875 completed=11654 timedout=43 dropped=0 Util=0.98197
### END_ENTRY users=770 run=14 ###

### ENTRY users=780 run=14 seed=14 ###
ResponseTime=8.43143 Throughput=73.11875 goodput=72.83125 badput=0.28750 completed=11653 timedout=46 dropped=0 Util=0.98196
### END_ENTRY users=780 run=14 ###

### ENTRY users=790 run=14 seed=14 ###
ResponseTime=8.75564 Throughput=72.23750 goodput=71.96250 badput=0.27500 completed=11514 timedout=44 dropped=0 Util=0.98194
### END_ENTRY users=790 run=14 ###

### ENTRY users=800 run=14 seed=14 ###
ResponseTime=8.86290 Throughput=72.46250 goodput=72.11875 badput=0.34375 completed=11539 timedout=55 dropped=0 Util=0.98195
### END_ENTRY users=800 run=14 ###

### ENTRY users=810 run=14 seed=14 ###
ResponseTime=9.04884 Throughput=72.11250 goodput=71.73750 badput=0.37500 completed=11478 timedout=60 dropped=0 Util=0.98195
### END_ENTRY users=810 run=14 ###

### ENTRY users=820 run=14 seed=14 ###
ResponseTime=9.06716 Throughput=72.89375 goodput=72.53125 badput=0.36250 completed=11605 timedout=58 dropped=0 Util=0.98199
### END_ENTRY users=820 run=14 ###

### ENTRY users=830 run=14 seed=14 ###
ResponseTime=9.22641 Throughput=73.02500 goodput=72.66250 badput=0.36250 completed=11626 timedout=58 dropped=0 Util=0.98199
### END_ENTRY users=830 run=14 ###

### ENTRY users=840 run=14 seed=14 ###
ResponseTime=9.48577 Throughput=72.30000 goodput=71.89375 badput=0.40625 completed=11503 timedout=65 dropped=0 Util=0.98196
### END_ENTRY users=840 run=14 ###

### ENTRY users=850 run=14 seed=14 ###
ResponseTime=9.48374 Throughput=72.90000 goodput=72.51250 badput=0.38750 completed=11602 timedout=62 dropped=0 Util=0.98198
### END_ENTRY users=850 run=14 ###

### ENTRY users=860 run=14 seed=14 ###
ResponseTime=9.61338 Throughput=73.03125 goodput=72.63750 badput=0.39375 completed=11622 timedout=63 dropped=0 Util=0.98197
### END_ENTRY users=860 run=14 ###

### ENTRY users=870 run=14 seed=14 ###
ResponseTime=9.79453 Throughput=72.71250 goodput=72.31875 badput=0.39375 completed=11571 timedout=63 dropped=0 Util=0.98198
### END_ENTRY users=870 run=14 ###

### ENTRY users=880 run=14 seed=14 ###
ResponseTime=9.93748 Throughput=72.85625 goodput=72.43750 badput=0.41875 completed=11590 timedout=67 dropped=0 Util=0.98196
### END_ENTRY users=880 run=14 ###

### ENTRY users=890 run=14 seed=14 ###
ResponseTime=10.08010 Throughput=72.96250 goodput=72.48750 badput=0.47500 completed=11598 timedout=76 dropped=0 Util=0.98197
### END_ENTRY users=890 run=14 ###

### ENTRY users=900 run=14 seed=14 ###
ResponseTime=10.35637 Throughput=72.11250 goodput=71.54375 badput=0.56875 completed=11447 timedout=91 dropped=0 Util=0.98195
### END_ENTRY users=900 run=14 ###

### ENTRY users=910 run=14 seed=14 ###
ResponseTime=10.43322 Throughput=72.60625 goodput=72.08750 badput=0.51875 completed=11534 timedout=83 dropped=0 Util=0.98197
### END_ENTRY users=910 run=14 ###

### ENTRY users=920 run=14 seed=14 ###
ResponseTime=10.64895 Throughput=72.31250 goodput=71.73125 badput=0.58125 completed=11477 timedout=93 dropped=0 Util=0.98194
### END_ENTRY users=920 run=14 ###

### ENTRY users=930 run=14 seed=14 ###
ResponseTime=10.51078 Throughput=73.71875 goodput=73.25625 badput=0.46250 completed=11721 timedout=74 dropped=0 Util=0.98197
### END_ENTRY users=930 run=14 ###

### ENTRY users=940 run=14 seed=14 ###
ResponseTime=10.86560 Throughput=72.81250 goodput=72.20000 badput=0.61250 completed=11552 timedout=98 dropped=0 Util=0.98194
### END_ENTRY users=940 run=14 ###

### ENTRY users=950 run=14 seed=14 ###
ResponseTime=11.05804 Throughput=72.85625 goodput=72.18750 badput=0.66875 completed=11550 timedout=107 dropped=0 Util=0.98197
### END_ENTRY users=950 run=14 ###

### ENTRY users=960 run=14 seed=14 ###
ResponseTime=11.21090 Throughput=72.58125 goodput=71.92500 badput=0.65625 completed=11508 timedout=105 dropped=0 Util=0.98197
### END_ENTRY users=960 run=14 ###

### ENTRY users=970 run=14 seed=14 ###
ResponseTime=11.31669 Throughput=72.79375 goodput=72.25625 badput=0.53750 completed=11561 timedout=86 dropped=0 Util=0.98194
### END_ENTRY users=970 run=14 ###

### ENTRY users=980 run=14 seed=14 ###
ResponseTime=11.30408 Throughput=73.65625 goodput=73.00625 badput=0.65000 completed=11681 timedout=104 dropped=0 Util=0.98200
### END_ENTRY users=980 run=14 ###

### ENTRY users=990 run=14 seed=14 ###
ResponseTime=11.63563 Throughput=72.63125 goodput=71.94375 badput=0.68750 completed=11511 timedout=110 dropped=0 Util=0.98199
### END_ENTRY users=990 run=14 ###

### ENTRY users=1000 run=14 seed=14 ###
ResponseTime=11.56995 Throughput=73.70625 goodput=73.03750 badput=0.66875 completed=11686 timedout=107 dropped=0 Util=0.98198
### END_ENTRY users=1000 run=14 ###

### ENTRY users=1010 run=14 seed=14 ###
ResponseTime=11.99426 Throughput=72.78750 goodput=72.00000 badput=0.78750 completed=11520 timedout=126 dropped=0 Util=0.98197
### END_ENTRY users=1010 run=14 ###

### ENTRY users=1020 run=14 seed=14 ###
ResponseTime=12.19859 Throughput=72.46875 goodput=71.64375 badput=0.82500 completed=11463 timedout=132 dropped=0 Util=0.98196
### END_ENTRY users=1020 run=14 ###

### ENTRY users=1030 run=14 seed=14 ###
ResponseTime=12.13066 Throughput=73.03125 goodput=72.22500 badput=0.80625 completed=11556 timedout=129 dropped=0 Util=0.98199
### END_ENTRY users=1030 run=14 ###

### ENTRY users=1040 run=14 seed=14 ###
ResponseTime=12.55931 Throughput=71.69375 goodput=70.71250 badput=0.98125 completed=11314 timedout=157 dropped=0 Util=0.98195
### END_ENTRY users=1040 run=14 ###

### ENTRY users=1050 run=14 seed=14 ###
ResponseTime=12.53493 Throughput=72.57500 goodput=71.59375 badput=0.98125 completed=11455 timedout=157 dropped=0 Util=0.98195
### END_ENTRY users=1050 run=14 ###

### ENTRY users=1060 run=14 seed=14 ###
ResponseTime=12.40567 Throughput=73.96250 goodput=73.10625 badput=0.85625 completed=11697 timedout=137 dropped=0 Util=0.98201
### END_ENTRY users=1060 run=14 ###

### ENTRY users=1070 run=14 seed=14 ###
ResponseTime=12.62654 Throughput=73.88125 goodput=72.94375 badput=0.93750 completed=11671 timedout=150 dropped=0 Util=0.98198
### END_ENTRY users=1070 run=14 ###

### ENTRY users=1080 run=14 seed=14 ###
ResponseTime=12.89022 Throughput=73.04375 goodput=71.98125 badput=1.06250 completed=11517 timedout=170 dropped=0 Util=0.98198
### END_ENTRY users=1080 run=14 ###

### ENTRY users=1090 run=14 seed=14 ###
ResponseTime=12.97489 Throughput=73.68750 goodput=72.57500 badput=1.11250 completed=11612 timedout=178 dropped=0 Util=0.98199
### END_ENTRY users=1090 run=14 ###

### ENTRY users=1100 run=14 seed=14 ###
ResponseTime=13.04064 Throughput=73.43125 goodput=72.30625 badput=1.12500 completed=11569 timedout=180 dropped=0 Util=0.98195
### END_ENTRY users=1100 run=14 ###

### ENTRY users=1110 run=14 seed=14 ###
ResponseTime=13.28909 Throughput=73.30625 goodput=72.16250 badput=1.14375 completed=11546 timedout=183 dropped=0 Util=0.98197
### END_ENTRY users=1110 run=14 ###

### ENTRY users=1120 run=14 seed=14 ###
ResponseTime=13.22014 Throughput=74.19375 goodput=73.09375 badput=1.10000 completed=11695 timedout=176 dropped=0 Util=0.98201
### END_ENTRY users=1120 run=14 ###

### ENTRY users=1130 run=14 seed=14 ###
ResponseTime=13.62982 Throughput=72.85000 goodput=71.58750 badput=1.26250 completed=11454 timedout=202 dropped=0 Util=0.98196
### END_ENTRY users=1130 run=14 ###

### ENTRY users=1140 run=14 seed=14 ###
ResponseTime=13.66571 Throughput=73.54375 goodput=72.18750 badput=1.35625 completed=11550 timedout=217 dropped=0 Util=0.98194
### END_ENTRY users=1140 run=14 ###

### ENTRY users=1150 run=14 seed=14 ###
ResponseTime=13.96498 Throughput=72.72500 goodput=71.25000 badput=1.47500 completed=11400 timedout=236 dropped=0 Util=0.98193
### END_ENTRY users=1150 run=14 ###

### ENTRY users=1160 run=14 seed=14 ###
ResponseTime=14.31072 Throughput=72.43125 goodput=70.83750 badput=1.59375 completed=11334 timedout=255 dropped=0 Util=0.98198
### END_ENTRY users=1160 run=14 ###

### ENTRY users=1170 run=14 seed=14 ###
ResponseTime=14.31305 Throughput=72.53750 goodput=70.76875 badput=1.76875 completed=11323 timedout=283 dropped=0 Util=0.98195
### END_ENTRY users=1170 run=14 ###

### ENTRY users=1180 run=14 seed=14 ###
ResponseTime=14.22662 Throughput=73.66250 goodput=71.96250 badput=1.70000 completed=11514 timedout=272 dropped=0 Util=0.98200
### END_ENTRY users=1180 run=14 ###

### ENTRY users=1190 run=14 seed=14 ###
ResponseTime=14.59962 Throughput=72.46875 goodput=70.53750 badput=1.93125 completed=11286 timedout=309 dropped=0 Util=0.98198
### END_ENTRY users=1190 run=14 ###

### ENTRY users=1200 run=14 seed=14 ###
ResponseTime=14.75847 Throughput=72.57500 goodput=70.79375 badput=1.78125 completed=11327 timedout=285 dropped=0 Util=0.98195
### END_ENTRY users=1200 run=14 ###

### ENTRY users=1210 run=14 seed=14 ###
ResponseTime=14.69672 Throughput=73.42500 goodput=71.55000 badput=1.87500 completed=11448 timedout=300 dropped=0 Util=0.98197
### END_ENTRY users=1210 run=14 ###

### ENTRY users=1220 run=14 seed=14 ###
ResponseTime=14.97955 Throughput=73.01250 goodput=70.96875 badput=2.04375 completed=11355 timedout=327 dropped=0 Util=0.98200
### END_ENTRY users=1220 run=14 ###

### ENTRY users=1230 run=14 seed=14 ###
ResponseTime=15.06010 Throughput=72.99375 goodput=70.84375 badput=2.15000 completed=11335 timedout=344 dropped=0 Util=0.98196
### END_ENTRY users=1230 run=14 ###

### ENTRY users=1240 run=14 seed=14 ###
ResponseTime=15.23402 Throughput=72.73125 goodput=70.52500 badput=2.20625 completed=11284 timedout=353 dropped=0 Util=0.98196
### END_ENTRY users=1240 run=14 ###

### ENTRY users=1250 run=14 seed=14 ###
ResponseTime=15.16743 Throughput=74.11875 goodput=71.92500 badput=2.19375 completed=11508 timedout=351 dropped=0 Util=0.98199
### END_ENTRY users=1250 run=14 ###

### ENTRY users=1260 run=14 seed=14 ###
ResponseTime=15.59918 Throughput=72.66875 goodput=70.08750 badput=2.58125 completed=11214 timedout=413 dropped=0 Util=0.98198
### END_ENTRY users=1260 run=14 ###

### ENTRY users=1270 run=14 seed=14 ###
ResponseTime=15.66696 Throughput=73.15625 goodput=70.67500 badput=2.48125 completed=11308 timedout=397 dropped=0 Util=0.98198
### END_ENTRY users=1270 run=14 ###

### ENTRY users=1280 run=14 seed=14 ###
ResponseTime=15.70336 Throughput=73.38125 goodput=70.83125 badput=2.55000 completed=11333 timedout=408 dropped=0 Util=0.98202
### END_ENTRY users=1280 run=14 ###

### ENTRY users=1290 run=14 seed=14 ###
ResponseTime=15.80287 Throughput=73.27500 goodput=70.45000 badput=2.82500 completed=11272 timedout=452 dropped=0 Util=0.98197
### END_ENTRY users=1290 run=14 ###

### ENTRY users=1300 run=14 seed=14 ###
ResponseTime=15.79613 Throughput=73.93125 goodput=71.21875 badput=2.71250 completed=11395 timedout=434 dropped=0 Util=0.98198
### END_ENTRY users=1300 run=14 ###

### ENTRY users=1310 run=14 seed=14 ###
ResponseTime=16.12718 Throughput=73.16250 goodput=70.06250 badput=3.10000 completed=11210 timedout=496 dropped=0 Util=0.98197
### END_ENTRY users=1310 run=14 ###

### ENTRY users=1320 run=14 seed=14 ###
ResponseTime=16.70107 Throughput=71.98125 goodput=68.41875 badput=3.56250 completed=10947 timedout=570 dropped=0 Util=0.98196
### END_ENTRY users=1320 run=14 ###

### ENTRY users=1330 run=14 seed=14 ###
ResponseTime=16.50100 Throughput=72.98750 goodput=69.66875 badput=3.31875 completed=11147 timedout=531 dropped=0 Util=0.98194
### END_ENTRY users=1330 run=14 ###

### ENTRY users=1340 run=14 seed=14 ###
ResponseTime=16.74946 Throughput=72.79375 goodput=69.12500 badput=3.66875 completed=11060 timedout=587 dropped=0 Util=0.98198
### END_ENTRY users=1340 run=14 ###

### ENTRY users=1350 run=14 seed=14 ###
ResponseTime=16.54262 Throughput=73.82500 goodput=70.46250 badput=3.36250 completed=11274 timedout=538 dropped=0 Util=0.98200
### END_ENTRY users=1350 run=14 ###

### ENTRY users=1360 run=14 seed=14 ###
ResponseTime=16.74532 Throughput=73.78750 goodput=70.20625 badput=3.58125 completed=11233 timedout=573 dropped=0 Util=0.98196
### END_ENTRY users=1360 run=14 ###

### ENTRY users=1370 run=14 seed=14 ###
ResponseTime=17.20965 Throughput=72.81875 goodput=68.66875 badput=4.15000 completed=10987 timedout=664 dropped=0 Util=0.98197
### END_ENTRY users=1370 run=14 ###

### ENTRY users=1380 run=14 seed=14 ###
ResponseTime=17.06558 Throughput=73.71875 goodput=69.85625 badput=3.86250 completed=11177 timedout=618 dropped=0 Util=0.98202
### END_ENTRY users=1380 run=14 ###

### ENTRY users=1390 run=14 seed=14 ###
ResponseTime=17.68096 Throughput=72.01875 goodput=66.95000 badput=5.06875 completed=10712 timedout=811 dropped=0 Util=0.98192
### END_ENTRY users=1390 run=14 ###

### ENTRY users=1400 run=14 seed=14 ###
ResponseTime=17.27560 Throughput=73.73750 goodput=69.40000 badput=4.33750 completed=11104 timedout=694 dropped=0 Util=0.98199
### END_ENTRY users=1400 run=14 ###

### ENTRY users=1410 run=14 seed=14 ###
ResponseTime=18.00555 Throughput=71.97500 goodput=66.45000 badput=5.52500 completed=10632 timedout=884 dropped=0 Util=0.98196
### END_ENTRY users=1410 run=14 ###

### ENTRY users=1420 run=14 seed=14 ###
ResponseTime=17.59928 Throughput=73.92500 goodput=69.14375 badput=4.78125 completed=11063 timedout=765 dropped=0 Util=0.98198
### END_ENTRY users=1420 run=14 ###

### ENTRY users=1430 run=14 seed=14 ###
ResponseTime=18.05775 Throughput=72.48750 goodput=66.34375 badput=6.14375 completed=10615 timedout=983 dropped=0 Util=0.98197
### END_ENTRY users=1430 run=14 ###

### ENTRY users=1440 run=14 seed=14 ###
ResponseTime=18.03975 Throughput=73.20625 goodput=67.55000 badput=5.65625 completed=10808 timedout=905 dropped=0 Util=0.98195
### END_ENTRY users=1440 run=14 ###

### ENTRY users=1450 run=14 seed=14 ###
ResponseTime=18.38652 Throughput=72.56250 goodput=66.13750 badput=6.42500 completed=10582 timedout=1028 dropped=0 Util=0.98197
### END_ENTRY users=1450 run=14 ###

### ENTRY users=1460 run=14 seed=14 ###
ResponseTime=18.22808 Throughput=73.32500 goodput=67.53125 badput=5.79375 completed=10805 timedout=927 dropped=0 Util=0.98199
### END_ENTRY users=1460 run=14 ###

### ENTRY users=1470 run=14 seed=14 ###
ResponseTime=18.64091 Throughput=72.87500 goodput=66.05625 badput=6.81875 completed=10569 timedout=1091 dropped=0 Util=0.98197
### END_ENTRY users=1470 run=14 ###

### ENTRY users=1480 run=14 seed=14 ###
ResponseTime=18.63137 Throughput=73.07500 goodput=66.24375 badput=6.83125 completed=10599 timedout=1093 dropped=0 Util=0.98196
### END_ENTRY users=1480 run=14 ###

### ENTRY users=1490 run=14 seed=14 ###
ResponseTime=18.95686 Throughput=72.57500 goodput=64.73125 badput=7.84375 completed=10357 timedout=1255 dropped=0 Util=0.98196
### END_ENTRY users=1490 run=14 ###

### ENTRY users=1500 run=14 seed=14 ###
ResponseTime=18.53219 Throughput=74.01875 goodput=67.56250 badput=6.45625 completed=10810 timedout=1033 dropped=0 Util=0.98200
### END_ENTRY users=1500 run=14 ###

### ENTRY users=1510 run=14 seed=14 ###
ResponseTime=19.04167 Throughput=72.66250 goodput=64.64375 badput=8.01875 completed=10343 timedout=1283 dropped=0 Util=0.98196
### END_ENTRY users=1510 run=14 ###

### ENTRY users=1520 run=14 seed=14 ###
ResponseTime=19.28126 Throughput=72.70625 goodput=64.45625 badput=8.25000 completed=10313 timedout=1320 dropped=0 Util=0.98197
### END_ENTRY users=1520 run=14 ###

### ENTRY users=1530 run=14 seed=14 ###
ResponseTime=19.64477 Throughput=71.88125 goodput=62.05000 badput=9.83125 completed=9928 timedout=1573 dropped=0 Util=0.98196
### END_ENTRY users=1530 run=14 ###

### ENTRY users=1540 run=14 seed=14 ###
ResponseTime=19.52794 Throughput=72.70625 goodput=63.38125 badput=9.32500 completed=10141 timedout=1492 dropped=0 Util=0.98197
### END_ENTRY users=1540 run=14 ###

### ENTRY users=1550 run=14 seed=14 ###
ResponseTime=19.45482 Throughput=73.75625 goodput=64.90000 badput=8.85625 completed=10384 timedout=1417 dropped=0 Util=0.98201
### END_ENTRY users=1550 run=14 ###

### ENTRY users=1560 run=14 seed=14 ###
ResponseTime=19.89295 Throughput=72.70625 goodput=62.30000 badput=10.40625 completed=9968 timedout=1665 dropped=0 Util=0.98195
### END_ENTRY users=1560 run=14 ###

### ENTRY users=1570 run=14 seed=14 ###
ResponseTime=20.27419 Throughput=72.00625 goodput=60.62500 badput=11.38125 completed=9700 timedout=1821 dropped=0 Util=0.98195
### END_ENTRY users=1570 run=14 ###

### ENTRY users=1580 run=14 seed=14 ###
ResponseTime=20.27189 Throughput=72.59375 goodput=60.60625 badput=11.98750 completed=9697 timedout=1918 dropped=0 Util=0.98194
### END_ENTRY users=1580 run=14 ###

### ENTRY users=1590 run=14 seed=14 ###
ResponseTime=20.06671 Throughput=73.64375 goodput=62.91250 badput=10.73125 completed=10066 timedout=1717 dropped=0 Util=0.98195
### END_ENTRY users=1590 run=14 ###

### ENTRY users=1600 run=14 seed=14 ###
ResponseTime=20.28257 Throughput=73.38750 goodput=61.76875 badput=11.61875 completed=9883 timedout=1859 dropped=0 Util=0.98196
### END_ENTRY users=1600 run=14 ###

### ENTRY users=1610 run=14 seed=14 ###
ResponseTime=20.37903 Throughput=73.63750 goodput=61.77500 badput=11.86250 completed=9884 timedout=1898 dropped=0 Util=0.98198
### END_ENTRY users=1610 run=14 ###

### ENTRY users=1620 run=14 seed=14 ###
ResponseTime=20.64963 Throughput=73.26875 goodput=60.39375 badput=12.87500 completed=9663 timedout=2060 dropped=0 Util=0.98197
### END_ENTRY users=1620 run=14 ###

### ENTRY users=1630 run=14 seed=14 ###
ResponseTime=20.56921 Throughput=73.44375 goodput=60.73750 badput=12.70625 completed=9718 timedout=2033 dropped=0 Util=0.98197
### END_ENTRY users=1630 run=14 ###

### ENTRY users=1640 run=14 seed=14 ###
ResponseTime=21.04036 Throughput=72.89375 goodput=57.93125 badput=14.96250 completed=9269 timedout=2394 dropped=0 Util=0.98197
### END_ENTRY users=1640 run=14 ###

### ENTRY users=1650 run=14 seed=14 ###
ResponseTime=21.15438 Throughput=72.98750 goodput=57.40000 badput=15.58750 completed=9184 timedout=2494 dropped=0 Util=0.98196
### END_ENTRY users=1650 run=14 ###

### ENTRY users=1660 run=14 seed=14 ###
ResponseTime=21.15738 Throughput=73.55625 goodput=58.43125 badput=15.12500 completed=9349 timedout=2420 dropped=0 Util=0.98199
### END_ENTRY users=1660 run=14 ###

### ENTRY users=1670 run=14 seed=14 ###
ResponseTime=21.26475 Throughput=73.52500 goodput=57.40625 badput=16.11875 completed=9185 timedout=2579 dropped=0 Util=0.98196
### END_ENTRY users=1670 run=14 ###

### ENTRY users=1680 run=14 seed=14 ###
ResponseTime=21.83369 Throughput=72.54375 goodput=53.09375 badput=19.45000 completed=8495 timedout=3112 dropped=0 Util=0.98196
### END_ENTRY users=1680 run=14 ###

### ENTRY users=1690 run=14 seed=14 ###
ResponseTime=21.45214 Throughput=73.88750 goodput=57.20000 badput=16.68750 completed=9152 timedout=2670 dropped=0 Util=0.98197
### END_ENTRY users=1690 run=14 ###

### ENTRY users=1700 run=14 seed=14 ###
ResponseTime=22.06519 Throughput=73.07500 goodput=52.26250 badput=20.81250 completed=8362 timedout=3330 dropped=0 Util=0.98196
### END_ENTRY users=1700 run=14 ###

### ENTRY users=1710 run=14 seed=14 ###
ResponseTime=22.53453 Throughput=72.61875 goodput=49.60625 badput=23.01250 completed=7937 timedout=3682 dropped=0 Util=0.98195
### END_ENTRY users=1710 run=14 ###

### ENTRY users=1720 run=14 seed=14 ###
ResponseTime=22.70139 Throughput=72.50000 goodput=48.42500 badput=24.07500 completed=7748 timedout=3852 dropped=0 Util=0.98197
### END_ENTRY users=1720 run=14 ###

### ENTRY users=1730 run=14 seed=14 ###
ResponseTime=23.06577 Throughput=72.28125 goodput=45.34375 badput=26.93750 completed=7255 timedout=4310 dropped=0 Util=0.98195
### END_ENTRY users=1730 run=14 ###

### ENTRY users=1740 run=14 seed=14 ###
ResponseTime=23.14697 Throughput=72.60625 goodput=45.13125 badput=27.47500 completed=7221 timedout=4396 dropped=0 Util=0.98194
### END_ENTRY users=1740 run=14 ###

### ENTRY users=1750 run=14 seed=14 ###
ResponseTime=23.14547 Throughput=72.74375 goodput=45.00000 badput=27.74375 completed=7200 timedout=4439 dropped=0 Util=0.98197
### END_ENTRY users=1750 run=14 ###

### ENTRY users=1760 run=14 seed=14 ###
ResponseTime=23.19498 Throughput=73.23750 goodput=45.21250 badput=28.02500 completed=7234 timedout=4484 dropped=0 Util=0.98197
### END_ENTRY users=1760 run=14 ###

### ENTRY users=1770 run=14 seed=14 ###
ResponseTime=23.19117 Throughput=72.76875 goodput=43.92500 badput=28.84375 completed=7028 timedout=4615 dropped=59 Util=0.98196
### END_ENTRY users=1770 run=14 ###

### ENTRY users=1780 run=14 seed=14 ###
ResponseTime=23.31663 Throughput=73.43125 goodput=43.89375 badput=29.53750 completed=7023 timedout=4726 dropped=0 Util=0.98195
### END_ENTRY users=1780 run=14 ###

### ENTRY users=1790 run=14 seed=14 ###
ResponseTime=23.68176 Throughput=73.00625 goodput=41.55625 badput=31.45000 completed=6649 timedout=5032 dropped=169 Util=0.98197
### END_ENTRY users=1790 run=14 ###

### ENTRY users=1800 run=14 seed=14 ###
ResponseTime=23.78310 Throughput=72.83125 goodput=40.45625 badput=32.37500 completed=6473 timedout=5180 dropped=428 Util=0.98194
### END_ENTRY users=1800 run=14 ###

### ENTRY users=1810 run=14 seed=14 ###
ResponseTime=23.87949 Throughput=73.52500 goodput=41.29375 badput=32.23125 completed=6607 timedout=5157 dropped=306 Util=0.98195
### END_ENTRY users=1810 run=14 ###

### ENTRY users=1820 run=14 seed=14 ###
ResponseTime=24.46724 Throughput=72.05625 goodput=36.21875 badput=35.83750 completed=5795 timedout=5734 dropped=1434 Util=0.98196
### END_ENTRY users=1820 run=14 ###

### ENTRY users=1830 run=14 seed=14 ###
ResponseTime=23.88442 Throughput=73.30625 goodput=40.48125 badput=32.82500 completed=6477 timedout=5252 dropped=1024 Util=0.98197
### END_ENTRY users=1830 run=14 ###

### ENTRY users=1840 run=14 seed=14 ###
ResponseTime=24.27105 Throughput=73.16875 goodput=38.52500 badput=34.64375 completed=6164 timedout=5543 dropped=1562 Util=0.98196
### END_ENTRY users=1840 run=14 ###

### ENTRY users=1850 run=14 seed=14 ###
ResponseTime=24.21072 Throughput=73.39375 goodput=38.75625 badput=34.63750 completed=6201 timedout=5542 dropped=1897 Util=0.98200
### END_ENTRY users=1850 run=14 ###

### ENTRY users=1860 run=14 seed=14 ###
ResponseTime=24.53005 Throughput=72.71250 goodput=36.70625 badput=36.00625 completed=5873 timedout=5761 dropped=2867 Util=0.98195
### END_ENTRY users=1860 run=14 ###

### ENTRY users=1870 run=14 seed=14 ###
ResponseTime=24.53781 Throughput=72.27500 goodput=35.75000 badput=36.52500 completed=5720 timedout=5844 dropped=3422 Util=0.98194
### END_ENTRY users=1870 run=14 ###

### ENTRY users=1880 run=14 seed=14 ###
ResponseTime=24.54953 Throughput=73.06875 goodput=36.48750 badput=36.58125 completed=5838 timedout=5853 dropped=3909 Util=0.98195
### END_ENTRY users=1880 run=14 ###

### ENTRY users=1890 run=14 seed=14 ###
ResponseTime=24.69220 Throughput=72.28125 goodput=35.01250 badput=37.26875 completed=5602 timedout=5963 dropped=4678 Util=0.98197
### END_ENTRY users=1890 run=14 ###

### ENTRY users=1900 run=14 seed=14 ###
ResponseTime=24.85361 Throughput=71.96875 goodput=33.88125 badput=38.08750 completed=5421 timedout=6094 dropped=5545 Util=0.98194
### END_ENTRY users=1900 run=14 ###

### ENTRY users=1910 run=14 seed=14 ###
ResponseTime=24.60885 Throughput=72.76875 goodput=35.46250 badput=37.30625 completed=5674 timedout=5969 dropped=5367 Util=0.98197
### END_ENTRY users=1910 run=14 ###

### ENTRY users=1920 run=14 seed=14 ###
ResponseTime=24.54721 Throughput=72.65000 goodput=35.35625 badput=37.29375 completed=5657 timedout=5967 dropped=5837 Util=0.98197
### END_ENTRY users=1920 run=14 ###

### ENTRY users=1930 run=14 seed=14 ###
ResponseTime=24.43780 Throughput=73.39375 goodput=36.69375 badput=36.70000 completed=5871 timedout=5872 dropped=5968 Util=0.98198
### END_ENTRY users=1930 run=14 ###

### ENTRY users=1940 run=14 seed=14 ###
ResponseTime=24.95295 Throughput=72.01875 goodput=33.36875 badput=38.65000 completed=5339 timedout=6184 dropped=7639 Util=0.98197
### END_ENTRY users=1940 run=14 ###

### ENTRY users=1950 run=14 seed=14 ###
ResponseTime=24.98545 Throughput=71.79375 goodput=32.88125 badput=38.91250 completed=5261 timedout=6226 dropped=8203 Util=0.98196
### END_ENTRY users=1950 run=14 ###

### ENTRY users=1960 run=14 seed=14 ###
ResponseTime=24.25614 Throughput=73.72500 goodput=38.05625 badput=35.66875 completed=6089 timedout=5707 dropped=7007 Util=0.98196
### END_ENTRY users=1960 run=14 ###

### ENTRY users=1970 run=14 seed=14 ###
ResponseTime=24.34547 Throughput=73.74375 goodput=37.26875 badput=36.47500 completed=5963 timedout=5836 dropped=7702 Util=0.98197
### END_ENTRY users=1970 run=14 ###

### ENTRY users=1980 run=14 seed=14 ###
ResponseTime=24.72973 Throughput=72.38750 goodput=34.13125 badput=38.25625 completed=5461 timedout=6121 dropped=9257 Util=0.98193
### END_ENTRY users=1980 run=14 ###

### ENTRY users=1990 run=14 seed=14 ###
ResponseTime=24.66206 Throughput=72.70000 goodput=35.24375 badput=37.45625 completed=5639 timedout=5993 dropped=9443 Util=0.98195
### END_ENTRY users=1990 run=14 ###

### ENTRY users=2000 run=14 seed=14 ###
ResponseTime=24.34757 Throughput=73.27500 goodput=36.55000 badput=36.72500 completed=5848 timedout=5876 dropped=9415 Util=0.98198
### END_ENTRY users=2000 run=14 ###

### ENTRY users=2010 run=14 seed=14 ###
ResponseTime=24.85111 Throughput=72.45625 goodput=33.98125 badput=38.47500 completed=5437 timedout=6156 dropped=10939 Util=0.98195
### END_ENTRY users=2010 run=14 ###

### ENTRY users=2020 run=14 seed=14 ###
ResponseTime=24.62776 Throughput=72.77500 goodput=34.74375 badput=38.03125 completed=5559 timedout=6085 dropped=11122 Util=0.98196
### END_ENTRY users=2020 run=14 ###

### ENTRY users=2030 run=14 seed=14 ###
ResponseTime=24.48451 Throughput=73.83750 goodput=37.04375 badput=36.79375 completed=5927 timedout=5887 dropped=11154 Util=0.98198
### END_ENTRY users=2030 run=14 ###

### ENTRY users=2040 run=14 seed=14 ###
ResponseTime=24.72398 Throughput=72.71250 goodput=34.35625 badput=38.35625 completed=5497 timedout=6137 dropped=12605 Util=0.98193
### END_ENTRY users=2040 run=14 ###

### ENTRY users=2050 run=14 seed=14 ###
ResponseTime=24.44680 Throughput=73.50625 goodput=36.46250 badput=37.04375 completed=5834 timedout=5927 dropped=12087 Util=0.98198
### END_ENTRY users=2050 run=14 ###

### ENTRY users=2060 run=14 seed=14 ###
ResponseTime=24.79905 Throughput=72.13125 goodput=33.40000 badput=38.73125 completed=5344 timedout=6197 dropped=13734 Util=0.98193
### END_ENTRY users=2060 run=14 ###

### ENTRY users=2070 run=14 seed=14 ###
ResponseTime=24.85852 Throughput=72.06875 goodput=33.49375 badput=38.57500 completed=5359 timedout=6172 dropped=14383 Util=0.98197
### END_ENTRY users=2070 run=14 ###

### ENTRY users=2080 run=14 seed=14 ###
ResponseTime=24.80770 Throughput=72.26875 goodput=34.25000 badput=38.01875 completed=5480 timedout=6083 dropped=14631 Util=0.98195
### END_ENTRY users=2080 run=14 ###

### ENTRY users=2090 run=14 seed=14 ###
ResponseTime=24.73256 Throughput=72.66250 goodput=35.13125 badput=37.53125 completed=5621 timedout=6005 dropped=14992 Util=0.98196
### END_ENTRY users=2090 run=14 ###

### ENTRY users=2100 run=14 seed=14 ###
ResponseTime=24.94643 Throughput=71.99375 goodput=33.07500 badput=38.91875 completed=5292 timedout=6227 dropped=16128 Util=0.98194
### END_ENTRY users=2100 run=14 ###

### ENTRY users=2110 run=14 seed=14 ###
ResponseTime=24.52608 Throughput=73.20000 goodput=36.40625 badput=36.79375 completed=5825 timedout=5887 dropped=15391 Util=0.98197
### END_ENTRY users=2110 run=14 ###

### ENTRY users=2120 run=14 seed=14 ###
ResponseTime=24.52419 Throughput=72.85625 goodput=35.30625 badput=37.55000 completed=5649 timedout=6008 dropped=16301 Util=0.98197
### END_ENTRY users=2120 run=14 ###

### ENTRY users=2130 run=14 seed=14 ###
ResponseTime=24.57870 Throughput=73.63750 goodput=36.65000 badput=36.98750 completed=5864 timedout=5918 dropped=16546 Util=0.98196
### END_ENTRY users=2130 run=14 ###

### ENTRY users=2140 run=14 seed=14 ###
ResponseTime=24.60528 Throughput=73.02500 goodput=35.34375 badput=37.68125 completed=5655 timedout=6029 dropped=17528 Util=0.98194
### END_ENTRY users=2140 run=14 ###

### ENTRY users=2150 run=14 seed=14 ###
ResponseTime=24.80880 Throughput=72.65625 goodput=34.25000 badput=38.40625 completed=5480 timedout=6145 dropped=18390 Util=0.98195
### END_ENTRY users=2150 run=14 ###

### ENTRY users=2160 run=14 seed=14 ###
ResponseTime=24.78224 Throughput=72.63125 goodput=34.16250 badput=38.46875 completed=5466 timedout=6155 dropped=19042 Util=0.98197
### END_ENTRY users=2160 run=14 ###

### ENTRY users=2170 run=14 seed=14 ###
ResponseTime=24.50209 Throughput=73.41250 goodput=36.01875 badput=37.39375 completed=5763 timedout=5983 dropped=18848 Util=0.98199
### END_ENTRY users=2170 run=14 ###

### ENTRY users=2180 run=14 seed=14 ###
ResponseTime=24.69339 Throughput=72.60625 goodput=34.44375 badput=38.16250 completed=5511 timedout=6106 dropped=20090 Util=0.98194
### END_ENTRY users=2180 run=14 ###

### ENTRY users=2190 run=14 seed=14 ###
ResponseTime=24.41670 Throughput=73.41250 goodput=36.90625 badput=36.50625 completed=5905 timedout=5841 dropped=19592 Util=0.98200
### END_ENTRY users=2190 run=14 ###

### ENTRY users=2200 run=14 seed=14 ###
ResponseTime=24.08915 Throughput=74.43125 goodput=38.74375 badput=35.68750 completed=6199 timedout=5710 dropped=19601 Util=0.98197
### END_ENTRY users=2200 run=14 ###

### ENTRY users=2210 run=14 seed=14 ###
ResponseTime=24.59535 Throughput=73.04375 goodput=35.29375 badput=37.75000 completed=5647 timedout=6040 dropped=21242 Util=0.98196
### END_ENTRY users=2210 run=14 ###

### ENTRY users=2220 run=14 seed=14 ###
ResponseTime=24.34971 Throughput=73.62500 goodput=37.46875 badput=36.15625 completed=5995 timedout=5785 dropped=21164 Util=0.98199
### END_ENTRY users=2220 run=14 ###

### ENTRY users=2230 run=14 seed=14 ###
ResponseTime=24.43088 Throughput=73.68125 goodput=36.87500 badput=36.80625 completed=5900 timedout=5889 dropped=22010 Util=0.98199
### END_ENTRY users=2230 run=14 ###

### ENTRY users=2240 run=14 seed=14 ###
ResponseTime=24.80338 Throughput=71.97500 goodput=33.86875 badput=38.10625 completed=5419 timedout=6097 dropped=23411 Util=0.98197
### END_ENTRY users=2240 run=14 ###

### ENTRY users=2250 run=14 seed=14 ###
ResponseTime=24.31797 Throughput=73.75625 goodput=36.77500 badput=36.98125 completed=5884 timedout=5917 dropped=22920 Util=0.98202
### END_ENTRY users=2250 run=14 ###

### ENTRY users=2260 run=14 seed=14 ###
ResponseTime=24.76706 Throughput=72.39375 goodput=34.11875 badput=38.27500 completed=5459 timedout=6124 dropped=24434 Util=0.98194
### END_ENTRY users=2260 run=14 ###

### ENTRY users=2270 run=14 seed=14 ###
ResponseTime=24.63208 Throughput=72.92500 goodput=35.06875 badput=37.85625 completed=5611 timedout=6057 dropped=24649 Util=0.98198
### END_ENTRY users=2270 run=14 ###

### ENTRY users=2280 run=14 seed=14 ###
ResponseTime=24.70348 Throughput=72.64375 goodput=34.24375 badput=38.40000 completed=5479 timedout=6144 dropped=25503 Util=0.98196
### END_ENTRY users=2280 run=14 ###

### ENTRY users=2290 run=14 seed=14 ###
ResponseTime=24.56783 Throughput=73.42500 goodput=35.91250 badput=37.51250 completed=5746 timedout=6002 dropped=25471 Util=0.98197
### END_ENTRY users=2290 run=14 ###

### ENTRY users=2300 run=14 seed=14 ###
ResponseTime=24.72583 Throughput=72.85000 goodput=34.48125 badput=38.36875 completed=5517 timedout=6139 dropped=26481 Util=0.98198
### END_ENTRY users=2300 run=14 ###

### ENTRY users=2310 run=14 seed=14 ###
ResponseTime=24.86326 Throughput=72.05625 goodput=33.62500 badput=38.43125 completed=5380 timedout=6149 dropped=27334 Util=0.98196
### END_ENTRY users=2310 run=14 ###

### ENTRY users=2320 run=14 seed=14 ###
ResponseTime=25.04819 Throughput=71.27500 goodput=31.84375 badput=39.43125 completed=5095 timedout=6309 dropped=28553 Util=0.98189
### END_ENTRY users=2320 run=14 ###

### ENTRY users=2330 run=14 seed=14 ###
ResponseTime=24.89768 Throughput=72.30000 goodput=34.23125 badput=38.06875 completed=5477 timedout=6091 dropped=28220 Util=0.98198
### END_ENTRY users=2330 run=14 ###

### ENTRY users=2340 run=14 seed=14 ###
ResponseTime=24.92206 Throughput=72.13125 goodput=32.71875 badput=39.41250 completed=5235 timedout=6306 dropped=29547 Util=0.98194
### END_ENTRY users=2340 run=14 ###

### ENTRY users=2350 run=14 seed=14 ###
ResponseTime=24.99592 Throughput=72.16250 goodput=32.90625 badput=39.25625 completed=5265 timedout=6281 dropped=29901 Util=0.98196
### END_ENTRY users=2350 run=14 ###

### ENTRY users=2360 run=14 seed=14 ###
ResponseTime=24.86014 Throughput=72.51875 goodput=33.73750 badput=38.78125 completed=5398 timedout=6205 dropped=29964 Util=0.98197
### END_ENTRY users=2360 run=14 ###

### ENTRY users=2370 run=14 seed=14 ###
ResponseTime=24.43167 Throughput=73.66875 goodput=37.36250 badput=36.30625 completed=5978 timedout=5809 dropped=29371 Util=0.98199
### END_ENTRY users=2370 run=14 ###

### ENTRY users=2380 run=14 seed=14 ###
ResponseTime=24.83004 Throughput=72.30625 goodput=33.40000 badput=38.90625 completed=5344 timedout=6225 dropped=31060 Util=0.98196
### END_ENTRY users=2380 run=14 ###

### ENTRY users=2390 run=14 seed=14 ###
ResponseTime=24.86070 Throughput=72.15625 goodput=33.50625 badput=38.65000 completed=5361 timedout=6184 dropped=31773 Util=0.98196
### END_ENTRY users=2390 run=14 ###

### ENTRY users=2400 run=14 seed=14 ###
ResponseTime=24.61529 Throughput=73.26250 goodput=35.63750 badput=37.62500 completed=5702 timedout=6020 dropped=31564 Util=0.98197
### END_ENTRY users=2400 run=14 ###

### ENTRY users=2410 run=14 seed=14 ###
ResponseTime=24.78079 Throughput=72.35000 goodput=34.22500 badput=38.12500 completed=5476 timedout=6100 dropped=32756 Util=0.98197
### END_ENTRY users=2410 run=14 ###

### ENTRY users=2420 run=14 seed=14 ###
ResponseTime=24.46668 Throughput=73.53750 goodput=36.82500 badput=36.71250 completed=5892 timedout=5874 dropped=32312 Util=0.98197
### END_ENTRY users=2420 run=14 ###

### ENTRY users=2430 run=14 seed=14 ###
ResponseTime=24.86502 Throughput=72.36875 goodput=33.66250 badput=38.70625 completed=5386 timedout=6193 dropped=33786 Util=0.98192
### END_ENTRY users=2430 run=14 ###

### ENTRY users=2440 run=14 seed=14 ###
ResponseTime=24.72828 Throughput=72.67500 goodput=34.69375 badput=37.98125 completed=5551 timedout=6077 dropped=33988 Util=0.98199
### END_ENTRY users=2440 run=14 ###

### ENTRY users=2450 run=14 seed=14 ###
ResponseTime=25.00347 Throughput=71.81250 goodput=31.73750 badput=40.07500 completed=5078 timedout=6412 dropped=35485 Util=0.98198
### END_ENTRY users=2450 run=14 ###

### ENTRY users=2460 run=14 seed=14 ###
ResponseTime=24.65605 Throughput=72.90000 goodput=34.95625 badput=37.94375 completed=5593 timedout=6071 dropped=35088 Util=0.98199
### END_ENTRY users=2460 run=14 ###

### ENTRY users=2470 run=14 seed=14 ###
ResponseTime=24.46349 Throughput=73.47500 goodput=36.33750 badput=37.13750 completed=5814 timedout=5942 dropped=35047 Util=0.98196
### END_ENTRY users=2470 run=14 ###

### ENTRY users=2480 run=14 seed=14 ###
ResponseTime=24.55690 Throughput=72.88125 goodput=34.51875 badput=38.36250 completed=5523 timedout=6138 dropped=36172 Util=0.98195
### END_ENTRY users=2480 run=14 ###

### ENTRY users=2490 run=14 seed=14 ###
ResponseTime=24.58848 Throughput=72.69375 goodput=35.51250 badput=37.18125 completed=5682 timedout=5949 dropped=36445 Util=0.98196
### END_ENTRY users=2490 run=14 ###

### ENTRY users=2500 run=14 seed=14 ###
ResponseTime=24.73720 Throughput=72.51875 goodput=34.76875 badput=37.75000 completed=5563 timedout=6040 dropped=37286 Util=0.98198
### END_ENTRY users=2500 run=14 ###

### ENTRY users=2510 run=14 seed=14 ###
ResponseTime=24.66641 Throughput=72.60625 goodput=33.96875 badput=38.63750 completed=5435 timedout=6182 dropped=37955 Util=0.98199
### END_ENTRY users=2510 run=14 ###

### ENTRY users=2520 run=14 seed=14 ###
ResponseTime=24.82354 Throughput=72.31875 goodput=33.15625 badput=39.16250 completed=5305 timedout=6266 dropped=38807 Util=0.98195
### END_ENTRY users=2520 run=14 ###

### ENTRY users=2530 run=14 seed=14 ###
ResponseTime=24.62864 Throughput=72.25000 goodput=33.86875 badput=38.38125 completed=5419 timedout=6141 dropped=39016 Util=0.98196
### END_ENTRY users=2530 run=14 ###

### ENTRY users=2540 run=14 seed=14 ###
ResponseTime=24.83894 Throughput=71.90000 goodput=32.47500 badput=39.42500 completed=5196 timedout=6308 dropped=40294 Util=0.98194
### END_ENTRY users=2540 run=14 ###

### ENTRY users=2550 run=14 seed=14 ###
ResponseTime=24.91235 Throughput=71.68750 goodput=32.96250 badput=38.72500 completed=5274 timedout=6196 dropped=40642 Util=0.98194
### END_ENTRY users=2550 run=14 ###

### ENTRY users=2560 run=14 seed=14 ###
ResponseTime=24.54211 Throughput=72.85625 goodput=35.41250 badput=37.44375 completed=5666 timedout=5991 dropped=40302 Util=0.98198
### END_ENTRY users=2560 run=14 ###

### ENTRY users=2570 run=14 seed=14 ###
ResponseTime=24.42038 Throughput=73.08125 goodput=35.95625 badput=37.12500 completed=5753 timedout=5940 dropped=40593 Util=0.98197
### END_ENTRY users=2570 run=14 ###

### ENTRY users=2580 run=14 seed=14 ###
ResponseTime=24.43776 Throughput=73.24375 goodput=35.93125 badput=37.31250 completed=5749 timedout=5970 dropped=41274 Util=0.98196
### END_ENTRY users=2580 run=14 ###

### ENTRY users=2590 run=14 seed=14 ###
ResponseTime=24.99534 Throughput=71.46250 goodput=31.75000 badput=39.71250 completed=5080 timedout=6354 dropped=43145 Util=0.98193
### END_ENTRY users=2590 run=14 ###

### ENTRY users=2600 run=14 seed=14 ###
ResponseTime=24.79904 Throughput=72.40625 goodput=34.24375 badput=38.16250 completed=5479 timedout=6106 dropped=42923 Util=0.98196
### END_ENTRY users=2600 run=14 ###

### ENTRY users=2610 run=14 seed=14 ###
ResponseTime=24.75538 Throughput=72.16250 goodput=33.78750 badput=38.37500 completed=5406 timedout=6140 dropped=43589 Util=0.98195
### END_ENTRY users=2610 run=14 ###

### ENTRY users=2620 run=14 seed=14 ###
ResponseTime=24.60161 Throughput=72.98125 goodput=35.53750 badput=37.44375 completed=5686 timedout=5991 dropped=43434 Util=0.98199
### END_ENTRY users=2620 run=14 ###

### ENTRY users=2630 run=14 seed=14 ###
ResponseTime=24.54734 Throughput=73.08125 goodput=35.88750 badput=37.19375 completed=5742 timedout=5951 dropped=44012 Util=0.98196
### END_ENTRY users=2630 run=14 ###

### ENTRY users=2640 run=14 seed=14 ###
ResponseTime=24.66634 Throughput=72.46875 goodput=34.59375 badput=37.87500 completed=5535 timedout=6060 dropped=44966 Util=0.98196
### END_ENTRY users=2640 run=14 ###

### ENTRY users=2650 run=14 seed=14 ###
ResponseTime=25.18171 Throughput=71.52500 goodput=31.71875 badput=39.80625 completed=5075 timedout=6369 dropped=46427 Util=0.98192
### END_ENTRY users=2650 run=14 ###

### ENTRY users=2660 run=14 seed=14 ###
ResponseTime=24.43785 Throughput=73.20000 goodput=36.32500 badput=36.87500 completed=5812 timedout=5900 dropped=45458 Util=0.98196
### END_ENTRY users=2660 run=14 ###

### ENTRY users=2670 run=14 seed=14 ###
ResponseTime=24.71269 Throughput=72.72500 goodput=34.97500 badput=37.75000 completed=5596 timedout=6040 dropped=46528 Util=0.98196
### END_ENTRY users=2670 run=14 ###

### ENTRY users=2680 run=14 seed=14 ###
ResponseTime=24.56124 Throughput=72.74375 goodput=35.27500 badput=37.46875 completed=5644 timedout=5995 dropped=46876 Util=0.98198
### END_ENTRY users=2680 run=14 ###

### ENTRY users=2690 run=14 seed=14 ###
ResponseTime=24.96746 Throughput=71.91875 goodput=32.30625 badput=39.61250 completed=5169 timedout=6338 dropped=48569 Util=0.98194
### END_ENTRY users=2690 run=14 ###

### ENTRY users=2700 run=14 seed=14 ###
ResponseTime=25.02291 Throughput=71.22500 goodput=31.00000 badput=40.22500 completed=4960 timedout=6436 dropped=49562 Util=0.98191
### END_ENTRY users=2700 run=14 ###

### ENTRY users=2710 run=14 seed=14 ###
ResponseTime=24.92612 Throughput=71.55625 goodput=31.83750 badput=39.71875 completed=5094 timedout=6355 dropped=49651 Util=0.98193
### END_ENTRY users=2710 run=14 ###

### ENTRY users=2720 run=14 seed=14 ###
ResponseTime=24.70506 Throughput=72.38750 goodput=33.56250 badput=38.82500 completed=5370 timedout=6212 dropped=49614 Util=0.98194
### END_ENTRY users=2720 run=14 ###

### ENTRY users=2730 run=14 seed=14 ###
ResponseTime=24.74726 Throughput=72.35625 goodput=34.03125 badput=38.32500 completed=5445 timedout=6132 dropped=50133 Util=0.98195
### END_ENTRY users=2730 run=14 ###

### ENTRY users=2740 run=14 seed=14 ###
ResponseTime=24.42123 Throughput=73.49375 goodput=36.75000 badput=36.74375 completed=5880 timedout=5879 dropped=49739 Util=0.98196
### END_ENTRY users=2740 run=14 ###

### ENTRY users=2750 run=14 seed=14 ###
ResponseTime=24.45073 Throughput=73.30625 goodput=36.35000 badput=36.95625 completed=5816 timedout=5913 dropped=50350 Util=0.98198
### END_ENTRY users=2750 run=14 ###

### ENTRY users=2760 run=14 seed=14 ###
ResponseTime=25.02826 Throughput=71.30000 goodput=31.18750 badput=40.11250 completed=4990 timedout=6418 dropped=52599 Util=0.98193
### END_ENTRY users=2760 run=14 ###

### ENTRY users=2770 run=14 seed=14 ###
ResponseTime=25.10365 Throughput=71.80000 goodput=31.34375 badput=40.45625 completed=5015 timedout=6473 dropped=53071 Util=0.98194
### END_ENTRY users=2770 run=14 ###

### ENTRY users=2780 run=14 seed=14 ###
ResponseTime=24.90059 Throughput=71.94375 goodput=32.76875 badput=39.17500 completed=5243 timedout=6268 dropped=53009 Util=0.98196
### END_ENTRY users=2780 run=14 ###

### ENTRY users=2790 run=14 seed=14 ###
ResponseTime=24.76919 Throughput=72.33750 goodput=33.90000 badput=38.43750 completed=5424 timedout=6150 dropped=53413 Util=0.98195
### END_ENTRY users=2790 run=14 ###

### ENTRY users=2800 run=14 seed=14 ###
ResponseTime=24.30264 Throughput=74.15000 goodput=37.42500 badput=36.72500 completed=5988 timedout=5876 dropped=52746 Util=0.98201
### END_ENTRY users=2800 run=14 ###

### ENTRY users=2810 run=14 seed=14 ###
ResponseTime=24.78161 Throughput=72.95625 goodput=34.32500 badput=38.63125 completed=5492 timedout=6181 dropped=54331 Util=0.98196
### END_ENTRY users=2810 run=14 ###

### ENTRY users=2820 run=14 seed=14 ###
ResponseTime=24.59038 Throughput=73.10625 goodput=35.26875 badput=37.83750 completed=5643 timedout=6054 dropped=54461 Util=0.98197
### END_ENTRY users=2820 run=14 ###

### ENTRY users=2830 run=14 seed=14 ###
ResponseTime=24.80544 Throughput=71.92500 goodput=33.04375 badput=38.88125 completed=5287 timedout=6221 dropped=56058 Util=0.98191
### END_ENTRY users=2830 run=14 ###

### ENTRY users=2840 run=14 seed=14 ###
ResponseTime=24.72010 Throughput=72.98750 goodput=35.71875 badput=37.26875 completed=5715 timedout=5963 dropped=55508 Util=0.98198
### END_ENTRY users=2840 run=14 ###

### ENTRY users=2850 run=14 seed=14 ###
ResponseTime=24.63649 Throughput=72.12500 goodput=33.09375 badput=39.03125 completed=5295 timedout=6245 dropped=56762 Util=0.98195
### END_ENTRY users=2850 run=14 ###

### ENTRY users=2860 run=14 seed=14 ###
ResponseTime=24.71756 Throughput=72.70625 goodput=35.04375 badput=37.66250 completed=5607 timedout=6026 dropped=56896 Util=0.98197
### END_ENTRY users=2860 run=14 ###

### ENTRY users=2870 run=14 seed=14 ###
ResponseTime=24.95351 Throughput=71.62500 goodput=32.32500 badput=39.30000 completed=5172 timedout=6288 dropped=58255 Util=0.98195
### END_ENTRY users=2870 run=14 ###

### ENTRY users=2880 run=14 seed=14 ###
ResponseTime=24.79671 Throughput=72.20000 goodput=33.37500 badput=38.82500 completed=5340 timedout=6212 dropped=58322 Util=0.98196
### END_ENTRY users=2880 run=14 ###

### ENTRY users=2890 run=14 seed=14 ###
ResponseTime=24.58677 Throughput=72.79375 goodput=34.03750 badput=38.75625 completed=5446 timedout=6201 dropped=58680 Util=0.98197
### END_ENTRY users=2890 run=14 ###

### ENTRY users=2900 run=14 seed=14 ###
ResponseTime=24.81394 Throughput=71.98125 goodput=32.78750 badput=39.19375 completed=5246 timedout=6271 dropped=59638 Util=0.98193
### END_ENTRY users=2900 run=14 ###

### ENTRY users=2910 run=14 seed=14 ###
ResponseTime=24.75027 Throughput=72.46250 goodput=33.69375 badput=38.76875 completed=5391 timedout=6203 dropped=59993 Util=0.98198
### END_ENTRY users=2910 run=14 ###

### ENTRY users=2920 run=14 seed=14 ###
ResponseTime=24.20262 Throughput=74.05000 goodput=38.13125 badput=35.91875 completed=6101 timedout=5747 dropped=59115 Util=0.98200
### END_ENTRY users=2920 run=14 ###

### ENTRY users=2930 run=14 seed=14 ###
ResponseTime=24.74876 Throughput=73.04375 goodput=35.47500 badput=37.56875 completed=5676 timedout=6011 dropped=60534 Util=0.98196
### END_ENTRY users=2930 run=14 ###

### ENTRY users=2940 run=14 seed=14 ###
ResponseTime=25.05578 Throughput=71.25625 goodput=31.57500 badput=39.68125 completed=5052 timedout=6349 dropped=62410 Util=0.98194
### END_ENTRY users=2940 run=14 ###

### ENTRY users=2950 run=14 seed=14 ###
ResponseTime=24.59475 Throughput=72.85000 goodput=35.53125 badput=37.31875 completed=5685 timedout=5971 dropped=61661 Util=0.98196
### END_ENTRY users=2950 run=14 ###

### ENTRY users=2960 run=14 seed=14 ###
ResponseTime=24.56619 Throughput=72.64375 goodput=34.81875 badput=37.82500 completed=5571 timedout=6052 dropped=62217 Util=0.98196
### END_ENTRY users=2960 run=14 ###

### ENTRY users=2970 run=14 seed=14 ###
ResponseTime=24.97653 Throughput=71.57500 goodput=31.96875 badput=39.60625 completed=5115 timedout=6337 dropped=63823 Util=0.98192
### END_ENTRY users=2970 run=14 ###

### ENTRY users=2980 run=14 seed=14 ###
ResponseTime=24.48804 Throughput=72.82500 goodput=34.90000 badput=37.92500 completed=5584 timedout=6068 dropped=63099 Util=0.98196
### END_ENTRY users=2980 run=14 ###

### ENTRY users=2990 run=14 seed=14 ###
ResponseTime=25.14342 Throughput=71.02500 goodput=30.65000 badput=40.37500 completed=4904 timedout=6460 dropped=65275 Util=0.98193
### END_ENTRY users=2990 run=14 ###

### ENTRY users=3000 run=14 seed=14 ###
ResponseTime=24.91968 Throughput=71.90000 goodput=32.43125 badput=39.46875 completed=5189 timedout=6315 dropped=65301 Util=0.98196
### END_ENTRY users=3000 run=14 ###

