=== RUN FILE confidence_interval/run_4.log (run index = 4) ===
### ENTRY users=10 run=4 seed=4 ###
ResponseTime=0.05927 Throughput=3.35625 goodput=3.35625 badput=0.00000 completed=537 timedout=0 dropped=0 Util=0.04456
### END_ENTRY users=10 run=4 ###

### ENTRY users=20 run=4 seed=4 ###
ResponseTime=0.06271 Throughput=6.71875 goodput=6.71875 badput=0.00000 completed=1075 timedout=0 dropped=0 Util=0.09189
### END_ENTRY users=20 run=4 ###

### ENTRY users=30 run=4 seed=4 ###
ResponseTime=0.06686 Throughput=10.11875 goodput=10.11875 badput=0.00000 completed=1619 timedout=0 dropped=0 Util=0.14257
### END_ENTRY users=30 run=4 ###

### ENTRY users=40 run=4 seed=4 ###
ResponseTime=0.07076 Throughput=13.43125 goodput=13.43125 badput=0.00000 completed=2149 timedout=0 dropped=0 Util=0.18597
### END_ENTRY users=40 run=4 ###

### ENTRY users=50 run=4 seed=4 ###
ResponseTime=0.07467 Throughput=16.77500 goodput=16.77500 badput=0.00000 completed=2684 timedout=0 dropped=0 Util=0.23440
### END_ENTRY users=50 run=4 ###

### ENTRY users=60 run=4 seed=4 ###
ResponseTime=0.08204 Throughput=20.06875 goodput=20.06875 badput=0.00000 completed=3211 timedout=0 dropped=0 Util=0.28271
### END_ENTRY users=60 run=4 ###

### ENTRY users=70 run=4 seed=4 ###
ResponseTime=0.08285 Throughput=23.44375 goodput=23.44375 badput=0.00000 completed=3751 timedout=0 dropped=0 Util=0.32231
### END_ENTRY users=70 run=4 ###

### ENTRY users=80 run=4 seed=4 ###
ResponseTime=0.08968 Throughput=26.73750 goodput=26.73750 badput=0.00000 completed=4278 timedout=0 dropped=0 Util=0.36741
### END_ENTRY users=80 run=4 ###

### ENTRY users=90 run=4 seed=4 ###
ResponseTime=0.09679 Throughput=30.01250 goodput=30.01250 badput=0.00000 completed=4802 timedout=0 dropped=0 Util=0.41131
### END_ENTRY users=90 run=4 ###

### ENTRY users=100 run=4 seed=4 ###
ResponseTime=0.11298 Throughput=33.23750 goodput=33.23750 badput=0.00000 completed=5318 timedout=0 dropped=0 Util=0.46310
### END_ENTRY users=100 run=4 ###

### ENTRY users=110 run=4 seed=4 ###
ResponseTime=0.11850 Throughput=36.43750 goodput=36.43750 badput=0.00000 completed=5830 timedout=0 dropped=0 Util=0.49850
### END_ENTRY users=110 run=4 ###

### ENTRY users=120 run=4 seed=4 ###
ResponseTime=0.12114 Throughput=39.76250 goodput=39.76250 badput=0.00000 completed=6362 timedout=0 dropped=0 Util=0.53973
### END_ENTRY users=120 run=4 ###

### ENTRY users=130 run=4 seed=4 ###
ResponseTime=0.15256 Throughput=42.59375 goodput=42.59375 badput=0.00000 completed=6815 timedout=0 dropped=0 Util=0.57832
### END_ENTRY users=130 run=4 ###

### ENTRY users=140 run=4 seed=4 ###
ResponseTime=0.15087 Throughput=45.92500 goodput=45.92500 badput=0.00000 completed=7348 timedout=0 dropped=0 Util=0.63025
### END_ENTRY users=140 run=4 ###

### ENTRY users=150 run=4 seed=4 ###
ResponseTime=0.17753 Throughput=48.83750 goodput=48.83750 badput=0.00000 completed=7814 timedout=0 dropped=0 Util=0.66822
### END_ENTRY users=150 run=4 ###

### ENTRY users=160 run=4 seed=4 ###
ResponseTime=0.19328 Throughput=51.78750 goodput=51.78750 badput=0.00000 completed=8286 timedout=0 dropped=0 Util=0.70141
### END_ENTRY users=160 run=4 ###

### ENTRY users=170 run=4 seed=4 ###
ResponseTime=0.21472 Throughput=54.69375 goodput=54.69375 badput=0.00000 completed=8751 timedout=0 dropped=0 Util=0.74919
### END_ENTRY users=170 run=4 ###

### ENTRY users=180 run=4 seed=4 ###
ResponseTime=0.24239 Throughput=57.43125 goodput=57.43125 badput=0.00000 completed=9189 timedout=0 dropped=0 Util=0.78748
### END_ENTRY users=180 run=4 ###

### ENTRY users=190 run=4 seed=4 ###
ResponseTime=0.27720 Throughput=60.18125 goodput=60.18125 badput=0.00000 completed=9629 timedout=0 dropped=0 Util=0.81975
### END_ENTRY users=190 run=4 ###

### ENTRY users=200 run=4 seed=4 ###
ResponseTime=0.37163 Throughput=61.63750 goodput=61.63750 badput=0.00000 completed=9862 timedout=0 dropped=0 Util=0.85283
### END_ENTRY users=200 run=4 ###

### ENTRY users=210 run=4 seed=4 ###
ResponseTime=0.37037 Throughput=64.65000 goodput=64.65000 badput=0.00000 completed=10344 timedout=0 dropped=0 Util=0.87593
### END_ENTRY users=210 run=4 ###

### ENTRY users=220 run=4 seed=4 ###
ResponseTime=0.46428 Throughput=65.94375 goodput=65.94375 badput=0.00000 completed=10551 timedout=0 dropped=0 Util=0.91507
### END_ENTRY users=220 run=4 ###

### ENTRY users=230 run=4 seed=4 ###
ResponseTime=0.54181 Throughput=67.58125 goodput=67.58125 badput=0.00000 completed=10813 timedout=0 dropped=0 Util=0.93680
### END_ENTRY users=230 run=4 ###

### ENTRY users=240 run=4 seed=4 ###
ResponseTime=0.61638 Throughput=68.93750 goodput=68.93750 badput=0.00000 completed=11030 timedout=0 dropped=0 Util=0.94685
### END_ENTRY users=240 run=4 ###

### ENTRY users=250 run=4 seed=4 ###
ResponseTime=0.72094 Throughput=70.10625 goodput=70.10625 badput=0.00000 completed=11217 timedout=0 dropped=0 Util=0.96353
### END_ENTRY users=250 run=4 ###

### ENTRY users=260 run=4 seed=4 ###
ResponseTime=0.78166 Throughput=71.64375 goodput=71.64375 badput=0.00000 completed=11463 timedout=0 dropped=0 Util=0.96494
### END_ENTRY users=260 run=4 ###

### ENTRY users=270 run=4 seed=4 ###
ResponseTime=0.99804 Throughput=70.76250 goodput=70.76250 badput=0.00000 completed=11322 timedout=0 dropped=0 Util=0.97623
### END_ENTRY users=270 run=4 ###

### ENTRY users=280 run=4 seed=4 ###
ResponseTime=1.11932 Throughput=71.50625 goodput=71.50625 badput=0.00000 completed=11441 timedout=0 dropped=0 Util=0.97995
### END_ENTRY users=280 run=4 ###

### ENTRY users=290 run=4 seed=4 ###
ResponseTime=1.20821 Throughput=72.19375 goodput=72.19375 badput=0.00000 completed=11551 timedout=0 dropped=0 Util=0.98031
### END_ENTRY users=290 run=4 ###

### ENTRY users=300 run=4 seed=4 ###
ResponseTime=1.45813 Throughput=70.74375 goodput=70.74375 badput=0.00000 completed=11319 timedout=0 dropped=0 Util=0.98196
### END_ENTRY users=300 run=4 ###

### ENTRY users=310 run=4 seed=4 ###
ResponseTime=1.55244 Throughput=71.75625 goodput=71.75625 badput=0.00000 completed=11481 timedout=0 dropped=0 Util=0.98196
### END_ENTRY users=310 run=4 ###

### ENTRY users=320 run=4 seed=4 ###
ResponseTime=1.59360 Throughput=72.87500 goodput=72.87500 badput=0.00000 completed=11660 timedout=0 dropped=0 Util=0.98199
### END_ENTRY users=320 run=4 ###

### ENTRY users=330 run=4 seed=4 ###
ResponseTime=1.84573 Throughput=71.80000 goodput=71.80000 badput=0.00000 completed=11488 timedout=0 dropped=0 Util=0.98198
### END_ENTRY users=330 run=4 ###

### ENTRY users=340 run=4 seed=4 ###
ResponseTime=1.93647 Throughput=72.63125 goodput=72.63125 badput=0.00000 completed=11621 timedout=0 dropped=0 Util=0.98200
### END_ENTRY users=340 run=4 ###

### ENTRY users=350 run=4 seed=4 ###
ResponseTime=2.19263 Throughput=71.23125 goodput=71.23125 badput=0.00000 completed=11397 timedout=0 dropped=0 Util=0.98200
### END_ENTRY users=350 run=4 ###

### ENTRY users=360 run=4 seed=4 ###
ResponseTime=2.33502 Throughput=71.40625 goodput=71.40000 badput=0.00625 completed=11424 timedout=1 dropped=0 Util=0.98197
### END_ENTRY users=360 run=4 ###

### ENTRY users=370 run=4 seed=4 ###
ResponseTime=2.45663 Throughput=71.86875 goodput=71.85625 badput=0.01250 completed=11497 timedout=2 dropped=0 Util=0.98196
### END_ENTRY users=370 run=4 ###

### ENTRY users=380 run=4 seed=4 ###
ResponseTime=2.58656 Throughput=71.75000 goodput=71.74375 badput=0.00625 completed=11479 timedout=1 dropped=0 Util=0.98196
### END_ENTRY users=380 run=4 ###

### ENTRY users=390 run=4 seed=4 ###
ResponseTime=2.67992 Throughput=72.66250 goodput=72.65000 badput=0.01250 completed=11624 timedout=2 dropped=0 Util=0.98201
### END_ENTRY users=390 run=4 ###

### ENTRY users=400 run=4 seed=4 ###
ResponseTime=2.86393 Throughput=71.87500 goodput=71.86250 badput=0.01250 completed=11498 timedout=2 dropped=0 Util=0.98199
### END_ENTRY users=400 run=4 ###

### ENTRY users=410 run=4 seed=4 ###
ResponseTime=2.98220 Throughput=72.60000 goodput=72.59375 badput=0.00625 completed=11615 timedout=1 dropped=0 Util=0.98199
### END_ENTRY users=410 run=4 ###

### ENTRY users=420 run=4 seed=4 ###
ResponseTime=3.15139 Throughput=72.06250 goodput=72.04375 badput=0.01875 completed=11527 timedout=3 dropped=0 Util=0.98197
### END_ENTRY users=420 run=4 ###

### ENTRY users=430 run=4 seed=4 ###
ResponseTime=3.37728 Throughput=71.47500 goodput=71.44375 badput=0.03125 completed=11431 timedout=5 dropped=0 Util=0.98193
### END_ENTRY users=430 run=4 ###

### ENTRY users=440 run=4 seed=4 ###
ResponseTime=3.50801 Throughput=71.56875 goodput=71.54375 badput=0.02500 completed=11447 timedout=4 dropped=0 Util=0.98197
### END_ENTRY users=440 run=4 ###

### ENTRY users=450 run=4 seed=4 ###
ResponseTime=3.53623 Throughput=73.10625 goodput=73.02500 badput=0.08125 completed=11684 timedout=13 dropped=0 Util=0.98201
### END_ENTRY users=450 run=4 ###

### ENTRY users=460 run=4 seed=4 ###
ResponseTime=3.61253 Throughput=73.58125 goodput=73.52500 badput=0.05625 completed=11764 timedout=9 dropped=0 Util=0.98197
### END_ENTRY users=460 run=4 ###

### ENTRY users=470 run=4 seed=4 ###
ResponseTime=3.94830 Throughput=71.93125 goodput=71.88125 badput=0.05000 completed=11501 timedout=8 dropped=0 Util=0.98196
### END_ENTRY users=470 run=4 ###

### ENTRY users=480 run=4 seed=4 ###
ResponseTime=4.04845 Throughput=72.55625 goodput=72.47500 badput=0.08125 completed=11596 timedout=13 dropped=0 Util=0.98194
### END_ENTRY users=480 run=4 ###

### ENTRY users=490 run=4 seed=4 ###
ResponseTime=4.19226 Throughput=71.96250 goodput=71.86875 badput=0.09375 completed=11499 timedout=15 dropped=0 Util=0.98192
### END_ENTRY users=490 run=4 ###

### ENTRY users=500 run=4 seed=4 ###
ResponseTime=4.40917 Throughput=71.78750 goodput=71.68125 badput=0.10625 completed=11469 timedout=17 dropped=0 Util=0.98196
### END_ENTRY users=500 run=4 ###

### ENTRY users=510 run=4 seed=4 ###
ResponseTime=4.38370 Throughput=72.85625 goodput=72.76875 badput=0.08750 completed=11643 timedout=14 dropped=0 Util=0.98194
### END_ENTRY users=510 run=4 ###

### ENTRY users=520 run=4 seed=4 ###
ResponseTime=4.62082 Throughput=72.73750 goodput=72.63750 badput=0.10000 completed=11622 timedout=16 dropped=0 Util=0.98195
### END_ENTRY users=520 run=4 ###

### ENTRY users=530 run=4 seed=4 ###
ResponseTime=4.91432 Throughput=71.06875 goodput=70.93750 badput=0.13125 completed=11350 timedout=21 dropped=0 Util=0.98195
### END_ENTRY users=530 run=4 ###

### ENTRY users=540 run=4 seed=4 ###
ResponseTime=4.85687 Throughput=72.85000 goodput=72.73750 badput=0.11250 completed=11638 timedout=18 dropped=0 Util=0.98197
### END_ENTRY users=540 run=4 ###

### ENTRY users=550 run=4 seed=4 ###
ResponseTime=5.03855 Throughput=72.83750 goodput=72.69375 badput=0.14375 completed=11631 timedout=23 dropped=0 Util=0.98193
### END_ENTRY users=550 run=4 ###

### ENTRY users=560 run=4 seed=4 ###
ResponseTime=5.10765 Throughput=72.61250 goodput=72.45000 badput=0.16250 completed=11592 timedout=26 dropped=0 Util=0.98196
### END_ENTRY users=560 run=4 ###

### ENTRY users=570 run=4 seed=4 ###
ResponseTime=5.37612 Throughput=72.29375 goodput=72.18750 badput=0.10625 completed=11550 timedout=17 dropped=0 Util=0.98194
### END_ENTRY users=570 run=4 ###

### ENTRY users=580 run=4 seed=4 ###
ResponseTime=5.52469 Throughput=72.59375 goodput=72.44375 badput=0.15000 completed=11591 timedout=24 dropped=0 Util=0.98195
### END_ENTRY users=580 run=4 ###

### ENTRY users=590 run=4 seed=4 ###
ResponseTime=5.72577 Throughput=72.23125 goodput=72.09375 badput=0.13750 completed=11535 timedout=22 dropped=0 Util=0.98198
### END_ENTRY users=590 run=4 ###

### ENTRY users=600 run=4 seed=4 ###
ResponseTime=5.84692 Throughput=72.73125 goodput=72.58750 badput=0.14375 completed=11614 timedout=23 dropped=0 Util=0.98197
### END_ENTRY users=600 run=4 ###

### ENTRY users=610 run=4 seed=4 ###
ResponseTime=6.01471 Throughput=72.09375 goodput=71.91875 badput=0.17500 completed=11507 timedout=28 dropped=0 Util=0.98191
### END_ENTRY users=610 run=4 ###

### ENTRY users=620 run=4 seed=4 ###
ResponseTime=6.08850 Throughput=72.50000 goodput=72.34375 badput=0.15625 completed=11575 timedout=25 dropped=0 Util=0.98195
### END_ENTRY users=620 run=4 ###

### ENTRY users=630 run=4 seed=4 ###
ResponseTime=6.31774 Throughput=72.36875 goodput=72.18750 badput=0.18125 completed=11550 timedout=29 dropped=0 Util=0.98194
### END_ENTRY users=630 run=4 ###

### ENTRY users=640 run=4 seed=4 ###
ResponseTime=6.49759 Throughput=71.80625 goodput=71.63750 badput=0.16875 completed=11462 timedout=27 dropped=0 Util=0.98195
### END_ENTRY users=640 run=4 ###

### ENTRY users=650 run=4 seed=4 ###
ResponseTime=6.71651 Throughput=71.15000 goodput=70.91875 badput=0.23125 completed=11347 timedout=37 dropped=0 Util=0.98191
### END_ENTRY users=650 run=4 ###

### ENTRY users=660 run=4 seed=4 ###
ResponseTime=6.72410 Throughput=72.40000 goodput=72.16875 badput=0.23125 completed=11547 timedout=37 dropped=0 Util=0.98200
### END_ENTRY users=660 run=4 ###

### ENTRY users=670 run=4 seed=4 ###
ResponseTime=6.94325 Throughput=71.91875 goodput=71.68125 badput=0.23750 completed=11469 timedout=38 dropped=0 Util=0.98193
### END_ENTRY users=670 run=4 ###

### ENTRY users=680 run=4 seed=4 ###
ResponseTime=7.12602 Throughput=71.92500 goodput=71.64375 badput=0.28125 completed=11463 timedout=45 dropped=0 Util=0.98194
### END_ENTRY users=680 run=4 ###

### ENTRY users=690 run=4 seed=4 ###
ResponseTime=7.21677 Throughput=72.01875 goodput=71.76250 badput=0.25625 completed=11482 timedout=41 dropped=0 Util=0.98196
### END_ENTRY users=690 run=4 ###

### ENTRY users=700 run=4 seed=4 ###
ResponseTime=7.35961 Throughput=72.32500 goodput=72.06250 badput=0.26250 completed=11530 timedout=42 dropped=0 Util=0.98195
### END_ENTRY users=700 run=4 ###

### ENTRY users=710 run=4 seed=4 ###
ResponseTime=7.46797 Throughput=72.74375 goodput=72.49375 badput=0.25000 completed=11599 timedout=40 dropped=0 Util=0.98198
### END_ENTRY users=710 run=4 ###

### ENTRY users=720 run=4 seed=4 ###
ResponseTime=7.66759 Throughput=72.65000 goodput=72.41250 badput=0.23750 completed=11586 timedout=38 dropped=0 Util=0.98193
### END_ENTRY users=720 run=4 ###

### ENTRY users=730 run=4 seed=4 ###
ResponseTime=7.84388 Throughput=72.30625 goodput=72.04375 badput=0.26250 completed=11527 timedout=42 dropped=0 Util=0.98195
### END_ENTRY users=730 run=4 ###

### ENTRY users=740 run=4 seed=4 ###
ResponseTime=8.02725 Throughput=71.86875 goodput=71.54375 badput=0.32500 completed=11447 timedout=52 dropped=0 Util=0.98195
### END_ENTRY users=740 run=4 ###

### ENTRY users=750 run=4 seed=4 ###
ResponseTime=8.13470 Throughput=71.98750 goodput=71.65000 badput=0.33750 completed=11464 timedout=54 dropped=0 Util=0.98195
### END_ENTRY users=750 run=4 ###

### ENTRY users=760 run=4 seed=4 ###
ResponseTime=8.41607 Throughput=71.72500 goodput=71.41875 badput=0.30625 completed=11427 timedout=49 dropped=0 Util=0.98192
### END_ENTRY users=760 run=4 ###

### ENTRY users=770 run=4 seed=4 ###
ResponseTime=8.40781 Throughput=72.40000 goodput=72.10000 badput=0.30000 completed=11536 timedout=48 dropped=0 Util=0.98195
### END_ENTRY users=770 run=4 ###

### ENTRY users=780 run=4 seed=4 ###
ResponseTime=8.63586 Throughput=71.83750 goodput=71.52500 badput=0.31250 completed=11444 timedout=50 dropped=0 Util=0.98195
### END_ENTRY users=780 run=4 ###

### ENTRY users=790 run=4 seed=4 ###
ResponseTime=8.68662 Throughput=72.51875 goodput=72.16875 badput=0.35000 completed=11547 timedout=56 dropped=0 Util=0.98195
### END_ENTRY users=790 run=4 ###

### ENTRY users=800 run=4 seed=4 ###
ResponseTime=8.91348 Throughput=72.11875 goodput=71.78750 badput=0.33125 completed=11486 timedout=53 dropped=0 Util=0.98193
### END_ENTRY users=800 run=4 ###

### ENTRY users=810 run=4 seed=4 ###
ResponseTime=9.04698 Throughput=71.98125 goodput=71.62500 badput=0.35625 completed=11460 timedout=57 dropped=0 Util=0.98195
### END_ENTRY users=810 run=4 ###

### ENTRY users=820 run=4 seed=4 ###
ResponseTime=9.27158 Throughput=71.85625 goodput=71.44375 badput=0.41250 completed=11431 timedout=66 dropped=0 Util=0.98193
### END_ENTRY users=820 run=4 ###

### ENTRY users=830 run=4 seed=4 ###
ResponseTime=9.36245 Throughput=72.05000 goodput=71.67500 badput=0.37500 completed=11468 timedout=60 dropped=0 Util=0.98192
### END_ENTRY users=830 run=4 ###

### ENTRY users=840 run=4 seed=4 ###
ResponseTime=9.44511 Throughput=72.06875 goodput=71.60625 badput=0.46250 completed=11457 timedout=74 dropped=0 Util=0.98194
### END_ENTRY users=840 run=4 ###

### ENTRY users=850 run=4 seed=4 ###
ResponseTime=9.62445 Throughput=72.56875 goodput=72.10625 badput=0.46250 completed=11537 timedout=74 dropped=0 Util=0.98196
### END_ENTRY users=850 run=4 ###

### ENTRY users=860 run=4 seed=4 ###
ResponseTime=9.70288 Throughput=72.66875 goodput=72.20000 badput=0.46875 completed=11552 timedout=75 dropped=0 Util=0.98196
### END_ENTRY users=860 run=4 ###

### ENTRY users=870 run=4 seed=4 ###
ResponseTime=9.99290 Throughput=71.60000 goodput=71.04375 badput=0.55625 completed=11367 timedout=89 dropped=0 Util=0.98194
### END_ENTRY users=870 run=4 ###

### ENTRY users=880 run=4 seed=4 ###
ResponseTime=10.15692 Throughput=71.92500 goodput=71.38750 badput=0.53750 completed=11422 timedout=86 dropped=0 Util=0.98192
### END_ENTRY users=880 run=4 ###

### ENTRY users=890 run=4 seed=4 ###
ResponseTime=10.25173 Throughput=72.45000 goodput=71.90625 badput=0.54375 completed=11505 timedout=87 dropped=0 Util=0.98196
### END_ENTRY users=890 run=4 ###

### ENTRY users=900 run=4 seed=4 ###
ResponseTime=10.55914 Throughput=71.02500 goodput=70.35625 badput=0.66875 completed=11257 timedout=107 dropped=0 Util=0.98192
### END_ENTRY users=900 run=4 ###

### ENTRY users=910 run=4 seed=4 ###
ResponseTime=10.57439 Throughput=72.13750 goodput=71.45000 badput=0.68750 completed=11432 timedout=110 dropped=0 Util=0.98193
### END_ENTRY users=910 run=4 ###

### ENTRY users=920 run=4 seed=4 ###
ResponseTime=10.82870 Throughput=71.28125 goodput=70.51250 badput=0.76875 completed=11282 timedout=123 dropped=0 Util=0.98194
### END_ENTRY users=920 run=4 ###

### ENTRY users=930 run=4 seed=4 ###
ResponseTime=10.81923 Throughput=72.56875 goodput=71.88125 badput=0.68750 completed=11501 timedout=110 dropped=0 Util=0.98196
### END_ENTRY users=930 run=4 ###

### ENTRY users=940 run=4 seed=4 ###
ResponseTime=11.05928 Throughput=72.05625 goodput=71.35000 badput=0.70625 completed=11416 timedout=113 dropped=0 Util=0.98194
### END_ENTRY users=940 run=4 ###

### ENTRY users=950 run=4 seed=4 ###
ResponseTime=11.06609 Throughput=72.47500 goodput=71.75625 badput=0.71875 completed=11481 timedout=115 dropped=0 Util=0.98197
### END_ENTRY users=950 run=4 ###

### ENTRY users=960 run=4 seed=4 ###
ResponseTime=11.22265 Throughput=72.30625 goodput=71.53750 badput=0.76875 completed=11446 timedout=123 dropped=0 Util=0.98195
### END_ENTRY users=960 run=4 ###

### ENTRY users=970 run=4 seed=4 ###
ResponseTime=11.48603 Throughput=72.11875 goodput=71.34375 badput=0.77500 completed=11415 timedout=124 dropped=0 Util=0.98196
### END_ENTRY users=970 run=4 ###

### ENTRY users=980 run=4 seed=4 ###
ResponseTime=11.53774 Throughput=72.26250 goodput=71.45625 badput=0.80625 completed=11433 timedout=129 dropped=0 Util=0.98192
### END_ENTRY users=980 run=4 ###

### ENTRY users=990 run=4 seed=4 ###
ResponseTime=11.72908 Throughput=72.33125 goodput=71.38750 badput=0.94375 completed=11422 timedout=151 dropped=0 Util=0.98196
### END_ENTRY users=990 run=4 ###

### ENTRY users=1000 run=4 seed=4 ###
ResponseTime=11.79024 Throughput=72.50625 goodput=71.66875 badput=0.83750 completed=11467 timedout=134 dropped=0 Util=0.98196
### END_ENTRY users=1000 run=4 ###

### ENTRY users=1010 run=4 seed=4 ###
ResponseTime=11.92957 Throughput=72.38750 goodput=71.46875 badput=0.91875 completed=11435 timedout=147 dropped=0 Util=0.98197
### END_ENTRY users=1010 run=4 ###

### ENTRY users=1020 run=4 seed=4 ###
ResponseTime=12.25733 Throughput=71.88750 goodput=70.95625 badput=0.93125 completed=11353 timedout=149 dropped=0 Util=0.98192
### END_ENTRY users=1020 run=4 ###

### ENTRY users=1030 run=4 seed=4 ###
ResponseTime=12.34496 Throughput=72.03125 goodput=71.01250 badput=1.01875 completed=11362 timedout=163 dropped=0 Util=0.98193
### END_ENTRY users=1030 run=4 ###

### ENTRY users=1040 run=4 seed=4 ###
ResponseTime=12.50008 Throughput=72.28125 goodput=71.36875 badput=0.91250 completed=11419 timedout=146 dropped=0 Util=0.98198
### END_ENTRY users=1040 run=4 ###

### ENTRY users=1050 run=4 seed=4 ###
ResponseTime=12.41867 Throughput=72.90625 goodput=71.78125 badput=1.12500 completed=11485 timedout=180 dropped=0 Util=0.98195
### END_ENTRY users=1050 run=4 ###

### ENTRY users=1060 run=4 seed=4 ###
ResponseTime=12.46549 Throughput=73.43125 goodput=72.31250 badput=1.11875 completed=11570 timedout=179 dropped=0 Util=0.98198
### END_ENTRY users=1060 run=4 ###

### ENTRY users=1070 run=4 seed=4 ###
ResponseTime=12.78226 Throughput=72.64375 goodput=71.49375 badput=1.15000 completed=11439 timedout=184 dropped=0 Util=0.98196
### END_ENTRY users=1070 run=4 ###

### ENTRY users=1080 run=4 seed=4 ###
ResponseTime=13.07358 Throughput=72.40000 goodput=71.18125 badput=1.21875 completed=11389 timedout=195 dropped=0 Util=0.98195
### END_ENTRY users=1080 run=4 ###

### ENTRY users=1090 run=4 seed=4 ###
ResponseTime=13.16633 Throughput=72.47500 goodput=71.05000 badput=1.42500 completed=11368 timedout=228 dropped=0 Util=0.98194
### END_ENTRY users=1090 run=4 ###

### ENTRY users=1100 run=4 seed=4 ###
ResponseTime=13.42338 Throughput=71.99375 goodput=70.60625 badput=1.38750 completed=11297 timedout=222 dropped=0 Util=0.98195
### END_ENTRY users=1100 run=4 ###

### ENTRY users=1110 run=4 seed=4 ###
ResponseTime=13.43607 Throughput=72.51250 goodput=71.09375 badput=1.41875 completed=11375 timedout=227 dropped=0 Util=0.98195
### END_ENTRY users=1110 run=4 ###

### ENTRY users=1120 run=4 seed=4 ###
ResponseTime=13.81517 Throughput=71.48125 goodput=69.73750 badput=1.74375 completed=11158 timedout=279 dropped=0 Util=0.98195
### END_ENTRY users=1120 run=4 ###

### ENTRY users=1130 run=4 seed=4 ###
ResponseTime=13.74698 Throughput=72.65000 goodput=71.03750 badput=1.61250 completed=11366 timedout=258 dropped=0 Util=0.98196
### END_ENTRY users=1130 run=4 ###

### ENTRY users=1140 run=4 seed=4 ###
ResponseTime=14.00478 Throughput=72.18125 goodput=70.46875 badput=1.71250 completed=11275 timedout=274 dropped=0 Util=0.98195
### END_ENTRY users=1140 run=4 ###

### ENTRY users=1150 run=4 seed=4 ###
ResponseTime=14.04323 Throughput=72.33750 goodput=70.65625 badput=1.68125 completed=11305 timedout=269 dropped=0 Util=0.98195
### END_ENTRY users=1150 run=4 ###

### ENTRY users=1160 run=4 seed=4 ###
ResponseTime=14.19543 Throughput=72.41875 goodput=70.70625 badput=1.71250 completed=11313 timedout=274 dropped=0 Util=0.98196
### END_ENTRY users=1160 run=4 ###

### ENTRY users=1170 run=4 seed=4 ###
ResponseTime=14.41944 Throughput=72.10625 goodput=70.34375 badput=1.76250 completed=11255 timedout=282 dropped=0 Util=0.98194
### END_ENTRY users=1170 run=4 ###

### ENTRY users=1180 run=4 seed=4 ###
ResponseTime=14.43807 Throughput=72.36250 goodput=70.50625 badput=1.85625 completed=11281 timedout=297 dropped=0 Util=0.98196
### END_ENTRY users=1180 run=4 ###

### ENTRY users=1190 run=4 seed=4 ###
ResponseTime=14.61302 Throughput=72.63125 goodput=70.84375 badput=1.78750 completed=11335 timedout=286 dropped=0 Util=0.98194
### END_ENTRY users=1190 run=4 ###

### ENTRY users=1200 run=4 seed=4 ###
ResponseTime=14.78435 Throughput=72.61875 goodput=70.50625 badput=2.11250 completed=11281 timedout=338 dropped=0 Util=0.98198
### END_ENTRY users=1200 run=4 ###

### ENTRY users=1210 run=4 seed=4 ###
ResponseTime=14.94302 Throughput=72.41250 goodput=70.25625 badput=2.15625 completed=11241 timedout=345 dropped=0 Util=0.98195
### END_ENTRY users=1210 run=4 ###

### ENTRY users=1220 run=4 seed=4 ###
ResponseTime=14.89247 Throughput=73.16875 goodput=71.01875 badput=2.15000 completed=11363 timedout=344 dropped=0 Util=0.98195
### END_ENTRY users=1220 run=4 ###

### ENTRY users=1230 run=4 seed=4 ###
ResponseTime=15.36630 Throughput=71.61875 goodput=68.94375 badput=2.67500 completed=11031 timedout=428 dropped=0 Util=0.98193
### END_ENTRY users=1230 run=4 ###

### ENTRY users=1240 run=4 seed=4 ###
ResponseTime=15.50817 Throughput=71.69375 goodput=68.88125 badput=2.81250 completed=11021 timedout=450 dropped=0 Util=0.98192
### END_ENTRY users=1240 run=4 ###

### ENTRY users=1250 run=4 seed=4 ###
ResponseTime=15.38841 Throughput=73.21250 goodput=70.74375 badput=2.46875 completed=11319 timedout=395 dropped=0 Util=0.98198
### END_ENTRY users=1250 run=4 ###

### ENTRY users=1260 run=4 seed=4 ###
ResponseTime=15.64051 Throughput=72.46250 goodput=69.83125 badput=2.63125 completed=11173 timedout=421 dropped=0 Util=0.98199
### END_ENTRY users=1260 run=4 ###

### ENTRY users=1270 run=4 seed=4 ###
ResponseTime=16.10117 Throughput=71.12500 goodput=67.86875 badput=3.25625 completed=10859 timedout=521 dropped=0 Util=0.98192
### END_ENTRY users=1270 run=4 ###

### ENTRY users=1280 run=4 seed=4 ###
ResponseTime=16.01079 Throughput=72.31875 goodput=69.49375 badput=2.82500 completed=11119 timedout=452 dropped=0 Util=0.98197
### END_ENTRY users=1280 run=4 ###

### ENTRY users=1290 run=4 seed=4 ###
ResponseTime=16.09549 Throughput=72.05625 goodput=69.11875 badput=2.93750 completed=11059 timedout=470 dropped=0 Util=0.98195
### END_ENTRY users=1290 run=4 ###

### ENTRY users=1300 run=4 seed=4 ###
ResponseTime=16.23903 Throughput=72.26250 goodput=68.92500 badput=3.33750 completed=11028 timedout=534 dropped=0 Util=0.98194
### END_ENTRY users=1300 run=4 ###

### ENTRY users=1310 run=4 seed=4 ###
ResponseTime=16.53328 Throughput=71.94375 goodput=68.44375 badput=3.50000 completed=10951 timedout=560 dropped=0 Util=0.98195
### END_ENTRY users=1310 run=4 ###

### ENTRY users=1320 run=4 seed=4 ###
ResponseTime=16.69825 Throughput=71.81250 goodput=68.33125 badput=3.48125 completed=10933 timedout=557 dropped=0 Util=0.98195
### END_ENTRY users=1320 run=4 ###

### ENTRY users=1330 run=4 seed=4 ###
ResponseTime=16.80801 Throughput=71.71250 goodput=67.71875 badput=3.99375 completed=10835 timedout=639 dropped=0 Util=0.98193
### END_ENTRY users=1330 run=4 ###

### ENTRY users=1340 run=4 seed=4 ###
ResponseTime=16.86114 Throughput=71.73125 goodput=67.83750 badput=3.89375 completed=10854 timedout=623 dropped=0 Util=0.98196
### END_ENTRY users=1340 run=4 ###

### ENTRY users=1350 run=4 seed=4 ###
ResponseTime=16.90605 Throughput=72.56875 goodput=68.63125 badput=3.93750 completed=10981 timedout=630 dropped=0 Util=0.98196
### END_ENTRY users=1350 run=4 ###

### ENTRY users=1360 run=4 seed=4 ###
ResponseTime=17.03366 Throughput=72.37500 goodput=68.08750 badput=4.28750 completed=10894 timedout=686 dropped=0 Util=0.98194
### END_ENTRY users=1360 run=4 ###

### ENTRY users=1370 run=4 seed=4 ###
ResponseTime=17.37073 Throughput=72.06250 goodput=67.43125 badput=4.63125 completed=10789 timedout=741 dropped=0 Util=0.98193
### END_ENTRY users=1370 run=4 ###

### ENTRY users=1380 run=4 seed=4 ###
ResponseTime=17.47189 Throughput=71.85000 goodput=66.85000 badput=5.00000 completed=10696 timedout=800 dropped=0 Util=0.98194
### END_ENTRY users=1380 run=4 ###

### ENTRY users=1390 run=4 seed=4 ###
ResponseTime=17.56135 Throughput=72.23750 goodput=67.18750 badput=5.05000 completed=10750 timedout=808 dropped=0 Util=0.98195
### END_ENTRY users=1390 run=4 ###

### ENTRY users=1400 run=4 seed=4 ###
ResponseTime=17.34036 Throughput=73.35625 goodput=68.88125 badput=4.47500 completed=11021 timedout=716 dropped=0 Util=0.98200
### END_ENTRY users=1400 run=4 ###

### ENTRY users=1410 run=4 seed=4 ###
ResponseTime=17.67873 Throughput=73.11250 goodput=67.87500 badput=5.23750 completed=10860 timedout=838 dropped=0 Util=0.98196
### END_ENTRY users=1410 run=4 ###

### ENTRY users=1420 run=4 seed=4 ###
ResponseTime=18.24240 Throughput=71.69375 goodput=65.33750 badput=6.35625 completed=10454 timedout=1017 dropped=0 Util=0.98195
### END_ENTRY users=1420 run=4 ###

### ENTRY users=1430 run=4 seed=4 ###
ResponseTime=17.69594 Throughput=73.94375 goodput=68.89375 badput=5.05000 completed=11023 timedout=808 dropped=0 Util=0.98199
### END_ENTRY users=1430 run=4 ###

### ENTRY users=1440 run=4 seed=4 ###
ResponseTime=18.42728 Throughput=71.43125 goodput=64.65625 badput=6.77500 completed=10345 timedout=1084 dropped=0 Util=0.98193
### END_ENTRY users=1440 run=4 ###

### ENTRY users=1450 run=4 seed=4 ###
ResponseTime=18.03863 Throughput=73.48750 goodput=67.95625 badput=5.53125 completed=10873 timedout=885 dropped=0 Util=0.98198
### END_ENTRY users=1450 run=4 ###

### ENTRY users=1460 run=4 seed=4 ###
ResponseTime=18.67556 Throughput=71.71875 goodput=64.65000 badput=7.06875 completed=10344 timedout=1131 dropped=0 Util=0.98196
### END_ENTRY users=1460 run=4 ###

### ENTRY users=1470 run=4 seed=4 ###
ResponseTime=18.79158 Throughput=71.97500 goodput=64.89375 badput=7.08125 completed=10383 timedout=1133 dropped=0 Util=0.98197
### END_ENTRY users=1470 run=4 ###

### ENTRY users=1480 run=4 seed=4 ###
ResponseTime=18.82365 Throughput=72.44375 goodput=65.20625 badput=7.23750 completed=10433 timedout=1158 dropped=0 Util=0.98195
### END_ENTRY users=1480 run=4 ###

### ENTRY users=1490 run=4 seed=4 ###
ResponseTime=19.13775 Throughput=71.99375 goodput=63.87500 badput=8.11875 completed=10220 timedout=1299 dropped=0 Util=0.98194
### END_ENTRY users=1490 run=4 ###

### ENTRY users=1500 run=4 seed=4 ###
ResponseTime=19.29401 Throughput=71.48125 goodput=62.72500 badput=8.75625 completed=10036 timedout=1401 dropped=0 Util=0.98194
### END_ENTRY users=1500 run=4 ###

### ENTRY users=1510 run=4 seed=4 ###
ResponseTime=19.34833 Throughput=72.04375 goodput=63.29375 badput=8.75000 completed=10127 timedout=1400 dropped=0 Util=0.98192
### END_ENTRY users=1510 run=4 ###

### ENTRY users=1520 run=4 seed=4 ###
ResponseTime=19.69186 Throughput=71.57500 goodput=61.98750 badput=9.58750 completed=9918 timedout=1534 dropped=0 Util=0.98195
### END_ENTRY users=1520 run=4 ###

### ENTRY users=1530 run=4 seed=4 ###
ResponseTime=19.70530 Throughput=71.91875 goodput=62.03750 badput=9.88125 completed=9926 timedout=1581 dropped=0 Util=0.98192
### END_ENTRY users=1530 run=4 ###

### ENTRY users=1540 run=4 seed=4 ###
ResponseTime=20.16375 Throughput=70.91875 goodput=59.61250 badput=11.30625 completed=9538 timedout=1809 dropped=0 Util=0.98190
### END_ENTRY users=1540 run=4 ###

### ENTRY users=1550 run=4 seed=4 ###
ResponseTime=19.82605 Throughput=72.39375 goodput=62.41875 badput=9.97500 completed=9987 timedout=1596 dropped=0 Util=0.98196
### END_ENTRY users=1550 run=4 ###

### ENTRY users=1560 run=4 seed=4 ###
ResponseTime=19.90749 Throughput=72.75000 goodput=62.43125 badput=10.31875 completed=9989 timedout=1651 dropped=0 Util=0.98195
### END_ENTRY users=1560 run=4 ###

### ENTRY users=1570 run=4 seed=4 ###
ResponseTime=20.15490 Throughput=72.14375 goodput=60.71875 badput=11.42500 completed=9715 timedout=1828 dropped=0 Util=0.98196
### END_ENTRY users=1570 run=4 ###

### ENTRY users=1580 run=4 seed=4 ###
ResponseTime=20.21966 Throughput=72.86875 goodput=61.56250 badput=11.30625 completed=9850 timedout=1809 dropped=0 Util=0.98197
### END_ENTRY users=1580 run=4 ###

### ENTRY users=1590 run=4 seed=4 ###
ResponseTime=20.53846 Throughput=71.88750 goodput=59.30625 badput=12.58125 completed=9489 timedout=2013 dropped=0 Util=0.98194
### END_ENTRY users=1590 run=4 ###

### ENTRY users=1600 run=4 seed=4 ###
ResponseTime=20.89827 Throughput=71.90625 goodput=57.28750 badput=14.61875 completed=9166 timedout=2339 dropped=0 Util=0.98193
### END_ENTRY users=1600 run=4 ###

### ENTRY users=1610 run=4 seed=4 ###
ResponseTime=20.67196 Throughput=72.41250 goodput=58.89375 badput=13.51875 completed=9423 timedout=2163 dropped=0 Util=0.98194
### END_ENTRY users=1610 run=4 ###

### ENTRY users=1620 run=4 seed=4 ###
ResponseTime=21.30405 Throughput=71.35000 goodput=55.32500 badput=16.02500 completed=8852 timedout=2564 dropped=0 Util=0.98194
### END_ENTRY users=1620 run=4 ###

### ENTRY users=1630 run=4 seed=4 ###
ResponseTime=21.55137 Throughput=71.26250 goodput=53.45000 badput=17.81250 completed=8552 timedout=2850 dropped=0 Util=0.98190
### END_ENTRY users=1630 run=4 ###

### ENTRY users=1640 run=4 seed=4 ###
ResponseTime=21.70158 Throughput=71.31250 goodput=53.15000 badput=18.16250 completed=8504 timedout=2906 dropped=0 Util=0.98193
### END_ENTRY users=1640 run=4 ###

### ENTRY users=1650 run=4 seed=4 ###
ResponseTime=21.27933 Throughput=72.56250 goodput=56.17500 badput=16.38750 completed=8988 timedout=2622 dropped=0 Util=0.98195
### END_ENTRY users=1650 run=4 ###

### ENTRY users=1660 run=4 seed=4 ###
ResponseTime=21.87829 Throughput=72.00000 goodput=52.77500 badput=19.22500 completed=8444 timedout=3076 dropped=0 Util=0.98196
### END_ENTRY users=1660 run=4 ###

### ENTRY users=1670 run=4 seed=4 ###
ResponseTime=21.88692 Throughput=72.46250 goodput=53.16875 badput=19.29375 completed=8507 timedout=3087 dropped=0 Util=0.98195
### END_ENTRY users=1670 run=4 ###

### ENTRY users=1680 run=4 seed=4 ###
ResponseTime=22.10070 Throughput=71.86875 goodput=51.26250 badput=20.60625 completed=8202 timedout=3297 dropped=0 Util=0.98194
### END_ENTRY users=1680 run=4 ###

### ENTRY users=1690 run=4 seed=4 ###
ResponseTime=21.76376 Throughput=73.03125 goodput=53.51250 badput=19.51875 completed=8562 timedout=3123 dropped=0 Util=0.98196
### END_ENTRY users=1690 run=4 ###

### ENTRY users=1700 run=4 seed=4 ###
ResponseTime=22.14892 Throughput=72.26875 goodput=50.68125 badput=21.58750 completed=8109 timedout=3454 dropped=0 Util=0.98196
### END_ENTRY users=1700 run=4 ###

### ENTRY users=1710 run=4 seed=4 ###
ResponseTime=22.64597 Throughput=71.74375 goodput=47.48125 badput=24.26250 completed=7597 timedout=3882 dropped=0 Util=0.98195
### END_ENTRY users=1710 run=4 ###

### ENTRY users=1720 run=4 seed=4 ###
ResponseTime=22.57008 Throughput=72.56875 goodput=49.19375 badput=23.37500 completed=7871 timedout=3740 dropped=0 Util=0.98193
### END_ENTRY users=1720 run=4 ###

### ENTRY users=1730 run=4 seed=4 ###
ResponseTime=22.71885 Throughput=72.66250 goodput=47.90625 badput=24.75625 completed=7665 timedout=3961 dropped=0 Util=0.98197
### END_ENTRY users=1730 run=4 ###

### ENTRY users=1740 run=4 seed=4 ###
ResponseTime=22.60990 Throughput=73.23125 goodput=49.48750 badput=23.74375 completed=7918 timedout=3799 dropped=0 Util=0.98199
### END_ENTRY users=1740 run=4 ###

### ENTRY users=1750 run=4 seed=4 ###
ResponseTime=23.21250 Throughput=72.99375 goodput=44.73125 badput=28.26250 completed=7157 timedout=4522 dropped=0 Util=0.98195
### END_ENTRY users=1750 run=4 ###

### ENTRY users=1760 run=4 seed=4 ###
ResponseTime=23.47142 Throughput=72.66250 goodput=43.27500 badput=29.38750 completed=6924 timedout=4702 dropped=0 Util=0.98196
### END_ENTRY users=1760 run=4 ###

### ENTRY users=1770 run=4 seed=4 ###
ResponseTime=23.65497 Throughput=72.62500 goodput=42.11250 badput=30.51250 completed=6738 timedout=4882 dropped=0 Util=0.98195
### END_ENTRY users=1770 run=4 ###

### ENTRY users=1780 run=4 seed=4 ###
ResponseTime=24.20364 Throughput=72.08125 goodput=38.37500 badput=33.70625 completed=6140 timedout=5393 dropped=173 Util=0.98196
### END_ENTRY users=1780 run=4 ###

### ENTRY users=1790 run=4 seed=4 ###
ResponseTime=24.28415 Throughput=72.37500 goodput=38.18750 badput=34.18750 completed=6110 timedout=5470 dropped=183 Util=0.98196
### END_ENTRY users=1790 run=4 ###

### ENTRY users=1800 run=4 seed=4 ###
ResponseTime=24.67195 Throughput=71.10000 goodput=34.19375 badput=36.90625 completed=5471 timedout=5905 dropped=1382 Util=0.98193
### END_ENTRY users=1800 run=4 ###

### ENTRY users=1810 run=4 seed=4 ###
ResponseTime=24.65520 Throughput=71.94375 goodput=35.56875 badput=36.37500 completed=5691 timedout=5820 dropped=1325 Util=0.98193
### END_ENTRY users=1810 run=4 ###

### ENTRY users=1820 run=4 seed=4 ###
ResponseTime=24.64415 Throughput=72.01875 goodput=35.25625 badput=36.76250 completed=5641 timedout=5882 dropped=1625 Util=0.98195
### END_ENTRY users=1820 run=4 ###

### ENTRY users=1830 run=4 seed=4 ###
ResponseTime=24.74062 Throughput=71.65625 goodput=34.41250 badput=37.24375 completed=5506 timedout=5959 dropped=2168 Util=0.98195
### END_ENTRY users=1830 run=4 ###

### ENTRY users=1840 run=4 seed=4 ###
ResponseTime=24.52189 Throughput=72.38125 goodput=36.06250 badput=36.31875 completed=5770 timedout=5811 dropped=2249 Util=0.98196
### END_ENTRY users=1840 run=4 ###

### ENTRY users=1850 run=4 seed=4 ###
ResponseTime=24.57784 Throughput=72.28750 goodput=35.50625 badput=36.78125 completed=5681 timedout=5885 dropped=2788 Util=0.98193
### END_ENTRY users=1850 run=4 ###

### ENTRY users=1860 run=4 seed=4 ###
ResponseTime=24.74067 Throughput=71.39375 goodput=34.15625 badput=37.23750 completed=5465 timedout=5958 dropped=3535 Util=0.98195
### END_ENTRY users=1860 run=4 ###

### ENTRY users=1870 run=4 seed=4 ###
ResponseTime=24.92156 Throughput=71.99375 goodput=34.20625 badput=37.78750 completed=5473 timedout=6046 dropped=4155 Util=0.98195
### END_ENTRY users=1870 run=4 ###

### ENTRY users=1880 run=4 seed=4 ###
ResponseTime=24.82242 Throughput=71.61250 goodput=33.72500 badput=37.88750 completed=5396 timedout=6062 dropped=4718 Util=0.98192
### END_ENTRY users=1880 run=4 ###

### ENTRY users=1890 run=4 seed=4 ###
ResponseTime=24.51109 Throughput=72.70625 goodput=36.19375 badput=36.51250 completed=5791 timedout=5842 dropped=4247 Util=0.98196
### END_ENTRY users=1890 run=4 ###

### ENTRY users=1900 run=4 seed=4 ###
ResponseTime=24.81873 Throughput=71.66875 goodput=33.97500 badput=37.69375 completed=5436 timedout=6031 dropped=5572 Util=0.98193
### END_ENTRY users=1900 run=4 ###

### ENTRY users=1910 run=4 seed=4 ###
ResponseTime=24.85552 Throughput=71.86250 goodput=33.29375 badput=38.56875 completed=5327 timedout=6171 dropped=6078 Util=0.98194
### END_ENTRY users=1910 run=4 ###

### ENTRY users=1920 run=4 seed=4 ###
ResponseTime=24.52638 Throughput=72.77500 goodput=35.78750 badput=36.98750 completed=5726 timedout=5918 dropped=5781 Util=0.98194
### END_ENTRY users=1920 run=4 ###

### ENTRY users=1930 run=4 seed=4 ###
ResponseTime=25.19796 Throughput=70.91250 goodput=31.52500 badput=39.38750 completed=5044 timedout=6302 dropped=7809 Util=0.98193
### END_ENTRY users=1930 run=4 ###

### ENTRY users=1940 run=4 seed=4 ###
ResponseTime=24.88357 Throughput=71.66250 goodput=32.60000 badput=39.06250 completed=5216 timedout=6250 dropped=7628 Util=0.98193
### END_ENTRY users=1940 run=4 ###

### ENTRY users=1950 run=4 seed=4 ###
ResponseTime=24.40616 Throughput=73.51250 goodput=37.20000 badput=36.31250 completed=5952 timedout=5810 dropped=6971 Util=0.98196
### END_ENTRY users=1950 run=4 ###

### ENTRY users=1960 run=4 seed=4 ###
ResponseTime=24.84189 Throughput=71.96875 goodput=33.30000 badput=38.66875 completed=5328 timedout=6187 dropped=8490 Util=0.98193
### END_ENTRY users=1960 run=4 ###

### ENTRY users=1970 run=4 seed=4 ###
ResponseTime=24.80699 Throughput=72.01875 goodput=33.33125 badput=38.68750 completed=5333 timedout=6190 dropped=9069 Util=0.98195
### END_ENTRY users=1970 run=4 ###

### ENTRY users=1980 run=4 seed=4 ###
ResponseTime=24.68038 Throughput=72.73750 goodput=34.45625 badput=38.28125 completed=5513 timedout=6125 dropped=9243 Util=0.98196
### END_ENTRY users=1980 run=4 ###

### ENTRY users=1990 run=4 seed=4 ###
ResponseTime=24.21736 Throughput=73.86875 goodput=37.80000 badput=36.06875 completed=6048 timedout=5771 dropped=8600 Util=0.98195
### END_ENTRY users=1990 run=4 ###

### ENTRY users=2000 run=4 seed=4 ###
ResponseTime=24.68024 Throughput=72.37500 goodput=34.22500 badput=38.15000 completed=5476 timedout=6104 dropped=10408 Util=0.98195
### END_ENTRY users=2000 run=4 ###

### ENTRY users=2010 run=4 seed=4 ###
ResponseTime=24.88822 Throughput=71.64375 goodput=32.29375 badput=39.35000 completed=5167 timedout=6296 dropped=11490 Util=0.98192
### END_ENTRY users=2010 run=4 ###

### ENTRY users=2020 run=4 seed=4 ###
ResponseTime=24.78103 Throughput=71.96250 goodput=33.85000 badput=38.11250 completed=5416 timedout=6098 dropped=11566 Util=0.98198
### END_ENTRY users=2020 run=4 ###

### ENTRY users=2030 run=4 seed=4 ###
ResponseTime=24.93715 Throughput=71.58125 goodput=32.15000 badput=39.43125 completed=5144 timedout=6309 dropped=12759 Util=0.98194
### END_ENTRY users=2030 run=4 ###

### ENTRY users=2040 run=4 seed=4 ###
ResponseTime=24.82664 Throughput=72.01875 goodput=33.25000 badput=38.76875 completed=5320 timedout=6203 dropped=12813 Util=0.98194
### END_ENTRY users=2040 run=4 ###

### ENTRY users=2050 run=4 seed=4 ###
ResponseTime=24.80070 Throughput=71.99375 goodput=32.95625 badput=39.03750 completed=5273 timedout=6246 dropped=13476 Util=0.98196
### END_ENTRY users=2050 run=4 ###

### ENTRY users=2060 run=4 seed=4 ###
ResponseTime=24.91613 Throughput=71.97500 goodput=33.36250 badput=38.61250 completed=5338 timedout=6178 dropped=14023 Util=0.98195
### END_ENTRY users=2060 run=4 ###

### ENTRY users=2070 run=4 seed=4 ###
ResponseTime=24.73310 Throughput=72.20000 goodput=33.66250 badput=38.53750 completed=5386 timedout=6166 dropped=14300 Util=0.98196
### END_ENTRY users=2070 run=4 ###

### ENTRY users=2080 run=4 seed=4 ###
ResponseTime=24.87070 Throughput=71.98750 goodput=32.93125 badput=39.05625 completed=5269 timedout=6249 dropped=15030 Util=0.98194
### END_ENTRY users=2080 run=4 ###

### ENTRY users=2090 run=4 seed=4 ###
ResponseTime=24.67881 Throughput=72.70625 goodput=35.39375 badput=37.31250 completed=5663 timedout=5970 dropped=14902 Util=0.98196
### END_ENTRY users=2090 run=4 ###

### ENTRY users=2100 run=4 seed=4 ###
ResponseTime=24.94956 Throughput=72.03125 goodput=32.98750 badput=39.04375 completed=5278 timedout=6247 dropped=16187 Util=0.98195
### END_ENTRY users=2100 run=4 ###

### ENTRY users=2110 run=4 seed=4 ###
ResponseTime=24.60558 Throughput=72.74375 goodput=35.06250 badput=37.68125 completed=5610 timedout=6029 dropped=16034 Util=0.98195
### END_ENTRY users=2110 run=4 ###

### ENTRY users=2120 run=4 seed=4 ###
ResponseTime=25.04923 Throughput=71.36250 goodput=31.86250 badput=39.50000 completed=5098 timedout=6320 dropped=17667 Util=0.98193
### END_ENTRY users=2120 run=4 ###

### ENTRY users=2130 run=4 seed=4 ###
ResponseTime=24.78474 Throughput=72.15625 goodput=34.04375 badput=38.11250 completed=5447 timedout=6098 dropped=17416 Util=0.98197
### END_ENTRY users=2130 run=4 ###

### ENTRY users=2140 run=4 seed=4 ###
ResponseTime=24.73902 Throughput=72.39375 goodput=33.86250 badput=38.53125 completed=5418 timedout=6165 dropped=17983 Util=0.98195
### END_ENTRY users=2140 run=4 ###

### ENTRY users=2150 run=4 seed=4 ###
ResponseTime=24.92903 Throughput=71.48750 goodput=32.45000 badput=39.03750 completed=5192 timedout=6246 dropped=19057 Util=0.98192
### END_ENTRY users=2150 run=4 ###

### ENTRY users=2160 run=4 seed=4 ###
ResponseTime=24.65088 Throughput=72.83125 goodput=34.26875 badput=38.56250 completed=5483 timedout=6170 dropped=18925 Util=0.98193
### END_ENTRY users=2160 run=4 ###

### ENTRY users=2170 run=4 seed=4 ###
ResponseTime=24.65200 Throughput=72.55000 goodput=34.37500 badput=38.17500 completed=5500 timedout=6108 dropped=19401 Util=0.98193
### END_ENTRY users=2170 run=4 ###

### ENTRY users=2180 run=4 seed=4 ###
ResponseTime=24.82331 Throughput=72.25000 goodput=33.90000 badput=38.35000 completed=5424 timedout=6136 dropped=20194 Util=0.98193
### END_ENTRY users=2180 run=4 ###

### ENTRY users=2190 run=4 seed=4 ###
ResponseTime=24.57457 Throughput=73.06250 goodput=35.20625 badput=37.85625 completed=5633 timedout=6057 dropped=20306 Util=0.98195
### END_ENTRY users=2190 run=4 ###

### ENTRY users=2200 run=4 seed=4 ###
ResponseTime=25.19727 Throughput=71.21250 goodput=30.09375 badput=41.11875 completed=4815 timedout=6579 dropped=22656 Util=0.98190
### END_ENTRY users=2200 run=4 ###

### ENTRY users=2210 run=4 seed=4 ###
ResponseTime=24.68768 Throughput=72.26250 goodput=34.56875 badput=37.69375 completed=5531 timedout=6031 dropped=21507 Util=0.98196
### END_ENTRY users=2210 run=4 ###

### ENTRY users=2220 run=4 seed=4 ###
ResponseTime=24.77098 Throughput=72.30625 goodput=34.48750 badput=37.81875 completed=5518 timedout=6051 dropped=22322 Util=0.98193
### END_ENTRY users=2220 run=4 ###

### ENTRY users=2230 run=4 seed=4 ###
ResponseTime=24.64490 Throughput=72.68750 goodput=35.15000 badput=37.53750 completed=5624 timedout=6006 dropped=22528 Util=0.98193
### END_ENTRY users=2230 run=4 ###

### ENTRY users=2240 run=4 seed=4 ###
ResponseTime=24.87569 Throughput=71.91250 goodput=32.83125 badput=39.08125 completed=5253 timedout=6253 dropped=23665 Util=0.98193
### END_ENTRY users=2240 run=4 ###

### ENTRY users=2250 run=4 seed=4 ###
ResponseTime=24.64545 Throughput=72.86875 goodput=34.21875 badput=38.65000 completed=5475 timedout=6184 dropped=23805 Util=0.98199
### END_ENTRY users=2250 run=4 ###

### ENTRY users=2260 run=4 seed=4 ###
ResponseTime=24.53046 Throughput=73.21250 goodput=35.00625 badput=38.20625 completed=5601 timedout=6113 dropped=24027 Util=0.98197
### END_ENTRY users=2260 run=4 ###

### ENTRY users=2270 run=4 seed=4 ###
ResponseTime=24.89084 Throughput=72.04375 goodput=33.36875 badput=38.67500 completed=5339 timedout=6188 dropped=25319 Util=0.98196
### END_ENTRY users=2270 run=4 ###

### ENTRY users=2280 run=4 seed=4 ###
ResponseTime=24.85691 Throughput=71.82500 goodput=33.01875 badput=38.80625 completed=5283 timedout=6209 dropped=25968 Util=0.98194
### END_ENTRY users=2280 run=4 ###

### ENTRY users=2290 run=4 seed=4 ###
ResponseTime=24.25644 Throughput=73.85000 goodput=37.61250 badput=36.23750 completed=6018 timedout=5798 dropped=24861 Util=0.98199
### END_ENTRY users=2290 run=4 ###

### ENTRY users=2300 run=4 seed=4 ###
ResponseTime=25.02413 Throughput=71.21250 goodput=31.33750 badput=39.87500 completed=5014 timedout=6380 dropped=27542 Util=0.98190
### END_ENTRY users=2300 run=4 ###

### ENTRY users=2310 run=4 seed=4 ###
ResponseTime=24.53310 Throughput=72.35000 goodput=34.36875 badput=37.98125 completed=5499 timedout=6077 dropped=27079 Util=0.98196
### END_ENTRY users=2310 run=4 ###

### ENTRY users=2320 run=4 seed=4 ###
ResponseTime=24.98635 Throughput=71.23125 goodput=31.55000 badput=39.68125 completed=5048 timedout=6349 dropped=28626 Util=0.98194
### END_ENTRY users=2320 run=4 ###

### ENTRY users=2330 run=4 seed=4 ###
ResponseTime=24.69356 Throughput=72.63750 goodput=35.05000 badput=37.58750 completed=5608 timedout=6014 dropped=27950 Util=0.98194
### END_ENTRY users=2330 run=4 ###

### ENTRY users=2340 run=4 seed=4 ###
ResponseTime=25.07292 Throughput=71.23125 goodput=30.95000 badput=40.28125 completed=4952 timedout=6445 dropped=29908 Util=0.98194
### END_ENTRY users=2340 run=4 ###

### ENTRY users=2350 run=4 seed=4 ###
ResponseTime=24.85166 Throughput=72.36250 goodput=33.55000 badput=38.81250 completed=5368 timedout=6210 dropped=29667 Util=0.98192
### END_ENTRY users=2350 run=4 ###

### ENTRY users=2360 run=4 seed=4 ###
ResponseTime=24.87275 Throughput=71.98125 goodput=32.65000 badput=39.33125 completed=5224 timedout=6293 dropped=30237 Util=0.98196
### END_ENTRY users=2360 run=4 ###

### ENTRY users=2370 run=4 seed=4 ###
ResponseTime=24.65747 Throughput=71.95625 goodput=33.68125 badput=38.27500 completed=5389 timedout=6124 dropped=30470 Util=0.98198
### END_ENTRY users=2370 run=4 ###

### ENTRY users=2380 run=4 seed=4 ###
ResponseTime=24.84849 Throughput=72.10000 goodput=32.85000 badput=39.25000 completed=5256 timedout=6280 dropped=31311 Util=0.98193
### END_ENTRY users=2380 run=4 ###

### ENTRY users=2390 run=4 seed=4 ###
ResponseTime=24.55652 Throughput=72.75000 goodput=35.08750 badput=37.66250 completed=5614 timedout=6026 dropped=31206 Util=0.98196
### END_ENTRY users=2390 run=4 ###

### ENTRY users=2400 run=4 seed=4 ###
ResponseTime=25.04093 Throughput=71.36875 goodput=32.00625 badput=39.36250 completed=5121 timedout=6298 dropped=32747 Util=0.98192
### END_ENTRY users=2400 run=4 ###

### ENTRY users=2410 run=4 seed=4 ###
ResponseTime=24.96213 Throughput=71.90000 goodput=32.42500 badput=39.47500 completed=5188 timedout=6316 dropped=33320 Util=0.98192
### END_ENTRY users=2410 run=4 ###

### ENTRY users=2420 run=4 seed=4 ###
ResponseTime=24.56800 Throughput=72.87500 goodput=35.22500 badput=37.65000 completed=5636 timedout=6024 dropped=32952 Util=0.98196
### END_ENTRY users=2420 run=4 ###

### ENTRY users=2430 run=4 seed=4 ###
ResponseTime=24.59632 Throughput=72.98125 goodput=35.33125 badput=37.65000 completed=5653 timedout=6024 dropped=33277 Util=0.98198
### END_ENTRY users=2430 run=4 ###

### ENTRY users=2440 run=4 seed=4 ###
ResponseTime=24.56755 Throughput=72.83125 goodput=35.59375 badput=37.23750 completed=5695 timedout=5958 dropped=33707 Util=0.98195
### END_ENTRY users=2440 run=4 ###

### ENTRY users=2450 run=4 seed=4 ###
ResponseTime=24.96004 Throughput=71.51875 goodput=32.38125 badput=39.13750 completed=5181 timedout=6262 dropped=35359 Util=0.98195
### END_ENTRY users=2450 run=4 ###

### ENTRY users=2460 run=4 seed=4 ###
ResponseTime=24.99978 Throughput=71.46875 goodput=31.85625 badput=39.61250 completed=5097 timedout=6338 dropped=36020 Util=0.98196
### END_ENTRY users=2460 run=4 ###

### ENTRY users=2470 run=4 seed=4 ###
ResponseTime=24.35239 Throughput=73.24375 goodput=35.97500 badput=37.26875 completed=5756 timedout=5963 dropped=35270 Util=0.98197
### END_ENTRY users=2470 run=4 ###

### ENTRY users=2480 run=4 seed=4 ###
ResponseTime=24.81599 Throughput=72.04375 goodput=34.05000 badput=37.99375 completed=5448 timedout=6079 dropped=36498 Util=0.98197
### END_ENTRY users=2480 run=4 ###

### ENTRY users=2490 run=4 seed=4 ###
ResponseTime=25.09150 Throughput=71.45625 goodput=31.62500 badput=39.83125 completed=5060 timedout=6373 dropped=37730 Util=0.98196
### END_ENTRY users=2490 run=4 ###

### ENTRY users=2500 run=4 seed=4 ###
ResponseTime=24.20897 Throughput=73.68750 goodput=37.51250 badput=36.17500 completed=6002 timedout=5788 dropped=36229 Util=0.98199
### END_ENTRY users=2500 run=4 ###

### ENTRY users=2510 run=4 seed=4 ###
ResponseTime=25.10066 Throughput=71.09375 goodput=30.68125 badput=40.41250 completed=4909 timedout=6466 dropped=39153 Util=0.98194
### END_ENTRY users=2510 run=4 ###

### ENTRY users=2520 run=4 seed=4 ###
ResponseTime=24.60355 Throughput=72.35625 goodput=34.31875 badput=38.03750 completed=5491 timedout=6086 dropped=38611 Util=0.98195
### END_ENTRY users=2520 run=4 ###

### ENTRY users=2530 run=4 seed=4 ###
ResponseTime=24.57818 Throughput=72.67500 goodput=34.89375 badput=37.78125 completed=5583 timedout=6045 dropped=38759 Util=0.98195
### END_ENTRY users=2530 run=4 ###

### ENTRY users=2540 run=4 seed=4 ###
ResponseTime=24.87142 Throughput=71.95625 goodput=32.58125 badput=39.37500 completed=5213 timedout=6300 dropped=40100 Util=0.98196
### END_ENTRY users=2540 run=4 ###

### ENTRY users=2550 run=4 seed=4 ###
ResponseTime=24.93483 Throughput=71.71250 goodput=32.14375 badput=39.56875 completed=5143 timedout=6331 dropped=40828 Util=0.98193
### END_ENTRY users=2550 run=4 ###

### ENTRY users=2560 run=4 seed=4 ###
ResponseTime=24.61467 Throughput=72.36250 goodput=35.00625 badput=37.35625 completed=5601 timedout=5977 dropped=40638 Util=0.98198
### END_ENTRY users=2560 run=4 ###

### ENTRY users=2570 run=4 seed=4 ###
ResponseTime=24.69080 Throughput=72.44375 goodput=34.11250 badput=38.33125 completed=5458 timedout=6133 dropped=41430 Util=0.98197
### END_ENTRY users=2570 run=4 ###

### ENTRY users=2580 run=4 seed=4 ###
ResponseTime=24.89824 Throughput=71.71875 goodput=32.57500 badput=39.14375 completed=5212 timedout=6263 dropped=42286 Util=0.98192
### END_ENTRY users=2580 run=4 ###

### ENTRY users=2590 run=4 seed=4 ###
ResponseTime=24.74470 Throughput=72.45000 goodput=34.23125 badput=38.21875 completed=5477 timedout=6115 dropped=42508 Util=0.98191
### END_ENTRY users=2590 run=4 ###

### ENTRY users=2600 run=4 seed=4 ###
ResponseTime=24.56517 Throughput=72.97500 goodput=35.52500 badput=37.45000 completed=5684 timedout=5992 dropped=42350 Util=0.98200
### END_ENTRY users=2600 run=4 ###

### ENTRY users=2610 run=4 seed=4 ###
ResponseTime=24.59692 Throughput=72.68125 goodput=35.04375 badput=37.63750 completed=5607 timedout=6022 dropped=43074 Util=0.98197
### END_ENTRY users=2610 run=4 ###

### ENTRY users=2620 run=4 seed=4 ###
ResponseTime=24.61431 Throughput=72.62500 goodput=34.34375 badput=38.28125 completed=5495 timedout=6125 dropped=43972 Util=0.98196
### END_ENTRY users=2620 run=4 ###

### ENTRY users=2630 run=4 seed=4 ###
ResponseTime=24.54983 Throughput=73.10000 goodput=36.23125 badput=36.86875 completed=5797 timedout=5899 dropped=44022 Util=0.98198
### END_ENTRY users=2630 run=4 ###

### ENTRY users=2640 run=4 seed=4 ###
ResponseTime=24.78971 Throughput=72.33750 goodput=33.40625 badput=38.93125 completed=5345 timedout=6229 dropped=45241 Util=0.98196
### END_ENTRY users=2640 run=4 ###

### ENTRY users=2650 run=4 seed=4 ###
ResponseTime=24.94084 Throughput=71.56875 goodput=32.59375 badput=38.97500 completed=5215 timedout=6236 dropped=46347 Util=0.98192
### END_ENTRY users=2650 run=4 ###

### ENTRY users=2660 run=4 seed=4 ###
ResponseTime=24.50775 Throughput=72.86250 goodput=34.55625 badput=38.30625 completed=5529 timedout=6129 dropped=45951 Util=0.98198
### END_ENTRY users=2660 run=4 ###

### ENTRY users=2670 run=4 seed=4 ###
ResponseTime=24.99625 Throughput=71.77500 goodput=31.73125 badput=40.04375 completed=5077 timedout=6407 dropped=47642 Util=0.98193
### END_ENTRY users=2670 run=4 ###

### ENTRY users=2680 run=4 seed=4 ###
ResponseTime=24.38793 Throughput=73.55625 goodput=36.57500 badput=36.98125 completed=5852 timedout=5917 dropped=46438 Util=0.98198
### END_ENTRY users=2680 run=4 ###

### ENTRY users=2690 run=4 seed=4 ###
ResponseTime=24.89094 Throughput=71.46250 goodput=31.57500 badput=39.88750 completed=5052 timedout=6382 dropped=48552 Util=0.98194
### END_ENTRY users=2690 run=4 ###

### ENTRY users=2700 run=4 seed=4 ###
ResponseTime=24.90081 Throughput=71.51875 goodput=32.56875 badput=38.95000 completed=5211 timedout=6232 dropped=48953 Util=0.98195
### END_ENTRY users=2700 run=4 ###

### ENTRY users=2710 run=4 seed=4 ###
ResponseTime=24.85563 Throughput=71.73750 goodput=32.80625 badput=38.93125 completed=5249 timedout=6229 dropped=49384 Util=0.98192
### END_ENTRY users=2710 run=4 ###

### ENTRY users=2720 run=4 seed=4 ###
ResponseTime=24.77975 Throughput=72.65000 goodput=33.90625 badput=38.74375 completed=5425 timedout=6199 dropped=49493 Util=0.98195
### END_ENTRY users=2720 run=4 ###

### ENTRY users=2730 run=4 seed=4 ###
ResponseTime=24.61899 Throughput=72.50000 goodput=34.36875 badput=38.13125 completed=5499 timedout=6101 dropped=49966 Util=0.98197
### END_ENTRY users=2730 run=4 ###

### ENTRY users=2740 run=4 seed=4 ###
ResponseTime=24.96247 Throughput=71.70000 goodput=31.88125 badput=39.81875 completed=5101 timedout=6371 dropped=51349 Util=0.98193
### END_ENTRY users=2740 run=4 ###

### ENTRY users=2750 run=4 seed=4 ###
ResponseTime=24.95796 Throughput=72.06875 goodput=32.71250 badput=39.35625 completed=5234 timedout=6297 dropped=51466 Util=0.98193
### END_ENTRY users=2750 run=4 ###

### ENTRY users=2760 run=4 seed=4 ###
ResponseTime=25.03226 Throughput=71.48125 goodput=31.56250 badput=39.91875 completed=5050 timedout=6387 dropped=52578 Util=0.98195
### END_ENTRY users=2760 run=4 ###

### ENTRY users=2770 run=4 seed=4 ###
ResponseTime=24.83376 Throughput=72.29375 goodput=33.68125 badput=38.61250 completed=5389 timedout=6178 dropped=52315 Util=0.98193
### END_ENTRY users=2770 run=4 ###

### ENTRY users=2780 run=4 seed=4 ###
ResponseTime=24.64750 Throughput=72.69375 goodput=34.86250 badput=37.83125 completed=5578 timedout=6053 dropped=52683 Util=0.98194
### END_ENTRY users=2780 run=4 ###

### ENTRY users=2790 run=4 seed=4 ###
ResponseTime=25.04708 Throughput=71.50625 goodput=31.95625 badput=39.55000 completed=5113 timedout=6328 dropped=54072 Util=0.98194
### END_ENTRY users=2790 run=4 ###

### ENTRY users=2800 run=4 seed=4 ###
ResponseTime=24.53290 Throughput=72.84375 goodput=34.96250 badput=37.88125 completed=5594 timedout=6061 dropped=53358 Util=0.98195
### END_ENTRY users=2800 run=4 ###

### ENTRY users=2810 run=4 seed=4 ###
ResponseTime=24.99194 Throughput=71.53125 goodput=31.65000 badput=39.88125 completed=5064 timedout=6381 dropped=55142 Util=0.98193
### END_ENTRY users=2810 run=4 ###

### ENTRY users=2820 run=4 seed=4 ###
ResponseTime=24.74011 Throughput=72.30000 goodput=34.01250 badput=38.28750 completed=5442 timedout=6126 dropped=54890 Util=0.98195
### END_ENTRY users=2820 run=4 ###

### ENTRY users=2830 run=4 seed=4 ###
ResponseTime=24.95097 Throughput=71.90000 goodput=32.10000 badput=39.80000 completed=5136 timedout=6368 dropped=56083 Util=0.98194
### END_ENTRY users=2830 run=4 ###

### ENTRY users=2840 run=4 seed=4 ###
ResponseTime=24.44300 Throughput=72.99375 goodput=35.46250 badput=37.53125 completed=5674 timedout=6005 dropped=55624 Util=0.98198
### END_ENTRY users=2840 run=4 ###

### ENTRY users=2850 run=4 seed=4 ###
ResponseTime=24.60593 Throughput=72.36875 goodput=34.40000 badput=37.96875 completed=5504 timedout=6075 dropped=56419 Util=0.98195
### END_ENTRY users=2850 run=4 ###

### ENTRY users=2860 run=4 seed=4 ###
ResponseTime=24.64114 Throughput=72.64375 goodput=34.33125 badput=38.31250 completed=5493 timedout=6130 dropped=56970 Util=0.98195
### END_ENTRY users=2860 run=4 ###

### ENTRY users=2870 run=4 seed=4 ###
ResponseTime=24.85031 Throughput=72.61875 goodput=34.01875 badput=38.60000 completed=5443 timedout=6176 dropped=57616 Util=0.98197
### END_ENTRY users=2870 run=4 ###

### ENTRY users=2880 run=4 seed=4 ###
ResponseTime=24.61537 Throughput=72.59375 goodput=34.04375 badput=38.55000 completed=5447 timedout=6168 dropped=58203 Util=0.98194
### END_ENTRY users=2880 run=4 ###

### ENTRY users=2890 run=4 seed=4 ###
ResponseTime=24.52650 Throughput=72.94375 goodput=35.41875 badput=37.52500 completed=5667 timedout=6004 dropped=58414 Util=0.98194
### END_ENTRY users=2890 run=4 ###

### ENTRY users=2900 run=4 seed=4 ###
ResponseTime=25.26437 Throughput=70.81250 goodput=30.21250 badput=40.60000 completed=4834 timedout=6496 dropped=60676 Util=0.98192
### END_ENTRY users=2900 run=4 ###

### ENTRY users=2910 run=4 seed=4 ###
ResponseTime=24.92105 Throughput=71.97500 goodput=32.11875 badput=39.85625 completed=5139 timedout=6377 dropped=60477 Util=0.98194
### END_ENTRY users=2910 run=4 ###

### ENTRY users=2920 run=4 seed=4 ###
ResponseTime=24.52882 Throughput=72.80625 goodput=34.95625 badput=37.85000 completed=5593 timedout=6056 dropped=60037 Util=0.98195
### END_ENTRY users=2920 run=4 ###

### ENTRY users=2930 run=4 seed=4 ###
ResponseTime=24.80422 Throughput=71.81250 goodput=32.49375 badput=39.31875 completed=5199 timedout=6291 dropped=61652 Util=0.98196
### END_ENTRY users=2930 run=4 ###

### ENTRY users=2940 run=4 seed=4 ###
ResponseTime=24.80487 Throughput=72.13750 goodput=33.28750 badput=38.85000 completed=5326 timedout=6216 dropped=61687 Util=0.98196
### END_ENTRY users=2940 run=4 ###

### ENTRY users=2950 run=4 seed=4 ###
ResponseTime=24.67366 Throughput=72.74375 goodput=34.44375 badput=38.30000 completed=5511 timedout=6128 dropped=61945 Util=0.98195
### END_ENTRY users=2950 run=4 ###

### ENTRY users=2960 run=4 seed=4 ###
ResponseTime=24.25927 Throughput=73.88750 goodput=38.21875 badput=35.66875 completed=6115 timedout=5707 dropped=61399 Util=0.98198
### END_ENTRY users=2960 run=4 ###

### ENTRY users=2970 run=4 seed=4 ###
ResponseTime=24.62240 Throughput=72.55000 goodput=34.59375 badput=37.95625 completed=5535 timedout=6073 dropped=63082 Util=0.98197
### END_ENTRY users=2970 run=4 ###

### ENTRY users=2980 run=4 seed=4 ###
ResponseTime=24.66821 Throughput=72.70625 goodput=34.84375 badput=37.86250 completed=5575 timedout=6058 dropped=63365 Util=0.98196
### END_ENTRY users=2980 run=4 ###

### ENTRY users=2990 run=4 seed=4 ###
ResponseTime=24.70179 Throughput=72.42500 goodput=34.09375 badput=38.33125 completed=5455 timedout=6133 dropped=64144 Util=0.98194
### END_ENTRY users=2990 run=4 ###

### ENTRY users=3000 run=4 seed=4 ###
ResponseTime=24.61739 Throughput=72.89375 goodput=35.13125 badput=37.76250 completed=5621 timedout=6042 dropped=64456 Util=0.98198
### END_ENTRY users=3000 run=4 ###

