=== RUN FILE confidence_interval/run_29.log (run index = 29) ===
### ENTRY users=10 run=29 seed=29 ###
ResponseTime=0.06068 Throughput=3.06875 goodput=3.06875 badput=0.00000 completed=537 timedout=0 dropped=0 Util=0.04571
### END_ENTRY users=10 run=29 ###

### ENTRY users=20 run=29 seed=29 ###
ResponseTime=0.06182 Throughput=6.15625 goodput=6.15625 badput=0.00000 completed=1078 timedout=0 dropped=0 Util=0.09177
### END_ENTRY users=20 run=29 ###

### ENTRY users=30 run=29 seed=29 ###
ResponseTime=0.06291 Throughput=9.21250 goodput=9.21250 badput=0.00000 completed=1613 timedout=0 dropped=0 Util=0.13294
### END_ENTRY users=30 run=29 ###

### ENTRY users=40 run=29 seed=29 ###
ResponseTime=0.06696 Throughput=12.22500 goodput=12.22500 badput=0.00000 completed=2147 timedout=0 dropped=0 Util=0.17897
### END_ENTRY users=40 run=29 ###

### ENTRY users=50 run=29 seed=29 ###
ResponseTime=0.07345 Throughput=15.31875 goodput=15.31875 badput=0.00000 completed=2687 timedout=0 dropped=0 Util=0.23007
### END_ENTRY users=50 run=29 ###

### ENTRY users=60 run=29 seed=29 ###
ResponseTime=0.07365 Throughput=18.31875 goodput=18.31875 badput=0.00000 completed=3217 timedout=0 dropped=0 Util=0.26986
### END_ENTRY users=60 run=29 ###

### ENTRY users=70 run=29 seed=29 ###
ResponseTime=0.08279 Throughput=21.34375 goodput=21.34375 badput=0.00000 completed=3747 timedout=0 dropped=0 Util=0.31730
### END_ENTRY users=70 run=29 ###

### ENTRY users=80 run=29 seed=29 ###
ResponseTime=0.09037 Throughput=24.35625 goodput=24.35625 badput=0.00000 completed=4279 timedout=0 dropped=0 Util=0.36411
### END_ENTRY users=80 run=29 ###

### ENTRY users=90 run=29 seed=29 ###
ResponseTime=0.09433 Throughput=27.31250 goodput=27.31250 badput=0.00000 completed=4807 timedout=0 dropped=0 Util=0.40673
### END_ENTRY users=90 run=29 ###

### ENTRY users=100 run=29 seed=29 ###
ResponseTime=0.09935 Throughput=30.32500 goodput=30.32500 badput=0.00000 completed=5334 timedout=0 dropped=0 Util=0.44622
### END_ENTRY users=100 run=29 ###

### ENTRY users=110 run=29 seed=29 ###
ResponseTime=0.10480 Throughput=33.36250 goodput=33.36250 badput=0.00000 completed=5868 timedout=0 dropped=0 Util=0.49674
### END_ENTRY users=110 run=29 ###

### ENTRY users=120 run=29 seed=29 ###
ResponseTime=0.13531 Throughput=36.06875 goodput=36.06875 badput=0.00000 completed=6350 timedout=0 dropped=0 Util=0.54728
### END_ENTRY users=120 run=29 ###

### ENTRY users=130 run=29 seed=29 ###
ResponseTime=0.13746 Throughput=38.95000 goodput=38.95000 badput=0.00000 completed=6860 timedout=0 dropped=0 Util=0.58051
### END_ENTRY users=130 run=29 ###

### ENTRY users=140 run=29 seed=29 ###
ResponseTime=0.14608 Throughput=41.90000 goodput=41.90000 badput=0.00000 completed=7377 timedout=0 dropped=0 Util=0.61663
### END_ENTRY users=140 run=29 ###

### ENTRY users=150 run=29 seed=29 ###
ResponseTime=0.17501 Throughput=44.39375 goodput=44.39375 badput=0.00000 completed=7826 timedout=0 dropped=0 Util=0.65746
### END_ENTRY users=150 run=29 ###

### ENTRY users=160 run=29 seed=29 ###
ResponseTime=0.19993 Throughput=47.03750 goodput=47.03750 badput=0.00000 completed=8279 timedout=0 dropped=0 Util=0.70607
### END_ENTRY users=160 run=29 ###

### ENTRY users=170 run=29 seed=29 ###
ResponseTime=0.21608 Throughput=49.80625 goodput=49.80625 badput=0.00000 completed=8770 timedout=0 dropped=0 Util=0.74187
### END_ENTRY users=170 run=29 ###

### ENTRY users=180 run=29 seed=29 ###
ResponseTime=0.25150 Throughput=52.05000 goodput=52.05000 badput=0.00000 completed=9173 timedout=0 dropped=0 Util=0.78807
### END_ENTRY users=180 run=29 ###

### ENTRY users=190 run=29 seed=29 ###
ResponseTime=0.27927 Throughput=54.66250 goodput=54.66250 badput=0.00000 completed=9613 timedout=0 dropped=0 Util=0.80567
### END_ENTRY users=190 run=29 ###

### ENTRY users=200 run=29 seed=29 ###
ResponseTime=0.31261 Throughput=56.88125 goodput=56.88125 badput=0.00000 completed=10012 timedout=0 dropped=0 Util=0.85098
### END_ENTRY users=200 run=29 ###

### ENTRY users=210 run=29 seed=29 ###
ResponseTime=0.35381 Throughput=58.96875 goodput=58.96875 badput=0.00000 completed=10377 timedout=0 dropped=0 Util=0.87576
### END_ENTRY users=210 run=29 ###

### ENTRY users=220 run=29 seed=29 ###
ResponseTime=0.45987 Throughput=60.00000 goodput=60.00000 badput=0.00000 completed=10576 timedout=0 dropped=0 Util=0.90183
### END_ENTRY users=220 run=29 ###

### ENTRY users=230 run=29 seed=29 ###
ResponseTime=0.48432 Throughput=62.36875 goodput=62.36875 badput=0.00000 completed=10987 timedout=0 dropped=0 Util=0.92359
### END_ENTRY users=230 run=29 ###

### ENTRY users=240 run=29 seed=29 ###
ResponseTime=0.62107 Throughput=62.73125 goodput=62.73125 badput=0.00000 completed=11085 timedout=0 dropped=0 Util=0.94400
### END_ENTRY users=240 run=29 ###

### ENTRY users=250 run=29 seed=29 ###
ResponseTime=0.64847 Throughput=64.74375 goodput=64.74375 badput=0.00000 completed=11427 timedout=0 dropped=0 Util=0.95757
### END_ENTRY users=250 run=29 ###

### ENTRY users=260 run=29 seed=29 ###
ResponseTime=0.81299 Throughput=64.87500 goodput=64.87500 badput=0.00000 completed=11434 timedout=0 dropped=0 Util=0.96788
### END_ENTRY users=260 run=29 ###

### ENTRY users=270 run=29 seed=29 ###
ResponseTime=0.98442 Throughput=64.44375 goodput=64.44375 badput=0.00000 completed=11399 timedout=0 dropped=0 Util=0.97658
### END_ENTRY users=270 run=29 ###

### ENTRY users=280 run=29 seed=29 ###
ResponseTime=1.08625 Throughput=65.23125 goodput=65.23125 badput=0.00000 completed=11492 timedout=0 dropped=0 Util=0.98033
### END_ENTRY users=280 run=29 ###

### ENTRY users=290 run=29 seed=29 ###
ResponseTime=1.20749 Throughput=65.64375 goodput=65.64375 badput=0.00000 completed=11601 timedout=0 dropped=0 Util=0.98118
### END_ENTRY users=290 run=29 ###

### ENTRY users=300 run=29 seed=29 ###
ResponseTime=1.46968 Throughput=64.21250 goodput=64.21250 badput=0.00000 completed=11368 timedout=0 dropped=0 Util=0.98176
### END_ENTRY users=300 run=29 ###

### ENTRY users=310 run=29 seed=29 ###
ResponseTime=1.57633 Throughput=65.06250 goodput=65.06250 badput=0.00000 completed=11471 timedout=0 dropped=0 Util=0.98197
### END_ENTRY users=310 run=29 ###

### ENTRY users=320 run=29 seed=29 ###
ResponseTime=1.72083 Throughput=65.05625 goodput=65.05625 badput=0.00000 completed=11512 timedout=0 dropped=0 Util=0.98201
### END_ENTRY users=320 run=29 ###

### ENTRY users=330 run=29 seed=29 ###
ResponseTime=1.83281 Throughput=65.36875 goodput=65.36875 badput=0.00000 completed=11580 timedout=0 dropped=0 Util=0.98201
### END_ENTRY users=330 run=29 ###

### ENTRY users=340 run=29 seed=29 ###
ResponseTime=1.99945 Throughput=65.37500 goodput=65.37500 badput=0.00000 completed=11554 timedout=0 dropped=0 Util=0.98199
### END_ENTRY users=340 run=29 ###

### ENTRY users=350 run=29 seed=29 ###
ResponseTime=2.10312 Throughput=65.90000 goodput=65.90000 badput=0.00000 completed=11692 timedout=0 dropped=0 Util=0.98201
### END_ENTRY users=350 run=29 ###

### ENTRY users=360 run=29 seed=29 ###
ResponseTime=2.36011 Throughput=64.80000 goodput=64.80000 badput=0.00000 completed=11468 timedout=0 dropped=0 Util=0.98196
### END_ENTRY users=360 run=29 ###

### ENTRY users=370 run=29 seed=29 ###
ResponseTime=2.47664 Throughput=65.10000 goodput=65.10000 badput=0.00000 completed=11489 timedout=0 dropped=0 Util=0.98199
### END_ENTRY users=370 run=29 ###

### ENTRY users=380 run=29 seed=29 ###
ResponseTime=2.60915 Throughput=65.12500 goodput=65.11875 badput=0.00625 completed=11485 timedout=1 dropped=0 Util=0.98200
### END_ENTRY users=380 run=29 ###

### ENTRY users=390 run=29 seed=29 ###
ResponseTime=2.73633 Throughput=65.41875 goodput=65.39375 badput=0.02500 completed=11607 timedout=4 dropped=0 Util=0.98201
### END_ENTRY users=390 run=29 ###

### ENTRY users=400 run=29 seed=29 ###
ResponseTime=2.89597 Throughput=65.43125 goodput=65.41875 badput=0.01250 completed=11600 timedout=2 dropped=0 Util=0.98200
### END_ENTRY users=400 run=29 ###

### ENTRY users=410 run=29 seed=29 ###
ResponseTime=3.09561 Throughput=65.05000 goodput=65.03750 badput=0.01250 completed=11535 timedout=2 dropped=0 Util=0.98201
### END_ENTRY users=410 run=29 ###

### ENTRY users=420 run=29 seed=29 ###
ResponseTime=3.12337 Throughput=66.28125 goodput=66.25000 badput=0.03125 completed=11733 timedout=5 dropped=0 Util=0.98201
### END_ENTRY users=420 run=29 ###

### ENTRY users=430 run=29 seed=29 ###
ResponseTime=3.33812 Throughput=65.80625 goodput=65.75625 badput=0.05000 completed=11626 timedout=8 dropped=0 Util=0.98199
### END_ENTRY users=430 run=29 ###

### ENTRY users=440 run=29 seed=29 ###
ResponseTime=3.50863 Throughput=65.56250 goodput=65.52500 badput=0.03750 completed=11571 timedout=6 dropped=0 Util=0.98202
### END_ENTRY users=440 run=29 ###

### ENTRY users=450 run=29 seed=29 ###
ResponseTime=3.64278 Throughput=65.37500 goodput=65.30625 badput=0.06875 completed=11567 timedout=11 dropped=0 Util=0.98199
### END_ENTRY users=450 run=29 ###

### ENTRY users=460 run=29 seed=29 ###
ResponseTime=3.86047 Throughput=64.75000 goodput=64.65000 badput=0.10000 completed=11464 timedout=16 dropped=0 Util=0.98197
### END_ENTRY users=460 run=29 ###

### ENTRY users=470 run=29 seed=29 ###
ResponseTime=3.95036 Throughput=65.47500 goodput=65.41875 badput=0.05625 completed=11571 timedout=9 dropped=0 Util=0.98197
### END_ENTRY users=470 run=29 ###

### ENTRY users=480 run=29 seed=29 ###
ResponseTime=4.11087 Throughput=65.68750 goodput=65.59375 badput=0.09375 completed=11572 timedout=15 dropped=0 Util=0.98197
### END_ENTRY users=480 run=29 ###

### ENTRY users=490 run=29 seed=29 ###
ResponseTime=4.27216 Throughput=65.43750 goodput=65.35000 badput=0.08750 completed=11591 timedout=14 dropped=0 Util=0.98196
### END_ENTRY users=490 run=29 ###

### ENTRY users=500 run=29 seed=29 ###
ResponseTime=4.44896 Throughput=65.19375 goodput=65.10000 badput=0.09375 completed=11561 timedout=15 dropped=0 Util=0.98197
### END_ENTRY users=500 run=29 ###

### ENTRY users=510 run=29 seed=29 ###
ResponseTime=4.66159 Throughput=64.71250 goodput=64.56250 badput=0.15000 completed=11451 timedout=24 dropped=0 Util=0.98193
### END_ENTRY users=510 run=29 ###

### ENTRY users=520 run=29 seed=29 ###
ResponseTime=4.76744 Throughput=64.98750 goodput=64.88125 badput=0.10625 completed=11488 timedout=17 dropped=0 Util=0.98195
### END_ENTRY users=520 run=29 ###

### ENTRY users=530 run=29 seed=29 ###
ResponseTime=4.93422 Throughput=64.94375 goodput=64.83125 badput=0.11250 completed=11526 timedout=18 dropped=0 Util=0.98196
### END_ENTRY users=530 run=29 ###

### ENTRY users=540 run=29 seed=29 ###
ResponseTime=5.10724 Throughput=64.82500 goodput=64.70000 badput=0.12500 completed=11439 timedout=20 dropped=0 Util=0.98197
### END_ENTRY users=540 run=29 ###

### ENTRY users=550 run=29 seed=29 ###
ResponseTime=5.18083 Throughput=65.57500 goodput=65.40625 badput=0.16875 completed=11568 timedout=27 dropped=0 Util=0.98199
### END_ENTRY users=550 run=29 ###

### ENTRY users=560 run=29 seed=29 ###
ResponseTime=5.39744 Throughput=64.94375 goodput=64.76875 badput=0.17500 completed=11498 timedout=28 dropped=0 Util=0.98196
### END_ENTRY users=560 run=29 ###

### ENTRY users=570 run=29 seed=29 ###
ResponseTime=5.53847 Throughput=65.07500 goodput=64.90000 badput=0.17500 completed=11448 timedout=28 dropped=0 Util=0.98196
### END_ENTRY users=570 run=29 ###

### ENTRY users=580 run=29 seed=29 ###
ResponseTime=5.67322 Throughput=65.28125 goodput=65.11875 badput=0.16250 completed=11549 timedout=26 dropped=0 Util=0.98194
### END_ENTRY users=580 run=29 ###

### ENTRY users=590 run=29 seed=29 ###
ResponseTime=5.73534 Throughput=65.85625 goodput=65.65000 badput=0.20625 completed=11624 timedout=33 dropped=0 Util=0.98198
### END_ENTRY users=590 run=29 ###

### ENTRY users=600 run=29 seed=29 ###
ResponseTime=5.92494 Throughput=65.73750 goodput=65.52500 badput=0.21250 completed=11623 timedout=34 dropped=0 Util=0.98198
### END_ENTRY users=600 run=29 ###

### ENTRY users=610 run=29 seed=29 ###
ResponseTime=6.09686 Throughput=65.46250 goodput=65.24375 badput=0.21875 completed=11591 timedout=35 dropped=0 Util=0.98197
### END_ENTRY users=610 run=29 ###

### ENTRY users=620 run=29 seed=29 ###
ResponseTime=6.42390 Throughput=64.20625 goodput=64.01875 badput=0.18750 completed=11366 timedout=30 dropped=0 Util=0.98193
### END_ENTRY users=620 run=29 ###

### ENTRY users=630 run=29 seed=29 ###
ResponseTime=6.43268 Throughput=65.28125 goodput=65.08125 badput=0.20000 completed=11494 timedout=32 dropped=0 Util=0.98196
### END_ENTRY users=630 run=29 ###

### ENTRY users=640 run=29 seed=29 ###
ResponseTime=6.72124 Throughput=64.36250 goodput=64.10000 badput=0.26250 completed=11391 timedout=42 dropped=0 Util=0.98195
### END_ENTRY users=640 run=29 ###

### ENTRY users=650 run=29 seed=29 ###
ResponseTime=6.85937 Throughput=64.24375 goodput=63.98750 badput=0.25625 completed=11412 timedout=41 dropped=0 Util=0.98193
### END_ENTRY users=650 run=29 ###

### ENTRY users=660 run=29 seed=29 ###
ResponseTime=6.93831 Throughput=65.05625 goodput=64.81250 badput=0.24375 completed=11465 timedout=39 dropped=0 Util=0.98196
### END_ENTRY users=660 run=29 ###

### ENTRY users=670 run=29 seed=29 ###
ResponseTime=7.08946 Throughput=64.99375 goodput=64.73750 badput=0.25625 completed=11493 timedout=41 dropped=0 Util=0.98194
### END_ENTRY users=670 run=29 ###

### ENTRY users=680 run=29 seed=29 ###
ResponseTime=7.30178 Throughput=64.61875 goodput=64.33750 badput=0.28125 completed=11417 timedout=45 dropped=0 Util=0.98194
### END_ENTRY users=680 run=29 ###

### ENTRY users=690 run=29 seed=29 ###
ResponseTime=7.26529 Throughput=65.85000 goodput=65.63125 badput=0.21875 completed=11667 timedout=35 dropped=0 Util=0.98198
### END_ENTRY users=690 run=29 ###

### ENTRY users=700 run=29 seed=29 ###
ResponseTime=7.43141 Throughput=65.83125 goodput=65.55625 badput=0.27500 completed=11597 timedout=44 dropped=0 Util=0.98198
### END_ENTRY users=700 run=29 ###

### ENTRY users=710 run=29 seed=29 ###
ResponseTime=7.53083 Throughput=66.25625 goodput=66.03125 badput=0.22500 completed=11658 timedout=36 dropped=0 Util=0.98198
### END_ENTRY users=710 run=29 ###

### ENTRY users=720 run=29 seed=29 ###
ResponseTime=7.94241 Throughput=64.37500 goodput=64.10625 badput=0.26875 completed=11396 timedout=43 dropped=0 Util=0.98194
### END_ENTRY users=720 run=29 ###

### ENTRY users=730 run=29 seed=29 ###
ResponseTime=7.97597 Throughput=65.17500 goodput=64.86875 badput=0.30625 completed=11467 timedout=49 dropped=0 Util=0.98197
### END_ENTRY users=730 run=29 ###

### ENTRY users=740 run=29 seed=29 ###
ResponseTime=7.94178 Throughput=66.30625 goodput=66.01875 badput=0.28750 completed=11652 timedout=46 dropped=0 Util=0.98201
### END_ENTRY users=740 run=29 ###

### ENTRY users=750 run=29 seed=29 ###
ResponseTime=8.16086 Throughput=65.91250 goodput=65.65000 badput=0.26250 completed=11623 timedout=42 dropped=0 Util=0.98196
### END_ENTRY users=750 run=29 ###

### ENTRY users=760 run=29 seed=29 ###
ResponseTime=8.50038 Throughput=65.01250 goodput=64.61250 badput=0.40000 completed=11411 timedout=64 dropped=0 Util=0.98194
### END_ENTRY users=760 run=29 ###

### ENTRY users=770 run=29 seed=29 ###
ResponseTime=8.63770 Throughput=64.90000 goodput=64.51875 badput=0.38125 completed=11415 timedout=61 dropped=0 Util=0.98196
### END_ENTRY users=770 run=29 ###

### ENTRY users=780 run=29 seed=29 ###
ResponseTime=8.65189 Throughput=65.63125 goodput=65.33125 badput=0.30000 completed=11579 timedout=48 dropped=0 Util=0.98197
### END_ENTRY users=780 run=29 ###

### ENTRY users=790 run=29 seed=29 ###
ResponseTime=8.87176 Throughput=65.36250 goodput=65.05000 badput=0.31250 completed=11510 timedout=50 dropped=0 Util=0.98196
### END_ENTRY users=790 run=29 ###

### ENTRY users=800 run=29 seed=29 ###
ResponseTime=8.98145 Throughput=65.39375 goodput=65.01250 badput=0.38125 completed=11553 timedout=61 dropped=0 Util=0.98197
### END_ENTRY users=800 run=29 ###

### ENTRY users=810 run=29 seed=29 ###
ResponseTime=9.06458 Throughput=66.00625 goodput=65.65625 badput=0.35000 completed=11634 timedout=56 dropped=0 Util=0.98197
### END_ENTRY users=810 run=29 ###

### ENTRY users=820 run=29 seed=29 ###
ResponseTime=9.38809 Throughput=64.91250 goodput=64.48125 badput=0.43125 completed=11429 timedout=69 dropped=0 Util=0.98195
### END_ENTRY users=820 run=29 ###

### ENTRY users=830 run=29 seed=29 ###
ResponseTime=9.32132 Throughput=66.04375 goodput=65.65000 badput=0.39375 completed=11641 timedout=63 dropped=0 Util=0.98198
### END_ENTRY users=830 run=29 ###

### ENTRY users=840 run=29 seed=29 ###
ResponseTime=9.74016 Throughput=64.61250 goodput=64.15000 badput=0.46250 completed=11375 timedout=74 dropped=0 Util=0.98194
### END_ENTRY users=840 run=29 ###

### ENTRY users=850 run=29 seed=29 ###
ResponseTime=10.00483 Throughput=64.35625 goodput=63.86250 badput=0.49375 completed=11328 timedout=79 dropped=0 Util=0.98194
### END_ENTRY users=850 run=29 ###

### ENTRY users=860 run=29 seed=29 ###
ResponseTime=10.03939 Throughput=64.93750 goodput=64.40625 badput=0.53125 completed=11421 timedout=85 dropped=0 Util=0.98196
### END_ENTRY users=860 run=29 ###

### ENTRY users=870 run=29 seed=29 ###
ResponseTime=10.15834 Throughput=64.93750 goodput=64.42500 badput=0.51250 completed=11450 timedout=82 dropped=0 Util=0.98194
### END_ENTRY users=870 run=29 ###

### ENTRY users=880 run=29 seed=29 ###
ResponseTime=10.24292 Throughput=65.25625 goodput=64.68750 badput=0.56875 completed=11482 timedout=91 dropped=0 Util=0.98197
### END_ENTRY users=880 run=29 ###

### ENTRY users=890 run=29 seed=29 ###
ResponseTime=10.43580 Throughput=65.27500 goodput=64.73125 badput=0.54375 completed=11463 timedout=87 dropped=0 Util=0.98197
### END_ENTRY users=890 run=29 ###

### ENTRY users=900 run=29 seed=29 ###
ResponseTime=10.39576 Throughput=65.95625 goodput=65.43750 badput=0.51875 completed=11595 timedout=83 dropped=0 Util=0.98198
### END_ENTRY users=900 run=29 ###

### ENTRY users=910 run=29 seed=29 ###
ResponseTime=10.57983 Throughput=66.00000 goodput=65.49375 badput=0.50625 completed=11557 timedout=81 dropped=0 Util=0.98195
### END_ENTRY users=910 run=29 ###

### ENTRY users=920 run=29 seed=29 ###
ResponseTime=10.82072 Throughput=65.52500 goodput=64.92500 badput=0.60000 completed=11494 timedout=96 dropped=0 Util=0.98199
### END_ENTRY users=920 run=29 ###

### ENTRY users=930 run=29 seed=29 ###
ResponseTime=11.16821 Throughput=64.66250 goodput=64.05625 badput=0.60625 completed=11333 timedout=97 dropped=0 Util=0.98193
### END_ENTRY users=930 run=29 ###

### ENTRY users=940 run=29 seed=29 ###
ResponseTime=11.21680 Throughput=65.24375 goodput=64.56875 badput=0.67500 completed=11415 timedout=108 dropped=0 Util=0.98195
### END_ENTRY users=940 run=29 ###

### ENTRY users=950 run=29 seed=29 ###
ResponseTime=11.22411 Throughput=65.76250 goodput=65.09375 badput=0.66875 completed=11528 timedout=107 dropped=0 Util=0.98197
### END_ENTRY users=950 run=29 ###

### ENTRY users=960 run=29 seed=29 ###
ResponseTime=11.53834 Throughput=65.25625 goodput=64.44375 badput=0.81250 completed=11408 timedout=130 dropped=0 Util=0.98195
### END_ENTRY users=960 run=29 ###

### ENTRY users=970 run=29 seed=29 ###
ResponseTime=11.61589 Throughput=64.96875 goodput=64.10625 badput=0.86250 completed=11418 timedout=138 dropped=0 Util=0.98193
### END_ENTRY users=970 run=29 ###

### ENTRY users=980 run=29 seed=29 ###
ResponseTime=11.85235 Throughput=65.06250 goodput=64.19375 badput=0.86875 completed=11410 timedout=139 dropped=0 Util=0.98195
### END_ENTRY users=980 run=29 ###

### ENTRY users=990 run=29 seed=29 ###
ResponseTime=11.99372 Throughput=65.15000 goodput=64.23125 badput=0.91875 completed=11355 timedout=147 dropped=0 Util=0.98196
### END_ENTRY users=990 run=29 ###

### ENTRY users=1000 run=29 seed=29 ###
ResponseTime=12.07143 Throughput=65.24375 goodput=64.35000 badput=0.89375 completed=11409 timedout=143 dropped=0 Util=0.98194
### END_ENTRY users=1000 run=29 ###

### ENTRY users=1010 run=29 seed=29 ###
ResponseTime=12.17124 Throughput=65.79375 goodput=64.97500 badput=0.81875 completed=11482 timedout=131 dropped=0 Util=0.98200
### END_ENTRY users=1010 run=29 ###

### ENTRY users=1020 run=29 seed=29 ###
ResponseTime=12.32991 Throughput=65.61250 goodput=64.65625 badput=0.95625 completed=11448 timedout=153 dropped=0 Util=0.98193
### END_ENTRY users=1020 run=29 ###

### ENTRY users=1030 run=29 seed=29 ###
ResponseTime=12.66078 Throughput=64.78125 goodput=63.78750 badput=0.99375 completed=11288 timedout=159 dropped=0 Util=0.98198
### END_ENTRY users=1030 run=29 ###

### ENTRY users=1040 run=29 seed=29 ###
ResponseTime=12.77003 Throughput=64.88750 goodput=63.85000 badput=1.03750 completed=11308 timedout=166 dropped=0 Util=0.98195
### END_ENTRY users=1040 run=29 ###

### ENTRY users=1050 run=29 seed=29 ###
ResponseTime=12.77030 Throughput=65.65000 goodput=64.68125 badput=0.96875 completed=11462 timedout=155 dropped=0 Util=0.98198
### END_ENTRY users=1050 run=29 ###

### ENTRY users=1060 run=29 seed=29 ###
ResponseTime=13.00955 Throughput=65.27500 goodput=64.06875 badput=1.20625 completed=11379 timedout=193 dropped=0 Util=0.98195
### END_ENTRY users=1060 run=29 ###

### ENTRY users=1070 run=29 seed=29 ###
ResponseTime=13.13768 Throughput=65.55000 goodput=64.42500 badput=1.12500 completed=11409 timedout=180 dropped=0 Util=0.98195
### END_ENTRY users=1070 run=29 ###

### ENTRY users=1080 run=29 seed=29 ###
ResponseTime=13.30771 Throughput=65.13125 goodput=63.85000 badput=1.28125 completed=11309 timedout=205 dropped=0 Util=0.98198
### END_ENTRY users=1080 run=29 ###

### ENTRY users=1090 run=29 seed=29 ###
ResponseTime=13.59011 Throughput=64.67500 goodput=63.33750 badput=1.33750 completed=11263 timedout=214 dropped=0 Util=0.98194
### END_ENTRY users=1090 run=29 ###

### ENTRY users=1100 run=29 seed=29 ###
ResponseTime=13.76670 Throughput=64.73750 goodput=63.29375 badput=1.44375 completed=11248 timedout=231 dropped=0 Util=0.98195
### END_ENTRY users=1100 run=29 ###

### ENTRY users=1110 run=29 seed=29 ###
ResponseTime=13.87514 Throughput=64.68125 goodput=63.13125 badput=1.55000 completed=11178 timedout=248 dropped=0 Util=0.98195
### END_ENTRY users=1110 run=29 ###

### ENTRY users=1120 run=29 seed=29 ###
ResponseTime=13.73800 Throughput=66.03750 goodput=64.66250 badput=1.37500 completed=11446 timedout=220 dropped=0 Util=0.98196
### END_ENTRY users=1120 run=29 ###

### ENTRY users=1130 run=29 seed=29 ###
ResponseTime=13.88719 Throughput=65.87500 goodput=64.38125 badput=1.49375 completed=11381 timedout=239 dropped=0 Util=0.98195
### END_ENTRY users=1130 run=29 ###

### ENTRY users=1140 run=29 seed=29 ###
ResponseTime=14.28693 Throughput=65.09375 goodput=63.43750 badput=1.65625 completed=11256 timedout=265 dropped=0 Util=0.98193
### END_ENTRY users=1140 run=29 ###

### ENTRY users=1150 run=29 seed=29 ###
ResponseTime=14.42035 Throughput=64.73125 goodput=62.98750 badput=1.74375 completed=11199 timedout=279 dropped=0 Util=0.98194
### END_ENTRY users=1150 run=29 ###

### ENTRY users=1160 run=29 seed=29 ###
ResponseTime=14.45124 Throughput=65.59375 goodput=63.81875 badput=1.77500 completed=11274 timedout=284 dropped=0 Util=0.98199
### END_ENTRY users=1160 run=29 ###

### ENTRY users=1170 run=29 seed=29 ###
ResponseTime=14.66555 Throughput=65.44375 goodput=63.52500 badput=1.91875 completed=11199 timedout=307 dropped=0 Util=0.98196
### END_ENTRY users=1170 run=29 ###

### ENTRY users=1180 run=29 seed=29 ###
ResponseTime=15.04469 Throughput=64.35625 goodput=62.36875 badput=1.98750 completed=11068 timedout=318 dropped=0 Util=0.98193
### END_ENTRY users=1180 run=29 ###

### ENTRY users=1190 run=29 seed=29 ###
ResponseTime=15.10435 Throughput=64.77500 goodput=62.76250 badput=2.01250 completed=11136 timedout=322 dropped=0 Util=0.98195
### END_ENTRY users=1190 run=29 ###

### ENTRY users=1200 run=29 seed=29 ###
ResponseTime=15.10695 Throughput=65.28125 goodput=63.30000 badput=1.98125 completed=11262 timedout=317 dropped=0 Util=0.98196
### END_ENTRY users=1200 run=29 ###

### ENTRY users=1210 run=29 seed=29 ###
ResponseTime=15.30118 Throughput=65.26875 goodput=63.00000 badput=2.26875 completed=11160 timedout=363 dropped=0 Util=0.98199
### END_ENTRY users=1210 run=29 ###

### ENTRY users=1220 run=29 seed=29 ###
ResponseTime=15.39885 Throughput=65.64375 goodput=63.37500 badput=2.26875 completed=11230 timedout=363 dropped=0 Util=0.98199
### END_ENTRY users=1220 run=29 ###

### ENTRY users=1230 run=29 seed=29 ###
ResponseTime=15.66181 Throughput=64.92500 goodput=62.50625 badput=2.41875 completed=11122 timedout=387 dropped=0 Util=0.98195
### END_ENTRY users=1230 run=29 ###

### ENTRY users=1240 run=29 seed=29 ###
ResponseTime=15.50155 Throughput=66.06250 goodput=63.82500 badput=2.23750 completed=11317 timedout=358 dropped=0 Util=0.98197
### END_ENTRY users=1240 run=29 ###

### ENTRY users=1250 run=29 seed=29 ###
ResponseTime=15.92962 Throughput=65.21250 goodput=62.59375 badput=2.61875 completed=11135 timedout=419 dropped=0 Util=0.98197
### END_ENTRY users=1250 run=29 ###

### ENTRY users=1260 run=29 seed=29 ###
ResponseTime=15.99006 Throughput=65.68750 goodput=63.19375 badput=2.49375 completed=11185 timedout=399 dropped=0 Util=0.98197
### END_ENTRY users=1260 run=29 ###

### ENTRY users=1270 run=29 seed=29 ###
ResponseTime=15.94002 Throughput=65.93125 goodput=63.30000 badput=2.63125 completed=11263 timedout=421 dropped=0 Util=0.98198
### END_ENTRY users=1270 run=29 ###

### ENTRY users=1280 run=29 seed=29 ###
ResponseTime=16.41115 Throughput=64.88750 goodput=61.98125 badput=2.90625 completed=10994 timedout=465 dropped=0 Util=0.98191
### END_ENTRY users=1280 run=29 ###

### ENTRY users=1290 run=29 seed=29 ###
ResponseTime=16.67009 Throughput=64.88125 goodput=61.55000 badput=3.33125 completed=10898 timedout=533 dropped=0 Util=0.98195
### END_ENTRY users=1290 run=29 ###

### ENTRY users=1300 run=29 seed=29 ###
ResponseTime=16.63534 Throughput=65.33750 goodput=62.18125 badput=3.15625 completed=11015 timedout=505 dropped=0 Util=0.98195
### END_ENTRY users=1300 run=29 ###

### ENTRY users=1310 run=29 seed=29 ###
ResponseTime=16.84579 Throughput=65.16875 goodput=61.78125 badput=3.38750 completed=10967 timedout=542 dropped=0 Util=0.98196
### END_ENTRY users=1310 run=29 ###

### ENTRY users=1320 run=29 seed=29 ###
ResponseTime=17.02882 Throughput=64.96875 goodput=61.35000 badput=3.61875 completed=10892 timedout=579 dropped=0 Util=0.98194
### END_ENTRY users=1320 run=29 ###

### ENTRY users=1330 run=29 seed=29 ###
ResponseTime=17.06946 Throughput=65.30000 goodput=61.73125 badput=3.56875 completed=10954 timedout=571 dropped=0 Util=0.98196
### END_ENTRY users=1330 run=29 ###

### ENTRY users=1340 run=29 seed=29 ###
ResponseTime=17.00198 Throughput=66.28125 goodput=62.83750 badput=3.44375 completed=11114 timedout=551 dropped=0 Util=0.98199
### END_ENTRY users=1340 run=29 ###

### ENTRY users=1350 run=29 seed=29 ###
ResponseTime=17.42061 Throughput=65.10000 goodput=61.12500 badput=3.97500 completed=10865 timedout=636 dropped=0 Util=0.98193
### END_ENTRY users=1350 run=29 ###

### ENTRY users=1360 run=29 seed=29 ###
ResponseTime=17.39772 Throughput=65.67500 goodput=61.94375 badput=3.73125 completed=11017 timedout=597 dropped=0 Util=0.98194
### END_ENTRY users=1360 run=29 ###

### ENTRY users=1370 run=29 seed=29 ###
ResponseTime=17.57906 Throughput=65.54375 goodput=61.23125 badput=4.31250 completed=10883 timedout=690 dropped=0 Util=0.98200
### END_ENTRY users=1370 run=29 ###

### ENTRY users=1380 run=29 seed=29 ###
ResponseTime=17.56457 Throughput=66.26250 goodput=62.18750 badput=4.07500 completed=11017 timedout=652 dropped=0 Util=0.98198
### END_ENTRY users=1380 run=29 ###

### ENTRY users=1390 run=29 seed=29 ###
ResponseTime=18.08662 Throughput=65.12500 goodput=60.30625 badput=4.81875 completed=10700 timedout=771 dropped=0 Util=0.98199
### END_ENTRY users=1390 run=29 ###

### ENTRY users=1400 run=29 seed=29 ###
ResponseTime=18.01445 Throughput=65.75000 goodput=61.13750 badput=4.61250 completed=10830 timedout=738 dropped=0 Util=0.98196
### END_ENTRY users=1400 run=29 ###

### ENTRY users=1410 run=29 seed=29 ###
ResponseTime=18.03112 Throughput=65.97500 goodput=61.43750 badput=4.53750 completed=10915 timedout=726 dropped=0 Util=0.98194
### END_ENTRY users=1410 run=29 ###

### ENTRY users=1420 run=29 seed=29 ###
ResponseTime=18.54945 Throughput=64.89375 goodput=59.33750 badput=5.55625 completed=10542 timedout=889 dropped=0 Util=0.98194
### END_ENTRY users=1420 run=29 ###

### ENTRY users=1430 run=29 seed=29 ###
ResponseTime=18.46980 Throughput=65.35000 goodput=60.05000 badput=5.30000 completed=10699 timedout=848 dropped=0 Util=0.98195
### END_ENTRY users=1430 run=29 ###

### ENTRY users=1440 run=29 seed=29 ###
ResponseTime=18.64536 Throughput=65.45625 goodput=60.02500 badput=5.43125 completed=10637 timedout=869 dropped=0 Util=0.98196
### END_ENTRY users=1440 run=29 ###

### ENTRY users=1450 run=29 seed=29 ###
ResponseTime=18.34031 Throughput=66.94375 goodput=62.03125 badput=4.91250 completed=11026 timedout=786 dropped=0 Util=0.98199
### END_ENTRY users=1450 run=29 ###

### ENTRY users=1460 run=29 seed=29 ###
ResponseTime=18.93873 Throughput=65.32500 goodput=59.41250 badput=5.91250 completed=10593 timedout=946 dropped=0 Util=0.98198
### END_ENTRY users=1460 run=29 ###

### ENTRY users=1470 run=29 seed=29 ###
ResponseTime=18.85185 Throughput=66.42500 goodput=60.76250 badput=5.66250 completed=10792 timedout=906 dropped=0 Util=0.98200
### END_ENTRY users=1470 run=29 ###

### ENTRY users=1480 run=29 seed=29 ###
ResponseTime=19.32830 Throughput=65.11875 goodput=58.66250 badput=6.45625 completed=10460 timedout=1033 dropped=0 Util=0.98193
### END_ENTRY users=1480 run=29 ###

### ENTRY users=1490 run=29 seed=29 ###
ResponseTime=19.61788 Throughput=64.50000 goodput=57.28750 badput=7.21250 completed=10278 timedout=1154 dropped=0 Util=0.98196
### END_ENTRY users=1490 run=29 ###

### ENTRY users=1500 run=29 seed=29 ###
ResponseTime=19.55114 Throughput=65.35000 goodput=58.16875 badput=7.18125 completed=10419 timedout=1149 dropped=0 Util=0.98195
### END_ENTRY users=1500 run=29 ###

### ENTRY users=1510 run=29 seed=29 ###
ResponseTime=19.77877 Throughput=65.11250 goodput=57.46875 badput=7.64375 completed=10285 timedout=1223 dropped=0 Util=0.98198
### END_ENTRY users=1510 run=29 ###

### ENTRY users=1520 run=29 seed=29 ###
ResponseTime=19.80904 Throughput=65.36250 goodput=57.77500 badput=7.58750 completed=10290 timedout=1214 dropped=0 Util=0.98195
### END_ENTRY users=1520 run=29 ###

### ENTRY users=1530 run=29 seed=29 ###
ResponseTime=20.03856 Throughput=64.92500 goodput=56.81875 badput=8.10625 completed=10192 timedout=1297 dropped=0 Util=0.98192
### END_ENTRY users=1530 run=29 ###

### ENTRY users=1540 run=29 seed=29 ###
ResponseTime=20.35776 Throughput=64.70625 goodput=55.90625 badput=8.80000 completed=10056 timedout=1408 dropped=0 Util=0.98194
### END_ENTRY users=1540 run=29 ###

### ENTRY users=1550 run=29 seed=29 ###
ResponseTime=20.01754 Throughput=66.01875 goodput=58.14375 badput=7.87500 completed=10424 timedout=1260 dropped=0 Util=0.98200
### END_ENTRY users=1550 run=29 ###

### ENTRY users=1560 run=29 seed=29 ###
ResponseTime=20.57963 Throughput=65.01875 goodput=55.82500 badput=9.19375 completed=10035 timedout=1471 dropped=0 Util=0.98192
### END_ENTRY users=1560 run=29 ###

### ENTRY users=1570 run=29 seed=29 ###
ResponseTime=20.78095 Throughput=64.90000 goodput=54.93125 badput=9.96875 completed=9865 timedout=1595 dropped=0 Util=0.98195
### END_ENTRY users=1570 run=29 ###

### ENTRY users=1580 run=29 seed=29 ###
ResponseTime=20.79921 Throughput=65.05625 goodput=54.96250 badput=10.09375 completed=9909 timedout=1615 dropped=0 Util=0.98193
### END_ENTRY users=1580 run=29 ###

### ENTRY users=1590 run=29 seed=29 ###
ResponseTime=20.91686 Throughput=65.10000 goodput=54.58750 badput=10.51250 completed=9862 timedout=1682 dropped=0 Util=0.98195
### END_ENTRY users=1590 run=29 ###

### ENTRY users=1600 run=29 seed=29 ###
ResponseTime=20.84414 Throughput=65.83750 goodput=55.40000 badput=10.43750 completed=10020 timedout=1670 dropped=0 Util=0.98198
### END_ENTRY users=1600 run=29 ###

### ENTRY users=1610 run=29 seed=29 ###
ResponseTime=21.31799 Throughput=65.03125 goodput=52.96250 badput=12.06875 completed=9517 timedout=1931 dropped=0 Util=0.98196
### END_ENTRY users=1610 run=29 ###

### ENTRY users=1620 run=29 seed=29 ###
ResponseTime=20.89752 Throughput=66.38125 goodput=55.85625 badput=10.52500 completed=10021 timedout=1684 dropped=0 Util=0.98197
### END_ENTRY users=1620 run=29 ###

### ENTRY users=1630 run=29 seed=29 ###
ResponseTime=21.25020 Throughput=65.93750 goodput=54.45000 badput=11.48750 completed=9800 timedout=1838 dropped=0 Util=0.98199
### END_ENTRY users=1630 run=29 ###

### ENTRY users=1640 run=29 seed=29 ###
ResponseTime=21.44497 Throughput=65.70000 goodput=53.24375 badput=12.45625 completed=9603 timedout=1993 dropped=0 Util=0.98197
### END_ENTRY users=1640 run=29 ###

### ENTRY users=1650 run=29 seed=29 ###
ResponseTime=21.68518 Throughput=65.71875 goodput=52.53750 badput=13.18125 completed=9481 timedout=2109 dropped=0 Util=0.98196
### END_ENTRY users=1650 run=29 ###

### ENTRY users=1660 run=29 seed=29 ###
ResponseTime=21.84704 Throughput=65.68750 goodput=51.73750 badput=13.95000 completed=9347 timedout=2232 dropped=0 Util=0.98198
### END_ENTRY users=1660 run=29 ###

### ENTRY users=1670 run=29 seed=29 ###
ResponseTime=21.85064 Throughput=65.75000 goodput=52.03750 badput=13.71250 completed=9417 timedout=2194 dropped=0 Util=0.98197
### END_ENTRY users=1670 run=29 ###

### ENTRY users=1680 run=29 seed=29 ###
ResponseTime=22.41346 Throughput=64.80625 goodput=48.37500 badput=16.43125 completed=8870 timedout=2629 dropped=0 Util=0.98195
### END_ENTRY users=1680 run=29 ###

### ENTRY users=1690 run=29 seed=29 ###
ResponseTime=22.44439 Throughput=64.73125 goodput=48.06250 badput=16.66875 completed=8834 timedout=2667 dropped=0 Util=0.98197
### END_ENTRY users=1690 run=29 ###

### ENTRY users=1700 run=29 seed=29 ###
ResponseTime=22.40084 Throughput=65.70000 goodput=49.35000 badput=16.35000 completed=8938 timedout=2616 dropped=0 Util=0.98195
### END_ENTRY users=1700 run=29 ###

### ENTRY users=1710 run=29 seed=29 ###
ResponseTime=22.54568 Throughput=65.60625 goodput=48.62500 badput=16.98125 completed=8886 timedout=2717 dropped=0 Util=0.98198
### END_ENTRY users=1710 run=29 ###

### ENTRY users=1720 run=29 seed=29 ###
ResponseTime=22.84302 Throughput=65.12500 goodput=46.21250 badput=18.91250 completed=8528 timedout=3026 dropped=0 Util=0.98192
### END_ENTRY users=1720 run=29 ###

### ENTRY users=1730 run=29 seed=29 ###
ResponseTime=22.85574 Throughput=65.48750 goodput=47.01875 badput=18.46875 completed=8579 timedout=2955 dropped=0 Util=0.98197
### END_ENTRY users=1730 run=29 ###

### ENTRY users=1740 run=29 seed=29 ###
ResponseTime=22.94415 Throughput=65.56875 goodput=46.42500 badput=19.14375 completed=8537 timedout=3063 dropped=0 Util=0.98197
### END_ENTRY users=1740 run=29 ###

### ENTRY users=1750 run=29 seed=29 ###
ResponseTime=23.31988 Throughput=64.53125 goodput=43.54375 badput=20.98750 completed=8111 timedout=3358 dropped=0 Util=0.98192
### END_ENTRY users=1750 run=29 ###

### ENTRY users=1760 run=29 seed=29 ###
ResponseTime=23.41469 Throughput=64.87500 goodput=43.09375 badput=21.78125 completed=7992 timedout=3485 dropped=0 Util=0.98195
### END_ENTRY users=1760 run=29 ###

### ENTRY users=1770 run=29 seed=29 ###
ResponseTime=23.57179 Throughput=65.15000 goodput=42.26875 badput=22.88125 completed=7850 timedout=3661 dropped=0 Util=0.98193
### END_ENTRY users=1770 run=29 ###

### ENTRY users=1780 run=29 seed=29 ###
ResponseTime=23.39152 Throughput=65.80625 goodput=44.16250 badput=21.64375 completed=8201 timedout=3463 dropped=0 Util=0.98198
### END_ENTRY users=1780 run=29 ###

### ENTRY users=1790 run=29 seed=29 ###
ResponseTime=23.82992 Throughput=65.53125 goodput=41.03750 badput=24.49375 completed=7617 timedout=3919 dropped=0 Util=0.98196
### END_ENTRY users=1790 run=29 ###

### ENTRY users=1800 run=29 seed=29 ###
ResponseTime=24.08486 Throughput=64.50000 goodput=38.83125 badput=25.66875 completed=7303 timedout=4107 dropped=0 Util=0.98194
### END_ENTRY users=1800 run=29 ###

### ENTRY users=1810 run=29 seed=29 ###
ResponseTime=23.72843 Throughput=66.04375 goodput=42.23750 badput=23.80625 completed=7891 timedout=3809 dropped=0 Util=0.98199
### END_ENTRY users=1810 run=29 ###

### ENTRY users=1820 run=29 seed=29 ###
ResponseTime=24.03797 Throughput=65.63750 goodput=40.02500 badput=25.61250 completed=7436 timedout=4098 dropped=0 Util=0.98198
### END_ENTRY users=1820 run=29 ###

### ENTRY users=1830 run=29 seed=29 ###
ResponseTime=24.53473 Throughput=64.59375 goodput=36.01875 badput=28.57500 completed=6856 timedout=4572 dropped=0 Util=0.98195
### END_ENTRY users=1830 run=29 ###

### ENTRY users=1840 run=29 seed=29 ###
ResponseTime=24.23269 Throughput=65.87500 goodput=39.15625 badput=26.71875 completed=7371 timedout=4275 dropped=0 Util=0.98197
### END_ENTRY users=1840 run=29 ###

### ENTRY users=1850 run=29 seed=29 ###
ResponseTime=24.75550 Throughput=65.18750 goodput=35.33125 badput=29.85625 completed=6674 timedout=4777 dropped=0 Util=0.98198
### END_ENTRY users=1850 run=29 ###

### ENTRY users=1860 run=29 seed=29 ###
ResponseTime=24.61400 Throughput=65.82500 goodput=36.74375 badput=29.08125 completed=6959 timedout=4653 dropped=0 Util=0.98194
### END_ENTRY users=1860 run=29 ###

### ENTRY users=1870 run=29 seed=29 ###
ResponseTime=24.71896 Throughput=66.08125 goodput=36.41250 badput=29.66875 completed=6894 timedout=4747 dropped=0 Util=0.98198
### END_ENTRY users=1870 run=29 ###

### ENTRY users=1880 run=29 seed=29 ###
ResponseTime=24.71730 Throughput=65.66875 goodput=35.55000 badput=30.11875 completed=6774 timedout=4819 dropped=0 Util=0.98197
### END_ENTRY users=1880 run=29 ###

### ENTRY users=1890 run=29 seed=29 ###
ResponseTime=25.13303 Throughput=65.41875 goodput=33.26875 badput=32.15000 completed=6386 timedout=5144 dropped=0 Util=0.98199
### END_ENTRY users=1890 run=29 ###

### ENTRY users=1900 run=29 seed=29 ###
ResponseTime=25.06334 Throughput=65.98750 goodput=34.52500 badput=31.46250 completed=6612 timedout=5034 dropped=0 Util=0.98199
### END_ENTRY users=1900 run=29 ###

### ENTRY users=1910 run=29 seed=29 ###
ResponseTime=25.26990 Throughput=65.68750 goodput=32.97500 badput=32.71250 completed=6375 timedout=5234 dropped=0 Util=0.98196
### END_ENTRY users=1910 run=29 ###

### ENTRY users=1920 run=29 seed=29 ###
ResponseTime=25.04605 Throughput=66.79375 goodput=34.14375 badput=32.65000 completed=6513 timedout=5224 dropped=0 Util=0.98201
### END_ENTRY users=1920 run=29 ###

### ENTRY users=1930 run=29 seed=29 ###
ResponseTime=25.90560 Throughput=64.93125 goodput=28.59375 badput=36.33750 completed=5716 timedout=5814 dropped=0 Util=0.98195
### END_ENTRY users=1930 run=29 ###

### ENTRY users=1940 run=29 seed=29 ###
ResponseTime=25.75243 Throughput=65.72500 goodput=29.81250 badput=35.91250 completed=5879 timedout=5746 dropped=0 Util=0.98196
### END_ENTRY users=1940 run=29 ###

### ENTRY users=1950 run=29 seed=29 ###
ResponseTime=26.06033 Throughput=65.31875 goodput=28.21250 badput=37.10625 completed=5594 timedout=5937 dropped=0 Util=0.98193
### END_ENTRY users=1950 run=29 ###

### ENTRY users=1960 run=29 seed=29 ###
ResponseTime=25.81254 Throughput=65.95625 goodput=29.26875 badput=36.68750 completed=5791 timedout=5870 dropped=0 Util=0.98198
### END_ENTRY users=1960 run=29 ###

### ENTRY users=1970 run=29 seed=29 ###
ResponseTime=26.13664 Throughput=65.36250 goodput=27.36250 badput=38.00000 completed=5480 timedout=6080 dropped=0 Util=0.98197
### END_ENTRY users=1970 run=29 ###

### ENTRY users=1980 run=29 seed=29 ###
ResponseTime=26.73957 Throughput=64.52500 goodput=24.10625 badput=40.41875 completed=4950 timedout=6467 dropped=0 Util=0.98192
### END_ENTRY users=1980 run=29 ###

### ENTRY users=1990 run=29 seed=29 ###
ResponseTime=26.55545 Throughput=65.07500 goodput=25.09375 badput=39.98125 completed=5154 timedout=6397 dropped=0 Util=0.98195
### END_ENTRY users=1990 run=29 ###

### ENTRY users=2000 run=29 seed=29 ###
ResponseTime=26.88738 Throughput=65.00000 goodput=23.51875 badput=41.48125 completed=4868 timedout=6637 dropped=0 Util=0.98191
### END_ENTRY users=2000 run=29 ###

### ENTRY users=2010 run=29 seed=29 ###
ResponseTime=26.34875 Throughput=66.47500 goodput=26.61875 badput=39.85625 completed=5363 timedout=6377 dropped=0 Util=0.98201
### END_ENTRY users=2010 run=29 ###

### ENTRY users=2020 run=29 seed=29 ###
ResponseTime=26.99810 Throughput=65.16250 goodput=22.91875 badput=42.24375 completed=4818 timedout=6759 dropped=0 Util=0.98197
### END_ENTRY users=2020 run=29 ###

### ENTRY users=2030 run=29 seed=29 ###
ResponseTime=26.97133 Throughput=65.57500 goodput=22.80000 badput=42.77500 completed=4811 timedout=6844 dropped=0 Util=0.98197
### END_ENTRY users=2030 run=29 ###

### ENTRY users=2040 run=29 seed=29 ###
ResponseTime=27.05847 Throughput=66.12500 goodput=22.56875 badput=43.55625 completed=4694 timedout=6969 dropped=0 Util=0.98197
### END_ENTRY users=2040 run=29 ###

### ENTRY users=2050 run=29 seed=29 ###
ResponseTime=27.25933 Throughput=65.85625 goodput=21.55625 badput=44.30000 completed=4558 timedout=7088 dropped=0 Util=0.98199
### END_ENTRY users=2050 run=29 ###

### ENTRY users=2060 run=29 seed=29 ###
ResponseTime=27.23422 Throughput=66.16875 goodput=21.93125 badput=44.23750 completed=4628 timedout=7078 dropped=0 Util=0.98197
### END_ENTRY users=2060 run=29 ###

### ENTRY users=2070 run=29 seed=29 ###
ResponseTime=27.85344 Throughput=65.09375 goodput=18.56875 badput=46.52500 completed=4045 timedout=7444 dropped=0 Util=0.98195
### END_ENTRY users=2070 run=29 ###

### ENTRY users=2080 run=29 seed=29 ###
ResponseTime=27.32756 Throughput=66.32500 goodput=21.53125 badput=44.79375 completed=4572 timedout=7167 dropped=0 Util=0.98198
### END_ENTRY users=2080 run=29 ###

### ENTRY users=2090 run=29 seed=29 ###
ResponseTime=27.94704 Throughput=65.16250 goodput=18.05625 badput=47.10625 completed=4020 timedout=7537 dropped=0 Util=0.98198
### END_ENTRY users=2090 run=29 ###

### ENTRY users=2100 run=29 seed=29 ###
ResponseTime=27.89896 Throughput=65.68750 goodput=18.26250 badput=47.42500 completed=4047 timedout=7588 dropped=0 Util=0.98197
### END_ENTRY users=2100 run=29 ###

### ENTRY users=2110 run=29 seed=29 ###
ResponseTime=28.80905 Throughput=63.86250 goodput=13.88750 badput=49.97500 completed=3312 timedout=7996 dropped=0 Util=0.98192
### END_ENTRY users=2110 run=29 ###

### ENTRY users=2120 run=29 seed=29 ###
ResponseTime=28.56925 Throughput=65.01250 goodput=15.52500 badput=49.48750 completed=3582 timedout=7918 dropped=0 Util=0.98196
### END_ENTRY users=2120 run=29 ###

### ENTRY users=2130 run=29 seed=29 ###
ResponseTime=28.97221 Throughput=64.41250 goodput=13.25625 badput=51.15625 completed=3224 timedout=8185 dropped=0 Util=0.98195
### END_ENTRY users=2130 run=29 ###

### ENTRY users=2140 run=29 seed=29 ###
ResponseTime=29.02807 Throughput=64.81875 goodput=13.41250 badput=51.40625 completed=3245 timedout=8225 dropped=0 Util=0.98195
### END_ENTRY users=2140 run=29 ###

### ENTRY users=2150 run=29 seed=29 ###
ResponseTime=28.83916 Throughput=65.26875 goodput=14.16875 badput=51.10000 completed=3360 timedout=8176 dropped=0 Util=0.98195
### END_ENTRY users=2150 run=29 ###

### ENTRY users=2160 run=29 seed=29 ###
ResponseTime=29.02135 Throughput=65.07500 goodput=13.03125 badput=52.04375 completed=3175 timedout=8327 dropped=0 Util=0.98194
### END_ENTRY users=2160 run=29 ###

### ENTRY users=2170 run=29 seed=29 ###
ResponseTime=29.02298 Throughput=65.47500 goodput=13.10000 badput=52.37500 completed=3204 timedout=8380 dropped=0 Util=0.98198
### END_ENTRY users=2170 run=29 ###

### ENTRY users=2180 run=29 seed=29 ###
ResponseTime=28.99817 Throughput=65.90625 goodput=13.25625 badput=52.65000 completed=3252 timedout=8424 dropped=0 Util=0.98198
### END_ENTRY users=2180 run=29 ###

### ENTRY users=2190 run=29 seed=29 ###
ResponseTime=28.98701 Throughput=66.53750 goodput=13.47500 badput=53.06250 completed=3262 timedout=8490 dropped=0 Util=0.98198
### END_ENTRY users=2190 run=29 ###

### ENTRY users=2200 run=29 seed=29 ###
ResponseTime=29.95198 Throughput=64.30000 goodput=9.75000 badput=54.55000 completed=2634 timedout=8728 dropped=0 Util=0.98191
### END_ENTRY users=2200 run=29 ###

### ENTRY users=2210 run=29 seed=29 ###
ResponseTime=29.59899 Throughput=65.28125 goodput=10.73125 badput=54.55000 completed=2861 timedout=8728 dropped=0 Util=0.98198
### END_ENTRY users=2210 run=29 ###

### ENTRY users=2220 run=29 seed=29 ###
ResponseTime=29.66366 Throughput=65.46875 goodput=10.91250 badput=54.55625 completed=2876 timedout=8729 dropped=0 Util=0.98196
### END_ENTRY users=2220 run=29 ###

### ENTRY users=2230 run=29 seed=29 ###
ResponseTime=29.58371 Throughput=65.68750 goodput=10.85000 badput=54.83750 completed=2830 timedout=8774 dropped=0 Util=0.98196
### END_ENTRY users=2230 run=29 ###

### ENTRY users=2240 run=29 seed=29 ###
ResponseTime=30.03731 Throughput=64.87500 goodput=9.15625 badput=55.71875 completed=2617 timedout=8915 dropped=0 Util=0.98194
### END_ENTRY users=2240 run=29 ###

### ENTRY users=2250 run=29 seed=29 ###
ResponseTime=30.22124 Throughput=65.15625 goodput=8.76250 badput=56.39375 completed=2547 timedout=9023 dropped=0 Util=0.98194
### END_ENTRY users=2250 run=29 ###

### ENTRY users=2260 run=29 seed=29 ###
ResponseTime=30.59731 Throughput=64.43750 goodput=7.41875 badput=57.01875 completed=2312 timedout=9123 dropped=0 Util=0.98195
### END_ENTRY users=2260 run=29 ###

### ENTRY users=2270 run=29 seed=29 ###
ResponseTime=30.46033 Throughput=65.27500 goodput=7.76250 badput=57.51250 completed=2365 timedout=9202 dropped=0 Util=0.98198
### END_ENTRY users=2270 run=29 ###

### ENTRY users=2280 run=29 seed=29 ###
ResponseTime=30.95150 Throughput=64.48750 goodput=6.51875 badput=57.96875 completed=2135 timedout=9275 dropped=0 Util=0.98194
### END_ENTRY users=2280 run=29 ###

### ENTRY users=2290 run=29 seed=29 ###
ResponseTime=30.94691 Throughput=64.60000 goodput=6.71875 badput=57.88125 completed=2205 timedout=9261 dropped=0 Util=0.98193
### END_ENTRY users=2290 run=29 ###

### ENTRY users=2300 run=29 seed=29 ###
ResponseTime=30.68194 Throughput=65.80625 goodput=7.30000 badput=58.50625 completed=2250 timedout=9361 dropped=0 Util=0.98199
### END_ENTRY users=2300 run=29 ###

### ENTRY users=2310 run=29 seed=29 ###
ResponseTime=31.03250 Throughput=65.06250 goodput=6.37500 badput=58.68750 completed=2174 timedout=9390 dropped=0 Util=0.98196
### END_ENTRY users=2310 run=29 ###

### ENTRY users=2320 run=29 seed=29 ###
ResponseTime=31.35375 Throughput=65.09375 goodput=6.05625 badput=59.03750 completed=2092 timedout=9446 dropped=0 Util=0.98199
### END_ENTRY users=2320 run=29 ###

### ENTRY users=2330 run=29 seed=29 ###
ResponseTime=31.46802 Throughput=64.59375 goodput=6.41250 badput=58.18125 completed=2151 timedout=9309 dropped=0 Util=0.98191
### END_ENTRY users=2330 run=29 ###

### ENTRY users=2340 run=29 seed=29 ###
ResponseTime=31.76601 Throughput=64.66875 goodput=5.26250 badput=59.40625 completed=1953 timedout=9505 dropped=0 Util=0.98197
### END_ENTRY users=2340 run=29 ###

### ENTRY users=2350 run=29 seed=29 ###
ResponseTime=31.44168 Throughput=65.60625 goodput=5.68125 badput=59.92500 completed=1993 timedout=9588 dropped=0 Util=0.98196
### END_ENTRY users=2350 run=29 ###

### ENTRY users=2360 run=29 seed=29 ###
ResponseTime=31.77665 Throughput=65.18125 goodput=5.18750 badput=59.99375 completed=1921 timedout=9599 dropped=0 Util=0.98196
### END_ENTRY users=2360 run=29 ###

### ENTRY users=2370 run=29 seed=29 ###
ResponseTime=31.52246 Throughput=65.65625 goodput=5.77500 badput=59.88125 completed=2087 timedout=9581 dropped=0 Util=0.98198
### END_ENTRY users=2370 run=29 ###

### ENTRY users=2380 run=29 seed=29 ###
ResponseTime=32.02252 Throughput=65.35625 goodput=5.19375 badput=60.16250 completed=1916 timedout=9626 dropped=0 Util=0.98198
### END_ENTRY users=2380 run=29 ###

### ENTRY users=2390 run=29 seed=29 ###
ResponseTime=31.82167 Throughput=66.06250 goodput=5.35625 badput=60.70625 completed=1909 timedout=9713 dropped=0 Util=0.98198
### END_ENTRY users=2390 run=29 ###

### ENTRY users=2400 run=29 seed=29 ###
ResponseTime=32.17658 Throughput=65.48750 goodput=5.11250 badput=60.37500 completed=1920 timedout=9660 dropped=0 Util=0.98196
### END_ENTRY users=2400 run=29 ###

### ENTRY users=2410 run=29 seed=29 ###
ResponseTime=32.10136 Throughput=65.63750 goodput=5.15000 badput=60.48750 completed=1938 timedout=9678 dropped=0 Util=0.98197
### END_ENTRY users=2410 run=29 ###

### ENTRY users=2420 run=29 seed=29 ###
ResponseTime=32.63799 Throughput=65.10000 goodput=5.13750 badput=59.96250 completed=1933 timedout=9594 dropped=0 Util=0.98195
### END_ENTRY users=2420 run=29 ###

### ENTRY users=2430 run=29 seed=29 ###
ResponseTime=32.15447 Throughput=66.21250 goodput=5.56875 badput=60.64375 completed=2010 timedout=9703 dropped=0 Util=0.98198
### END_ENTRY users=2430 run=29 ###

### ENTRY users=2440 run=29 seed=29 ###
ResponseTime=32.32479 Throughput=66.17500 goodput=5.03750 badput=61.13750 completed=1927 timedout=9782 dropped=0 Util=0.98195
### END_ENTRY users=2440 run=29 ###

### ENTRY users=2450 run=29 seed=29 ###
ResponseTime=32.96671 Throughput=65.00625 goodput=5.01250 badput=59.99375 completed=1924 timedout=9599 dropped=0 Util=0.98196
### END_ENTRY users=2450 run=29 ###

### ENTRY users=2460 run=29 seed=29 ###
ResponseTime=32.86348 Throughput=65.43125 goodput=5.24375 badput=60.18750 completed=1944 timedout=9630 dropped=0 Util=0.98199
### END_ENTRY users=2460 run=29 ###

### ENTRY users=2470 run=29 seed=29 ###
ResponseTime=33.04352 Throughput=65.47500 goodput=5.13750 badput=60.33750 completed=1961 timedout=9654 dropped=0 Util=0.98196
### END_ENTRY users=2470 run=29 ###

### ENTRY users=2480 run=29 seed=29 ###
ResponseTime=32.92680 Throughput=66.21875 goodput=4.93125 badput=61.28750 completed=1904 timedout=9806 dropped=0 Util=0.98196
### END_ENTRY users=2480 run=29 ###

### ENTRY users=2490 run=29 seed=29 ###
ResponseTime=33.06458 Throughput=66.24375 goodput=5.20625 badput=61.03750 completed=1922 timedout=9766 dropped=0 Util=0.98196
### END_ENTRY users=2490 run=29 ###

### ENTRY users=2500 run=29 seed=29 ###
ResponseTime=33.61769 Throughput=65.10000 goodput=4.71250 badput=60.38750 completed=1870 timedout=9662 dropped=0 Util=0.98193
### END_ENTRY users=2500 run=29 ###

### ENTRY users=2510 run=29 seed=29 ###
ResponseTime=33.31327 Throughput=66.08125 goodput=4.93125 badput=61.15000 completed=1932 timedout=9784 dropped=0 Util=0.98199
### END_ENTRY users=2510 run=29 ###

### ENTRY users=2520 run=29 seed=29 ###
ResponseTime=33.66808 Throughput=65.73750 goodput=5.03125 badput=60.70625 completed=1923 timedout=9713 dropped=0 Util=0.98194
### END_ENTRY users=2520 run=29 ###

### ENTRY users=2530 run=29 seed=29 ###
ResponseTime=33.70360 Throughput=65.53125 goodput=5.00000 badput=60.53125 completed=1961 timedout=9685 dropped=0 Util=0.98196
### END_ENTRY users=2530 run=29 ###

### ENTRY users=2540 run=29 seed=29 ###
ResponseTime=33.97776 Throughput=65.15625 goodput=4.82500 badput=60.33125 completed=1940 timedout=9653 dropped=0 Util=0.98197
### END_ENTRY users=2540 run=29 ###

### ENTRY users=2550 run=29 seed=29 ###
ResponseTime=33.74314 Throughput=66.38125 goodput=5.14375 badput=61.23750 completed=1962 timedout=9798 dropped=0 Util=0.98197
### END_ENTRY users=2550 run=29 ###

### ENTRY users=2560 run=29 seed=29 ###
ResponseTime=34.42304 Throughput=64.91875 goodput=5.11250 badput=59.80625 completed=1948 timedout=9569 dropped=0 Util=0.98194
### END_ENTRY users=2560 run=29 ###

### ENTRY users=2570 run=29 seed=29 ###
ResponseTime=33.84110 Throughput=66.52500 goodput=5.02500 badput=61.50000 completed=1945 timedout=9840 dropped=0 Util=0.98197
### END_ENTRY users=2570 run=29 ###

### ENTRY users=2580 run=29 seed=29 ###
ResponseTime=34.14290 Throughput=66.44375 goodput=4.88750 badput=61.55625 completed=1945 timedout=9849 dropped=0 Util=0.98199
### END_ENTRY users=2580 run=29 ###

### ENTRY users=2590 run=29 seed=29 ###
ResponseTime=34.80032 Throughput=65.16250 goodput=4.49375 badput=60.66875 completed=1849 timedout=9707 dropped=0 Util=0.98195
### END_ENTRY users=2590 run=29 ###

### ENTRY users=2600 run=29 seed=29 ###
ResponseTime=34.72659 Throughput=65.63125 goodput=4.68750 badput=60.94375 completed=1880 timedout=9751 dropped=0 Util=0.98196
### END_ENTRY users=2600 run=29 ###

### ENTRY users=2610 run=29 seed=29 ###
ResponseTime=35.21459 Throughput=64.81875 goodput=4.80625 badput=60.01250 completed=1951 timedout=9602 dropped=0 Util=0.98195
### END_ENTRY users=2610 run=29 ###

### ENTRY users=2620 run=29 seed=29 ###
ResponseTime=34.97833 Throughput=65.67500 goodput=4.75625 badput=60.91875 completed=1879 timedout=9747 dropped=0 Util=0.98198
### END_ENTRY users=2620 run=29 ###

### ENTRY users=2630 run=29 seed=29 ###
ResponseTime=34.84624 Throughput=66.07500 goodput=4.76250 badput=61.31250 completed=1873 timedout=9810 dropped=0 Util=0.98201
### END_ENTRY users=2630 run=29 ###

### ENTRY users=2640 run=29 seed=29 ###
ResponseTime=35.33604 Throughput=65.51875 goodput=4.66875 badput=60.85000 completed=1899 timedout=9736 dropped=0 Util=0.98197
### END_ENTRY users=2640 run=29 ###

### ENTRY users=2650 run=29 seed=29 ###
ResponseTime=35.79441 Throughput=64.91250 goodput=4.66250 badput=60.25000 completed=1899 timedout=9640 dropped=0 Util=0.98198
### END_ENTRY users=2650 run=29 ###

### ENTRY users=2660 run=29 seed=29 ###
ResponseTime=36.04993 Throughput=64.46250 goodput=5.06250 badput=59.40000 completed=1939 timedout=9504 dropped=0 Util=0.98194
### END_ENTRY users=2660 run=29 ###

### ENTRY users=2670 run=29 seed=29 ###
ResponseTime=35.93552 Throughput=65.12500 goodput=4.69375 badput=60.43125 completed=1883 timedout=9669 dropped=0 Util=0.98195
### END_ENTRY users=2670 run=29 ###

### ENTRY users=2680 run=29 seed=29 ###
ResponseTime=35.57102 Throughput=66.03125 goodput=4.85000 badput=61.18125 completed=1865 timedout=9789 dropped=0 Util=0.98198
### END_ENTRY users=2680 run=29 ###

### ENTRY users=2690 run=29 seed=29 ###
ResponseTime=36.29991 Throughput=64.80000 goodput=4.80000 badput=60.00000 completed=1927 timedout=9600 dropped=0 Util=0.98197
### END_ENTRY users=2690 run=29 ###

### ENTRY users=2700 run=29 seed=29 ###
ResponseTime=35.81990 Throughput=65.78125 goodput=4.95000 badput=60.83125 completed=1995 timedout=9733 dropped=0 Util=0.98198
### END_ENTRY users=2700 run=29 ###

### ENTRY users=2710 run=29 seed=29 ###
ResponseTime=36.01617 Throughput=66.10000 goodput=4.64375 badput=61.45625 completed=1844 timedout=9833 dropped=0 Util=0.98196
### END_ENTRY users=2710 run=29 ###

### ENTRY users=2720 run=29 seed=29 ###
ResponseTime=37.12074 Throughput=64.17500 goodput=4.57500 badput=59.60000 completed=1881 timedout=9536 dropped=0 Util=0.98193
### END_ENTRY users=2720 run=29 ###

### ENTRY users=2730 run=29 seed=29 ###
ResponseTime=36.63962 Throughput=65.13750 goodput=4.48125 badput=60.65625 completed=1833 timedout=9705 dropped=0 Util=0.98198
### END_ENTRY users=2730 run=29 ###

### ENTRY users=2740 run=29 seed=29 ###
ResponseTime=37.30804 Throughput=64.22500 goodput=4.74375 badput=59.48125 completed=1897 timedout=9517 dropped=0 Util=0.98197
### END_ENTRY users=2740 run=29 ###

### ENTRY users=2750 run=29 seed=29 ###
ResponseTime=36.84598 Throughput=65.03750 goodput=4.78750 badput=60.25000 completed=1898 timedout=9640 dropped=0 Util=0.98194
### END_ENTRY users=2750 run=29 ###

### ENTRY users=2760 run=29 seed=29 ###
ResponseTime=36.72675 Throughput=65.93125 goodput=4.95625 badput=60.97500 completed=1921 timedout=9756 dropped=0 Util=0.98199
### END_ENTRY users=2760 run=29 ###

### ENTRY users=2770 run=29 seed=29 ###
ResponseTime=37.23307 Throughput=65.15625 goodput=4.48125 badput=60.67500 completed=1810 timedout=9708 dropped=0 Util=0.98196
### END_ENTRY users=2770 run=29 ###

### ENTRY users=2780 run=29 seed=29 ###
ResponseTime=37.19920 Throughput=65.51875 goodput=4.86250 badput=60.65625 completed=1927 timedout=9705 dropped=0 Util=0.98197
### END_ENTRY users=2780 run=29 ###

### ENTRY users=2790 run=29 seed=29 ###
ResponseTime=37.35918 Throughput=65.30000 goodput=4.83750 badput=60.46250 completed=1923 timedout=9674 dropped=0 Util=0.98198
### END_ENTRY users=2790 run=29 ###

### ENTRY users=2800 run=29 seed=29 ###
ResponseTime=37.54499 Throughput=65.22500 goodput=4.71250 badput=60.51250 completed=1866 timedout=9682 dropped=0 Util=0.98195
### END_ENTRY users=2800 run=29 ###

### ENTRY users=2810 run=29 seed=29 ###
ResponseTime=37.38319 Throughput=66.16250 goodput=4.78750 badput=61.37500 completed=1891 timedout=9820 dropped=0 Util=0.98196
### END_ENTRY users=2810 run=29 ###

### ENTRY users=2820 run=29 seed=29 ###
ResponseTime=37.48871 Throughput=66.06250 goodput=4.99375 badput=61.06875 completed=1903 timedout=9771 dropped=0 Util=0.98195
### END_ENTRY users=2820 run=29 ###

### ENTRY users=2830 run=29 seed=29 ###
ResponseTime=38.19291 Throughput=64.68125 goodput=4.81250 badput=59.86875 completed=1891 timedout=9579 dropped=0 Util=0.98193
### END_ENTRY users=2830 run=29 ###

### ENTRY users=2840 run=29 seed=29 ###
ResponseTime=37.67794 Throughput=65.90000 goodput=4.91875 badput=60.98125 completed=1933 timedout=9757 dropped=0 Util=0.98199
### END_ENTRY users=2840 run=29 ###

### ENTRY users=2850 run=29 seed=29 ###
ResponseTime=38.01519 Throughput=65.67500 goodput=5.13125 badput=60.54375 completed=1995 timedout=9687 dropped=0 Util=0.98196
### END_ENTRY users=2850 run=29 ###

### ENTRY users=2860 run=29 seed=29 ###
ResponseTime=37.93619 Throughput=66.09375 goodput=4.71250 badput=61.38125 completed=1895 timedout=9821 dropped=0 Util=0.98197
### END_ENTRY users=2860 run=29 ###

### ENTRY users=2870 run=29 seed=29 ###
ResponseTime=38.58847 Throughput=64.83125 goodput=4.91875 badput=59.91250 completed=1916 timedout=9586 dropped=0 Util=0.98194
### END_ENTRY users=2870 run=29 ###

### ENTRY users=2880 run=29 seed=29 ###
ResponseTime=38.77288 Throughput=64.90625 goodput=4.85000 badput=60.05625 completed=1864 timedout=9609 dropped=0 Util=0.98194
### END_ENTRY users=2880 run=29 ###

### ENTRY users=2890 run=29 seed=29 ###
ResponseTime=38.86824 Throughput=65.00625 goodput=4.83125 badput=60.17500 completed=1882 timedout=9628 dropped=0 Util=0.98195
### END_ENTRY users=2890 run=29 ###

### ENTRY users=2900 run=29 seed=29 ###
ResponseTime=39.01534 Throughput=65.18750 goodput=4.52500 badput=60.66250 completed=1835 timedout=9706 dropped=0 Util=0.98193
### END_ENTRY users=2900 run=29 ###

### ENTRY users=2910 run=29 seed=29 ###
ResponseTime=38.95335 Throughput=65.20000 goodput=4.87500 badput=60.32500 completed=1924 timedout=9652 dropped=0 Util=0.98196
### END_ENTRY users=2910 run=29 ###

### ENTRY users=2920 run=29 seed=29 ###
ResponseTime=38.57563 Throughput=66.38750 goodput=4.62500 badput=61.76250 completed=1868 timedout=9882 dropped=0 Util=0.98198
### END_ENTRY users=2920 run=29 ###

### ENTRY users=2930 run=29 seed=29 ###
ResponseTime=39.37971 Throughput=64.95000 goodput=4.70625 badput=60.24375 completed=1876 timedout=9639 dropped=0 Util=0.98194
### END_ENTRY users=2930 run=29 ###

### ENTRY users=2940 run=29 seed=29 ###
ResponseTime=39.16271 Throughput=65.91250 goodput=4.87500 badput=61.03750 completed=1893 timedout=9766 dropped=0 Util=0.98198
### END_ENTRY users=2940 run=29 ###

### ENTRY users=2950 run=29 seed=29 ###
ResponseTime=39.50113 Throughput=65.16250 goodput=5.01250 badput=60.15000 completed=1910 timedout=9624 dropped=0 Util=0.98194
### END_ENTRY users=2950 run=29 ###

### ENTRY users=2960 run=29 seed=29 ###
ResponseTime=39.33809 Throughput=65.54375 goodput=4.91250 badput=60.63125 completed=1960 timedout=9701 dropped=0 Util=0.98196
### END_ENTRY users=2960 run=29 ###

### ENTRY users=2970 run=29 seed=29 ###
ResponseTime=38.95672 Throughput=66.39375 goodput=4.68750 badput=61.70625 completed=1913 timedout=9873 dropped=0 Util=0.98196
### END_ENTRY users=2970 run=29 ###

### ENTRY users=2980 run=29 seed=29 ###
ResponseTime=39.55256 Throughput=65.60625 goodput=4.66250 badput=60.94375 completed=1849 timedout=9751 dropped=0 Util=0.98198
### END_ENTRY users=2980 run=29 ###

### ENTRY users=2990 run=29 seed=29 ###
ResponseTime=39.28980 Throughput=65.98125 goodput=4.66875 badput=61.31250 completed=1843 timedout=9810 dropped=0 Util=0.98198
### END_ENTRY users=2990 run=29 ###

### ENTRY users=3000 run=29 seed=29 ###
ResponseTime=40.01776 Throughput=65.51875 goodput=4.85000 badput=60.66875 completed=1862 timedout=9707 dropped=0 Util=0.98194
### END_ENTRY users=3000 run=29 ###

