=== RUN FILE confidence_interval/run_2.log (run index = 2) ===
### ENTRY users=10 run=2 seed=2 ###
ResponseTime=0.06106 Throughput=3.06875 goodput=3.06875 badput=0.00000 completed=538 timedout=0 dropped=0 Util=0.04600
### END_ENTRY users=10 run=2 ###

### ENTRY users=20 run=2 seed=2 ###
ResponseTime=0.06242 Throughput=6.10625 goodput=6.10625 badput=0.00000 completed=1072 timedout=0 dropped=0 Util=0.09199
### END_ENTRY users=20 run=2 ###

### ENTRY users=30 run=2 seed=2 ###
ResponseTime=0.06680 Throughput=9.19375 goodput=9.19375 badput=0.00000 completed=1611 timedout=0 dropped=0 Util=0.14286
### END_ENTRY users=30 run=2 ###

### ENTRY users=40 run=2 seed=2 ###
ResponseTime=0.06668 Throughput=12.25000 goodput=12.25000 badput=0.00000 completed=2151 timedout=0 dropped=0 Util=0.17975
### END_ENTRY users=40 run=2 ###

### ENTRY users=50 run=2 seed=2 ###
ResponseTime=0.07399 Throughput=15.31875 goodput=15.31875 badput=0.00000 completed=2684 timedout=0 dropped=0 Util=0.23096
### END_ENTRY users=50 run=2 ###

### ENTRY users=60 run=2 seed=2 ###
ResponseTime=0.07584 Throughput=18.29375 goodput=18.29375 badput=0.00000 completed=3217 timedout=0 dropped=0 Util=0.27456
### END_ENTRY users=60 run=2 ###

### ENTRY users=70 run=2 seed=2 ###
ResponseTime=0.08259 Throughput=21.32500 goodput=21.32500 badput=0.00000 completed=3748 timedout=0 dropped=0 Util=0.31615
### END_ENTRY users=70 run=2 ###

### ENTRY users=80 run=2 seed=2 ###
ResponseTime=0.09505 Throughput=24.33125 goodput=24.33125 badput=0.00000 completed=4270 timedout=0 dropped=0 Util=0.37279
### END_ENTRY users=80 run=2 ###

### ENTRY users=90 run=2 seed=2 ###
ResponseTime=0.09546 Throughput=27.28750 goodput=27.28750 badput=0.00000 completed=4797 timedout=0 dropped=0 Util=0.40865
### END_ENTRY users=90 run=2 ###

### ENTRY users=100 run=2 seed=2 ###
ResponseTime=0.10838 Throughput=30.25625 goodput=30.25625 badput=0.00000 completed=5315 timedout=0 dropped=0 Util=0.45494
### END_ENTRY users=100 run=2 ###

### ENTRY users=110 run=2 seed=2 ###
ResponseTime=0.10863 Throughput=33.25000 goodput=33.25000 badput=0.00000 completed=5847 timedout=0 dropped=0 Util=0.49163
### END_ENTRY users=110 run=2 ###

### ENTRY users=120 run=2 seed=2 ###
ResponseTime=0.13343 Throughput=35.95625 goodput=35.95625 badput=0.00000 completed=6325 timedout=0 dropped=0 Util=0.54510
### END_ENTRY users=120 run=2 ###

### ENTRY users=130 run=2 seed=2 ###
ResponseTime=0.13772 Throughput=38.90000 goodput=38.90000 badput=0.00000 completed=6842 timedout=0 dropped=0 Util=0.57887
### END_ENTRY users=130 run=2 ###

### ENTRY users=140 run=2 seed=2 ###
ResponseTime=0.15868 Throughput=41.71250 goodput=41.71250 badput=0.00000 completed=7324 timedout=0 dropped=0 Util=0.62865
### END_ENTRY users=140 run=2 ###

### ENTRY users=150 run=2 seed=2 ###
ResponseTime=0.18008 Throughput=44.35000 goodput=44.35000 badput=0.00000 completed=7801 timedout=0 dropped=0 Util=0.67745
### END_ENTRY users=150 run=2 ###

### ENTRY users=160 run=2 seed=2 ###
ResponseTime=0.20106 Throughput=47.01250 goodput=47.01250 badput=0.00000 completed=8277 timedout=0 dropped=0 Util=0.71789
### END_ENTRY users=160 run=2 ###

### ENTRY users=170 run=2 seed=2 ###
ResponseTime=0.21938 Throughput=49.56250 goodput=49.56250 badput=0.00000 completed=8723 timedout=0 dropped=0 Util=0.74167
### END_ENTRY users=170 run=2 ###

### ENTRY users=180 run=2 seed=2 ###
ResponseTime=0.25129 Throughput=52.13750 goodput=52.13750 badput=0.00000 completed=9172 timedout=0 dropped=0 Util=0.78953
### END_ENTRY users=180 run=2 ###

### ENTRY users=190 run=2 seed=2 ###
ResponseTime=0.29167 Throughput=54.36875 goodput=54.36875 badput=0.00000 completed=9575 timedout=0 dropped=0 Util=0.82563
### END_ENTRY users=190 run=2 ###

### ENTRY users=200 run=2 seed=2 ###
ResponseTime=0.35354 Throughput=56.28750 goodput=56.28750 badput=0.00000 completed=9904 timedout=0 dropped=0 Util=0.85761
### END_ENTRY users=200 run=2 ###

### ENTRY users=210 run=2 seed=2 ###
ResponseTime=0.37517 Throughput=58.65625 goodput=58.65625 badput=0.00000 completed=10302 timedout=0 dropped=0 Util=0.88294
### END_ENTRY users=210 run=2 ###

### ENTRY users=220 run=2 seed=2 ###
ResponseTime=0.44457 Throughput=60.35625 goodput=60.35625 badput=0.00000 completed=10595 timedout=0 dropped=0 Util=0.91514
### END_ENTRY users=220 run=2 ###

### ENTRY users=230 run=2 seed=2 ###
ResponseTime=0.51686 Throughput=61.69375 goodput=61.69375 badput=0.00000 completed=10877 timedout=0 dropped=0 Util=0.92556
### END_ENTRY users=230 run=2 ###

### ENTRY users=240 run=2 seed=2 ###
ResponseTime=0.64593 Throughput=62.43125 goodput=62.43125 badput=0.00000 completed=11035 timedout=0 dropped=0 Util=0.95210
### END_ENTRY users=240 run=2 ###

### ENTRY users=250 run=2 seed=2 ###
ResponseTime=0.68698 Throughput=64.30625 goodput=64.30625 badput=0.00000 completed=11314 timedout=0 dropped=0 Util=0.95758
### END_ENTRY users=250 run=2 ###

### ENTRY users=260 run=2 seed=2 ###
ResponseTime=0.83749 Throughput=64.40625 goodput=64.40625 badput=0.00000 completed=11345 timedout=0 dropped=0 Util=0.97096
### END_ENTRY users=260 run=2 ###

### ENTRY users=270 run=2 seed=2 ###
ResponseTime=0.95030 Throughput=65.24375 goodput=65.24375 badput=0.00000 completed=11446 timedout=0 dropped=0 Util=0.97611
### END_ENTRY users=270 run=2 ###

### ENTRY users=280 run=2 seed=2 ###
ResponseTime=1.05449 Throughput=65.87500 goodput=65.87500 badput=0.00000 completed=11582 timedout=0 dropped=0 Util=0.97891
### END_ENTRY users=280 run=2 ###

### ENTRY users=290 run=2 seed=2 ###
ResponseTime=1.27244 Throughput=64.87500 goodput=64.87500 badput=0.00000 completed=11476 timedout=0 dropped=0 Util=0.98078
### END_ENTRY users=290 run=2 ###

### ENTRY users=300 run=2 seed=2 ###
ResponseTime=1.38223 Throughput=65.68750 goodput=65.68750 badput=0.00000 completed=11560 timedout=0 dropped=0 Util=0.98164
### END_ENTRY users=300 run=2 ###

### ENTRY users=310 run=2 seed=2 ###
ResponseTime=1.57631 Throughput=64.98750 goodput=64.98750 badput=0.00000 completed=11425 timedout=0 dropped=0 Util=0.98144
### END_ENTRY users=310 run=2 ###

### ENTRY users=320 run=2 seed=2 ###
ResponseTime=1.73524 Throughput=64.94375 goodput=64.94375 badput=0.00000 completed=11424 timedout=0 dropped=0 Util=0.98196
### END_ENTRY users=320 run=2 ###

### ENTRY users=330 run=2 seed=2 ###
ResponseTime=1.85256 Throughput=65.20625 goodput=65.20625 badput=0.00000 completed=11532 timedout=0 dropped=0 Util=0.98196
### END_ENTRY users=330 run=2 ###

### ENTRY users=340 run=2 seed=2 ###
ResponseTime=1.97848 Throughput=65.66250 goodput=65.66250 badput=0.00000 completed=11612 timedout=0 dropped=0 Util=0.98198
### END_ENTRY users=340 run=2 ###

### ENTRY users=350 run=2 seed=2 ###
ResponseTime=2.17542 Throughput=65.12500 goodput=65.12500 badput=0.00000 completed=11474 timedout=0 dropped=0 Util=0.98193
### END_ENTRY users=350 run=2 ###

### ENTRY users=360 run=2 seed=2 ###
ResponseTime=2.35348 Throughput=64.71250 goodput=64.71250 badput=0.00000 completed=11451 timedout=0 dropped=0 Util=0.98195
### END_ENTRY users=360 run=2 ###

### ENTRY users=370 run=2 seed=2 ###
ResponseTime=2.60266 Throughput=64.16875 goodput=64.16250 badput=0.00625 completed=11340 timedout=1 dropped=0 Util=0.98194
### END_ENTRY users=370 run=2 ###

### ENTRY users=380 run=2 seed=2 ###
ResponseTime=2.60272 Throughput=65.55000 goodput=65.55000 badput=0.00000 completed=11567 timedout=0 dropped=0 Util=0.98198
### END_ENTRY users=380 run=2 ###

### ENTRY users=390 run=2 seed=2 ###
ResponseTime=2.81778 Throughput=64.91875 goodput=64.90625 badput=0.01250 completed=11461 timedout=2 dropped=0 Util=0.98196
### END_ENTRY users=390 run=2 ###

### ENTRY users=400 run=2 seed=2 ###
ResponseTime=3.02001 Throughput=64.38125 goodput=64.36250 badput=0.01875 completed=11390 timedout=3 dropped=0 Util=0.98195
### END_ENTRY users=400 run=2 ###

### ENTRY users=410 run=2 seed=2 ###
ResponseTime=3.15445 Throughput=64.78750 goodput=64.76250 badput=0.02500 completed=11407 timedout=4 dropped=0 Util=0.98195
### END_ENTRY users=410 run=2 ###

### ENTRY users=420 run=2 seed=2 ###
ResponseTime=3.28586 Throughput=64.77500 goodput=64.73750 badput=0.03750 completed=11462 timedout=6 dropped=0 Util=0.98199
### END_ENTRY users=420 run=2 ###

### ENTRY users=430 run=2 seed=2 ###
ResponseTime=3.45881 Throughput=64.96875 goodput=64.95000 badput=0.01875 completed=11432 timedout=3 dropped=0 Util=0.98195
### END_ENTRY users=430 run=2 ###

### ENTRY users=440 run=2 seed=2 ###
ResponseTime=3.51152 Throughput=65.61250 goodput=65.58125 badput=0.03125 completed=11580 timedout=5 dropped=0 Util=0.98197
### END_ENTRY users=440 run=2 ###

### ENTRY users=450 run=2 seed=2 ###
ResponseTime=3.64836 Throughput=65.82500 goodput=65.76875 badput=0.05625 completed=11607 timedout=9 dropped=0 Util=0.98199
### END_ENTRY users=450 run=2 ###

### ENTRY users=460 run=2 seed=2 ###
ResponseTime=3.87684 Throughput=65.20000 goodput=65.14375 badput=0.05625 completed=11533 timedout=9 dropped=0 Util=0.98196
### END_ENTRY users=460 run=2 ###

### ENTRY users=470 run=2 seed=2 ###
ResponseTime=4.00606 Throughput=65.35625 goodput=65.30000 badput=0.05625 completed=11488 timedout=9 dropped=0 Util=0.98195
### END_ENTRY users=470 run=2 ###

### ENTRY users=480 run=2 seed=2 ###
ResponseTime=4.15526 Throughput=65.30000 goodput=65.21250 badput=0.08750 completed=11525 timedout=14 dropped=0 Util=0.98195
### END_ENTRY users=480 run=2 ###

### ENTRY users=490 run=2 seed=2 ###
ResponseTime=4.26437 Throughput=65.57500 goodput=65.48125 badput=0.09375 completed=11573 timedout=15 dropped=0 Util=0.98193
### END_ENTRY users=490 run=2 ###

### ENTRY users=500 run=2 seed=2 ###
ResponseTime=4.55704 Throughput=64.51250 goodput=64.40000 badput=0.11250 completed=11415 timedout=18 dropped=0 Util=0.98193
### END_ENTRY users=500 run=2 ###

### ENTRY users=510 run=2 seed=2 ###
ResponseTime=4.60441 Throughput=65.15625 goodput=65.06875 badput=0.08750 completed=11517 timedout=14 dropped=0 Util=0.98195
### END_ENTRY users=510 run=2 ###

### ENTRY users=520 run=2 seed=2 ###
ResponseTime=4.65167 Throughput=66.15625 goodput=66.08125 badput=0.07500 completed=11680 timedout=12 dropped=0 Util=0.98192
### END_ENTRY users=520 run=2 ###

### ENTRY users=530 run=2 seed=2 ###
ResponseTime=5.05502 Throughput=64.13125 goodput=64.04375 badput=0.08750 completed=11383 timedout=14 dropped=0 Util=0.98193
### END_ENTRY users=530 run=2 ###

### ENTRY users=540 run=2 seed=2 ###
ResponseTime=5.05879 Throughput=65.48125 goodput=65.36875 badput=0.11250 completed=11588 timedout=18 dropped=0 Util=0.98194
### END_ENTRY users=540 run=2 ###

### ENTRY users=550 run=2 seed=2 ###
ResponseTime=5.20722 Throughput=65.41875 goodput=65.33750 badput=0.08125 completed=11585 timedout=13 dropped=0 Util=0.98193
### END_ENTRY users=550 run=2 ###

### ENTRY users=560 run=2 seed=2 ###
ResponseTime=5.42240 Throughput=64.96250 goodput=64.85625 badput=0.10625 completed=11494 timedout=17 dropped=0 Util=0.98198
### END_ENTRY users=560 run=2 ###

### ENTRY users=570 run=2 seed=2 ###
ResponseTime=5.46297 Throughput=65.71250 goodput=65.63125 badput=0.08125 completed=11598 timedout=13 dropped=0 Util=0.98194
### END_ENTRY users=570 run=2 ###

### ENTRY users=580 run=2 seed=2 ###
ResponseTime=5.72600 Throughput=65.13750 goodput=64.99375 badput=0.14375 completed=11471 timedout=23 dropped=0 Util=0.98193
### END_ENTRY users=580 run=2 ###

### ENTRY users=590 run=2 seed=2 ###
ResponseTime=5.94219 Throughput=64.38125 goodput=64.23750 badput=0.14375 completed=11339 timedout=23 dropped=0 Util=0.98192
### END_ENTRY users=590 run=2 ###

### ENTRY users=600 run=2 seed=2 ###
ResponseTime=6.02526 Throughput=65.08750 goodput=64.93125 badput=0.15625 completed=11501 timedout=25 dropped=0 Util=0.98193
### END_ENTRY users=600 run=2 ###

### ENTRY users=610 run=2 seed=2 ###
ResponseTime=6.21911 Throughput=64.86875 goodput=64.70000 badput=0.16875 completed=11426 timedout=27 dropped=0 Util=0.98191
### END_ENTRY users=610 run=2 ###

### ENTRY users=620 run=2 seed=2 ###
ResponseTime=6.33654 Throughput=65.17500 goodput=65.06250 badput=0.11250 completed=11520 timedout=18 dropped=0 Util=0.98196
### END_ENTRY users=620 run=2 ###

### ENTRY users=630 run=2 seed=2 ###
ResponseTime=6.49888 Throughput=65.10625 goodput=64.96875 badput=0.13750 completed=11476 timedout=22 dropped=0 Util=0.98193
### END_ENTRY users=630 run=2 ###

### ENTRY users=640 run=2 seed=2 ###
ResponseTime=6.67690 Throughput=64.82500 goodput=64.66875 badput=0.15625 completed=11452 timedout=25 dropped=0 Util=0.98198
### END_ENTRY users=640 run=2 ###

### ENTRY users=650 run=2 seed=2 ###
ResponseTime=6.74448 Throughput=65.36250 goodput=65.18125 badput=0.18125 completed=11492 timedout=29 dropped=0 Util=0.98194
### END_ENTRY users=650 run=2 ###

### ENTRY users=660 run=2 seed=2 ###
ResponseTime=6.81831 Throughput=65.61250 goodput=65.41875 badput=0.19375 completed=11590 timedout=31 dropped=0 Util=0.98194
### END_ENTRY users=660 run=2 ###

### ENTRY users=670 run=2 seed=2 ###
ResponseTime=7.15898 Throughput=64.82500 goodput=64.65000 badput=0.17500 completed=11453 timedout=28 dropped=0 Util=0.98192
### END_ENTRY users=670 run=2 ###

### ENTRY users=680 run=2 seed=2 ###
ResponseTime=7.15890 Throughput=65.63125 goodput=65.46250 badput=0.16875 completed=11573 timedout=27 dropped=0 Util=0.98194
### END_ENTRY users=680 run=2 ###

### ENTRY users=690 run=2 seed=2 ###
ResponseTime=7.34269 Throughput=65.45000 goodput=65.23750 badput=0.21250 completed=11525 timedout=34 dropped=0 Util=0.98193
### END_ENTRY users=690 run=2 ###

### ENTRY users=700 run=2 seed=2 ###
ResponseTime=7.46684 Throughput=65.44375 goodput=65.22500 badput=0.21875 completed=11542 timedout=35 dropped=0 Util=0.98195
### END_ENTRY users=700 run=2 ###

### ENTRY users=710 run=2 seed=2 ###
ResponseTime=7.76931 Throughput=64.88750 goodput=64.65000 badput=0.23750 completed=11406 timedout=38 dropped=0 Util=0.98193
### END_ENTRY users=710 run=2 ###

### ENTRY users=720 run=2 seed=2 ###
ResponseTime=7.79146 Throughput=65.44375 goodput=65.22500 badput=0.21875 completed=11529 timedout=35 dropped=0 Util=0.98195
### END_ENTRY users=720 run=2 ###

### ENTRY users=730 run=2 seed=2 ###
ResponseTime=7.92680 Throughput=65.50000 goodput=65.24375 badput=0.25625 completed=11543 timedout=41 dropped=0 Util=0.98195
### END_ENTRY users=730 run=2 ###

### ENTRY users=740 run=2 seed=2 ###
ResponseTime=8.15912 Throughput=64.99375 goodput=64.74375 badput=0.25000 completed=11475 timedout=40 dropped=0 Util=0.98193
### END_ENTRY users=740 run=2 ###

### ENTRY users=750 run=2 seed=2 ###
ResponseTime=8.35956 Throughput=64.94375 goodput=64.63125 badput=0.31250 completed=11448 timedout=50 dropped=0 Util=0.98194
### END_ENTRY users=750 run=2 ###

### ENTRY users=760 run=2 seed=2 ###
ResponseTime=8.43790 Throughput=65.21250 goodput=64.93125 badput=0.28125 completed=11496 timedout=45 dropped=0 Util=0.98193
### END_ENTRY users=760 run=2 ###

### ENTRY users=770 run=2 seed=2 ###
ResponseTime=8.61617 Throughput=65.14375 goodput=64.83125 badput=0.31250 completed=11461 timedout=50 dropped=0 Util=0.98195
### END_ENTRY users=770 run=2 ###

### ENTRY users=780 run=2 seed=2 ###
ResponseTime=8.73877 Throughput=65.28125 goodput=64.91250 badput=0.36875 completed=11484 timedout=59 dropped=0 Util=0.98195
### END_ENTRY users=780 run=2 ###

### ENTRY users=790 run=2 seed=2 ###
ResponseTime=8.86046 Throughput=65.41875 goodput=65.08125 badput=0.33750 completed=11519 timedout=54 dropped=0 Util=0.98193
### END_ENTRY users=790 run=2 ###

### ENTRY users=800 run=2 seed=2 ###
ResponseTime=9.00338 Throughput=65.60000 goodput=65.21875 badput=0.38125 completed=11528 timedout=61 dropped=0 Util=0.98195
### END_ENTRY users=800 run=2 ###

### ENTRY users=810 run=2 seed=2 ###
ResponseTime=9.17481 Throughput=65.46250 goodput=65.13750 badput=0.32500 completed=11536 timedout=52 dropped=0 Util=0.98193
### END_ENTRY users=810 run=2 ###

### ENTRY users=820 run=2 seed=2 ###
ResponseTime=9.41501 Throughput=64.91875 goodput=64.47500 badput=0.44375 completed=11401 timedout=71 dropped=0 Util=0.98195
### END_ENTRY users=820 run=2 ###

### ENTRY users=830 run=2 seed=2 ###
ResponseTime=9.71320 Throughput=64.20625 goodput=63.73750 badput=0.46875 completed=11319 timedout=75 dropped=0 Util=0.98192
### END_ENTRY users=830 run=2 ###

### ENTRY users=840 run=2 seed=2 ###
ResponseTime=9.68805 Throughput=65.15625 goodput=64.62500 badput=0.53125 completed=11402 timedout=85 dropped=0 Util=0.98194
### END_ENTRY users=840 run=2 ###

### ENTRY users=850 run=2 seed=2 ###
ResponseTime=9.89511 Throughput=64.90000 goodput=64.44375 badput=0.45625 completed=11430 timedout=73 dropped=0 Util=0.98190
### END_ENTRY users=850 run=2 ###

### ENTRY users=860 run=2 seed=2 ###
ResponseTime=9.87429 Throughput=65.98125 goodput=65.49375 badput=0.48750 completed=11561 timedout=78 dropped=0 Util=0.98194
### END_ENTRY users=860 run=2 ###

### ENTRY users=870 run=2 seed=2 ###
ResponseTime=10.15375 Throughput=65.25000 goodput=64.67500 badput=0.57500 completed=11478 timedout=92 dropped=0 Util=0.98191
### END_ENTRY users=870 run=2 ###

### ENTRY users=880 run=2 seed=2 ###
ResponseTime=10.09299 Throughput=66.00625 goodput=65.44375 badput=0.56250 completed=11586 timedout=90 dropped=0 Util=0.98194
### END_ENTRY users=880 run=2 ###

### ENTRY users=890 run=2 seed=2 ###
ResponseTime=10.53333 Throughput=64.73125 goodput=64.12500 badput=0.60625 completed=11372 timedout=97 dropped=0 Util=0.98191
### END_ENTRY users=890 run=2 ###

### ENTRY users=900 run=2 seed=2 ###
ResponseTime=10.60538 Throughput=65.26250 goodput=64.69375 badput=0.56875 completed=11442 timedout=91 dropped=0 Util=0.98196
### END_ENTRY users=900 run=2 ###

### ENTRY users=910 run=2 seed=2 ###
ResponseTime=10.92149 Throughput=64.48750 goodput=63.91875 badput=0.56875 completed=11340 timedout=91 dropped=0 Util=0.98191
### END_ENTRY users=910 run=2 ###

### ENTRY users=920 run=2 seed=2 ###
ResponseTime=10.76286 Throughput=65.86875 goodput=65.31875 badput=0.55000 completed=11596 timedout=88 dropped=0 Util=0.98194
### END_ENTRY users=920 run=2 ###

### ENTRY users=930 run=2 seed=2 ###
ResponseTime=11.15124 Throughput=64.64375 goodput=63.91250 badput=0.73125 completed=11349 timedout=117 dropped=0 Util=0.98192
### END_ENTRY users=930 run=2 ###

### ENTRY users=940 run=2 seed=2 ###
ResponseTime=11.00298 Throughput=66.09375 goodput=65.44375 badput=0.65000 completed=11586 timedout=104 dropped=0 Util=0.98196
### END_ENTRY users=940 run=2 ###

### ENTRY users=950 run=2 seed=2 ###
ResponseTime=11.32719 Throughput=65.30625 goodput=64.64375 badput=0.66250 completed=11454 timedout=106 dropped=0 Util=0.98193
### END_ENTRY users=950 run=2 ###

### ENTRY users=960 run=2 seed=2 ###
ResponseTime=11.50453 Throughput=65.24375 goodput=64.48125 badput=0.76250 completed=11452 timedout=122 dropped=0 Util=0.98195
### END_ENTRY users=960 run=2 ###

### ENTRY users=970 run=2 seed=2 ###
ResponseTime=11.69601 Throughput=65.11250 goodput=64.32500 badput=0.78750 completed=11387 timedout=126 dropped=0 Util=0.98193
### END_ENTRY users=970 run=2 ###

### ENTRY users=980 run=2 seed=2 ###
ResponseTime=11.63563 Throughput=65.81250 goodput=65.16250 badput=0.65000 completed=11575 timedout=104 dropped=0 Util=0.98196
### END_ENTRY users=980 run=2 ###

### ENTRY users=990 run=2 seed=2 ###
ResponseTime=11.98036 Throughput=65.11875 goodput=64.33125 badput=0.78750 completed=11353 timedout=126 dropped=0 Util=0.98194
### END_ENTRY users=990 run=2 ###

### ENTRY users=1000 run=2 seed=2 ###
ResponseTime=12.02424 Throughput=65.53750 goodput=64.68125 badput=0.85625 completed=11485 timedout=137 dropped=0 Util=0.98195
### END_ENTRY users=1000 run=2 ###

### ENTRY users=1010 run=2 seed=2 ###
ResponseTime=12.15096 Throughput=65.46250 goodput=64.55625 badput=0.90625 completed=11487 timedout=145 dropped=0 Util=0.98195
### END_ENTRY users=1010 run=2 ###

### ENTRY users=1020 run=2 seed=2 ###
ResponseTime=12.26905 Throughput=66.00625 goodput=65.16875 badput=0.83750 completed=11528 timedout=134 dropped=0 Util=0.98196
### END_ENTRY users=1020 run=2 ###

### ENTRY users=1030 run=2 seed=2 ###
ResponseTime=12.40846 Throughput=66.11875 goodput=65.26250 badput=0.85625 completed=11508 timedout=137 dropped=0 Util=0.98195
### END_ENTRY users=1030 run=2 ###

### ENTRY users=1040 run=2 seed=2 ###
ResponseTime=12.60305 Throughput=65.82500 goodput=64.86875 badput=0.95625 completed=11463 timedout=153 dropped=0 Util=0.98193
### END_ENTRY users=1040 run=2 ###

### ENTRY users=1050 run=2 seed=2 ###
ResponseTime=12.92438 Throughput=65.06250 goodput=63.99375 badput=1.06875 completed=11348 timedout=171 dropped=0 Util=0.98191
### END_ENTRY users=1050 run=2 ###

### ENTRY users=1060 run=2 seed=2 ###
ResponseTime=13.11024 Throughput=65.05000 goodput=63.91250 badput=1.13750 completed=11311 timedout=182 dropped=0 Util=0.98192
### END_ENTRY users=1060 run=2 ###

### ENTRY users=1070 run=2 seed=2 ###
ResponseTime=13.07005 Throughput=65.70625 goodput=64.56875 badput=1.13750 completed=11425 timedout=182 dropped=0 Util=0.98197
### END_ENTRY users=1070 run=2 ###

### ENTRY users=1080 run=2 seed=2 ###
ResponseTime=13.19024 Throughput=65.71875 goodput=64.61875 badput=1.10000 completed=11442 timedout=176 dropped=0 Util=0.98196
### END_ENTRY users=1080 run=2 ###

### ENTRY users=1090 run=2 seed=2 ###
ResponseTime=13.41549 Throughput=65.50625 goodput=64.18750 badput=1.31875 completed=11339 timedout=211 dropped=0 Util=0.98197
### END_ENTRY users=1090 run=2 ###

### ENTRY users=1100 run=2 seed=2 ###
ResponseTime=13.72794 Throughput=65.08125 goodput=63.68125 badput=1.40000 completed=11255 timedout=224 dropped=0 Util=0.98193
### END_ENTRY users=1100 run=2 ###

### ENTRY users=1110 run=2 seed=2 ###
ResponseTime=13.61792 Throughput=65.81250 goodput=64.48125 badput=1.33125 completed=11438 timedout=213 dropped=0 Util=0.98195
### END_ENTRY users=1110 run=2 ###

### ENTRY users=1120 run=2 seed=2 ###
ResponseTime=13.90297 Throughput=65.34375 goodput=63.86875 badput=1.47500 completed=11345 timedout=236 dropped=0 Util=0.98196
### END_ENTRY users=1120 run=2 ###

### ENTRY users=1130 run=2 seed=2 ###
ResponseTime=14.03445 Throughput=65.41875 goodput=63.86875 badput=1.55000 completed=11274 timedout=248 dropped=0 Util=0.98195
### END_ENTRY users=1130 run=2 ###

### ENTRY users=1140 run=2 seed=2 ###
ResponseTime=14.30994 Throughput=64.89375 goodput=63.25625 badput=1.63750 completed=11243 timedout=262 dropped=0 Util=0.98194
### END_ENTRY users=1140 run=2 ###

### ENTRY users=1150 run=2 seed=2 ###
ResponseTime=14.53845 Throughput=64.80625 goodput=63.16250 badput=1.64375 completed=11190 timedout=263 dropped=0 Util=0.98192
### END_ENTRY users=1150 run=2 ###

### ENTRY users=1160 run=2 seed=2 ###
ResponseTime=14.85688 Throughput=64.08750 goodput=62.07500 badput=2.01250 completed=11028 timedout=322 dropped=0 Util=0.98191
### END_ENTRY users=1160 run=2 ###

### ENTRY users=1170 run=2 seed=2 ###
ResponseTime=14.77884 Throughput=65.06875 goodput=63.20000 badput=1.86875 completed=11214 timedout=299 dropped=0 Util=0.98192
### END_ENTRY users=1170 run=2 ###

### ENTRY users=1180 run=2 seed=2 ###
ResponseTime=14.82584 Throughput=65.45000 goodput=63.46250 badput=1.98750 completed=11228 timedout=318 dropped=0 Util=0.98194
### END_ENTRY users=1180 run=2 ###

### ENTRY users=1190 run=2 seed=2 ###
ResponseTime=15.17114 Throughput=64.73125 goodput=62.59375 badput=2.13750 completed=11094 timedout=342 dropped=0 Util=0.98191
### END_ENTRY users=1190 run=2 ###

### ENTRY users=1200 run=2 seed=2 ###
ResponseTime=15.15045 Throughput=65.12500 goodput=62.99375 badput=2.13125 completed=11207 timedout=341 dropped=0 Util=0.98193
### END_ENTRY users=1200 run=2 ###

### ENTRY users=1210 run=2 seed=2 ###
ResponseTime=15.19187 Throughput=65.73750 goodput=63.81250 badput=1.92500 completed=11273 timedout=308 dropped=0 Util=0.98194
### END_ENTRY users=1210 run=2 ###

### ENTRY users=1220 run=2 seed=2 ###
ResponseTime=15.61211 Throughput=64.65625 goodput=62.16875 badput=2.48750 completed=11018 timedout=398 dropped=0 Util=0.98192
### END_ENTRY users=1220 run=2 ###

### ENTRY users=1230 run=2 seed=2 ###
ResponseTime=15.46285 Throughput=65.80000 goodput=63.56250 badput=2.23750 completed=11280 timedout=358 dropped=0 Util=0.98193
### END_ENTRY users=1230 run=2 ###

### ENTRY users=1240 run=2 seed=2 ###
ResponseTime=15.79471 Throughput=65.18750 goodput=62.68750 badput=2.50000 completed=11075 timedout=400 dropped=0 Util=0.98191
### END_ENTRY users=1240 run=2 ###

### ENTRY users=1250 run=2 seed=2 ###
ResponseTime=16.00289 Throughput=65.06250 goodput=62.40000 badput=2.66250 completed=11057 timedout=426 dropped=0 Util=0.98192
### END_ENTRY users=1250 run=2 ###

### ENTRY users=1260 run=2 seed=2 ###
ResponseTime=16.17849 Throughput=64.68125 goodput=62.00625 badput=2.67500 completed=11024 timedout=428 dropped=0 Util=0.98191
### END_ENTRY users=1260 run=2 ###

### ENTRY users=1270 run=2 seed=2 ###
ResponseTime=16.25510 Throughput=65.24375 goodput=62.36875 badput=2.87500 completed=11060 timedout=460 dropped=0 Util=0.98193
### END_ENTRY users=1270 run=2 ###

### ENTRY users=1280 run=2 seed=2 ###
ResponseTime=16.36995 Throughput=65.10000 goodput=62.16250 badput=2.93750 completed=11075 timedout=470 dropped=0 Util=0.98193
### END_ENTRY users=1280 run=2 ###

### ENTRY users=1290 run=2 seed=2 ###
ResponseTime=16.37026 Throughput=65.58750 goodput=62.85000 badput=2.73750 completed=11146 timedout=438 dropped=0 Util=0.98195
### END_ENTRY users=1290 run=2 ###

### ENTRY users=1300 run=2 seed=2 ###
ResponseTime=16.53600 Throughput=65.71250 goodput=62.82500 badput=2.88750 completed=11163 timedout=462 dropped=0 Util=0.98196
### END_ENTRY users=1300 run=2 ###

### ENTRY users=1310 run=2 seed=2 ###
ResponseTime=16.74372 Throughput=65.19375 goodput=62.05625 badput=3.13750 completed=11089 timedout=502 dropped=0 Util=0.98194
### END_ENTRY users=1310 run=2 ###

### ENTRY users=1320 run=2 seed=2 ###
ResponseTime=17.00269 Throughput=65.09375 goodput=61.52500 badput=3.56875 completed=10952 timedout=571 dropped=0 Util=0.98194
### END_ENTRY users=1320 run=2 ###

### ENTRY users=1330 run=2 seed=2 ###
ResponseTime=16.93480 Throughput=65.68125 goodput=62.45625 badput=3.22500 completed=11098 timedout=516 dropped=0 Util=0.98194
### END_ENTRY users=1330 run=2 ###

### ENTRY users=1340 run=2 seed=2 ###
ResponseTime=17.40125 Throughput=64.71875 goodput=61.03750 badput=3.68125 completed=10883 timedout=589 dropped=0 Util=0.98190
### END_ENTRY users=1340 run=2 ###

### ENTRY users=1350 run=2 seed=2 ###
ResponseTime=17.33959 Throughput=65.25000 goodput=61.63125 badput=3.61875 completed=10934 timedout=579 dropped=0 Util=0.98194
### END_ENTRY users=1350 run=2 ###

### ENTRY users=1360 run=2 seed=2 ###
ResponseTime=17.36451 Throughput=65.88125 goodput=62.17500 badput=3.70625 completed=11080 timedout=593 dropped=0 Util=0.98196
### END_ENTRY users=1360 run=2 ###

### ENTRY users=1370 run=2 seed=2 ###
ResponseTime=17.68992 Throughput=65.17500 goodput=60.86250 badput=4.31250 completed=10826 timedout=690 dropped=0 Util=0.98194
### END_ENTRY users=1370 run=2 ###

### ENTRY users=1380 run=2 seed=2 ###
ResponseTime=17.58677 Throughput=66.03125 goodput=61.92500 badput=4.10625 completed=10987 timedout=657 dropped=0 Util=0.98198
### END_ENTRY users=1380 run=2 ###

### ENTRY users=1390 run=2 seed=2 ###
ResponseTime=17.66441 Throughput=66.16250 goodput=61.96875 badput=4.19375 completed=11033 timedout=671 dropped=0 Util=0.98194
### END_ENTRY users=1390 run=2 ###

### ENTRY users=1400 run=2 seed=2 ###
ResponseTime=18.28431 Throughput=64.71875 goodput=59.71875 badput=5.00000 completed=10699 timedout=800 dropped=0 Util=0.98193
### END_ENTRY users=1400 run=2 ###

### ENTRY users=1410 run=2 seed=2 ###
ResponseTime=18.12050 Throughput=65.60000 goodput=60.93750 badput=4.66250 completed=10871 timedout=746 dropped=0 Util=0.98195
### END_ENTRY users=1410 run=2 ###

### ENTRY users=1420 run=2 seed=2 ###
ResponseTime=18.64784 Throughput=64.83125 goodput=59.36250 badput=5.46875 completed=10573 timedout=875 dropped=0 Util=0.98194
### END_ENTRY users=1420 run=2 ###

### ENTRY users=1430 run=2 seed=2 ###
ResponseTime=18.38744 Throughput=65.92500 goodput=60.87500 badput=5.05000 completed=10861 timedout=808 dropped=0 Util=0.98198
### END_ENTRY users=1430 run=2 ###

### ENTRY users=1440 run=2 seed=2 ###
ResponseTime=18.74802 Throughput=64.96875 goodput=59.28750 badput=5.68125 completed=10608 timedout=909 dropped=0 Util=0.98193
### END_ENTRY users=1440 run=2 ###

### ENTRY users=1450 run=2 seed=2 ###
ResponseTime=18.92643 Throughput=65.05625 goodput=59.17500 badput=5.88125 completed=10546 timedout=941 dropped=0 Util=0.98194
### END_ENTRY users=1450 run=2 ###

### ENTRY users=1460 run=2 seed=2 ###
ResponseTime=19.23881 Throughput=64.78750 goodput=58.18750 badput=6.60000 completed=10413 timedout=1056 dropped=0 Util=0.98192
### END_ENTRY users=1460 run=2 ###

### ENTRY users=1470 run=2 seed=2 ###
ResponseTime=19.06000 Throughput=65.68125 goodput=59.65000 badput=6.03125 completed=10628 timedout=965 dropped=0 Util=0.98195
### END_ENTRY users=1470 run=2 ###

### ENTRY users=1480 run=2 seed=2 ###
ResponseTime=19.25444 Throughput=65.61250 goodput=59.16250 badput=6.45000 completed=10603 timedout=1032 dropped=0 Util=0.98195
### END_ENTRY users=1480 run=2 ###

### ENTRY users=1490 run=2 seed=2 ###
ResponseTime=19.33365 Throughput=65.51250 goodput=58.89375 badput=6.61875 completed=10526 timedout=1059 dropped=0 Util=0.98194
### END_ENTRY users=1490 run=2 ###

### ENTRY users=1500 run=2 seed=2 ###
ResponseTime=19.52956 Throughput=65.61875 goodput=58.71250 badput=6.90625 completed=10530 timedout=1105 dropped=0 Util=0.98196
### END_ENTRY users=1500 run=2 ###

### ENTRY users=1510 run=2 seed=2 ###
ResponseTime=19.87189 Throughput=64.73125 goodput=56.83750 badput=7.89375 completed=10197 timedout=1263 dropped=0 Util=0.98192
### END_ENTRY users=1510 run=2 ###

### ENTRY users=1520 run=2 seed=2 ###
ResponseTime=19.89788 Throughput=65.19375 goodput=57.26250 badput=7.93125 completed=10279 timedout=1269 dropped=0 Util=0.98194
### END_ENTRY users=1520 run=2 ###

### ENTRY users=1530 run=2 seed=2 ###
ResponseTime=20.12178 Throughput=65.07500 goodput=56.86875 badput=8.20625 completed=10190 timedout=1313 dropped=0 Util=0.98195
### END_ENTRY users=1530 run=2 ###

### ENTRY users=1540 run=2 seed=2 ###
ResponseTime=20.25921 Throughput=65.05625 goodput=56.22500 badput=8.83125 completed=10114 timedout=1413 dropped=0 Util=0.98196
### END_ENTRY users=1540 run=2 ###

### ENTRY users=1550 run=2 seed=2 ###
ResponseTime=20.29661 Throughput=65.47500 goodput=56.53750 badput=8.93750 completed=10141 timedout=1430 dropped=0 Util=0.98197
### END_ENTRY users=1550 run=2 ###

### ENTRY users=1560 run=2 seed=2 ###
ResponseTime=20.57268 Throughput=64.92500 goodput=55.32500 badput=9.60000 completed=9940 timedout=1536 dropped=0 Util=0.98192
### END_ENTRY users=1560 run=2 ###

### ENTRY users=1570 run=2 seed=2 ###
ResponseTime=20.65235 Throughput=65.20625 goodput=55.50625 badput=9.70000 completed=9984 timedout=1552 dropped=0 Util=0.98193
### END_ENTRY users=1570 run=2 ###

### ENTRY users=1580 run=2 seed=2 ###
ResponseTime=20.75486 Throughput=65.13750 goodput=54.96875 badput=10.16875 completed=9899 timedout=1627 dropped=0 Util=0.98196
### END_ENTRY users=1580 run=2 ###

### ENTRY users=1590 run=2 seed=2 ###
ResponseTime=21.25182 Throughput=64.38750 goodput=52.60000 badput=11.78750 completed=9527 timedout=1886 dropped=0 Util=0.98192
### END_ENTRY users=1590 run=2 ###

### ENTRY users=1600 run=2 seed=2 ###
ResponseTime=21.61472 Throughput=63.91875 goodput=50.94375 badput=12.97500 completed=9250 timedout=2076 dropped=0 Util=0.98192
### END_ENTRY users=1600 run=2 ###

### ENTRY users=1610 run=2 seed=2 ###
ResponseTime=21.32153 Throughput=64.95625 goodput=53.13750 badput=11.81875 completed=9598 timedout=1891 dropped=0 Util=0.98195
### END_ENTRY users=1610 run=2 ###

### ENTRY users=1620 run=2 seed=2 ###
ResponseTime=21.20751 Throughput=65.81250 goodput=54.27500 badput=11.53750 completed=9767 timedout=1846 dropped=0 Util=0.98194
### END_ENTRY users=1620 run=2 ###

### ENTRY users=1630 run=2 seed=2 ###
ResponseTime=21.37965 Throughput=65.43125 goodput=53.54375 badput=11.88750 completed=9675 timedout=1902 dropped=0 Util=0.98196
### END_ENTRY users=1630 run=2 ###

### ENTRY users=1640 run=2 seed=2 ###
ResponseTime=21.78983 Throughput=64.70000 goodput=51.25625 badput=13.44375 completed=9278 timedout=2151 dropped=0 Util=0.98192
### END_ENTRY users=1640 run=2 ###

### ENTRY users=1650 run=2 seed=2 ###
ResponseTime=21.93219 Throughput=64.62500 goodput=50.48125 badput=14.14375 completed=9174 timedout=2263 dropped=0 Util=0.98194
### END_ENTRY users=1650 run=2 ###

### ENTRY users=1660 run=2 seed=2 ###
ResponseTime=22.18603 Throughput=64.66875 goodput=49.33750 badput=15.33125 completed=8976 timedout=2453 dropped=0 Util=0.98194
### END_ENTRY users=1660 run=2 ###

### ENTRY users=1670 run=2 seed=2 ###
ResponseTime=22.34116 Throughput=64.71875 goodput=48.50625 badput=16.21250 completed=8830 timedout=2594 dropped=0 Util=0.98193
### END_ENTRY users=1670 run=2 ###

### ENTRY users=1680 run=2 seed=2 ###
ResponseTime=22.33288 Throughput=65.39375 goodput=49.11875 badput=16.27500 completed=8934 timedout=2604 dropped=0 Util=0.98193
### END_ENTRY users=1680 run=2 ###

### ENTRY users=1690 run=2 seed=2 ###
ResponseTime=22.45337 Throughput=65.25625 goodput=48.80000 badput=16.45625 completed=8902 timedout=2633 dropped=0 Util=0.98194
### END_ENTRY users=1690 run=2 ###

### ENTRY users=1700 run=2 seed=2 ###
ResponseTime=22.35740 Throughput=65.57500 goodput=49.31250 badput=16.26250 completed=8988 timedout=2602 dropped=0 Util=0.98193
### END_ENTRY users=1700 run=2 ###

### ENTRY users=1710 run=2 seed=2 ###
ResponseTime=22.31465 Throughput=66.11250 goodput=49.99375 badput=16.11875 completed=9099 timedout=2579 dropped=0 Util=0.98195
### END_ENTRY users=1710 run=2 ###

### ENTRY users=1720 run=2 seed=2 ###
ResponseTime=22.40707 Throughput=66.70625 goodput=49.85625 badput=16.85000 completed=9071 timedout=2696 dropped=0 Util=0.98198
### END_ENTRY users=1720 run=2 ###

### ENTRY users=1730 run=2 seed=2 ###
ResponseTime=23.01249 Throughput=65.00625 goodput=45.54375 badput=19.46250 completed=8368 timedout=3114 dropped=0 Util=0.98192
### END_ENTRY users=1730 run=2 ###

### ENTRY users=1740 run=2 seed=2 ###
ResponseTime=23.38543 Throughput=64.85000 goodput=42.85625 badput=21.99375 completed=7924 timedout=3519 dropped=0 Util=0.98193
### END_ENTRY users=1740 run=2 ###

### ENTRY users=1750 run=2 seed=2 ###
ResponseTime=22.91967 Throughput=66.30000 goodput=46.51875 badput=19.78125 completed=8549 timedout=3165 dropped=0 Util=0.98199
### END_ENTRY users=1750 run=2 ###

### ENTRY users=1760 run=2 seed=2 ###
ResponseTime=23.60930 Throughput=64.78750 goodput=41.35625 badput=23.43125 completed=7687 timedout=3749 dropped=0 Util=0.98194
### END_ENTRY users=1760 run=2 ###

### ENTRY users=1770 run=2 seed=2 ###
ResponseTime=23.45663 Throughput=65.64375 goodput=43.24375 badput=22.40000 completed=8023 timedout=3584 dropped=0 Util=0.98195
### END_ENTRY users=1770 run=2 ###

### ENTRY users=1780 run=2 seed=2 ###
ResponseTime=23.75151 Throughput=65.36875 goodput=41.33125 badput=24.03750 completed=7673 timedout=3846 dropped=0 Util=0.98196
### END_ENTRY users=1780 run=2 ###

### ENTRY users=1790 run=2 seed=2 ###
ResponseTime=23.60821 Throughput=65.68125 goodput=42.82500 badput=22.85625 completed=8017 timedout=3657 dropped=0 Util=0.98192
### END_ENTRY users=1790 run=2 ###

### ENTRY users=1800 run=2 seed=2 ###
ResponseTime=24.19944 Throughput=64.71250 goodput=38.14375 badput=26.56875 completed=7163 timedout=4251 dropped=0 Util=0.98194
### END_ENTRY users=1800 run=2 ###

### ENTRY users=1810 run=2 seed=2 ###
ResponseTime=24.09396 Throughput=65.39375 goodput=39.30000 badput=26.09375 completed=7388 timedout=4175 dropped=0 Util=0.98194
### END_ENTRY users=1810 run=2 ###

### ENTRY users=1820 run=2 seed=2 ###
ResponseTime=24.03102 Throughput=65.90000 goodput=40.14375 badput=25.75625 completed=7492 timedout=4121 dropped=0 Util=0.98196
### END_ENTRY users=1820 run=2 ###

### ENTRY users=1830 run=2 seed=2 ###
ResponseTime=24.43855 Throughput=65.22500 goodput=37.25625 badput=27.96875 completed=7020 timedout=4475 dropped=0 Util=0.98193
### END_ENTRY users=1830 run=2 ###

### ENTRY users=1840 run=2 seed=2 ###
ResponseTime=24.66654 Throughput=65.18750 goodput=36.00000 badput=29.18750 completed=6815 timedout=4670 dropped=0 Util=0.98195
### END_ENTRY users=1840 run=2 ###

### ENTRY users=1850 run=2 seed=2 ###
ResponseTime=24.48433 Throughput=66.00000 goodput=37.51875 badput=28.48125 completed=7037 timedout=4557 dropped=0 Util=0.98195
### END_ENTRY users=1850 run=2 ###

### ENTRY users=1860 run=2 seed=2 ###
ResponseTime=25.08489 Throughput=64.58750 goodput=32.94375 badput=31.64375 completed=6359 timedout=5063 dropped=0 Util=0.98192
### END_ENTRY users=1860 run=2 ###

### ENTRY users=1870 run=2 seed=2 ###
ResponseTime=24.87407 Throughput=65.65625 goodput=34.91875 badput=30.73750 completed=6607 timedout=4918 dropped=0 Util=0.98194
### END_ENTRY users=1870 run=2 ###

### ENTRY users=1880 run=2 seed=2 ###
ResponseTime=25.04567 Throughput=65.58125 goodput=33.53125 badput=32.05000 completed=6426 timedout=5128 dropped=0 Util=0.98194
### END_ENTRY users=1880 run=2 ###

### ENTRY users=1890 run=2 seed=2 ###
ResponseTime=25.02694 Throughput=65.88125 goodput=34.27500 badput=31.60625 completed=6559 timedout=5057 dropped=0 Util=0.98195
### END_ENTRY users=1890 run=2 ###

### ENTRY users=1900 run=2 seed=2 ###
ResponseTime=25.20070 Throughput=65.78750 goodput=33.43750 badput=32.35000 completed=6470 timedout=5176 dropped=0 Util=0.98193
### END_ENTRY users=1900 run=2 ###

### ENTRY users=1910 run=2 seed=2 ###
ResponseTime=25.91208 Throughput=64.50625 goodput=28.26250 badput=36.24375 completed=5590 timedout=5799 dropped=0 Util=0.98194
### END_ENTRY users=1910 run=2 ###

### ENTRY users=1920 run=2 seed=2 ###
ResponseTime=25.73968 Throughput=65.38750 goodput=29.71250 badput=35.67500 completed=5806 timedout=5708 dropped=0 Util=0.98192
### END_ENTRY users=1920 run=2 ###

### ENTRY users=1930 run=2 seed=2 ###
ResponseTime=25.81196 Throughput=65.29375 goodput=29.19375 badput=36.10000 completed=5729 timedout=5776 dropped=0 Util=0.98193
### END_ENTRY users=1930 run=2 ###

### ENTRY users=1940 run=2 seed=2 ###
ResponseTime=26.11446 Throughput=65.00625 goodput=27.40625 badput=37.60000 completed=5417 timedout=6016 dropped=0 Util=0.98195
### END_ENTRY users=1940 run=2 ###

### ENTRY users=1950 run=2 seed=2 ###
ResponseTime=25.90727 Throughput=65.88750 goodput=28.93125 badput=36.95625 completed=5731 timedout=5913 dropped=0 Util=0.98194
### END_ENTRY users=1950 run=2 ###

### ENTRY users=1960 run=2 seed=2 ###
ResponseTime=26.08209 Throughput=65.68125 goodput=27.71875 badput=37.96250 completed=5519 timedout=6074 dropped=0 Util=0.98197
### END_ENTRY users=1960 run=2 ###

### ENTRY users=1970 run=2 seed=2 ###
ResponseTime=26.23365 Throughput=65.61250 goodput=27.18750 badput=38.42500 completed=5421 timedout=6148 dropped=0 Util=0.98195
### END_ENTRY users=1970 run=2 ###

### ENTRY users=1980 run=2 seed=2 ###
ResponseTime=26.63173 Throughput=65.31875 goodput=24.63125 badput=40.68750 completed=5030 timedout=6510 dropped=0 Util=0.98196
### END_ENTRY users=1980 run=2 ###

### ENTRY users=1990 run=2 seed=2 ###
ResponseTime=26.62674 Throughput=65.35625 goodput=25.08125 badput=40.27500 completed=5095 timedout=6444 dropped=0 Util=0.98195
### END_ENTRY users=1990 run=2 ###

### ENTRY users=2000 run=2 seed=2 ###
ResponseTime=26.65779 Throughput=65.87500 goodput=24.46250 badput=41.41250 completed=4981 timedout=6626 dropped=0 Util=0.98195
### END_ENTRY users=2000 run=2 ###

### ENTRY users=2010 run=2 seed=2 ###
ResponseTime=26.89261 Throughput=65.56250 goodput=22.96250 badput=42.60000 completed=4752 timedout=6816 dropped=0 Util=0.98197
### END_ENTRY users=2010 run=2 ###

### ENTRY users=2020 run=2 seed=2 ###
ResponseTime=26.85835 Throughput=65.97500 goodput=23.43750 badput=42.53750 completed=4813 timedout=6806 dropped=0 Util=0.98196
### END_ENTRY users=2020 run=2 ###

### ENTRY users=2030 run=2 seed=2 ###
ResponseTime=27.47745 Throughput=64.80000 goodput=20.06250 badput=44.73750 completed=4286 timedout=7158 dropped=0 Util=0.98193
### END_ENTRY users=2030 run=2 ###

### ENTRY users=2040 run=2 seed=2 ###
ResponseTime=26.72387 Throughput=66.65000 goodput=24.73125 badput=41.91875 completed=5001 timedout=6707 dropped=0 Util=0.98195
### END_ENTRY users=2040 run=2 ###

### ENTRY users=2050 run=2 seed=2 ###
ResponseTime=27.19741 Throughput=66.23750 goodput=21.99375 badput=44.24375 completed=4559 timedout=7079 dropped=0 Util=0.98197
### END_ENTRY users=2050 run=2 ###

### ENTRY users=2060 run=2 seed=2 ###
ResponseTime=27.77426 Throughput=65.06875 goodput=18.61875 badput=46.45000 completed=4086 timedout=7432 dropped=0 Util=0.98192
### END_ENTRY users=2060 run=2 ###

### ENTRY users=2070 run=2 seed=2 ###
ResponseTime=28.26345 Throughput=64.51875 goodput=16.66250 badput=47.85625 completed=3738 timedout=7657 dropped=0 Util=0.98193
### END_ENTRY users=2070 run=2 ###

### ENTRY users=2080 run=2 seed=2 ###
ResponseTime=28.13783 Throughput=65.10625 goodput=17.18125 badput=47.92500 completed=3773 timedout=7668 dropped=0 Util=0.98195
### END_ENTRY users=2080 run=2 ###

### ENTRY users=2090 run=2 seed=2 ###
ResponseTime=28.03361 Throughput=65.45000 goodput=17.59375 badput=47.85625 completed=3860 timedout=7657 dropped=0 Util=0.98194
### END_ENTRY users=2090 run=2 ###

### ENTRY users=2100 run=2 seed=2 ###
ResponseTime=28.31204 Throughput=65.20625 goodput=16.45000 badput=48.75625 completed=3691 timedout=7801 dropped=0 Util=0.98193
### END_ENTRY users=2100 run=2 ###

### ENTRY users=2110 run=2 seed=2 ###
ResponseTime=28.56718 Throughput=64.75625 goodput=14.77500 badput=49.98125 completed=3459 timedout=7997 dropped=0 Util=0.98192
### END_ENTRY users=2110 run=2 ###

### ENTRY users=2120 run=2 seed=2 ###
ResponseTime=28.06350 Throughput=66.35625 goodput=17.89375 badput=48.46250 completed=3921 timedout=7754 dropped=0 Util=0.98196
### END_ENTRY users=2120 run=2 ###

### ENTRY users=2130 run=2 seed=2 ###
ResponseTime=28.42379 Throughput=66.02500 goodput=16.06875 badput=49.95625 completed=3645 timedout=7993 dropped=0 Util=0.98198
### END_ENTRY users=2130 run=2 ###

### ENTRY users=2140 run=2 seed=2 ###
ResponseTime=28.51058 Throughput=65.65000 goodput=15.80625 badput=49.84375 completed=3613 timedout=7975 dropped=0 Util=0.98193
### END_ENTRY users=2140 run=2 ###

### ENTRY users=2150 run=2 seed=2 ###
ResponseTime=28.78578 Throughput=65.51250 goodput=14.01875 badput=51.49375 completed=3324 timedout=8239 dropped=0 Util=0.98198
### END_ENTRY users=2150 run=2 ###

### ENTRY users=2160 run=2 seed=2 ###
ResponseTime=28.98198 Throughput=65.56875 goodput=13.21250 badput=52.35625 completed=3152 timedout=8377 dropped=0 Util=0.98194
### END_ENTRY users=2160 run=2 ###

### ENTRY users=2170 run=2 seed=2 ###
ResponseTime=29.05036 Throughput=65.60000 goodput=13.20000 badput=52.40000 completed=3214 timedout=8384 dropped=0 Util=0.98196
### END_ENTRY users=2170 run=2 ###

### ENTRY users=2180 run=2 seed=2 ###
ResponseTime=28.98572 Throughput=66.03750 goodput=13.36250 badput=52.67500 completed=3178 timedout=8428 dropped=0 Util=0.98196
### END_ENTRY users=2180 run=2 ###

### ENTRY users=2190 run=2 seed=2 ###
ResponseTime=29.35451 Throughput=65.48125 goodput=11.59375 badput=53.88750 completed=2974 timedout=8622 dropped=0 Util=0.98194
### END_ENTRY users=2190 run=2 ###

### ENTRY users=2200 run=2 seed=2 ###
ResponseTime=29.73166 Throughput=65.10000 goodput=10.46250 badput=54.63750 completed=2722 timedout=8742 dropped=0 Util=0.98198
### END_ENTRY users=2200 run=2 ###

### ENTRY users=2210 run=2 seed=2 ###
ResponseTime=30.28813 Throughput=64.36875 goodput=8.81875 badput=55.55000 completed=2460 timedout=8888 dropped=0 Util=0.98193
### END_ENTRY users=2210 run=2 ###

### ENTRY users=2220 run=2 seed=2 ###
ResponseTime=29.89766 Throughput=65.12500 goodput=9.93125 badput=55.19375 completed=2622 timedout=8831 dropped=0 Util=0.98191
### END_ENTRY users=2220 run=2 ###

### ENTRY users=2230 run=2 seed=2 ###
ResponseTime=29.82055 Throughput=65.59375 goodput=10.05000 badput=55.54375 completed=2628 timedout=8887 dropped=0 Util=0.98194
### END_ENTRY users=2230 run=2 ###

### ENTRY users=2240 run=2 seed=2 ###
ResponseTime=29.95350 Throughput=65.63125 goodput=9.58750 badput=56.04375 completed=2619 timedout=8967 dropped=0 Util=0.98194
### END_ENTRY users=2240 run=2 ###

### ENTRY users=2250 run=2 seed=2 ###
ResponseTime=30.23459 Throughput=65.49375 goodput=8.58750 badput=56.90625 completed=2378 timedout=9105 dropped=0 Util=0.98194
### END_ENTRY users=2250 run=2 ###

### ENTRY users=2260 run=2 seed=2 ###
ResponseTime=30.20083 Throughput=65.73750 goodput=8.96250 badput=56.77500 completed=2524 timedout=9084 dropped=0 Util=0.98195
### END_ENTRY users=2260 run=2 ###

### ENTRY users=2270 run=2 seed=2 ###
ResponseTime=30.64862 Throughput=65.21250 goodput=7.50625 badput=57.70625 completed=2223 timedout=9233 dropped=0 Util=0.98195
### END_ENTRY users=2270 run=2 ###

### ENTRY users=2280 run=2 seed=2 ###
ResponseTime=30.71536 Throughput=65.36250 goodput=7.24375 badput=58.11875 completed=2200 timedout=9299 dropped=0 Util=0.98194
### END_ENTRY users=2280 run=2 ###

### ENTRY users=2290 run=2 seed=2 ###
ResponseTime=31.27053 Throughput=64.21250 goodput=5.88125 badput=58.33125 completed=2025 timedout=9333 dropped=0 Util=0.98194
### END_ENTRY users=2290 run=2 ###

### ENTRY users=2300 run=2 seed=2 ###
ResponseTime=31.13071 Throughput=65.06250 goodput=6.58125 badput=58.48125 completed=2099 timedout=9357 dropped=0 Util=0.98195
### END_ENTRY users=2300 run=2 ###

### ENTRY users=2310 run=2 seed=2 ###
ResponseTime=30.97636 Throughput=65.18125 goodput=6.71250 badput=58.46875 completed=2130 timedout=9355 dropped=0 Util=0.98195
### END_ENTRY users=2310 run=2 ###

### ENTRY users=2320 run=2 seed=2 ###
ResponseTime=31.46040 Throughput=64.88125 goodput=5.88125 badput=59.00000 completed=2040 timedout=9440 dropped=0 Util=0.98191
### END_ENTRY users=2320 run=2 ###

### ENTRY users=2330 run=2 seed=2 ###
ResponseTime=31.29899 Throughput=65.29375 goodput=6.12500 badput=59.16875 completed=2070 timedout=9467 dropped=0 Util=0.98193
### END_ENTRY users=2330 run=2 ###

### ENTRY users=2340 run=2 seed=2 ###
ResponseTime=31.26435 Throughput=65.65625 goodput=6.04375 badput=59.61250 completed=2021 timedout=9538 dropped=0 Util=0.98194
### END_ENTRY users=2340 run=2 ###

### ENTRY users=2350 run=2 seed=2 ###
ResponseTime=31.51067 Throughput=65.48750 goodput=5.52500 badput=59.96250 completed=1947 timedout=9594 dropped=0 Util=0.98193
### END_ENTRY users=2350 run=2 ###

### ENTRY users=2360 run=2 seed=2 ###
ResponseTime=31.30048 Throughput=66.33750 goodput=6.25000 badput=60.08750 completed=2068 timedout=9614 dropped=0 Util=0.98195
### END_ENTRY users=2360 run=2 ###

### ENTRY users=2370 run=2 seed=2 ###
ResponseTime=31.86408 Throughput=65.33750 goodput=5.31875 badput=60.01875 completed=1923 timedout=9603 dropped=0 Util=0.98192
### END_ENTRY users=2370 run=2 ###

### ENTRY users=2380 run=2 seed=2 ###
ResponseTime=32.12865 Throughput=65.23750 goodput=5.01875 badput=60.21875 completed=1846 timedout=9635 dropped=0 Util=0.98193
### END_ENTRY users=2380 run=2 ###

### ENTRY users=2390 run=2 seed=2 ###
ResponseTime=31.86871 Throughput=65.93125 goodput=5.55000 badput=60.38125 completed=1944 timedout=9661 dropped=0 Util=0.98195
### END_ENTRY users=2390 run=2 ###

### ENTRY users=2400 run=2 seed=2 ###
ResponseTime=32.50049 Throughput=64.94375 goodput=4.95625 badput=59.98750 completed=1897 timedout=9598 dropped=0 Util=0.98192
### END_ENTRY users=2400 run=2 ###

### ENTRY users=2410 run=2 seed=2 ###
ResponseTime=32.60359 Throughput=64.99375 goodput=4.96875 badput=60.02500 completed=1840 timedout=9604 dropped=0 Util=0.98195
### END_ENTRY users=2410 run=2 ###

### ENTRY users=2420 run=2 seed=2 ###
ResponseTime=32.30845 Throughput=65.99375 goodput=4.93750 badput=61.05625 completed=1843 timedout=9769 dropped=0 Util=0.98196
### END_ENTRY users=2420 run=2 ###

### ENTRY users=2430 run=2 seed=2 ###
ResponseTime=32.42853 Throughput=65.66250 goodput=4.89375 badput=60.76875 completed=1876 timedout=9723 dropped=0 Util=0.98195
### END_ENTRY users=2430 run=2 ###

### ENTRY users=2440 run=2 seed=2 ###
ResponseTime=32.62214 Throughput=65.43125 goodput=5.00000 badput=60.43125 completed=1876 timedout=9669 dropped=0 Util=0.98195
### END_ENTRY users=2440 run=2 ###

### ENTRY users=2450 run=2 seed=2 ###
ResponseTime=32.69295 Throughput=65.76875 goodput=5.01875 badput=60.75000 completed=1933 timedout=9720 dropped=0 Util=0.98199
### END_ENTRY users=2450 run=2 ###

### ENTRY users=2460 run=2 seed=2 ###
ResponseTime=33.09593 Throughput=65.16250 goodput=4.94375 badput=60.21875 completed=1914 timedout=9635 dropped=0 Util=0.98194
### END_ENTRY users=2460 run=2 ###

### ENTRY users=2470 run=2 seed=2 ###
ResponseTime=33.02033 Throughput=65.68750 goodput=4.92500 badput=60.76250 completed=1877 timedout=9722 dropped=0 Util=0.98194
### END_ENTRY users=2470 run=2 ###

### ENTRY users=2480 run=2 seed=2 ###
ResponseTime=33.28240 Throughput=65.36250 goodput=4.98125 badput=60.38125 completed=1925 timedout=9661 dropped=0 Util=0.98192
### END_ENTRY users=2480 run=2 ###

### ENTRY users=2490 run=2 seed=2 ###
ResponseTime=33.40333 Throughput=65.50000 goodput=5.29375 badput=60.20625 completed=1970 timedout=9633 dropped=0 Util=0.98197
### END_ENTRY users=2490 run=2 ###

### ENTRY users=2500 run=2 seed=2 ###
ResponseTime=33.95265 Throughput=64.71250 goodput=4.76875 badput=59.94375 completed=1844 timedout=9591 dropped=0 Util=0.98192
### END_ENTRY users=2500 run=2 ###

### ENTRY users=2510 run=2 seed=2 ###
ResponseTime=33.60781 Throughput=65.76250 goodput=5.14375 badput=60.61875 completed=1926 timedout=9699 dropped=0 Util=0.98196
### END_ENTRY users=2510 run=2 ###

### ENTRY users=2520 run=2 seed=2 ###
ResponseTime=33.99191 Throughput=65.01875 goodput=4.93125 badput=60.08750 completed=1890 timedout=9614 dropped=0 Util=0.98194
### END_ENTRY users=2520 run=2 ###

### ENTRY users=2530 run=2 seed=2 ###
ResponseTime=33.75542 Throughput=65.85000 goodput=5.07500 badput=60.77500 completed=1884 timedout=9724 dropped=0 Util=0.98196
### END_ENTRY users=2530 run=2 ###

### ENTRY users=2540 run=2 seed=2 ###
ResponseTime=34.20340 Throughput=65.21875 goodput=5.03750 badput=60.18125 completed=1912 timedout=9629 dropped=0 Util=0.98194
### END_ENTRY users=2540 run=2 ###

### ENTRY users=2550 run=2 seed=2 ###
ResponseTime=33.61273 Throughput=66.42500 goodput=5.26250 badput=61.16250 completed=1952 timedout=9786 dropped=0 Util=0.98196
### END_ENTRY users=2550 run=2 ###

### ENTRY users=2560 run=2 seed=2 ###
ResponseTime=34.12528 Throughput=65.98750 goodput=4.78125 badput=61.20625 completed=1825 timedout=9793 dropped=0 Util=0.98198
### END_ENTRY users=2560 run=2 ###

### ENTRY users=2570 run=2 seed=2 ###
ResponseTime=35.04520 Throughput=64.47500 goodput=4.95625 badput=59.51875 completed=1844 timedout=9523 dropped=0 Util=0.98191
### END_ENTRY users=2570 run=2 ###

### ENTRY users=2580 run=2 seed=2 ###
ResponseTime=35.30364 Throughput=64.30000 goodput=4.94375 badput=59.35625 completed=1909 timedout=9497 dropped=0 Util=0.98188
### END_ENTRY users=2580 run=2 ###

### ENTRY users=2590 run=2 seed=2 ###
ResponseTime=35.00634 Throughput=64.82500 goodput=5.06875 badput=59.75625 completed=1890 timedout=9561 dropped=0 Util=0.98192
### END_ENTRY users=2590 run=2 ###

### ENTRY users=2600 run=2 seed=2 ###
ResponseTime=34.81893 Throughput=65.32500 goodput=5.13125 badput=60.19375 completed=1901 timedout=9631 dropped=0 Util=0.98194
### END_ENTRY users=2600 run=2 ###

### ENTRY users=2610 run=2 seed=2 ###
ResponseTime=34.95972 Throughput=65.60000 goodput=5.10000 badput=60.50000 completed=1849 timedout=9680 dropped=0 Util=0.98193
### END_ENTRY users=2610 run=2 ###

### ENTRY users=2620 run=2 seed=2 ###
ResponseTime=35.26515 Throughput=65.11250 goodput=4.91875 badput=60.19375 completed=1900 timedout=9631 dropped=0 Util=0.98197
### END_ENTRY users=2620 run=2 ###

### ENTRY users=2630 run=2 seed=2 ###
ResponseTime=35.03897 Throughput=65.95625 goodput=5.07500 badput=60.88125 completed=1839 timedout=9741 dropped=0 Util=0.98196
### END_ENTRY users=2630 run=2 ###

### ENTRY users=2640 run=2 seed=2 ###
ResponseTime=35.37857 Throughput=65.89375 goodput=5.16875 badput=60.72500 completed=1884 timedout=9716 dropped=0 Util=0.98195
### END_ENTRY users=2640 run=2 ###

### ENTRY users=2650 run=2 seed=2 ###
ResponseTime=36.36465 Throughput=64.05000 goodput=4.77500 badput=59.27500 completed=1847 timedout=9484 dropped=0 Util=0.98189
### END_ENTRY users=2650 run=2 ###

### ENTRY users=2660 run=2 seed=2 ###
ResponseTime=35.64141 Throughput=65.48750 goodput=4.81250 badput=60.67500 completed=1829 timedout=9708 dropped=0 Util=0.98194
### END_ENTRY users=2660 run=2 ###

### ENTRY users=2670 run=2 seed=2 ###
ResponseTime=35.56473 Throughput=65.86875 goodput=5.09375 badput=60.77500 completed=1898 timedout=9724 dropped=0 Util=0.98200
### END_ENTRY users=2670 run=2 ###

### ENTRY users=2680 run=2 seed=2 ###
ResponseTime=35.85521 Throughput=65.51875 goodput=5.11250 badput=60.40625 completed=1944 timedout=9665 dropped=0 Util=0.98194
### END_ENTRY users=2680 run=2 ###

### ENTRY users=2690 run=2 seed=2 ###
ResponseTime=36.13156 Throughput=65.28125 goodput=5.16875 badput=60.11250 completed=1874 timedout=9618 dropped=0 Util=0.98191
### END_ENTRY users=2690 run=2 ###

### ENTRY users=2700 run=2 seed=2 ###
ResponseTime=35.92562 Throughput=65.72500 goodput=5.06250 badput=60.66250 completed=1914 timedout=9706 dropped=0 Util=0.98194
### END_ENTRY users=2700 run=2 ###

### ENTRY users=2710 run=2 seed=2 ###
ResponseTime=35.78284 Throughput=66.39375 goodput=5.11250 badput=61.28125 completed=1864 timedout=9805 dropped=0 Util=0.98196
### END_ENTRY users=2710 run=2 ###

### ENTRY users=2720 run=2 seed=2 ###
ResponseTime=36.56054 Throughput=65.19375 goodput=5.15625 badput=60.03750 completed=1928 timedout=9606 dropped=0 Util=0.98193
### END_ENTRY users=2720 run=2 ###

### ENTRY users=2730 run=2 seed=2 ###
ResponseTime=36.81807 Throughput=64.94375 goodput=5.01875 badput=59.92500 completed=1863 timedout=9588 dropped=0 Util=0.98195
### END_ENTRY users=2730 run=2 ###

### ENTRY users=2740 run=2 seed=2 ###
ResponseTime=36.68961 Throughput=65.66250 goodput=4.83125 badput=60.83125 completed=1804 timedout=9733 dropped=0 Util=0.98195
### END_ENTRY users=2740 run=2 ###

### ENTRY users=2750 run=2 seed=2 ###
ResponseTime=37.53071 Throughput=64.46875 goodput=4.86875 badput=59.60000 completed=1855 timedout=9536 dropped=0 Util=0.98191
### END_ENTRY users=2750 run=2 ###

### ENTRY users=2760 run=2 seed=2 ###
ResponseTime=36.73479 Throughput=65.96250 goodput=5.08125 badput=60.88125 completed=1880 timedout=9741 dropped=0 Util=0.98194
### END_ENTRY users=2760 run=2 ###

### ENTRY users=2770 run=2 seed=2 ###
ResponseTime=36.71257 Throughput=66.37500 goodput=5.03750 badput=61.33750 completed=1906 timedout=9814 dropped=0 Util=0.98197
### END_ENTRY users=2770 run=2 ###

### ENTRY users=2780 run=2 seed=2 ###
ResponseTime=36.50189 Throughput=66.54375 goodput=5.11875 badput=61.42500 completed=1936 timedout=9828 dropped=0 Util=0.98197
### END_ENTRY users=2780 run=2 ###

### ENTRY users=2790 run=2 seed=2 ###
ResponseTime=37.16050 Throughput=65.49375 goodput=4.83750 badput=60.65625 completed=1858 timedout=9705 dropped=0 Util=0.98194
### END_ENTRY users=2790 run=2 ###

### ENTRY users=2800 run=2 seed=2 ###
ResponseTime=37.22400 Throughput=65.99375 goodput=4.96875 badput=61.02500 completed=1862 timedout=9764 dropped=0 Util=0.98195
### END_ENTRY users=2800 run=2 ###

### ENTRY users=2810 run=2 seed=2 ###
ResponseTime=37.64311 Throughput=65.36875 goodput=5.06875 badput=60.30000 completed=1904 timedout=9648 dropped=0 Util=0.98194
### END_ENTRY users=2810 run=2 ###

### ENTRY users=2820 run=2 seed=2 ###
ResponseTime=37.90164 Throughput=65.11875 goodput=4.88750 badput=60.23125 completed=1825 timedout=9637 dropped=0 Util=0.98196
### END_ENTRY users=2820 run=2 ###

### ENTRY users=2830 run=2 seed=2 ###
ResponseTime=37.48948 Throughput=65.76250 goodput=5.21875 badput=60.54375 completed=1919 timedout=9687 dropped=0 Util=0.98196
### END_ENTRY users=2830 run=2 ###

### ENTRY users=2840 run=2 seed=2 ###
ResponseTime=38.01525 Throughput=65.32500 goodput=5.15000 badput=60.17500 completed=1885 timedout=9628 dropped=0 Util=0.98192
### END_ENTRY users=2840 run=2 ###

### ENTRY users=2850 run=2 seed=2 ###
ResponseTime=37.85717 Throughput=65.53125 goodput=4.96875 badput=60.56250 completed=1861 timedout=9690 dropped=0 Util=0.98195
### END_ENTRY users=2850 run=2 ###

### ENTRY users=2860 run=2 seed=2 ###
ResponseTime=38.56568 Throughput=64.60000 goodput=4.86250 badput=59.73750 completed=1861 timedout=9558 dropped=0 Util=0.98191
### END_ENTRY users=2860 run=2 ###

### ENTRY users=2870 run=2 seed=2 ###
ResponseTime=38.60181 Throughput=64.76875 goodput=4.83750 badput=59.93125 completed=1872 timedout=9589 dropped=0 Util=0.98195
### END_ENTRY users=2870 run=2 ###

### ENTRY users=2880 run=2 seed=2 ###
ResponseTime=38.15528 Throughput=65.61250 goodput=4.95000 badput=60.66250 completed=1893 timedout=9706 dropped=0 Util=0.98195
### END_ENTRY users=2880 run=2 ###

### ENTRY users=2890 run=2 seed=2 ###
ResponseTime=38.44076 Throughput=65.61250 goodput=4.73125 badput=60.88125 completed=1870 timedout=9741 dropped=0 Util=0.98194
### END_ENTRY users=2890 run=2 ###

### ENTRY users=2900 run=2 seed=2 ###
ResponseTime=38.92921 Throughput=65.18750 goodput=4.70625 badput=60.48125 completed=1837 timedout=9677 dropped=0 Util=0.98192
### END_ENTRY users=2900 run=2 ###

### ENTRY users=2910 run=2 seed=2 ###
ResponseTime=38.88960 Throughput=65.60000 goodput=4.84375 badput=60.75625 completed=1889 timedout=9721 dropped=0 Util=0.98193
### END_ENTRY users=2910 run=2 ###

### ENTRY users=2920 run=2 seed=2 ###
ResponseTime=38.95773 Throughput=65.50625 goodput=5.11875 badput=60.38750 completed=1917 timedout=9662 dropped=0 Util=0.98193
### END_ENTRY users=2920 run=2 ###

### ENTRY users=2930 run=2 seed=2 ###
ResponseTime=38.62162 Throughput=65.92500 goodput=5.05000 badput=60.87500 completed=1923 timedout=9740 dropped=0 Util=0.98196
### END_ENTRY users=2930 run=2 ###

### ENTRY users=2940 run=2 seed=2 ###
ResponseTime=39.65888 Throughput=64.57500 goodput=4.71250 badput=59.86250 completed=1851 timedout=9578 dropped=0 Util=0.98194
### END_ENTRY users=2940 run=2 ###

### ENTRY users=2950 run=2 seed=2 ###
ResponseTime=39.35297 Throughput=65.14375 goodput=4.78750 badput=60.35625 completed=1895 timedout=9657 dropped=0 Util=0.98194
### END_ENTRY users=2950 run=2 ###

### ENTRY users=2960 run=2 seed=2 ###
ResponseTime=39.18707 Throughput=65.99375 goodput=4.91875 badput=61.07500 completed=1884 timedout=9772 dropped=0 Util=0.98195
### END_ENTRY users=2960 run=2 ###

### ENTRY users=2970 run=2 seed=2 ###
ResponseTime=39.46742 Throughput=65.65000 goodput=4.61875 badput=61.03125 completed=1848 timedout=9765 dropped=0 Util=0.98196
### END_ENTRY users=2970 run=2 ###

### ENTRY users=2980 run=2 seed=2 ###
ResponseTime=40.43232 Throughput=63.92500 goodput=4.71250 badput=59.21250 completed=1869 timedout=9474 dropped=0 Util=0.98191
### END_ENTRY users=2980 run=2 ###

### ENTRY users=2990 run=2 seed=2 ###
ResponseTime=39.90327 Throughput=65.53750 goodput=5.07500 badput=60.46250 completed=1904 timedout=9674 dropped=0 Util=0.98196
### END_ENTRY users=2990 run=2 ###

### ENTRY users=3000 run=2 seed=2 ###
ResponseTime=39.41028 Throughput=66.28125 goodput=4.67500 badput=61.60625 completed=1850 timedout=9857 dropped=0 Util=0.98197
### END_ENTRY users=3000 run=2 ###

