=== RUN FILE confidence_interval/run_22.log (run index = 22) ===
### ENTRY users=10 run=22 seed=22 ###
ResponseTime=0.06195 Throughput=3.05000 goodput=3.05000 badput=0.00000 completed=537 timedout=0 dropped=0 Util=0.04639
### END_ENTRY users=10 run=22 ###

### ENTRY users=20 run=22 seed=22 ###
ResponseTime=0.06589 Throughput=6.12500 goodput=6.12500 badput=0.00000 completed=1077 timedout=0 dropped=0 Util=0.09704
### END_ENTRY users=20 run=22 ###

### ENTRY users=30 run=22 seed=22 ###
ResponseTime=0.06514 Throughput=9.20625 goodput=9.20625 badput=0.00000 completed=1621 timedout=0 dropped=0 Util=0.13882
### END_ENTRY users=30 run=22 ###

### ENTRY users=40 run=22 seed=22 ###
ResponseTime=0.06689 Throughput=12.23125 goodput=12.23125 badput=0.00000 completed=2154 timedout=0 dropped=0 Util=0.18001
### END_ENTRY users=40 run=22 ###

### ENTRY users=50 run=22 seed=22 ###
ResponseTime=0.07285 Throughput=15.30625 goodput=15.30625 badput=0.00000 completed=2691 timedout=0 dropped=0 Util=0.23090
### END_ENTRY users=50 run=22 ###

### ENTRY users=60 run=22 seed=22 ###
ResponseTime=0.07621 Throughput=18.31875 goodput=18.31875 badput=0.00000 completed=3220 timedout=0 dropped=0 Util=0.27021
### END_ENTRY users=60 run=22 ###

### ENTRY users=70 run=22 seed=22 ###
ResponseTime=0.08772 Throughput=21.30000 goodput=21.30000 badput=0.00000 completed=3746 timedout=0 dropped=0 Util=0.32539
### END_ENTRY users=70 run=22 ###

### ENTRY users=80 run=22 seed=22 ###
ResponseTime=0.08919 Throughput=24.27500 goodput=24.27500 badput=0.00000 completed=4266 timedout=0 dropped=0 Util=0.36214
### END_ENTRY users=80 run=22 ###

### ENTRY users=90 run=22 seed=22 ###
ResponseTime=0.09795 Throughput=27.31875 goodput=27.31875 badput=0.00000 completed=4801 timedout=0 dropped=0 Util=0.41367
### END_ENTRY users=90 run=22 ###

### ENTRY users=100 run=22 seed=22 ###
ResponseTime=0.10154 Throughput=30.34375 goodput=30.34375 badput=0.00000 completed=5328 timedout=0 dropped=0 Util=0.45885
### END_ENTRY users=100 run=22 ###

### ENTRY users=110 run=22 seed=22 ###
ResponseTime=0.10565 Throughput=33.26875 goodput=33.26875 badput=0.00000 completed=5846 timedout=0 dropped=0 Util=0.48659
### END_ENTRY users=110 run=22 ###

### ENTRY users=120 run=22 seed=22 ###
ResponseTime=0.12132 Throughput=36.05000 goodput=36.05000 badput=0.00000 completed=6343 timedout=0 dropped=0 Util=0.54015
### END_ENTRY users=120 run=22 ###

### ENTRY users=130 run=22 seed=22 ###
ResponseTime=0.12974 Throughput=39.05625 goodput=39.05625 badput=0.00000 completed=6861 timedout=0 dropped=0 Util=0.57762
### END_ENTRY users=130 run=22 ###

### ENTRY users=140 run=22 seed=22 ###
ResponseTime=0.15004 Throughput=41.73750 goodput=41.73750 badput=0.00000 completed=7340 timedout=0 dropped=0 Util=0.62075
### END_ENTRY users=140 run=22 ###

### ENTRY users=150 run=22 seed=22 ###
ResponseTime=0.16741 Throughput=44.61250 goodput=44.61250 badput=0.00000 completed=7837 timedout=0 dropped=0 Util=0.67458
### END_ENTRY users=150 run=22 ###

### ENTRY users=160 run=22 seed=22 ###
ResponseTime=0.20973 Throughput=46.90625 goodput=46.90625 badput=0.00000 completed=8253 timedout=0 dropped=0 Util=0.71417
### END_ENTRY users=160 run=22 ###

### ENTRY users=170 run=22 seed=22 ###
ResponseTime=0.20890 Throughput=49.81250 goodput=49.81250 badput=0.00000 completed=8764 timedout=0 dropped=0 Util=0.74424
### END_ENTRY users=170 run=22 ###

### ENTRY users=180 run=22 seed=22 ###
ResponseTime=0.25552 Throughput=52.06250 goodput=52.06250 badput=0.00000 completed=9150 timedout=0 dropped=0 Util=0.78734
### END_ENTRY users=180 run=22 ###

### ENTRY users=190 run=22 seed=22 ###
ResponseTime=0.28337 Throughput=54.62500 goodput=54.62500 badput=0.00000 completed=9618 timedout=0 dropped=0 Util=0.82474
### END_ENTRY users=190 run=22 ###

### ENTRY users=200 run=22 seed=22 ###
ResponseTime=0.33437 Throughput=56.66250 goodput=56.66250 badput=0.00000 completed=9978 timedout=0 dropped=0 Util=0.85427
### END_ENTRY users=200 run=22 ###

### ENTRY users=210 run=22 seed=22 ###
ResponseTime=0.37934 Throughput=58.58750 goodput=58.58750 badput=0.00000 completed=10325 timedout=0 dropped=0 Util=0.88522
### END_ENTRY users=210 run=22 ###

### ENTRY users=220 run=22 seed=22 ###
ResponseTime=0.48201 Throughput=59.74375 goodput=59.74375 badput=0.00000 completed=10525 timedout=0 dropped=0 Util=0.91655
### END_ENTRY users=220 run=22 ###

### ENTRY users=230 run=22 seed=22 ###
ResponseTime=0.52061 Throughput=61.73125 goodput=61.73125 badput=0.00000 completed=10889 timedout=0 dropped=0 Util=0.93046
### END_ENTRY users=230 run=22 ###

### ENTRY users=240 run=22 seed=22 ###
ResponseTime=0.62156 Throughput=62.86875 goodput=62.86875 badput=0.00000 completed=11092 timedout=0 dropped=0 Util=0.95336
### END_ENTRY users=240 run=22 ###

### ENTRY users=250 run=22 seed=22 ###
ResponseTime=0.73108 Throughput=63.60625 goodput=63.60625 badput=0.00000 completed=11234 timedout=0 dropped=0 Util=0.95902
### END_ENTRY users=250 run=22 ###

### ENTRY users=260 run=22 seed=22 ###
ResponseTime=0.82424 Throughput=64.68125 goodput=64.68125 badput=0.00000 completed=11366 timedout=0 dropped=0 Util=0.97091
### END_ENTRY users=260 run=22 ###

### ENTRY users=270 run=22 seed=22 ###
ResponseTime=1.00599 Throughput=64.30625 goodput=64.30625 badput=0.00000 completed=11356 timedout=0 dropped=0 Util=0.97439
### END_ENTRY users=270 run=22 ###

### ENTRY users=280 run=22 seed=22 ###
ResponseTime=1.08441 Throughput=65.30625 goodput=65.30625 badput=0.00000 completed=11527 timedout=0 dropped=0 Util=0.97952
### END_ENTRY users=280 run=22 ###

### ENTRY users=290 run=22 seed=22 ###
ResponseTime=1.23582 Throughput=65.35625 goodput=65.35625 badput=0.00000 completed=11532 timedout=0 dropped=0 Util=0.97995
### END_ENTRY users=290 run=22 ###

### ENTRY users=300 run=22 seed=22 ###
ResponseTime=1.37821 Throughput=65.66250 goodput=65.66250 badput=0.00000 completed=11563 timedout=0 dropped=0 Util=0.98158
### END_ENTRY users=300 run=22 ###

### ENTRY users=310 run=22 seed=22 ###
ResponseTime=1.56174 Throughput=65.06875 goodput=65.06875 badput=0.00000 completed=11473 timedout=0 dropped=0 Util=0.98182
### END_ENTRY users=310 run=22 ###

### ENTRY users=320 run=22 seed=22 ###
ResponseTime=1.69496 Throughput=65.30000 goodput=65.30000 badput=0.00000 completed=11540 timedout=0 dropped=0 Util=0.98170
### END_ENTRY users=320 run=22 ###

### ENTRY users=330 run=22 seed=22 ###
ResponseTime=1.85696 Throughput=65.23750 goodput=65.23750 badput=0.00000 completed=11539 timedout=0 dropped=0 Util=0.98198
### END_ENTRY users=330 run=22 ###

### ENTRY users=340 run=22 seed=22 ###
ResponseTime=2.01289 Throughput=65.19375 goodput=65.19375 badput=0.00000 completed=11546 timedout=0 dropped=0 Util=0.98199
### END_ENTRY users=340 run=22 ###

### ENTRY users=350 run=22 seed=22 ###
ResponseTime=2.17226 Throughput=65.20000 goodput=65.20000 badput=0.00000 completed=11524 timedout=0 dropped=0 Util=0.98197
### END_ENTRY users=350 run=22 ###

### ENTRY users=360 run=22 seed=22 ###
ResponseTime=2.24115 Throughput=65.93750 goodput=65.93750 badput=0.00000 completed=11736 timedout=0 dropped=0 Util=0.98198
### END_ENTRY users=360 run=22 ###

### ENTRY users=370 run=22 seed=22 ###
ResponseTime=2.49511 Throughput=65.03750 goodput=65.03750 badput=0.00000 completed=11476 timedout=0 dropped=0 Util=0.98195
### END_ENTRY users=370 run=22 ###

### ENTRY users=380 run=22 seed=22 ###
ResponseTime=2.59747 Throughput=65.56250 goodput=65.56250 badput=0.00000 completed=11596 timedout=0 dropped=0 Util=0.98198
### END_ENTRY users=380 run=22 ###

### ENTRY users=390 run=22 seed=22 ###
ResponseTime=2.76519 Throughput=65.37500 goodput=65.36250 badput=0.01250 completed=11600 timedout=2 dropped=0 Util=0.98196
### END_ENTRY users=390 run=22 ###

### ENTRY users=400 run=22 seed=22 ###
ResponseTime=2.94378 Throughput=65.05625 goodput=65.04375 badput=0.01250 completed=11543 timedout=2 dropped=0 Util=0.98197
### END_ENTRY users=400 run=22 ###

### ENTRY users=410 run=22 seed=22 ###
ResponseTime=3.06114 Throughput=65.37500 goodput=65.36875 badput=0.00625 completed=11578 timedout=1 dropped=0 Util=0.98199
### END_ENTRY users=410 run=22 ###

### ENTRY users=420 run=22 seed=22 ###
ResponseTime=3.29575 Throughput=64.75625 goodput=64.72500 badput=0.03125 completed=11421 timedout=5 dropped=0 Util=0.98196
### END_ENTRY users=420 run=22 ###

### ENTRY users=430 run=22 seed=22 ###
ResponseTime=3.38151 Throughput=65.16875 goodput=65.15625 badput=0.01250 completed=11545 timedout=2 dropped=0 Util=0.98199
### END_ENTRY users=430 run=22 ###

### ENTRY users=440 run=22 seed=22 ###
ResponseTime=3.54866 Throughput=65.34375 goodput=65.30000 badput=0.04375 completed=11516 timedout=7 dropped=0 Util=0.98197
### END_ENTRY users=440 run=22 ###

### ENTRY users=450 run=22 seed=22 ###
ResponseTime=3.69375 Throughput=65.34375 goodput=65.27500 badput=0.06875 completed=11523 timedout=11 dropped=0 Util=0.98199
### END_ENTRY users=450 run=22 ###

### ENTRY users=460 run=22 seed=22 ###
ResponseTime=3.90964 Throughput=64.60625 goodput=64.51875 badput=0.08750 completed=11420 timedout=14 dropped=0 Util=0.98196
### END_ENTRY users=460 run=22 ###

### ENTRY users=470 run=22 seed=22 ###
ResponseTime=4.02626 Throughput=64.98750 goodput=64.88750 badput=0.10000 completed=11531 timedout=16 dropped=0 Util=0.98194
### END_ENTRY users=470 run=22 ###

### ENTRY users=480 run=22 seed=22 ###
ResponseTime=4.19160 Throughput=64.93750 goodput=64.83125 badput=0.10625 completed=11481 timedout=17 dropped=0 Util=0.98196
### END_ENTRY users=480 run=22 ###

### ENTRY users=490 run=22 seed=22 ###
ResponseTime=4.34052 Throughput=64.92500 goodput=64.82500 badput=0.10000 completed=11483 timedout=16 dropped=0 Util=0.98193
### END_ENTRY users=490 run=22 ###

### ENTRY users=500 run=22 seed=22 ###
ResponseTime=4.30569 Throughput=66.39375 goodput=66.31875 badput=0.07500 completed=11729 timedout=12 dropped=0 Util=0.98196
### END_ENTRY users=500 run=22 ###

### ENTRY users=510 run=22 seed=22 ###
ResponseTime=4.62450 Throughput=65.02500 goodput=64.88125 badput=0.14375 completed=11515 timedout=23 dropped=0 Util=0.98193
### END_ENTRY users=510 run=22 ###

### ENTRY users=520 run=22 seed=22 ###
ResponseTime=4.82321 Throughput=64.85625 goodput=64.74375 badput=0.11250 completed=11457 timedout=18 dropped=0 Util=0.98194
### END_ENTRY users=520 run=22 ###

### ENTRY users=530 run=22 seed=22 ###
ResponseTime=4.82963 Throughput=65.75625 goodput=65.63125 badput=0.12500 completed=11637 timedout=20 dropped=0 Util=0.98195
### END_ENTRY users=530 run=22 ###

### ENTRY users=540 run=22 seed=22 ###
ResponseTime=4.85021 Throughput=66.85000 goodput=66.70625 badput=0.14375 completed=11747 timedout=23 dropped=0 Util=0.98198
### END_ENTRY users=540 run=22 ###

### ENTRY users=550 run=22 seed=22 ###
ResponseTime=5.25058 Throughput=65.07500 goodput=64.94375 badput=0.13125 completed=11519 timedout=21 dropped=0 Util=0.98196
### END_ENTRY users=550 run=22 ###

### ENTRY users=560 run=22 seed=22 ###
ResponseTime=5.46735 Throughput=64.58750 goodput=64.44375 badput=0.14375 completed=11445 timedout=23 dropped=0 Util=0.98195
### END_ENTRY users=560 run=22 ###

### ENTRY users=570 run=22 seed=22 ###
ResponseTime=5.66007 Throughput=64.40000 goodput=64.21875 badput=0.18125 completed=11379 timedout=29 dropped=0 Util=0.98193
### END_ENTRY users=570 run=22 ###

### ENTRY users=580 run=22 seed=22 ###
ResponseTime=5.75005 Throughput=64.58750 goodput=64.38750 badput=0.20000 completed=11421 timedout=32 dropped=0 Util=0.98192
### END_ENTRY users=580 run=22 ###

### ENTRY users=590 run=22 seed=22 ###
ResponseTime=5.97352 Throughput=64.39375 goodput=64.19375 badput=0.20000 completed=11358 timedout=32 dropped=0 Util=0.98194
### END_ENTRY users=590 run=22 ###

### ENTRY users=600 run=22 seed=22 ###
ResponseTime=5.92727 Throughput=65.58125 goodput=65.42500 badput=0.15625 completed=11627 timedout=25 dropped=0 Util=0.98197
### END_ENTRY users=600 run=22 ###

### ENTRY users=610 run=22 seed=22 ###
ResponseTime=6.09944 Throughput=65.36250 goodput=65.16875 badput=0.19375 completed=11553 timedout=31 dropped=0 Util=0.98197
### END_ENTRY users=610 run=22 ###

### ENTRY users=620 run=22 seed=22 ###
ResponseTime=6.37794 Throughput=64.83125 goodput=64.61875 badput=0.21250 completed=11456 timedout=34 dropped=0 Util=0.98192
### END_ENTRY users=620 run=22 ###

### ENTRY users=630 run=22 seed=22 ###
ResponseTime=6.41203 Throughput=65.40625 goodput=65.20625 badput=0.20000 completed=11561 timedout=32 dropped=0 Util=0.98197
### END_ENTRY users=630 run=22 ###

### ENTRY users=640 run=22 seed=22 ###
ResponseTime=6.67441 Throughput=64.61250 goodput=64.40625 badput=0.20625 completed=11417 timedout=33 dropped=0 Util=0.98193
### END_ENTRY users=640 run=22 ###

### ENTRY users=650 run=22 seed=22 ###
ResponseTime=6.64633 Throughput=66.23125 goodput=66.06875 badput=0.16250 completed=11696 timedout=26 dropped=0 Util=0.98195
### END_ENTRY users=650 run=22 ###

### ENTRY users=660 run=22 seed=22 ###
ResponseTime=6.90678 Throughput=65.21250 goodput=65.01250 badput=0.20000 completed=11532 timedout=32 dropped=0 Util=0.98194
### END_ENTRY users=660 run=22 ###

### ENTRY users=670 run=22 seed=22 ###
ResponseTime=6.99795 Throughput=65.55000 goodput=65.36875 badput=0.18125 completed=11605 timedout=29 dropped=0 Util=0.98196
### END_ENTRY users=670 run=22 ###

### ENTRY users=680 run=22 seed=22 ###
ResponseTime=7.21255 Throughput=65.21250 goodput=64.98125 badput=0.23125 completed=11551 timedout=37 dropped=0 Util=0.98195
### END_ENTRY users=680 run=22 ###

### ENTRY users=690 run=22 seed=22 ###
ResponseTime=7.44532 Throughput=64.71875 goodput=64.51250 badput=0.20625 completed=11473 timedout=33 dropped=0 Util=0.98194
### END_ENTRY users=690 run=22 ###

### ENTRY users=700 run=22 seed=22 ###
ResponseTime=7.63845 Throughput=64.57500 goodput=64.32500 badput=0.25000 completed=11394 timedout=40 dropped=0 Util=0.98194
### END_ENTRY users=700 run=22 ###

### ENTRY users=710 run=22 seed=22 ###
ResponseTime=7.68749 Throughput=65.15000 goodput=64.96250 badput=0.18750 completed=11545 timedout=30 dropped=0 Util=0.98193
### END_ENTRY users=710 run=22 ###

### ENTRY users=720 run=22 seed=22 ###
ResponseTime=7.71350 Throughput=66.01875 goodput=65.69375 badput=0.32500 completed=11646 timedout=52 dropped=0 Util=0.98196
### END_ENTRY users=720 run=22 ###

### ENTRY users=730 run=22 seed=22 ###
ResponseTime=7.99049 Throughput=65.27500 goodput=64.97500 badput=0.30000 completed=11513 timedout=48 dropped=0 Util=0.98196
### END_ENTRY users=730 run=22 ###

### ENTRY users=740 run=22 seed=22 ###
ResponseTime=8.26234 Throughput=64.53750 goodput=64.22500 badput=0.31250 completed=11401 timedout=50 dropped=0 Util=0.98194
### END_ENTRY users=740 run=22 ###

### ENTRY users=750 run=22 seed=22 ###
ResponseTime=8.32073 Throughput=65.00000 goodput=64.70000 badput=0.30000 completed=11495 timedout=48 dropped=0 Util=0.98193
### END_ENTRY users=750 run=22 ###

### ENTRY users=760 run=22 seed=22 ###
ResponseTime=8.49396 Throughput=64.73125 goodput=64.39375 badput=0.33750 completed=11450 timedout=54 dropped=0 Util=0.98194
### END_ENTRY users=760 run=22 ###

### ENTRY users=770 run=22 seed=22 ###
ResponseTime=8.51091 Throughput=65.75000 goodput=65.44375 badput=0.30625 completed=11603 timedout=49 dropped=0 Util=0.98195
### END_ENTRY users=770 run=22 ###

### ENTRY users=780 run=22 seed=22 ###
ResponseTime=8.62703 Throughput=65.70625 goodput=65.38125 badput=0.32500 completed=11606 timedout=52 dropped=0 Util=0.98195
### END_ENTRY users=780 run=22 ###

### ENTRY users=790 run=22 seed=22 ###
ResponseTime=8.86992 Throughput=65.26250 goodput=64.93125 badput=0.33125 completed=11525 timedout=53 dropped=0 Util=0.98195
### END_ENTRY users=790 run=22 ###

### ENTRY users=800 run=22 seed=22 ###
ResponseTime=9.05824 Throughput=65.01250 goodput=64.58750 badput=0.42500 completed=11483 timedout=68 dropped=0 Util=0.98193
### END_ENTRY users=800 run=22 ###

### ENTRY users=810 run=22 seed=22 ###
ResponseTime=9.26660 Throughput=64.76250 goodput=64.35000 badput=0.41250 completed=11446 timedout=66 dropped=0 Util=0.98194
### END_ENTRY users=810 run=22 ###

### ENTRY users=820 run=22 seed=22 ###
ResponseTime=9.49458 Throughput=64.44375 goodput=64.03125 badput=0.41250 completed=11389 timedout=66 dropped=0 Util=0.98192
### END_ENTRY users=820 run=22 ###

### ENTRY users=830 run=22 seed=22 ###
ResponseTime=9.61908 Throughput=64.86875 goodput=64.40625 badput=0.46250 completed=11408 timedout=74 dropped=0 Util=0.98194
### END_ENTRY users=830 run=22 ###

### ENTRY users=840 run=22 seed=22 ###
ResponseTime=9.71511 Throughput=64.83750 goodput=64.42500 badput=0.41250 completed=11478 timedout=66 dropped=0 Util=0.98193
### END_ENTRY users=840 run=22 ###

### ENTRY users=850 run=22 seed=22 ###
ResponseTime=9.99474 Throughput=64.38750 goodput=63.88750 badput=0.50000 completed=11363 timedout=80 dropped=0 Util=0.98191
### END_ENTRY users=850 run=22 ###

### ENTRY users=860 run=22 seed=22 ###
ResponseTime=9.88963 Throughput=65.60625 goodput=65.10000 badput=0.50625 completed=11544 timedout=81 dropped=0 Util=0.98196
### END_ENTRY users=860 run=22 ###

### ENTRY users=870 run=22 seed=22 ###
ResponseTime=10.06532 Throughput=65.52500 goodput=65.10000 badput=0.42500 completed=11554 timedout=68 dropped=0 Util=0.98198
### END_ENTRY users=870 run=22 ###

### ENTRY users=880 run=22 seed=22 ###
ResponseTime=10.23033 Throughput=65.35000 goodput=64.91250 badput=0.43750 completed=11517 timedout=70 dropped=0 Util=0.98196
### END_ENTRY users=880 run=22 ###

### ENTRY users=890 run=22 seed=22 ###
ResponseTime=10.39905 Throughput=65.38125 goodput=64.87500 badput=0.50625 completed=11527 timedout=81 dropped=0 Util=0.98196
### END_ENTRY users=890 run=22 ###

### ENTRY users=900 run=22 seed=22 ###
ResponseTime=10.58078 Throughput=65.17500 goodput=64.65625 badput=0.51875 completed=11484 timedout=83 dropped=0 Util=0.98195
### END_ENTRY users=900 run=22 ###

### ENTRY users=910 run=22 seed=22 ###
ResponseTime=10.70065 Throughput=65.39375 goodput=64.90625 badput=0.48750 completed=11516 timedout=78 dropped=0 Util=0.98194
### END_ENTRY users=910 run=22 ###

### ENTRY users=920 run=22 seed=22 ###
ResponseTime=10.92084 Throughput=65.00000 goodput=64.39375 badput=0.60625 completed=11408 timedout=97 dropped=0 Util=0.98195
### END_ENTRY users=920 run=22 ###

### ENTRY users=930 run=22 seed=22 ###
ResponseTime=11.06118 Throughput=65.06875 goodput=64.43125 badput=0.63750 completed=11441 timedout=102 dropped=0 Util=0.98196
### END_ENTRY users=930 run=22 ###

### ENTRY users=940 run=22 seed=22 ###
ResponseTime=11.17124 Throughput=65.25000 goodput=64.65625 badput=0.59375 completed=11461 timedout=95 dropped=0 Util=0.98195
### END_ENTRY users=940 run=22 ###

### ENTRY users=950 run=22 seed=22 ###
ResponseTime=11.26285 Throughput=65.75000 goodput=65.15000 badput=0.60000 completed=11540 timedout=96 dropped=0 Util=0.98194
### END_ENTRY users=950 run=22 ###

### ENTRY users=960 run=22 seed=22 ###
ResponseTime=11.59355 Throughput=64.60000 goodput=63.77500 badput=0.82500 completed=11335 timedout=132 dropped=0 Util=0.98195
### END_ENTRY users=960 run=22 ###

### ENTRY users=970 run=22 seed=22 ###
ResponseTime=11.79934 Throughput=64.75000 goodput=63.99375 badput=0.75625 completed=11361 timedout=121 dropped=0 Util=0.98192
### END_ENTRY users=970 run=22 ###

### ENTRY users=980 run=22 seed=22 ###
ResponseTime=11.80512 Throughput=64.95625 goodput=64.18750 badput=0.76875 completed=11381 timedout=123 dropped=0 Util=0.98196
### END_ENTRY users=980 run=22 ###

### ENTRY users=990 run=22 seed=22 ###
ResponseTime=12.14391 Throughput=64.31250 goodput=63.46875 badput=0.84375 completed=11307 timedout=135 dropped=0 Util=0.98190
### END_ENTRY users=990 run=22 ###

### ENTRY users=1000 run=22 seed=22 ###
ResponseTime=12.19866 Throughput=64.86250 goodput=64.03750 badput=0.82500 completed=11328 timedout=132 dropped=0 Util=0.98194
### END_ENTRY users=1000 run=22 ###

### ENTRY users=1010 run=22 seed=22 ###
ResponseTime=12.04222 Throughput=65.94375 goodput=65.17500 badput=0.76875 completed=11541 timedout=123 dropped=0 Util=0.98195
### END_ENTRY users=1010 run=22 ###

### ENTRY users=1020 run=22 seed=22 ###
ResponseTime=12.31262 Throughput=65.53125 goodput=64.68750 badput=0.84375 completed=11487 timedout=135 dropped=0 Util=0.98197
### END_ENTRY users=1020 run=22 ###

### ENTRY users=1030 run=22 seed=22 ###
ResponseTime=12.51619 Throughput=65.43750 goodput=64.61250 badput=0.82500 completed=11468 timedout=132 dropped=0 Util=0.98197
### END_ENTRY users=1030 run=22 ###

### ENTRY users=1040 run=22 seed=22 ###
ResponseTime=12.67062 Throughput=65.50625 goodput=64.56250 badput=0.94375 completed=11421 timedout=151 dropped=0 Util=0.98197
### END_ENTRY users=1040 run=22 ###

### ENTRY users=1050 run=22 seed=22 ###
ResponseTime=13.07807 Throughput=64.39375 goodput=63.25000 badput=1.14375 completed=11243 timedout=183 dropped=0 Util=0.98194
### END_ENTRY users=1050 run=22 ###

### ENTRY users=1060 run=22 seed=22 ###
ResponseTime=13.21399 Throughput=64.58750 goodput=63.54375 badput=1.04375 completed=11272 timedout=167 dropped=0 Util=0.98195
### END_ENTRY users=1060 run=22 ###

### ENTRY users=1070 run=22 seed=22 ###
ResponseTime=13.22390 Throughput=64.89375 goodput=63.68125 badput=1.21250 completed=11274 timedout=194 dropped=0 Util=0.98194
### END_ENTRY users=1070 run=22 ###

### ENTRY users=1080 run=22 seed=22 ###
ResponseTime=13.23209 Throughput=65.56875 goodput=64.42500 badput=1.14375 completed=11415 timedout=183 dropped=0 Util=0.98192
### END_ENTRY users=1080 run=22 ###

### ENTRY users=1090 run=22 seed=22 ###
ResponseTime=13.41560 Throughput=65.61875 goodput=64.43750 badput=1.18125 completed=11420 timedout=189 dropped=0 Util=0.98193
### END_ENTRY users=1090 run=22 ###

### ENTRY users=1100 run=22 seed=22 ###
ResponseTime=13.65398 Throughput=65.11875 goodput=63.80625 badput=1.31250 completed=11303 timedout=210 dropped=0 Util=0.98195
### END_ENTRY users=1100 run=22 ###

### ENTRY users=1110 run=22 seed=22 ###
ResponseTime=13.80686 Throughput=65.13125 goodput=63.78750 badput=1.34375 completed=11342 timedout=215 dropped=0 Util=0.98193
### END_ENTRY users=1110 run=22 ###

### ENTRY users=1120 run=22 seed=22 ###
ResponseTime=13.81203 Throughput=65.87500 goodput=64.62500 badput=1.25000 completed=11465 timedout=200 dropped=0 Util=0.98197
### END_ENTRY users=1120 run=22 ###

### ENTRY users=1130 run=22 seed=22 ###
ResponseTime=14.02150 Throughput=65.39375 goodput=63.95625 badput=1.43750 completed=11350 timedout=230 dropped=0 Util=0.98193
### END_ENTRY users=1130 run=22 ###

### ENTRY users=1140 run=22 seed=22 ###
ResponseTime=14.32859 Throughput=64.77500 goodput=63.22500 badput=1.55000 completed=11216 timedout=248 dropped=0 Util=0.98193
### END_ENTRY users=1140 run=22 ###

### ENTRY users=1150 run=22 seed=22 ###
ResponseTime=14.49624 Throughput=64.89375 goodput=63.15625 badput=1.73750 completed=11211 timedout=278 dropped=0 Util=0.98197
### END_ENTRY users=1150 run=22 ###

### ENTRY users=1160 run=22 seed=22 ###
ResponseTime=14.30410 Throughput=66.00000 goodput=64.36875 badput=1.63125 completed=11450 timedout=261 dropped=0 Util=0.98195
### END_ENTRY users=1160 run=22 ###

### ENTRY users=1170 run=22 seed=22 ###
ResponseTime=14.61870 Throughput=65.64375 goodput=63.91875 badput=1.72500 completed=11349 timedout=276 dropped=0 Util=0.98196
### END_ENTRY users=1170 run=22 ###

### ENTRY users=1180 run=22 seed=22 ###
ResponseTime=14.71306 Throughput=65.64375 goodput=63.95625 badput=1.68750 completed=11330 timedout=270 dropped=0 Util=0.98194
### END_ENTRY users=1180 run=22 ###

### ENTRY users=1190 run=22 seed=22 ###
ResponseTime=14.78082 Throughput=65.97500 goodput=64.30000 badput=1.67500 completed=11373 timedout=268 dropped=0 Util=0.98195
### END_ENTRY users=1190 run=22 ###

### ENTRY users=1200 run=22 seed=22 ###
ResponseTime=15.17886 Throughput=65.21875 goodput=63.15000 badput=2.06875 completed=11231 timedout=331 dropped=0 Util=0.98192
### END_ENTRY users=1200 run=22 ###

### ENTRY users=1210 run=22 seed=22 ###
ResponseTime=15.57626 Throughput=64.34375 goodput=62.01250 badput=2.33125 completed=11019 timedout=373 dropped=0 Util=0.98193
### END_ENTRY users=1210 run=22 ###

### ENTRY users=1220 run=22 seed=22 ###
ResponseTime=15.35093 Throughput=65.43125 goodput=63.26250 badput=2.16875 completed=11238 timedout=347 dropped=0 Util=0.98192
### END_ENTRY users=1220 run=22 ###

### ENTRY users=1230 run=22 seed=22 ###
ResponseTime=15.70117 Throughput=65.00625 goodput=62.66250 badput=2.34375 completed=11152 timedout=375 dropped=0 Util=0.98195
### END_ENTRY users=1230 run=22 ###

### ENTRY users=1240 run=22 seed=22 ###
ResponseTime=16.08759 Throughput=64.07500 goodput=61.52500 badput=2.55000 completed=10938 timedout=408 dropped=0 Util=0.98193
### END_ENTRY users=1240 run=22 ###

### ENTRY users=1250 run=22 seed=22 ###
ResponseTime=15.96254 Throughput=64.91250 goodput=62.21250 badput=2.70000 completed=11072 timedout=432 dropped=0 Util=0.98196
### END_ENTRY users=1250 run=22 ###

### ENTRY users=1260 run=22 seed=22 ###
ResponseTime=15.73570 Throughput=66.27500 goodput=63.97500 badput=2.30000 completed=11333 timedout=368 dropped=0 Util=0.98197
### END_ENTRY users=1260 run=22 ###

### ENTRY users=1270 run=22 seed=22 ###
ResponseTime=16.32287 Throughput=64.54375 goodput=61.82500 badput=2.71875 completed=11014 timedout=435 dropped=0 Util=0.98192
### END_ENTRY users=1270 run=22 ###

### ENTRY users=1280 run=22 seed=22 ###
ResponseTime=16.24775 Throughput=65.48750 goodput=62.73125 badput=2.75625 completed=11157 timedout=441 dropped=0 Util=0.98196
### END_ENTRY users=1280 run=22 ###

### ENTRY users=1290 run=22 seed=22 ###
ResponseTime=16.67543 Throughput=64.44375 goodput=61.26250 badput=3.18125 completed=10918 timedout=509 dropped=0 Util=0.98189
### END_ENTRY users=1290 run=22 ###

### ENTRY users=1300 run=22 seed=22 ###
ResponseTime=16.85316 Throughput=64.43125 goodput=61.30000 badput=3.13125 completed=10882 timedout=501 dropped=0 Util=0.98194
### END_ENTRY users=1300 run=22 ###

### ENTRY users=1310 run=22 seed=22 ###
ResponseTime=16.78159 Throughput=65.43125 goodput=62.31875 badput=3.11250 completed=11083 timedout=498 dropped=0 Util=0.98197
### END_ENTRY users=1310 run=22 ###

### ENTRY users=1320 run=22 seed=22 ###
ResponseTime=16.72814 Throughput=66.01250 goodput=62.84375 badput=3.16875 completed=11151 timedout=507 dropped=0 Util=0.98195
### END_ENTRY users=1320 run=22 ###

### ENTRY users=1330 run=22 seed=22 ###
ResponseTime=17.12814 Throughput=65.11875 goodput=61.69375 badput=3.42500 completed=10956 timedout=548 dropped=0 Util=0.98195
### END_ENTRY users=1330 run=22 ###

### ENTRY users=1340 run=22 seed=22 ###
ResponseTime=17.26261 Throughput=64.91875 goodput=61.31875 badput=3.60000 completed=10915 timedout=576 dropped=0 Util=0.98197
### END_ENTRY users=1340 run=22 ###

### ENTRY users=1350 run=22 seed=22 ###
ResponseTime=17.24727 Throughput=65.83125 goodput=62.21875 badput=3.61250 completed=11058 timedout=578 dropped=0 Util=0.98195
### END_ENTRY users=1350 run=22 ###

### ENTRY users=1360 run=22 seed=22 ###
ResponseTime=17.76964 Throughput=64.33125 goodput=60.11875 badput=4.21250 completed=10713 timedout=674 dropped=0 Util=0.98193
### END_ENTRY users=1360 run=22 ###

### ENTRY users=1370 run=22 seed=22 ###
ResponseTime=17.73913 Throughput=65.23125 goodput=61.08750 badput=4.14375 completed=10868 timedout=663 dropped=0 Util=0.98194
### END_ENTRY users=1370 run=22 ###

### ENTRY users=1380 run=22 seed=22 ###
ResponseTime=18.10716 Throughput=64.56875 goodput=59.87500 badput=4.69375 completed=10653 timedout=751 dropped=0 Util=0.98195
### END_ENTRY users=1380 run=22 ###

### ENTRY users=1390 run=22 seed=22 ###
ResponseTime=17.76172 Throughput=66.06875 goodput=61.95000 badput=4.11875 completed=10984 timedout=659 dropped=0 Util=0.98197
### END_ENTRY users=1390 run=22 ###

### ENTRY users=1400 run=22 seed=22 ###
ResponseTime=18.27193 Throughput=64.91875 goodput=60.00000 badput=4.91875 completed=10695 timedout=787 dropped=0 Util=0.98197
### END_ENTRY users=1400 run=22 ###

### ENTRY users=1410 run=22 seed=22 ###
ResponseTime=18.11727 Throughput=65.85000 goodput=61.16250 badput=4.68750 completed=10892 timedout=750 dropped=0 Util=0.98195
### END_ENTRY users=1410 run=22 ###

### ENTRY users=1420 run=22 seed=22 ###
ResponseTime=18.47726 Throughput=65.21250 goodput=60.03750 badput=5.17500 completed=10691 timedout=828 dropped=0 Util=0.98194
### END_ENTRY users=1420 run=22 ###

### ENTRY users=1430 run=22 seed=22 ###
ResponseTime=18.71446 Throughput=64.75000 goodput=59.17500 badput=5.57500 completed=10602 timedout=892 dropped=0 Util=0.98193
### END_ENTRY users=1430 run=22 ###

### ENTRY users=1440 run=22 seed=22 ###
ResponseTime=18.54908 Throughput=65.93125 goodput=60.76250 badput=5.16875 completed=10793 timedout=827 dropped=0 Util=0.98195
### END_ENTRY users=1440 run=22 ###

### ENTRY users=1450 run=22 seed=22 ###
ResponseTime=18.95743 Throughput=64.86875 goodput=58.80625 badput=6.06250 completed=10493 timedout=970 dropped=0 Util=0.98194
### END_ENTRY users=1450 run=22 ###

### ENTRY users=1460 run=22 seed=22 ###
ResponseTime=19.10090 Throughput=64.93125 goodput=58.66875 badput=6.26250 completed=10508 timedout=1002 dropped=0 Util=0.98192
### END_ENTRY users=1460 run=22 ###

### ENTRY users=1470 run=22 seed=22 ###
ResponseTime=19.08812 Throughput=65.70625 goodput=59.51250 badput=6.19375 completed=10589 timedout=991 dropped=0 Util=0.98193
### END_ENTRY users=1470 run=22 ###

### ENTRY users=1480 run=22 seed=22 ###
ResponseTime=19.12262 Throughput=65.79375 goodput=59.59375 badput=6.20000 completed=10651 timedout=992 dropped=0 Util=0.98197
### END_ENTRY users=1480 run=22 ###

### ENTRY users=1490 run=22 seed=22 ###
ResponseTime=19.53479 Throughput=65.20000 goodput=58.25625 badput=6.94375 completed=10378 timedout=1111 dropped=0 Util=0.98195
### END_ENTRY users=1490 run=22 ###

### ENTRY users=1500 run=22 seed=22 ###
ResponseTime=19.78223 Throughput=64.77500 goodput=57.08750 badput=7.68750 completed=10228 timedout=1230 dropped=0 Util=0.98195
### END_ENTRY users=1500 run=22 ###

### ENTRY users=1510 run=22 seed=22 ###
ResponseTime=19.62696 Throughput=65.65000 goodput=58.26875 badput=7.38125 completed=10403 timedout=1181 dropped=0 Util=0.98196
### END_ENTRY users=1510 run=22 ###

### ENTRY users=1520 run=22 seed=22 ###
ResponseTime=20.28089 Throughput=64.01875 goodput=55.30000 badput=8.71875 completed=9948 timedout=1395 dropped=0 Util=0.98191
### END_ENTRY users=1520 run=22 ###

### ENTRY users=1530 run=22 seed=22 ###
ResponseTime=19.61110 Throughput=66.46875 goodput=59.16875 badput=7.30000 completed=10572 timedout=1168 dropped=0 Util=0.98201
### END_ENTRY users=1530 run=22 ###

### ENTRY users=1540 run=22 seed=22 ###
ResponseTime=20.27874 Throughput=65.18750 goodput=56.36250 badput=8.82500 completed=10084 timedout=1412 dropped=0 Util=0.98193
### END_ENTRY users=1540 run=22 ###

### ENTRY users=1550 run=22 seed=22 ###
ResponseTime=20.66100 Throughput=64.52500 goodput=55.16875 badput=9.35625 completed=9955 timedout=1497 dropped=0 Util=0.98192
### END_ENTRY users=1550 run=22 ###

### ENTRY users=1560 run=22 seed=22 ###
ResponseTime=20.56960 Throughput=64.95000 goodput=55.38750 badput=9.56250 completed=9981 timedout=1530 dropped=0 Util=0.98193
### END_ENTRY users=1560 run=22 ###

### ENTRY users=1570 run=22 seed=22 ###
ResponseTime=20.49460 Throughput=65.67500 goodput=56.36875 badput=9.30625 completed=10128 timedout=1489 dropped=0 Util=0.98194
### END_ENTRY users=1570 run=22 ###

### ENTRY users=1580 run=22 seed=22 ###
ResponseTime=20.86630 Throughput=64.95000 goodput=54.46250 badput=10.48750 completed=9843 timedout=1678 dropped=0 Util=0.98196
### END_ENTRY users=1580 run=22 ###

### ENTRY users=1590 run=22 seed=22 ###
ResponseTime=20.81567 Throughput=65.50625 goodput=55.30000 badput=10.20625 completed=9980 timedout=1633 dropped=0 Util=0.98194
### END_ENTRY users=1590 run=22 ###

### ENTRY users=1600 run=22 seed=22 ###
ResponseTime=21.00459 Throughput=65.26250 goodput=54.50000 badput=10.76250 completed=9857 timedout=1722 dropped=0 Util=0.98191
### END_ENTRY users=1600 run=22 ###

### ENTRY users=1610 run=22 seed=22 ###
ResponseTime=21.14031 Throughput=65.46875 goodput=54.10000 badput=11.36875 completed=9784 timedout=1819 dropped=0 Util=0.98194
### END_ENTRY users=1610 run=22 ###

### ENTRY users=1620 run=22 seed=22 ###
ResponseTime=21.46699 Throughput=65.11250 goodput=52.75625 badput=12.35625 completed=9565 timedout=1977 dropped=0 Util=0.98196
### END_ENTRY users=1620 run=22 ###

### ENTRY users=1630 run=22 seed=22 ###
ResponseTime=21.72261 Throughput=64.63125 goodput=51.35000 badput=13.28125 completed=9320 timedout=2125 dropped=0 Util=0.98192
### END_ENTRY users=1630 run=22 ###

### ENTRY users=1640 run=22 seed=22 ###
ResponseTime=21.71695 Throughput=64.77500 goodput=51.87500 badput=12.90000 completed=9433 timedout=2064 dropped=0 Util=0.98195
### END_ENTRY users=1640 run=22 ###

### ENTRY users=1650 run=22 seed=22 ###
ResponseTime=21.72477 Throughput=65.50000 goodput=52.17500 badput=13.32500 completed=9427 timedout=2132 dropped=0 Util=0.98195
### END_ENTRY users=1650 run=22 ###

### ENTRY users=1660 run=22 seed=22 ###
ResponseTime=21.66406 Throughput=65.83750 goodput=52.58125 badput=13.25625 completed=9508 timedout=2121 dropped=0 Util=0.98195
### END_ENTRY users=1660 run=22 ###

### ENTRY users=1670 run=22 seed=22 ###
ResponseTime=21.90809 Throughput=65.80000 goodput=51.76250 badput=14.03750 completed=9388 timedout=2246 dropped=0 Util=0.98196
### END_ENTRY users=1670 run=22 ###

### ENTRY users=1680 run=22 seed=22 ###
ResponseTime=22.35267 Throughput=64.78750 goodput=48.78750 badput=16.00000 completed=8881 timedout=2560 dropped=0 Util=0.98193
### END_ENTRY users=1680 run=22 ###

### ENTRY users=1690 run=22 seed=22 ###
ResponseTime=22.19321 Throughput=65.85000 goodput=50.63750 badput=15.21250 completed=9159 timedout=2434 dropped=0 Util=0.98196
### END_ENTRY users=1690 run=22 ###

### ENTRY users=1700 run=22 seed=22 ###
ResponseTime=22.47946 Throughput=65.41250 goodput=48.66875 badput=16.74375 completed=8910 timedout=2679 dropped=0 Util=0.98194
### END_ENTRY users=1700 run=22 ###

### ENTRY users=1710 run=22 seed=22 ###
ResponseTime=22.69765 Throughput=65.25000 goodput=47.30000 badput=17.95000 completed=8651 timedout=2872 dropped=0 Util=0.98194
### END_ENTRY users=1710 run=22 ###

### ENTRY users=1720 run=22 seed=22 ###
ResponseTime=23.06768 Throughput=64.60000 goodput=44.57500 badput=20.02500 completed=8256 timedout=3204 dropped=0 Util=0.98193
### END_ENTRY users=1720 run=22 ###

### ENTRY users=1730 run=22 seed=22 ###
ResponseTime=22.50632 Throughput=66.80625 goodput=49.41250 badput=17.39375 completed=8983 timedout=2783 dropped=0 Util=0.98197
### END_ENTRY users=1730 run=22 ###

### ENTRY users=1740 run=22 seed=22 ###
ResponseTime=22.86661 Throughput=65.93750 goodput=47.00625 badput=18.93125 completed=8605 timedout=3029 dropped=0 Util=0.98199
### END_ENTRY users=1740 run=22 ###

### ENTRY users=1750 run=22 seed=22 ###
ResponseTime=23.33193 Throughput=65.08125 goodput=43.98125 badput=21.10000 completed=8146 timedout=3376 dropped=0 Util=0.98195
### END_ENTRY users=1750 run=22 ###

### ENTRY users=1760 run=22 seed=22 ###
ResponseTime=23.37901 Throughput=65.04375 goodput=43.13125 badput=21.91250 completed=8011 timedout=3506 dropped=0 Util=0.98193
### END_ENTRY users=1760 run=22 ###

### ENTRY users=1770 run=22 seed=22 ###
ResponseTime=23.96578 Throughput=64.24375 goodput=39.53125 badput=24.71250 completed=7442 timedout=3954 dropped=0 Util=0.98191
### END_ENTRY users=1770 run=22 ###

### ENTRY users=1780 run=22 seed=22 ###
ResponseTime=23.45957 Throughput=65.55625 goodput=43.67500 badput=21.88125 completed=8098 timedout=3501 dropped=0 Util=0.98196
### END_ENTRY users=1780 run=22 ###

### ENTRY users=1790 run=22 seed=22 ###
ResponseTime=24.07126 Throughput=64.88750 goodput=39.76250 badput=25.12500 completed=7422 timedout=4020 dropped=0 Util=0.98193
### END_ENTRY users=1790 run=22 ###

### ENTRY users=1800 run=22 seed=22 ###
ResponseTime=23.83418 Throughput=65.58125 goodput=41.13750 badput=24.44375 completed=7665 timedout=3911 dropped=0 Util=0.98198
### END_ENTRY users=1800 run=22 ###

### ENTRY users=1810 run=22 seed=22 ###
ResponseTime=24.00600 Throughput=65.48750 goodput=39.98125 badput=25.50625 completed=7500 timedout=4081 dropped=0 Util=0.98195
### END_ENTRY users=1810 run=22 ###

### ENTRY users=1820 run=22 seed=22 ###
ResponseTime=24.17566 Throughput=65.68750 goodput=39.13125 badput=26.55625 completed=7357 timedout=4249 dropped=0 Util=0.98194
### END_ENTRY users=1820 run=22 ###

### ENTRY users=1830 run=22 seed=22 ###
ResponseTime=23.96060 Throughput=66.15625 goodput=41.31875 badput=24.83750 completed=7690 timedout=3974 dropped=0 Util=0.98196
### END_ENTRY users=1830 run=22 ###

### ENTRY users=1840 run=22 seed=22 ###
ResponseTime=24.36174 Throughput=65.54375 goodput=37.93750 badput=27.60625 completed=7143 timedout=4417 dropped=0 Util=0.98197
### END_ENTRY users=1840 run=22 ###

### ENTRY users=1850 run=22 seed=22 ###
ResponseTime=25.07191 Throughput=64.41250 goodput=32.94375 badput=31.46875 completed=6388 timedout=5035 dropped=0 Util=0.98195
### END_ENTRY users=1850 run=22 ###

### ENTRY users=1860 run=22 seed=22 ###
ResponseTime=25.30015 Throughput=64.06250 goodput=31.61875 badput=32.44375 completed=6147 timedout=5191 dropped=0 Util=0.98192
### END_ENTRY users=1860 run=22 ###

### ENTRY users=1870 run=22 seed=22 ###
ResponseTime=24.82284 Throughput=65.68750 goodput=34.98750 badput=30.70000 completed=6658 timedout=4912 dropped=0 Util=0.98194
### END_ENTRY users=1870 run=22 ###

### ENTRY users=1880 run=22 seed=22 ###
ResponseTime=25.01238 Throughput=65.58125 goodput=34.08125 badput=31.50000 completed=6559 timedout=5040 dropped=0 Util=0.98195
### END_ENTRY users=1880 run=22 ###

### ENTRY users=1890 run=22 seed=22 ###
ResponseTime=25.28812 Throughput=65.14375 goodput=32.34375 badput=32.80000 completed=6295 timedout=5248 dropped=0 Util=0.98192
### END_ENTRY users=1890 run=22 ###

### ENTRY users=1900 run=22 seed=22 ###
ResponseTime=25.83010 Throughput=64.29375 goodput=28.80000 badput=35.49375 completed=5671 timedout=5679 dropped=0 Util=0.98190
### END_ENTRY users=1900 run=22 ###

### ENTRY users=1910 run=22 seed=22 ###
ResponseTime=25.71200 Throughput=64.91250 goodput=29.54375 badput=35.36875 completed=5835 timedout=5659 dropped=0 Util=0.98193
### END_ENTRY users=1910 run=22 ###

### ENTRY users=1920 run=22 seed=22 ###
ResponseTime=25.76897 Throughput=65.33750 goodput=29.22500 badput=36.11250 completed=5700 timedout=5778 dropped=0 Util=0.98194
### END_ENTRY users=1920 run=22 ###

### ENTRY users=1930 run=22 seed=22 ###
ResponseTime=25.69421 Throughput=65.56875 goodput=29.65000 badput=35.91875 completed=5833 timedout=5747 dropped=0 Util=0.98194
### END_ENTRY users=1930 run=22 ###

### ENTRY users=1940 run=22 seed=22 ###
ResponseTime=25.74325 Throughput=65.78750 goodput=29.80625 badput=35.98125 completed=5873 timedout=5757 dropped=0 Util=0.98194
### END_ENTRY users=1940 run=22 ###

### ENTRY users=1950 run=22 seed=22 ###
ResponseTime=26.20077 Throughput=64.90625 goodput=26.91250 badput=37.99375 completed=5394 timedout=6079 dropped=0 Util=0.98194
### END_ENTRY users=1950 run=22 ###

### ENTRY users=1960 run=22 seed=22 ###
ResponseTime=25.99896 Throughput=65.71875 goodput=28.66875 badput=37.05000 completed=5647 timedout=5928 dropped=0 Util=0.98196
### END_ENTRY users=1960 run=22 ###

### ENTRY users=1970 run=22 seed=22 ###
ResponseTime=26.53972 Throughput=64.98125 goodput=25.31250 badput=39.66875 completed=5116 timedout=6347 dropped=0 Util=0.98195
### END_ENTRY users=1970 run=22 ###

### ENTRY users=1980 run=22 seed=22 ###
ResponseTime=26.40953 Throughput=65.30625 goodput=25.97500 badput=39.33125 completed=5236 timedout=6293 dropped=0 Util=0.98196
### END_ENTRY users=1980 run=22 ###

### ENTRY users=1990 run=22 seed=22 ###
ResponseTime=26.65887 Throughput=65.42500 goodput=24.95625 badput=40.46875 completed=5097 timedout=6475 dropped=0 Util=0.98195
### END_ENTRY users=1990 run=22 ###

### ENTRY users=2000 run=22 seed=22 ###
ResponseTime=26.84364 Throughput=65.07500 goodput=23.55625 badput=41.51875 completed=4891 timedout=6643 dropped=0 Util=0.98194
### END_ENTRY users=2000 run=22 ###

### ENTRY users=2010 run=22 seed=22 ###
ResponseTime=26.95485 Throughput=65.27500 goodput=22.84375 badput=42.43125 completed=4740 timedout=6789 dropped=0 Util=0.98193
### END_ENTRY users=2010 run=22 ###

### ENTRY users=2020 run=22 seed=22 ###
ResponseTime=27.21838 Throughput=64.85625 goodput=21.53750 badput=43.31875 completed=4546 timedout=6931 dropped=0 Util=0.98193
### END_ENTRY users=2020 run=22 ###

### ENTRY users=2030 run=22 seed=22 ###
ResponseTime=26.92614 Throughput=66.17500 goodput=23.89375 badput=42.28125 completed=4931 timedout=6765 dropped=0 Util=0.98198
### END_ENTRY users=2030 run=22 ###

### ENTRY users=2040 run=22 seed=22 ###
ResponseTime=27.23831 Throughput=65.23125 goodput=22.01250 badput=43.21875 completed=4628 timedout=6915 dropped=0 Util=0.98195
### END_ENTRY users=2040 run=22 ###

### ENTRY users=2050 run=22 seed=22 ###
ResponseTime=27.40905 Throughput=65.53750 goodput=20.96875 badput=44.56875 completed=4414 timedout=7131 dropped=0 Util=0.98197
### END_ENTRY users=2050 run=22 ###

### ENTRY users=2060 run=22 seed=22 ###
ResponseTime=27.58189 Throughput=65.17500 goodput=19.83750 badput=45.33750 completed=4272 timedout=7254 dropped=0 Util=0.98194
### END_ENTRY users=2060 run=22 ###

### ENTRY users=2070 run=22 seed=22 ###
ResponseTime=27.69777 Throughput=65.10000 goodput=19.07500 badput=46.02500 completed=4149 timedout=7364 dropped=0 Util=0.98196
### END_ENTRY users=2070 run=22 ###

### ENTRY users=2080 run=22 seed=22 ###
ResponseTime=27.89886 Throughput=65.34375 goodput=18.30000 badput=47.04375 completed=4035 timedout=7527 dropped=0 Util=0.98194
### END_ENTRY users=2080 run=22 ###

### ENTRY users=2090 run=22 seed=22 ###
ResponseTime=27.77034 Throughput=66.17500 goodput=19.17500 badput=47.00000 completed=4115 timedout=7520 dropped=0 Util=0.98196
### END_ENTRY users=2090 run=22 ###

### ENTRY users=2100 run=22 seed=22 ###
ResponseTime=27.83687 Throughput=65.77500 goodput=18.25625 badput=47.51875 completed=4017 timedout=7603 dropped=0 Util=0.98193
### END_ENTRY users=2100 run=22 ###

### ENTRY users=2110 run=22 seed=22 ###
ResponseTime=28.48111 Throughput=64.75000 goodput=15.07500 badput=49.67500 completed=3500 timedout=7948 dropped=0 Util=0.98192
### END_ENTRY users=2110 run=22 ###

### ENTRY users=2120 run=22 seed=22 ###
ResponseTime=28.34748 Throughput=65.51250 goodput=16.21250 badput=49.30000 completed=3669 timedout=7888 dropped=0 Util=0.98195
### END_ENTRY users=2120 run=22 ###

### ENTRY users=2130 run=22 seed=22 ###
ResponseTime=28.39280 Throughput=65.59375 goodput=16.28125 badput=49.31250 completed=3683 timedout=7890 dropped=0 Util=0.98195
### END_ENTRY users=2130 run=22 ###

### ENTRY users=2140 run=22 seed=22 ###
ResponseTime=28.66099 Throughput=65.28125 goodput=14.75625 badput=50.52500 completed=3423 timedout=8084 dropped=0 Util=0.98196
### END_ENTRY users=2140 run=22 ###

### ENTRY users=2150 run=22 seed=22 ###
ResponseTime=28.86568 Throughput=65.09375 goodput=13.71875 badput=51.37500 completed=3289 timedout=8220 dropped=0 Util=0.98194
### END_ENTRY users=2150 run=22 ###

### ENTRY users=2160 run=22 seed=22 ###
ResponseTime=29.03139 Throughput=65.00000 goodput=13.11250 badput=51.88750 completed=3152 timedout=8302 dropped=0 Util=0.98193
### END_ENTRY users=2160 run=22 ###

### ENTRY users=2170 run=22 seed=22 ###
ResponseTime=29.09178 Throughput=65.42500 goodput=13.03750 badput=52.38750 completed=3163 timedout=8382 dropped=0 Util=0.98194
### END_ENTRY users=2170 run=22 ###

### ENTRY users=2180 run=22 seed=22 ###
ResponseTime=29.77041 Throughput=64.11250 goodput=10.02500 badput=54.08750 completed=2658 timedout=8654 dropped=0 Util=0.98194
### END_ENTRY users=2180 run=22 ###

### ENTRY users=2190 run=22 seed=22 ###
ResponseTime=29.15847 Throughput=65.78125 goodput=12.53750 badput=53.24375 completed=3076 timedout=8519 dropped=0 Util=0.98197
### END_ENTRY users=2190 run=22 ###

### ENTRY users=2200 run=22 seed=22 ###
ResponseTime=29.15740 Throughput=66.11875 goodput=12.70625 badput=53.41250 completed=3133 timedout=8546 dropped=0 Util=0.98199
### END_ENTRY users=2200 run=22 ###

### ENTRY users=2210 run=22 seed=22 ###
ResponseTime=29.53848 Throughput=65.18750 goodput=10.93750 badput=54.25000 completed=2830 timedout=8680 dropped=0 Util=0.98193
### END_ENTRY users=2210 run=22 ###

### ENTRY users=2220 run=22 seed=22 ###
ResponseTime=29.37050 Throughput=66.10000 goodput=11.73750 badput=54.36250 completed=2965 timedout=8698 dropped=0 Util=0.98196
### END_ENTRY users=2220 run=22 ###

### ENTRY users=2230 run=22 seed=22 ###
ResponseTime=29.78386 Throughput=65.63125 goodput=10.37500 badput=55.25625 completed=2762 timedout=8841 dropped=0 Util=0.98193
### END_ENTRY users=2230 run=22 ###

### ENTRY users=2240 run=22 seed=22 ###
ResponseTime=30.33041 Throughput=64.98125 goodput=8.32500 badput=56.65625 completed=2415 timedout=9065 dropped=0 Util=0.98194
### END_ENTRY users=2240 run=22 ###

### ENTRY users=2250 run=22 seed=22 ###
ResponseTime=30.09735 Throughput=65.49375 goodput=9.21875 badput=56.27500 completed=2532 timedout=9004 dropped=0 Util=0.98195
### END_ENTRY users=2250 run=22 ###

### ENTRY users=2260 run=22 seed=22 ###
ResponseTime=30.46711 Throughput=64.98750 goodput=7.91250 badput=57.07500 completed=2350 timedout=9132 dropped=0 Util=0.98194
### END_ENTRY users=2260 run=22 ###

### ENTRY users=2270 run=22 seed=22 ###
ResponseTime=30.56589 Throughput=64.92500 goodput=7.68750 badput=57.23750 completed=2347 timedout=9158 dropped=0 Util=0.98193
### END_ENTRY users=2270 run=22 ###

### ENTRY users=2280 run=22 seed=22 ###
ResponseTime=30.72144 Throughput=64.75625 goodput=7.30000 badput=57.45625 completed=2253 timedout=9193 dropped=0 Util=0.98195
### END_ENTRY users=2280 run=22 ###

### ENTRY users=2290 run=22 seed=22 ###
ResponseTime=30.63414 Throughput=65.39375 goodput=7.85000 badput=57.54375 completed=2354 timedout=9207 dropped=0 Util=0.98195
### END_ENTRY users=2290 run=22 ###

### ENTRY users=2300 run=22 seed=22 ###
ResponseTime=30.83508 Throughput=65.31250 goodput=7.08750 badput=58.22500 completed=2252 timedout=9316 dropped=0 Util=0.98194
### END_ENTRY users=2300 run=22 ###

### ENTRY users=2310 run=22 seed=22 ###
ResponseTime=31.02109 Throughput=65.43125 goodput=6.48125 badput=58.95000 completed=2122 timedout=9432 dropped=0 Util=0.98193
### END_ENTRY users=2310 run=22 ###

### ENTRY users=2320 run=22 seed=22 ###
ResponseTime=30.60879 Throughput=66.41875 goodput=7.59375 badput=58.82500 completed=2287 timedout=9412 dropped=0 Util=0.98195
### END_ENTRY users=2320 run=22 ###

### ENTRY users=2330 run=22 seed=22 ###
ResponseTime=31.02470 Throughput=65.72500 goodput=6.36250 badput=59.36250 completed=2071 timedout=9498 dropped=0 Util=0.98197
### END_ENTRY users=2330 run=22 ###

### ENTRY users=2340 run=22 seed=22 ###
ResponseTime=31.33630 Throughput=65.33125 goodput=5.98750 badput=59.34375 completed=2052 timedout=9495 dropped=0 Util=0.98194
### END_ENTRY users=2340 run=22 ###

### ENTRY users=2350 run=22 seed=22 ###
ResponseTime=31.62073 Throughput=65.10000 goodput=5.48750 badput=59.61250 completed=1949 timedout=9538 dropped=0 Util=0.98195
### END_ENTRY users=2350 run=22 ###

### ENTRY users=2360 run=22 seed=22 ###
ResponseTime=31.70925 Throughput=65.10000 goodput=5.49375 badput=59.60625 completed=2036 timedout=9537 dropped=0 Util=0.98195
### END_ENTRY users=2360 run=22 ###

### ENTRY users=2370 run=22 seed=22 ###
ResponseTime=31.91240 Throughput=65.10000 goodput=5.26250 badput=59.83750 completed=1955 timedout=9574 dropped=0 Util=0.98195
### END_ENTRY users=2370 run=22 ###

### ENTRY users=2380 run=22 seed=22 ###
ResponseTime=31.97008 Throughput=65.45625 goodput=4.91875 badput=60.53750 completed=1840 timedout=9686 dropped=0 Util=0.98198
### END_ENTRY users=2380 run=22 ###

### ENTRY users=2390 run=22 seed=22 ###
ResponseTime=32.29115 Throughput=64.80625 goodput=5.03125 badput=59.77500 completed=1860 timedout=9564 dropped=0 Util=0.98191
### END_ENTRY users=2390 run=22 ###

### ENTRY users=2400 run=22 seed=22 ###
ResponseTime=32.13141 Throughput=65.39375 goodput=5.06875 badput=60.32500 completed=1921 timedout=9652 dropped=0 Util=0.98193
### END_ENTRY users=2400 run=22 ###

### ENTRY users=2410 run=22 seed=22 ###
ResponseTime=32.24041 Throughput=65.21875 goodput=5.04375 badput=60.17500 completed=1897 timedout=9628 dropped=0 Util=0.98194
### END_ENTRY users=2410 run=22 ###

### ENTRY users=2420 run=22 seed=22 ###
ResponseTime=32.55337 Throughput=65.12500 goodput=4.90625 badput=60.21875 completed=1848 timedout=9635 dropped=0 Util=0.98196
### END_ENTRY users=2420 run=22 ###

### ENTRY users=2430 run=22 seed=22 ###
ResponseTime=32.42126 Throughput=65.53750 goodput=4.78750 badput=60.75000 completed=1871 timedout=9720 dropped=0 Util=0.98194
### END_ENTRY users=2430 run=22 ###

### ENTRY users=2440 run=22 seed=22 ###
ResponseTime=32.70897 Throughput=65.63750 goodput=5.10625 badput=60.53125 completed=1931 timedout=9685 dropped=0 Util=0.98194
### END_ENTRY users=2440 run=22 ###

### ENTRY users=2450 run=22 seed=22 ###
ResponseTime=32.90978 Throughput=65.43125 goodput=4.93750 badput=60.49375 completed=1881 timedout=9679 dropped=0 Util=0.98197
### END_ENTRY users=2450 run=22 ###

### ENTRY users=2460 run=22 seed=22 ###
ResponseTime=33.57425 Throughput=64.23750 goodput=4.76250 badput=59.47500 completed=1840 timedout=9516 dropped=0 Util=0.98192
### END_ENTRY users=2460 run=22 ###

### ENTRY users=2470 run=22 seed=22 ###
ResponseTime=33.07521 Throughput=65.29375 goodput=4.84375 badput=60.45000 completed=1855 timedout=9672 dropped=0 Util=0.98193
### END_ENTRY users=2470 run=22 ###

### ENTRY users=2480 run=22 seed=22 ###
ResponseTime=33.00862 Throughput=65.70625 goodput=5.04375 badput=60.66250 completed=1875 timedout=9706 dropped=0 Util=0.98197
### END_ENTRY users=2480 run=22 ###

### ENTRY users=2490 run=22 seed=22 ###
ResponseTime=33.58568 Throughput=65.01875 goodput=5.10625 badput=59.91250 completed=1928 timedout=9586 dropped=0 Util=0.98191
### END_ENTRY users=2490 run=22 ###

### ENTRY users=2500 run=22 seed=22 ###
ResponseTime=32.91814 Throughput=66.55625 goodput=4.95000 badput=61.60625 completed=1930 timedout=9857 dropped=0 Util=0.98198
### END_ENTRY users=2500 run=22 ###

### ENTRY users=2510 run=22 seed=22 ###
ResponseTime=33.73029 Throughput=65.10000 goodput=4.94375 badput=60.15625 completed=1882 timedout=9625 dropped=0 Util=0.98196
### END_ENTRY users=2510 run=22 ###

### ENTRY users=2520 run=22 seed=22 ###
ResponseTime=33.63414 Throughput=65.77500 goodput=5.08750 badput=60.68750 completed=1918 timedout=9710 dropped=0 Util=0.98193
### END_ENTRY users=2520 run=22 ###

### ENTRY users=2530 run=22 seed=22 ###
ResponseTime=34.12137 Throughput=64.99375 goodput=4.81875 badput=60.17500 completed=1882 timedout=9628 dropped=0 Util=0.98195
### END_ENTRY users=2530 run=22 ###

### ENTRY users=2540 run=22 seed=22 ###
ResponseTime=33.37275 Throughput=66.58750 goodput=4.76250 badput=61.82500 completed=1853 timedout=9892 dropped=0 Util=0.98198
### END_ENTRY users=2540 run=22 ###

### ENTRY users=2550 run=22 seed=22 ###
ResponseTime=33.84000 Throughput=65.82500 goodput=5.13750 badput=60.68750 completed=1891 timedout=9710 dropped=0 Util=0.98198
### END_ENTRY users=2550 run=22 ###

### ENTRY users=2560 run=22 seed=22 ###
ResponseTime=34.74203 Throughput=64.53125 goodput=4.91875 badput=59.61250 completed=1846 timedout=9538 dropped=0 Util=0.98194
### END_ENTRY users=2560 run=22 ###

### ENTRY users=2570 run=22 seed=22 ###
ResponseTime=34.72787 Throughput=64.91250 goodput=4.73125 badput=60.18125 completed=1844 timedout=9629 dropped=0 Util=0.98193
### END_ENTRY users=2570 run=22 ###

### ENTRY users=2580 run=22 seed=22 ###
ResponseTime=35.22260 Throughput=64.45625 goodput=4.91875 badput=59.53750 completed=1827 timedout=9526 dropped=0 Util=0.98192
### END_ENTRY users=2580 run=22 ###

### ENTRY users=2590 run=22 seed=22 ###
ResponseTime=34.14512 Throughput=66.28125 goodput=4.95625 badput=61.32500 completed=1852 timedout=9812 dropped=0 Util=0.98197
### END_ENTRY users=2590 run=22 ###

### ENTRY users=2600 run=22 seed=22 ###
ResponseTime=35.07699 Throughput=65.00625 goodput=4.93125 badput=60.07500 completed=1884 timedout=9612 dropped=0 Util=0.98195
### END_ENTRY users=2600 run=22 ###

### ENTRY users=2610 run=22 seed=22 ###
ResponseTime=35.01738 Throughput=65.50625 goodput=4.80000 badput=60.70625 completed=1836 timedout=9713 dropped=0 Util=0.98196
### END_ENTRY users=2610 run=22 ###

### ENTRY users=2620 run=22 seed=22 ###
ResponseTime=35.28723 Throughput=65.18750 goodput=4.84375 badput=60.34375 completed=1853 timedout=9655 dropped=0 Util=0.98197
### END_ENTRY users=2620 run=22 ###

### ENTRY users=2630 run=22 seed=22 ###
ResponseTime=34.79043 Throughput=66.28750 goodput=5.33750 badput=60.95000 completed=1943 timedout=9752 dropped=0 Util=0.98194
### END_ENTRY users=2630 run=22 ###

### ENTRY users=2640 run=22 seed=22 ###
ResponseTime=35.09231 Throughput=65.89375 goodput=4.88125 badput=61.01250 completed=1871 timedout=9762 dropped=0 Util=0.98198
### END_ENTRY users=2640 run=22 ###

### ENTRY users=2650 run=22 seed=22 ###
ResponseTime=35.32602 Throughput=65.96250 goodput=5.07500 badput=60.88750 completed=1912 timedout=9742 dropped=0 Util=0.98196
### END_ENTRY users=2650 run=22 ###

### ENTRY users=2660 run=22 seed=22 ###
ResponseTime=35.65177 Throughput=65.28750 goodput=4.83750 badput=60.45000 completed=1874 timedout=9672 dropped=0 Util=0.98196
### END_ENTRY users=2660 run=22 ###

### ENTRY users=2670 run=22 seed=22 ###
ResponseTime=36.02559 Throughput=64.56250 goodput=4.90000 badput=59.66250 completed=1890 timedout=9546 dropped=0 Util=0.98196
### END_ENTRY users=2670 run=22 ###

### ENTRY users=2680 run=22 seed=22 ###
ResponseTime=35.59324 Throughput=65.95000 goodput=4.81875 badput=61.13125 completed=1857 timedout=9781 dropped=0 Util=0.98196
### END_ENTRY users=2680 run=22 ###

### ENTRY users=2690 run=22 seed=22 ###
ResponseTime=35.88623 Throughput=65.43750 goodput=5.15625 badput=60.28125 completed=1916 timedout=9645 dropped=0 Util=0.98197
### END_ENTRY users=2690 run=22 ###

### ENTRY users=2700 run=22 seed=22 ###
ResponseTime=36.49173 Throughput=64.65625 goodput=4.97500 badput=59.68125 completed=1882 timedout=9549 dropped=0 Util=0.98194
### END_ENTRY users=2700 run=22 ###

### ENTRY users=2710 run=22 seed=22 ###
ResponseTime=36.56687 Throughput=64.55625 goodput=4.95625 badput=59.60000 completed=1878 timedout=9536 dropped=0 Util=0.98194
### END_ENTRY users=2710 run=22 ###

### ENTRY users=2720 run=22 seed=22 ###
ResponseTime=36.22853 Throughput=65.75000 goodput=4.55625 badput=61.19375 completed=1822 timedout=9791 dropped=0 Util=0.98198
### END_ENTRY users=2720 run=22 ###

### ENTRY users=2730 run=22 seed=22 ###
ResponseTime=36.79721 Throughput=64.81875 goodput=4.61250 badput=60.20625 completed=1874 timedout=9633 dropped=0 Util=0.98194
### END_ENTRY users=2730 run=22 ###

### ENTRY users=2740 run=22 seed=22 ###
ResponseTime=37.12828 Throughput=64.61875 goodput=4.61875 badput=60.00000 completed=1871 timedout=9600 dropped=0 Util=0.98194
### END_ENTRY users=2740 run=22 ###

### ENTRY users=2750 run=22 seed=22 ###
ResponseTime=37.08816 Throughput=64.70000 goodput=4.60625 badput=60.09375 completed=1833 timedout=9615 dropped=0 Util=0.98194
### END_ENTRY users=2750 run=22 ###

### ENTRY users=2760 run=22 seed=22 ###
ResponseTime=37.30382 Throughput=64.80625 goodput=4.46250 badput=60.34375 completed=1796 timedout=9655 dropped=0 Util=0.98194
### END_ENTRY users=2760 run=22 ###

### ENTRY users=2770 run=22 seed=22 ###
ResponseTime=36.93419 Throughput=65.44375 goodput=4.86250 badput=60.58125 completed=1851 timedout=9693 dropped=0 Util=0.98196
### END_ENTRY users=2770 run=22 ###

### ENTRY users=2780 run=22 seed=22 ###
ResponseTime=36.99658 Throughput=65.63750 goodput=4.80625 badput=60.83125 completed=1909 timedout=9733 dropped=0 Util=0.98196
### END_ENTRY users=2780 run=22 ###

### ENTRY users=2790 run=22 seed=22 ###
ResponseTime=37.46775 Throughput=64.76875 goodput=4.53125 badput=60.23750 completed=1831 timedout=9638 dropped=0 Util=0.98193
### END_ENTRY users=2790 run=22 ###

### ENTRY users=2800 run=22 seed=22 ###
ResponseTime=37.56203 Throughput=65.01875 goodput=4.70000 badput=60.31875 completed=1811 timedout=9651 dropped=0 Util=0.98197
### END_ENTRY users=2800 run=22 ###

### ENTRY users=2810 run=22 seed=22 ###
ResponseTime=37.27674 Throughput=65.55625 goodput=4.90625 badput=60.65000 completed=1859 timedout=9704 dropped=0 Util=0.98196
### END_ENTRY users=2810 run=22 ###

### ENTRY users=2820 run=22 seed=22 ###
ResponseTime=37.19616 Throughput=66.14375 goodput=4.69375 badput=61.45000 completed=1860 timedout=9832 dropped=0 Util=0.98196
### END_ENTRY users=2820 run=22 ###

### ENTRY users=2830 run=22 seed=22 ###
ResponseTime=37.76972 Throughput=65.36875 goodput=4.88125 badput=60.48750 completed=1921 timedout=9678 dropped=0 Util=0.98194
### END_ENTRY users=2830 run=22 ###

### ENTRY users=2840 run=22 seed=22 ###
ResponseTime=38.96786 Throughput=63.77500 goodput=5.01875 badput=58.75625 completed=1895 timedout=9401 dropped=0 Util=0.98190
### END_ENTRY users=2840 run=22 ###

### ENTRY users=2850 run=22 seed=22 ###
ResponseTime=38.01742 Throughput=65.28750 goodput=4.86875 badput=60.41875 completed=1877 timedout=9667 dropped=0 Util=0.98193
### END_ENTRY users=2850 run=22 ###

### ENTRY users=2860 run=22 seed=22 ###
ResponseTime=38.56222 Throughput=64.56250 goodput=4.47500 badput=60.08750 completed=1817 timedout=9614 dropped=0 Util=0.98193
### END_ENTRY users=2860 run=22 ###

### ENTRY users=2870 run=22 seed=22 ###
ResponseTime=38.47636 Throughput=64.95625 goodput=4.36250 badput=60.59375 completed=1786 timedout=9695 dropped=0 Util=0.98193
### END_ENTRY users=2870 run=22 ###

### ENTRY users=2880 run=22 seed=22 ###
ResponseTime=38.19701 Throughput=65.97500 goodput=4.35000 badput=61.62500 completed=1793 timedout=9860 dropped=0 Util=0.98196
### END_ENTRY users=2880 run=22 ###

### ENTRY users=2890 run=22 seed=22 ###
ResponseTime=38.67234 Throughput=65.12500 goodput=4.80625 badput=60.31875 completed=1891 timedout=9651 dropped=0 Util=0.98194
### END_ENTRY users=2890 run=22 ###

### ENTRY users=2900 run=22 seed=22 ###
ResponseTime=38.88002 Throughput=64.97500 goodput=4.58750 badput=60.38750 completed=1840 timedout=9662 dropped=0 Util=0.98193
### END_ENTRY users=2900 run=22 ###

### ENTRY users=2910 run=22 seed=22 ###
ResponseTime=38.45068 Throughput=65.85625 goodput=4.87500 badput=60.98125 completed=1914 timedout=9757 dropped=0 Util=0.98194
### END_ENTRY users=2910 run=22 ###

### ENTRY users=2920 run=22 seed=22 ###
ResponseTime=39.32061 Throughput=65.10000 goodput=4.53125 badput=60.56875 completed=1828 timedout=9691 dropped=0 Util=0.98194
### END_ENTRY users=2920 run=22 ###

### ENTRY users=2930 run=22 seed=22 ###
ResponseTime=39.05688 Throughput=65.18750 goodput=4.50000 badput=60.68750 completed=1853 timedout=9710 dropped=0 Util=0.98194
### END_ENTRY users=2930 run=22 ###

### ENTRY users=2940 run=22 seed=22 ###
ResponseTime=39.73859 Throughput=64.42500 goodput=4.40625 badput=60.01875 completed=1813 timedout=9603 dropped=0 Util=0.98192
### END_ENTRY users=2940 run=22 ###

### ENTRY users=2950 run=22 seed=22 ###
ResponseTime=38.96740 Throughput=65.95000 goodput=4.60000 badput=61.35000 completed=1893 timedout=9816 dropped=0 Util=0.98195
### END_ENTRY users=2950 run=22 ###

### ENTRY users=2960 run=22 seed=22 ###
ResponseTime=39.61965 Throughput=64.96250 goodput=4.57500 badput=60.38750 completed=1855 timedout=9662 dropped=0 Util=0.98192
### END_ENTRY users=2960 run=22 ###

### ENTRY users=2970 run=22 seed=22 ###
ResponseTime=39.94375 Throughput=64.78125 goodput=4.38125 badput=60.40000 completed=1809 timedout=9664 dropped=0 Util=0.98190
### END_ENTRY users=2970 run=22 ###

### ENTRY users=2980 run=22 seed=22 ###
ResponseTime=40.05519 Throughput=64.88750 goodput=4.70625 badput=60.18125 completed=1834 timedout=9629 dropped=0 Util=0.98194
### END_ENTRY users=2980 run=22 ###

### ENTRY users=2990 run=22 seed=22 ###
ResponseTime=39.80848 Throughput=65.41250 goodput=4.49375 badput=60.91875 completed=1848 timedout=9747 dropped=0 Util=0.98197
### END_ENTRY users=2990 run=22 ###

### ENTRY users=3000 run=22 seed=22 ###
ResponseTime=40.40510 Throughput=64.75000 goodput=4.70000 badput=60.05000 completed=1876 timedout=9608 dropped=0 Util=0.98193
### END_ENTRY users=3000 run=22 ###

