=== RUN FILE confidence_interval/run_5.log (run index = 5) ===
### ENTRY users=10 run=5 seed=5 ###
ResponseTime=0.06301 Throughput=3.36875 goodput=3.36875 badput=0.00000 completed=539 timedout=0 dropped=0 Util=0.04746
### END_ENTRY users=10 run=5 ###

### ENTRY users=20 run=5 seed=5 ###
ResponseTime=0.06298 Throughput=6.71250 goodput=6.71250 badput=0.00000 completed=1074 timedout=0 dropped=0 Util=0.09427
### END_ENTRY users=20 run=5 ###

### ENTRY users=30 run=5 seed=5 ###
ResponseTime=0.06494 Throughput=10.08125 goodput=10.08125 badput=0.00000 completed=1613 timedout=0 dropped=0 Util=0.13672
### END_ENTRY users=30 run=5 ###

### ENTRY users=40 run=5 seed=5 ###
ResponseTime=0.07083 Throughput=13.43750 goodput=13.43750 badput=0.00000 completed=2150 timedout=0 dropped=0 Util=0.18840
### END_ENTRY users=40 run=5 ###

### ENTRY users=50 run=5 seed=5 ###
ResponseTime=0.07150 Throughput=16.76250 goodput=16.76250 badput=0.00000 completed=2682 timedout=0 dropped=0 Util=0.22748
### END_ENTRY users=50 run=5 ###

### ENTRY users=60 run=5 seed=5 ###
ResponseTime=0.08358 Throughput=20.10000 goodput=20.10000 badput=0.00000 completed=3216 timedout=0 dropped=0 Util=0.28715
### END_ENTRY users=60 run=5 ###

### ENTRY users=70 run=5 seed=5 ###
ResponseTime=0.08305 Throughput=23.45000 goodput=23.45000 badput=0.00000 completed=3752 timedout=0 dropped=0 Util=0.32750
### END_ENTRY users=70 run=5 ###

### ENTRY users=80 run=5 seed=5 ###
ResponseTime=0.09027 Throughput=26.75625 goodput=26.75625 badput=0.00000 completed=4281 timedout=0 dropped=0 Util=0.37144
### END_ENTRY users=80 run=5 ###

### ENTRY users=90 run=5 seed=5 ###
ResponseTime=0.10213 Throughput=29.95000 goodput=29.95000 badput=0.00000 completed=4792 timedout=0 dropped=0 Util=0.41520
### END_ENTRY users=90 run=5 ###

### ENTRY users=100 run=5 seed=5 ###
ResponseTime=0.10589 Throughput=33.23125 goodput=33.23125 badput=0.00000 completed=5317 timedout=0 dropped=0 Util=0.45817
### END_ENTRY users=100 run=5 ###

### ENTRY users=110 run=5 seed=5 ###
ResponseTime=0.12240 Throughput=36.40000 goodput=36.40000 badput=0.00000 completed=5824 timedout=0 dropped=0 Util=0.49630
### END_ENTRY users=110 run=5 ###

### ENTRY users=120 run=5 seed=5 ###
ResponseTime=0.13862 Throughput=39.53750 goodput=39.53750 badput=0.00000 completed=6326 timedout=0 dropped=0 Util=0.53103
### END_ENTRY users=120 run=5 ###

### ENTRY users=130 run=5 seed=5 ###
ResponseTime=0.13547 Throughput=42.85625 goodput=42.85625 badput=0.00000 completed=6857 timedout=0 dropped=0 Util=0.58616
### END_ENTRY users=130 run=5 ###

### ENTRY users=140 run=5 seed=5 ###
ResponseTime=0.15083 Throughput=45.90625 goodput=45.90625 badput=0.00000 completed=7345 timedout=0 dropped=0 Util=0.62724
### END_ENTRY users=140 run=5 ###

### ENTRY users=150 run=5 seed=5 ###
ResponseTime=0.16477 Throughput=48.98750 goodput=48.98750 badput=0.00000 completed=7838 timedout=0 dropped=0 Util=0.66471
### END_ENTRY users=150 run=5 ###

### ENTRY users=160 run=5 seed=5 ###
ResponseTime=0.20878 Throughput=51.60625 goodput=51.60625 badput=0.00000 completed=8257 timedout=0 dropped=0 Util=0.70048
### END_ENTRY users=160 run=5 ###

### ENTRY users=170 run=5 seed=5 ###
ResponseTime=0.22759 Throughput=54.53750 goodput=54.53750 badput=0.00000 completed=8726 timedout=0 dropped=0 Util=0.75056
### END_ENTRY users=170 run=5 ###

### ENTRY users=180 run=5 seed=5 ###
ResponseTime=0.26410 Throughput=57.10000 goodput=57.10000 badput=0.00000 completed=9136 timedout=0 dropped=0 Util=0.79081
### END_ENTRY users=180 run=5 ###

### ENTRY users=190 run=5 seed=5 ###
ResponseTime=0.30474 Throughput=59.68750 goodput=59.68750 badput=0.00000 completed=9550 timedout=0 dropped=0 Util=0.82440
### END_ENTRY users=190 run=5 ###

### ENTRY users=200 run=5 seed=5 ###
ResponseTime=0.33923 Throughput=61.98125 goodput=61.98125 badput=0.00000 completed=9917 timedout=0 dropped=0 Util=0.85677
### END_ENTRY users=200 run=5 ###

### ENTRY users=210 run=5 seed=5 ###
ResponseTime=0.37892 Throughput=64.45000 goodput=64.45000 badput=0.00000 completed=10312 timedout=0 dropped=0 Util=0.88559
### END_ENTRY users=210 run=5 ###

### ENTRY users=220 run=5 seed=5 ###
ResponseTime=0.40932 Throughput=66.84375 goodput=66.84375 badput=0.00000 completed=10695 timedout=0 dropped=0 Util=0.90914
### END_ENTRY users=220 run=5 ###

### ENTRY users=230 run=5 seed=5 ###
ResponseTime=0.51122 Throughput=68.09375 goodput=68.09375 badput=0.00000 completed=10895 timedout=0 dropped=0 Util=0.92673
### END_ENTRY users=230 run=5 ###

### ENTRY users=240 run=5 seed=5 ###
ResponseTime=0.65317 Throughput=68.31250 goodput=68.31250 badput=0.00000 completed=10930 timedout=0 dropped=0 Util=0.95016
### END_ENTRY users=240 run=5 ###

### ENTRY users=250 run=5 seed=5 ###
ResponseTime=0.68399 Throughput=70.50000 goodput=70.50000 badput=0.00000 completed=11280 timedout=0 dropped=0 Util=0.96320
### END_ENTRY users=250 run=5 ###

### ENTRY users=260 run=5 seed=5 ###
ResponseTime=0.82265 Throughput=70.93125 goodput=70.93125 badput=0.00000 completed=11349 timedout=0 dropped=0 Util=0.97345
### END_ENTRY users=260 run=5 ###

### ENTRY users=270 run=5 seed=5 ###
ResponseTime=0.93882 Throughput=71.70000 goodput=71.70000 badput=0.00000 completed=11472 timedout=0 dropped=0 Util=0.97684
### END_ENTRY users=270 run=5 ###

### ENTRY users=280 run=5 seed=5 ###
ResponseTime=1.14058 Throughput=70.93125 goodput=70.93125 badput=0.00000 completed=11349 timedout=0 dropped=0 Util=0.97794
### END_ENTRY users=280 run=5 ###

### ENTRY users=290 run=5 seed=5 ###
ResponseTime=1.27349 Throughput=71.31875 goodput=71.31875 badput=0.00000 completed=11411 timedout=0 dropped=0 Util=0.98022
### END_ENTRY users=290 run=5 ###

### ENTRY users=300 run=5 seed=5 ###
ResponseTime=1.41559 Throughput=71.40625 goodput=71.40625 badput=0.00000 completed=11425 timedout=0 dropped=0 Util=0.98101
### END_ENTRY users=300 run=5 ###

### ENTRY users=310 run=5 seed=5 ###
ResponseTime=1.58959 Throughput=71.37500 goodput=71.37500 badput=0.00000 completed=11420 timedout=0 dropped=0 Util=0.98196
### END_ENTRY users=310 run=5 ###

### ENTRY users=320 run=5 seed=5 ###
ResponseTime=1.66858 Throughput=72.17500 goodput=72.17500 badput=0.00000 completed=11548 timedout=0 dropped=0 Util=0.98197
### END_ENTRY users=320 run=5 ###

### ENTRY users=330 run=5 seed=5 ###
ResponseTime=1.87790 Throughput=71.64375 goodput=71.63750 badput=0.00625 completed=11462 timedout=1 dropped=0 Util=0.98196
### END_ENTRY users=330 run=5 ###

### ENTRY users=340 run=5 seed=5 ###
ResponseTime=2.02518 Throughput=71.60625 goodput=71.60625 badput=0.00000 completed=11457 timedout=0 dropped=0 Util=0.98196
### END_ENTRY users=340 run=5 ###

### ENTRY users=350 run=5 seed=5 ###
ResponseTime=2.18439 Throughput=71.24375 goodput=71.24375 badput=0.00000 completed=11399 timedout=0 dropped=0 Util=0.98196
### END_ENTRY users=350 run=5 ###

### ENTRY users=360 run=5 seed=5 ###
ResponseTime=2.28873 Throughput=72.36250 goodput=72.36250 badput=0.00000 completed=11578 timedout=0 dropped=0 Util=0.98198
### END_ENTRY users=360 run=5 ###

### ENTRY users=370 run=5 seed=5 ###
ResponseTime=2.54384 Throughput=70.67500 goodput=70.66875 badput=0.00625 completed=11307 timedout=1 dropped=0 Util=0.98197
### END_ENTRY users=370 run=5 ###

### ENTRY users=380 run=5 seed=5 ###
ResponseTime=2.57972 Throughput=72.40625 goodput=72.38750 badput=0.01875 completed=11582 timedout=3 dropped=0 Util=0.98196
### END_ENTRY users=380 run=5 ###

### ENTRY users=390 run=5 seed=5 ###
ResponseTime=2.78371 Throughput=71.26250 goodput=71.23750 badput=0.02500 completed=11398 timedout=4 dropped=0 Util=0.98193
### END_ENTRY users=390 run=5 ###

### ENTRY users=400 run=5 seed=5 ###
ResponseTime=2.88968 Throughput=71.83750 goodput=71.81250 badput=0.02500 completed=11490 timedout=4 dropped=0 Util=0.98198
### END_ENTRY users=400 run=5 ###

### ENTRY users=410 run=5 seed=5 ###
ResponseTime=3.06573 Throughput=71.57500 goodput=71.55000 badput=0.02500 completed=11448 timedout=4 dropped=0 Util=0.98199
### END_ENTRY users=410 run=5 ###

### ENTRY users=420 run=5 seed=5 ###
ResponseTime=3.19610 Throughput=71.59375 goodput=71.55000 badput=0.04375 completed=11448 timedout=7 dropped=0 Util=0.98195
### END_ENTRY users=420 run=5 ###

### ENTRY users=430 run=5 seed=5 ###
ResponseTime=3.31179 Throughput=72.02500 goodput=71.96250 badput=0.06250 completed=11514 timedout=10 dropped=0 Util=0.98198
### END_ENTRY users=430 run=5 ###

### ENTRY users=440 run=5 seed=5 ###
ResponseTime=3.54893 Throughput=71.43125 goodput=71.39375 badput=0.03750 completed=11423 timedout=6 dropped=0 Util=0.98195
### END_ENTRY users=440 run=5 ###

### ENTRY users=450 run=5 seed=5 ###
ResponseTime=3.69640 Throughput=71.03125 goodput=70.95625 badput=0.07500 completed=11353 timedout=12 dropped=0 Util=0.98195
### END_ENTRY users=450 run=5 ###

### ENTRY users=460 run=5 seed=5 ###
ResponseTime=3.79603 Throughput=71.23125 goodput=71.12500 badput=0.10625 completed=11380 timedout=17 dropped=0 Util=0.98194
### END_ENTRY users=460 run=5 ###

### ENTRY users=470 run=5 seed=5 ###
ResponseTime=3.88399 Throughput=72.03750 goodput=71.93750 badput=0.10000 completed=11510 timedout=16 dropped=0 Util=0.98197
### END_ENTRY users=470 run=5 ###

### ENTRY users=480 run=5 seed=5 ###
ResponseTime=4.06492 Throughput=72.25625 goodput=72.14375 badput=0.11250 completed=11543 timedout=18 dropped=0 Util=0.98196
### END_ENTRY users=480 run=5 ###

### ENTRY users=490 run=5 seed=5 ###
ResponseTime=4.07106 Throughput=73.35625 goodput=73.30625 badput=0.05000 completed=11729 timedout=8 dropped=0 Util=0.98199
### END_ENTRY users=490 run=5 ###

### ENTRY users=500 run=5 seed=5 ###
ResponseTime=4.26648 Throughput=72.50000 goodput=72.38125 badput=0.11875 completed=11581 timedout=19 dropped=0 Util=0.98194
### END_ENTRY users=500 run=5 ###

### ENTRY users=510 run=5 seed=5 ###
ResponseTime=4.54634 Throughput=71.64375 goodput=71.52500 badput=0.11875 completed=11444 timedout=19 dropped=0 Util=0.98190
### END_ENTRY users=510 run=5 ###

### ENTRY users=520 run=5 seed=5 ###
ResponseTime=4.66470 Throughput=72.28125 goodput=72.13125 badput=0.15000 completed=11541 timedout=24 dropped=0 Util=0.98196
### END_ENTRY users=520 run=5 ###

### ENTRY users=530 run=5 seed=5 ###
ResponseTime=4.85805 Throughput=71.78750 goodput=71.64375 badput=0.14375 completed=11463 timedout=23 dropped=0 Util=0.98194
### END_ENTRY users=530 run=5 ###

### ENTRY users=540 run=5 seed=5 ###
ResponseTime=4.99426 Throughput=71.81875 goodput=71.66250 badput=0.15625 completed=11466 timedout=25 dropped=0 Util=0.98194
### END_ENTRY users=540 run=5 ###

### ENTRY users=550 run=5 seed=5 ###
ResponseTime=5.04966 Throughput=72.55625 goodput=72.41250 badput=0.14375 completed=11586 timedout=23 dropped=0 Util=0.98194
### END_ENTRY users=550 run=5 ###

### ENTRY users=560 run=5 seed=5 ###
ResponseTime=5.26556 Throughput=71.90625 goodput=71.78125 badput=0.12500 completed=11485 timedout=20 dropped=0 Util=0.98192
### END_ENTRY users=560 run=5 ###

### ENTRY users=570 run=5 seed=5 ###
ResponseTime=5.60220 Throughput=70.78750 goodput=70.68125 badput=0.10625 completed=11309 timedout=17 dropped=0 Util=0.98190
### END_ENTRY users=570 run=5 ###

### ENTRY users=580 run=5 seed=5 ###
ResponseTime=5.57154 Throughput=71.94375 goodput=71.77500 badput=0.16875 completed=11484 timedout=27 dropped=0 Util=0.98193
### END_ENTRY users=580 run=5 ###

### ENTRY users=590 run=5 seed=5 ###
ResponseTime=5.64978 Throughput=72.81250 goodput=72.67500 badput=0.13750 completed=11628 timedout=22 dropped=0 Util=0.98196
### END_ENTRY users=590 run=5 ###

### ENTRY users=600 run=5 seed=5 ###
ResponseTime=5.88940 Throughput=71.91250 goodput=71.75000 badput=0.16250 completed=11480 timedout=26 dropped=0 Util=0.98196
### END_ENTRY users=600 run=5 ###

### ENTRY users=610 run=5 seed=5 ###
ResponseTime=5.89251 Throughput=72.83750 goodput=72.65625 badput=0.18125 completed=11625 timedout=29 dropped=0 Util=0.98195
### END_ENTRY users=610 run=5 ###

### ENTRY users=620 run=5 seed=5 ###
ResponseTime=6.20212 Throughput=71.80000 goodput=71.61250 badput=0.18750 completed=11458 timedout=30 dropped=0 Util=0.98196
### END_ENTRY users=620 run=5 ###

### ENTRY users=630 run=5 seed=5 ###
ResponseTime=6.23615 Throughput=72.65625 goodput=72.46250 badput=0.19375 completed=11594 timedout=31 dropped=0 Util=0.98195
### END_ENTRY users=630 run=5 ###

### ENTRY users=640 run=5 seed=5 ###
ResponseTime=6.49237 Throughput=72.12500 goodput=71.90625 badput=0.21875 completed=11505 timedout=35 dropped=0 Util=0.98193
### END_ENTRY users=640 run=5 ###

### ENTRY users=650 run=5 seed=5 ###
ResponseTime=6.66783 Throughput=71.97500 goodput=71.77500 badput=0.20000 completed=11484 timedout=32 dropped=0 Util=0.98192
### END_ENTRY users=650 run=5 ###

### ENTRY users=660 run=5 seed=5 ###
ResponseTime=6.89037 Throughput=71.01875 goodput=70.75000 badput=0.26875 completed=11320 timedout=43 dropped=0 Util=0.98193
### END_ENTRY users=660 run=5 ###

### ENTRY users=670 run=5 seed=5 ###
ResponseTime=6.92270 Throughput=72.03125 goodput=71.84375 badput=0.18750 completed=11495 timedout=30 dropped=0 Util=0.98194
### END_ENTRY users=670 run=5 ###

### ENTRY users=680 run=5 seed=5 ###
ResponseTime=7.11416 Throughput=71.71250 goodput=71.46875 badput=0.24375 completed=11435 timedout=39 dropped=0 Util=0.98194
### END_ENTRY users=680 run=5 ###

### ENTRY users=690 run=5 seed=5 ###
ResponseTime=7.34352 Throughput=71.24375 goodput=70.98750 badput=0.25625 completed=11358 timedout=41 dropped=0 Util=0.98194
### END_ENTRY users=690 run=5 ###

### ENTRY users=700 run=5 seed=5 ###
ResponseTime=7.50960 Throughput=71.65000 goodput=71.41250 badput=0.23750 completed=11426 timedout=38 dropped=0 Util=0.98192
### END_ENTRY users=700 run=5 ###

### ENTRY users=710 run=5 seed=5 ###
ResponseTime=7.51904 Throughput=71.88750 goodput=71.61250 badput=0.27500 completed=11458 timedout=44 dropped=0 Util=0.98194
### END_ENTRY users=710 run=5 ###

### ENTRY users=720 run=5 seed=5 ###
ResponseTime=7.81101 Throughput=71.07500 goodput=70.78125 badput=0.29375 completed=11325 timedout=47 dropped=0 Util=0.98194
### END_ENTRY users=720 run=5 ###

### ENTRY users=730 run=5 seed=5 ###
ResponseTime=7.82936 Throughput=72.30625 goodput=71.98125 badput=0.32500 completed=11517 timedout=52 dropped=0 Util=0.98194
### END_ENTRY users=730 run=5 ###

### ENTRY users=740 run=5 seed=5 ###
ResponseTime=8.07590 Throughput=71.35625 goodput=71.03125 badput=0.32500 completed=11365 timedout=52 dropped=0 Util=0.98193
### END_ENTRY users=740 run=5 ###

### ENTRY users=750 run=5 seed=5 ###
ResponseTime=8.33419 Throughput=70.81875 goodput=70.40000 badput=0.41875 completed=11264 timedout=67 dropped=0 Util=0.98190
### END_ENTRY users=750 run=5 ###

### ENTRY users=760 run=5 seed=5 ###
ResponseTime=8.36685 Throughput=71.65625 goodput=71.30000 badput=0.35625 completed=11408 timedout=57 dropped=0 Util=0.98194
### END_ENTRY users=760 run=5 ###

### ENTRY users=770 run=5 seed=5 ###
ResponseTime=8.41547 Throughput=72.33125 goodput=71.93750 badput=0.39375 completed=11510 timedout=63 dropped=0 Util=0.98196
### END_ENTRY users=770 run=5 ###

### ENTRY users=780 run=5 seed=5 ###
ResponseTime=8.60588 Throughput=72.12500 goodput=71.75000 badput=0.37500 completed=11480 timedout=60 dropped=0 Util=0.98192
### END_ENTRY users=780 run=5 ###

### ENTRY users=790 run=5 seed=5 ###
ResponseTime=8.80061 Throughput=71.57500 goodput=71.18750 badput=0.38750 completed=11390 timedout=62 dropped=0 Util=0.98192
### END_ENTRY users=790 run=5 ###

### ENTRY users=800 run=5 seed=5 ###
ResponseTime=8.97299 Throughput=71.86875 goodput=71.49375 badput=0.37500 completed=11439 timedout=60 dropped=0 Util=0.98195
### END_ENTRY users=800 run=5 ###

### ENTRY users=810 run=5 seed=5 ###
ResponseTime=9.06244 Throughput=71.71250 goodput=71.29375 badput=0.41875 completed=11407 timedout=67 dropped=0 Util=0.98196
### END_ENTRY users=810 run=5 ###

### ENTRY users=820 run=5 seed=5 ###
ResponseTime=9.28573 Throughput=71.43750 goodput=70.96250 badput=0.47500 completed=11354 timedout=76 dropped=0 Util=0.98193
### END_ENTRY users=820 run=5 ###

### ENTRY users=830 run=5 seed=5 ###
ResponseTime=9.65802 Throughput=70.60625 goodput=70.10625 badput=0.50000 completed=11217 timedout=80 dropped=0 Util=0.98189
### END_ENTRY users=830 run=5 ###

### ENTRY users=840 run=5 seed=5 ###
ResponseTime=9.63269 Throughput=71.20000 goodput=70.68750 badput=0.51250 completed=11310 timedout=82 dropped=0 Util=0.98194
### END_ENTRY users=840 run=5 ###

### ENTRY users=850 run=5 seed=5 ###
ResponseTime=9.54091 Throughput=72.46875 goodput=71.98750 badput=0.48125 completed=11518 timedout=77 dropped=0 Util=0.98195
### END_ENTRY users=850 run=5 ###

### ENTRY users=860 run=5 seed=5 ###
ResponseTime=9.66527 Throughput=72.98125 goodput=72.49375 badput=0.48750 completed=11599 timedout=78 dropped=0 Util=0.98196
### END_ENTRY users=860 run=5 ###

### ENTRY users=870 run=5 seed=5 ###
ResponseTime=10.15646 Throughput=70.94375 goodput=70.35000 badput=0.59375 completed=11256 timedout=95 dropped=0 Util=0.98191
### END_ENTRY users=870 run=5 ###

### ENTRY users=880 run=5 seed=5 ###
ResponseTime=10.13206 Throughput=71.96250 goodput=71.41875 badput=0.54375 completed=11427 timedout=87 dropped=0 Util=0.98195
### END_ENTRY users=880 run=5 ###

### ENTRY users=890 run=5 seed=5 ###
ResponseTime=10.34506 Throughput=71.67500 goodput=71.04375 badput=0.63125 completed=11367 timedout=101 dropped=0 Util=0.98195
### END_ENTRY users=890 run=5 ###

### ENTRY users=900 run=5 seed=5 ###
ResponseTime=10.46826 Throughput=72.02500 goodput=71.51250 badput=0.51250 completed=11442 timedout=82 dropped=0 Util=0.98194
### END_ENTRY users=900 run=5 ###

### ENTRY users=910 run=5 seed=5 ###
ResponseTime=10.51203 Throughput=72.63750 goodput=72.03125 badput=0.60625 completed=11525 timedout=97 dropped=0 Util=0.98196
### END_ENTRY users=910 run=5 ###

### ENTRY users=920 run=5 seed=5 ###
ResponseTime=10.86902 Throughput=71.22500 goodput=70.43750 badput=0.78750 completed=11270 timedout=126 dropped=0 Util=0.98192
### END_ENTRY users=920 run=5 ###

### ENTRY users=930 run=5 seed=5 ###
ResponseTime=10.93057 Throughput=71.85000 goodput=71.22500 badput=0.62500 completed=11396 timedout=100 dropped=0 Util=0.98193
### END_ENTRY users=930 run=5 ###

### ENTRY users=940 run=5 seed=5 ###
ResponseTime=10.94700 Throughput=72.32500 goodput=71.65000 badput=0.67500 completed=11464 timedout=108 dropped=0 Util=0.98195
### END_ENTRY users=940 run=5 ###

### ENTRY users=950 run=5 seed=5 ###
ResponseTime=11.06114 Throughput=72.14375 goodput=71.48750 badput=0.65625 completed=11438 timedout=105 dropped=0 Util=0.98193
### END_ENTRY users=950 run=5 ###

### ENTRY users=960 run=5 seed=5 ###
ResponseTime=11.29005 Throughput=72.24375 goodput=71.57500 badput=0.66875 completed=11452 timedout=107 dropped=0 Util=0.98195
### END_ENTRY users=960 run=5 ###

### ENTRY users=970 run=5 seed=5 ###
ResponseTime=11.38060 Throughput=72.39375 goodput=71.63750 badput=0.75625 completed=11462 timedout=121 dropped=0 Util=0.98193
### END_ENTRY users=970 run=5 ###

### ENTRY users=980 run=5 seed=5 ###
ResponseTime=11.71507 Throughput=71.86875 goodput=71.07500 badput=0.79375 completed=11372 timedout=127 dropped=0 Util=0.98195
### END_ENTRY users=980 run=5 ###

### ENTRY users=990 run=5 seed=5 ###
ResponseTime=11.88648 Throughput=71.27500 goodput=70.35625 badput=0.91875 completed=11257 timedout=147 dropped=0 Util=0.98194
### END_ENTRY users=990 run=5 ###

### ENTRY users=1000 run=5 seed=5 ###
ResponseTime=11.78709 Throughput=72.32500 goodput=71.55625 badput=0.76875 completed=11449 timedout=123 dropped=0 Util=0.98196
### END_ENTRY users=1000 run=5 ###

### ENTRY users=1010 run=5 seed=5 ###
ResponseTime=11.98144 Throughput=72.34375 goodput=71.45000 badput=0.89375 completed=11432 timedout=143 dropped=0 Util=0.98199
### END_ENTRY users=1010 run=5 ###

### ENTRY users=1020 run=5 seed=5 ###
ResponseTime=12.24633 Throughput=71.71875 goodput=70.71875 badput=1.00000 completed=11315 timedout=160 dropped=0 Util=0.98196
### END_ENTRY users=1020 run=5 ###

### ENTRY users=1030 run=5 seed=5 ###
ResponseTime=12.13429 Throughput=73.21875 goodput=72.25625 badput=0.96250 completed=11561 timedout=154 dropped=0 Util=0.98199
### END_ENTRY users=1030 run=5 ###

### ENTRY users=1040 run=5 seed=5 ###
ResponseTime=12.44917 Throughput=72.46875 goodput=71.41875 badput=1.05000 completed=11427 timedout=168 dropped=0 Util=0.98196
### END_ENTRY users=1040 run=5 ###

### ENTRY users=1050 run=5 seed=5 ###
ResponseTime=12.63899 Throughput=71.51250 goodput=70.41875 badput=1.09375 completed=11267 timedout=175 dropped=0 Util=0.98195
### END_ENTRY users=1050 run=5 ###

### ENTRY users=1060 run=5 seed=5 ###
ResponseTime=12.86688 Throughput=71.60625 goodput=70.31875 badput=1.28750 completed=11251 timedout=206 dropped=0 Util=0.98195
### END_ENTRY users=1060 run=5 ###

### ENTRY users=1070 run=5 seed=5 ###
ResponseTime=13.02750 Throughput=71.68750 goodput=70.30000 badput=1.38750 completed=11248 timedout=222 dropped=0 Util=0.98193
### END_ENTRY users=1070 run=5 ###

### ENTRY users=1080 run=5 seed=5 ###
ResponseTime=13.10511 Throughput=71.93125 goodput=70.60625 badput=1.32500 completed=11297 timedout=212 dropped=0 Util=0.98195
### END_ENTRY users=1080 run=5 ###

### ENTRY users=1090 run=5 seed=5 ###
ResponseTime=13.57426 Throughput=70.47500 goodput=68.92500 badput=1.55000 completed=11028 timedout=248 dropped=0 Util=0.98191
### END_ENTRY users=1090 run=5 ###

### ENTRY users=1100 run=5 seed=5 ###
ResponseTime=13.62635 Throughput=71.01875 goodput=69.53750 badput=1.48125 completed=11126 timedout=237 dropped=0 Util=0.98192
### END_ENTRY users=1100 run=5 ###

### ENTRY users=1110 run=5 seed=5 ###
ResponseTime=13.44733 Throughput=72.60625 goodput=71.33125 badput=1.27500 completed=11413 timedout=204 dropped=0 Util=0.98197
### END_ENTRY users=1110 run=5 ###

### ENTRY users=1120 run=5 seed=5 ###
ResponseTime=13.66368 Throughput=72.14375 goodput=70.53125 badput=1.61250 completed=11285 timedout=258 dropped=0 Util=0.98195
### END_ENTRY users=1120 run=5 ###

### ENTRY users=1130 run=5 seed=5 ###
ResponseTime=13.77277 Throughput=72.41250 goodput=70.98125 badput=1.43125 completed=11357 timedout=229 dropped=0 Util=0.98195
### END_ENTRY users=1130 run=5 ###

### ENTRY users=1140 run=5 seed=5 ###
ResponseTime=13.86731 Throughput=72.75000 goodput=71.27500 badput=1.47500 completed=11404 timedout=236 dropped=0 Util=0.98194
### END_ENTRY users=1140 run=5 ###

### ENTRY users=1150 run=5 seed=5 ###
ResponseTime=13.92633 Throughput=73.05625 goodput=71.51875 badput=1.53750 completed=11443 timedout=246 dropped=0 Util=0.98197
### END_ENTRY users=1150 run=5 ###

### ENTRY users=1160 run=5 seed=5 ###
ResponseTime=14.43326 Throughput=71.63125 goodput=69.86250 badput=1.76875 completed=11178 timedout=283 dropped=0 Util=0.98195
### END_ENTRY users=1160 run=5 ###

### ENTRY users=1170 run=5 seed=5 ###
ResponseTime=14.58755 Throughput=71.45625 goodput=69.47500 badput=1.98125 completed=11116 timedout=317 dropped=0 Util=0.98194
### END_ENTRY users=1170 run=5 ###

### ENTRY users=1180 run=5 seed=5 ###
ResponseTime=14.76074 Throughput=71.13125 goodput=69.08750 badput=2.04375 completed=11054 timedout=327 dropped=0 Util=0.98193
### END_ENTRY users=1180 run=5 ###

### ENTRY users=1190 run=5 seed=5 ###
ResponseTime=14.75327 Throughput=72.14375 goodput=70.24375 badput=1.90000 completed=11239 timedout=304 dropped=0 Util=0.98196
### END_ENTRY users=1190 run=5 ###

### ENTRY users=1200 run=5 seed=5 ###
ResponseTime=14.84533 Throughput=71.95625 goodput=69.81875 badput=2.13750 completed=11171 timedout=342 dropped=0 Util=0.98194
### END_ENTRY users=1200 run=5 ###

### ENTRY users=1210 run=5 seed=5 ###
ResponseTime=14.90163 Throughput=72.48750 goodput=70.48125 badput=2.00625 completed=11277 timedout=321 dropped=0 Util=0.98196
### END_ENTRY users=1210 run=5 ###

### ENTRY users=1220 run=5 seed=5 ###
ResponseTime=15.03444 Throughput=72.25625 goodput=69.94375 badput=2.31250 completed=11191 timedout=370 dropped=0 Util=0.98193
### END_ENTRY users=1220 run=5 ###

### ENTRY users=1230 run=5 seed=5 ###
ResponseTime=15.22828 Throughput=72.25625 goodput=69.68750 badput=2.56875 completed=11150 timedout=411 dropped=0 Util=0.98195
### END_ENTRY users=1230 run=5 ###

### ENTRY users=1240 run=5 seed=5 ###
ResponseTime=15.23571 Throughput=72.58750 goodput=70.38750 badput=2.20000 completed=11262 timedout=352 dropped=0 Util=0.98195
### END_ENTRY users=1240 run=5 ###

### ENTRY users=1250 run=5 seed=5 ###
ResponseTime=15.62326 Throughput=72.05625 goodput=69.23750 badput=2.81875 completed=11078 timedout=451 dropped=0 Util=0.98193
### END_ENTRY users=1250 run=5 ###

### ENTRY users=1260 run=5 seed=5 ###
ResponseTime=15.51362 Throughput=72.93125 goodput=70.29375 badput=2.63750 completed=11247 timedout=422 dropped=0 Util=0.98194
### END_ENTRY users=1260 run=5 ###

### ENTRY users=1270 run=5 seed=5 ###
ResponseTime=16.14764 Throughput=70.98125 goodput=67.85625 badput=3.12500 completed=10857 timedout=500 dropped=0 Util=0.98194
### END_ENTRY users=1270 run=5 ###

### ENTRY users=1280 run=5 seed=5 ###
ResponseTime=16.24016 Throughput=71.28750 goodput=68.02500 badput=3.26250 completed=10884 timedout=522 dropped=0 Util=0.98192
### END_ENTRY users=1280 run=5 ###

### ENTRY users=1290 run=5 seed=5 ###
ResponseTime=15.80959 Throughput=72.83750 goodput=69.95625 badput=2.88125 completed=11193 timedout=461 dropped=0 Util=0.98197
### END_ENTRY users=1290 run=5 ###

### ENTRY users=1300 run=5 seed=5 ###
ResponseTime=16.08711 Throughput=72.50000 goodput=69.50625 badput=2.99375 completed=11121 timedout=479 dropped=0 Util=0.98195
### END_ENTRY users=1300 run=5 ###

### ENTRY users=1310 run=5 seed=5 ###
ResponseTime=16.41293 Throughput=72.33125 goodput=69.07500 badput=3.25625 completed=11052 timedout=521 dropped=0 Util=0.98194
### END_ENTRY users=1310 run=5 ###

### ENTRY users=1320 run=5 seed=5 ###
ResponseTime=16.85335 Throughput=71.19375 goodput=67.31250 badput=3.88125 completed=10770 timedout=621 dropped=0 Util=0.98192
### END_ENTRY users=1320 run=5 ###

### ENTRY users=1330 run=5 seed=5 ###
ResponseTime=16.65662 Throughput=72.28750 goodput=68.58750 badput=3.70000 completed=10974 timedout=592 dropped=0 Util=0.98192
### END_ENTRY users=1330 run=5 ###

### ENTRY users=1340 run=5 seed=5 ###
ResponseTime=17.03820 Throughput=71.41875 goodput=67.21250 badput=4.20625 completed=10754 timedout=673 dropped=0 Util=0.98194
### END_ENTRY users=1340 run=5 ###

### ENTRY users=1350 run=5 seed=5 ###
ResponseTime=16.78369 Throughput=72.67500 goodput=68.76250 badput=3.91250 completed=11002 timedout=626 dropped=0 Util=0.98197
### END_ENTRY users=1350 run=5 ###

### ENTRY users=1360 run=5 seed=5 ###
ResponseTime=16.88725 Throughput=73.05000 goodput=69.24375 badput=3.80625 completed=11079 timedout=609 dropped=0 Util=0.98199
### END_ENTRY users=1360 run=5 ###

### ENTRY users=1370 run=5 seed=5 ###
ResponseTime=17.48337 Throughput=71.55625 goodput=66.71875 badput=4.83750 completed=10675 timedout=774 dropped=0 Util=0.98196
### END_ENTRY users=1370 run=5 ###

### ENTRY users=1380 run=5 seed=5 ###
ResponseTime=17.72371 Throughput=71.66875 goodput=66.44375 badput=5.22500 completed=10631 timedout=836 dropped=0 Util=0.98190
### END_ENTRY users=1380 run=5 ###

### ENTRY users=1390 run=5 seed=5 ###
ResponseTime=17.92306 Throughput=71.08750 goodput=65.83750 badput=5.25000 completed=10534 timedout=840 dropped=0 Util=0.98193
### END_ENTRY users=1390 run=5 ###

### ENTRY users=1400 run=5 seed=5 ###
ResponseTime=18.01972 Throughput=71.01875 goodput=65.11875 badput=5.90000 completed=10419 timedout=944 dropped=0 Util=0.98194
### END_ENTRY users=1400 run=5 ###

### ENTRY users=1410 run=5 seed=5 ###
ResponseTime=17.64362 Throughput=72.58750 goodput=67.66875 badput=4.91875 completed=10827 timedout=787 dropped=0 Util=0.98199
### END_ENTRY users=1410 run=5 ###

### ENTRY users=1420 run=5 seed=5 ###
ResponseTime=17.94356 Throughput=72.25000 goodput=66.60625 badput=5.64375 completed=10657 timedout=903 dropped=0 Util=0.98196
### END_ENTRY users=1420 run=5 ###

### ENTRY users=1430 run=5 seed=5 ###
ResponseTime=18.24676 Throughput=71.86875 goodput=65.91875 badput=5.95000 completed=10547 timedout=952 dropped=0 Util=0.98194
### END_ENTRY users=1430 run=5 ###

### ENTRY users=1440 run=5 seed=5 ###
ResponseTime=18.00593 Throughput=73.01250 goodput=67.46250 badput=5.55000 completed=10794 timedout=888 dropped=0 Util=0.98197
### END_ENTRY users=1440 run=5 ###

### ENTRY users=1450 run=5 seed=5 ###
ResponseTime=18.61642 Throughput=71.74375 goodput=65.12500 badput=6.61875 completed=10420 timedout=1059 dropped=0 Util=0.98195
### END_ENTRY users=1450 run=5 ###

### ENTRY users=1460 run=5 seed=5 ###
ResponseTime=18.56923 Throughput=72.20000 goodput=65.70000 badput=6.50000 completed=10512 timedout=1040 dropped=0 Util=0.98193
### END_ENTRY users=1460 run=5 ###

### ENTRY users=1470 run=5 seed=5 ###
ResponseTime=18.84475 Throughput=71.46250 goodput=64.29375 badput=7.16875 completed=10287 timedout=1147 dropped=0 Util=0.98194
### END_ENTRY users=1470 run=5 ###

### ENTRY users=1480 run=5 seed=5 ###
ResponseTime=18.82912 Throughput=72.43125 goodput=65.16250 badput=7.26875 completed=10426 timedout=1163 dropped=0 Util=0.98197
### END_ENTRY users=1480 run=5 ###

### ENTRY users=1490 run=5 seed=5 ###
ResponseTime=19.40310 Throughput=70.85625 goodput=62.01875 badput=8.83750 completed=9923 timedout=1414 dropped=0 Util=0.98193
### END_ENTRY users=1490 run=5 ###

### ENTRY users=1500 run=5 seed=5 ###
ResponseTime=19.29041 Throughput=71.91875 goodput=63.38125 badput=8.53750 completed=10141 timedout=1366 dropped=0 Util=0.98193
### END_ENTRY users=1500 run=5 ###

### ENTRY users=1510 run=5 seed=5 ###
ResponseTime=19.24937 Throughput=72.44375 goodput=64.00000 badput=8.44375 completed=10240 timedout=1351 dropped=0 Util=0.98196
### END_ENTRY users=1510 run=5 ###

### ENTRY users=1520 run=5 seed=5 ###
ResponseTime=19.57541 Throughput=71.80625 goodput=62.10625 badput=9.70000 completed=9937 timedout=1552 dropped=0 Util=0.98194
### END_ENTRY users=1520 run=5 ###

### ENTRY users=1530 run=5 seed=5 ###
ResponseTime=19.72686 Throughput=71.59375 goodput=61.94375 badput=9.65000 completed=9911 timedout=1544 dropped=0 Util=0.98196
### END_ENTRY users=1530 run=5 ###

### ENTRY users=1540 run=5 seed=5 ###
ResponseTime=19.62816 Throughput=72.57500 goodput=63.36250 badput=9.21250 completed=10138 timedout=1474 dropped=0 Util=0.98196
### END_ENTRY users=1540 run=5 ###

### ENTRY users=1550 run=5 seed=5 ###
ResponseTime=20.11551 Throughput=71.54375 goodput=60.40625 badput=11.13750 completed=9665 timedout=1782 dropped=0 Util=0.98196
### END_ENTRY users=1550 run=5 ###

### ENTRY users=1560 run=5 seed=5 ###
ResponseTime=20.17246 Throughput=71.76250 goodput=60.55625 badput=11.20625 completed=9689 timedout=1793 dropped=0 Util=0.98195
### END_ENTRY users=1560 run=5 ###

### ENTRY users=1570 run=5 seed=5 ###
ResponseTime=20.39423 Throughput=71.76875 goodput=60.03125 badput=11.73750 completed=9605 timedout=1878 dropped=0 Util=0.98195
### END_ENTRY users=1570 run=5 ###

### ENTRY users=1580 run=5 seed=5 ###
ResponseTime=20.61509 Throughput=71.54375 goodput=58.77500 badput=12.76875 completed=9404 timedout=2043 dropped=0 Util=0.98194
### END_ENTRY users=1580 run=5 ###

### ENTRY users=1590 run=5 seed=5 ###
ResponseTime=20.45764 Throughput=72.40000 goodput=59.96250 badput=12.43750 completed=9594 timedout=1990 dropped=0 Util=0.98194
### END_ENTRY users=1590 run=5 ###

### ENTRY users=1600 run=5 seed=5 ###
ResponseTime=20.61056 Throughput=72.31875 goodput=59.69375 badput=12.62500 completed=9551 timedout=2020 dropped=0 Util=0.98193
### END_ENTRY users=1600 run=5 ###

### ENTRY users=1610 run=5 seed=5 ###
ResponseTime=21.19673 Throughput=71.25000 goodput=55.51875 badput=15.73125 completed=8883 timedout=2517 dropped=0 Util=0.98193
### END_ENTRY users=1610 run=5 ###

### ENTRY users=1620 run=5 seed=5 ###
ResponseTime=21.32870 Throughput=71.80000 goodput=55.16250 badput=16.63750 completed=8826 timedout=2662 dropped=0 Util=0.98192
### END_ENTRY users=1620 run=5 ###

### ENTRY users=1630 run=5 seed=5 ###
ResponseTime=20.96516 Throughput=72.41250 goodput=57.82500 badput=14.58750 completed=9252 timedout=2334 dropped=0 Util=0.98197
### END_ENTRY users=1630 run=5 ###

### ENTRY users=1640 run=5 seed=5 ###
ResponseTime=21.13474 Throughput=72.42500 goodput=56.64375 badput=15.78125 completed=9063 timedout=2525 dropped=0 Util=0.98197
### END_ENTRY users=1640 run=5 ###

### ENTRY users=1650 run=5 seed=5 ###
ResponseTime=22.04588 Throughput=71.15625 goodput=50.40625 badput=20.75000 completed=8065 timedout=3320 dropped=0 Util=0.98194
### END_ENTRY users=1650 run=5 ###

### ENTRY users=1660 run=5 seed=5 ###
ResponseTime=21.64061 Throughput=72.22500 goodput=54.21875 badput=18.00625 completed=8675 timedout=2881 dropped=0 Util=0.98194
### END_ENTRY users=1660 run=5 ###

### ENTRY users=1670 run=5 seed=5 ###
ResponseTime=21.84645 Throughput=72.30000 goodput=52.93750 badput=19.36250 completed=8470 timedout=3098 dropped=0 Util=0.98193
### END_ENTRY users=1670 run=5 ###

### ENTRY users=1680 run=5 seed=5 ###
ResponseTime=22.04439 Throughput=72.15625 goodput=51.76875 badput=20.38750 completed=8283 timedout=3262 dropped=0 Util=0.98193
### END_ENTRY users=1680 run=5 ###

### ENTRY users=1690 run=5 seed=5 ###
ResponseTime=22.18214 Throughput=72.06875 goodput=50.34375 badput=21.72500 completed=8055 timedout=3476 dropped=0 Util=0.98195
### END_ENTRY users=1690 run=5 ###

### ENTRY users=1700 run=5 seed=5 ###
ResponseTime=21.99971 Throughput=72.90625 goodput=52.87500 badput=20.03125 completed=8460 timedout=3205 dropped=0 Util=0.98197
### END_ENTRY users=1700 run=5 ###

### ENTRY users=1710 run=5 seed=5 ###
ResponseTime=22.80035 Throughput=71.81875 goodput=46.61250 badput=25.20625 completed=7458 timedout=4033 dropped=0 Util=0.98194
### END_ENTRY users=1710 run=5 ###

### ENTRY users=1720 run=5 seed=5 ###
ResponseTime=22.92014 Throughput=72.05000 goodput=45.86875 badput=26.18125 completed=7339 timedout=4189 dropped=0 Util=0.98195
### END_ENTRY users=1720 run=5 ###

### ENTRY users=1730 run=5 seed=5 ###
ResponseTime=23.25823 Throughput=71.61250 goodput=43.51250 badput=28.10000 completed=6962 timedout=4496 dropped=0 Util=0.98196
### END_ENTRY users=1730 run=5 ###

### ENTRY users=1740 run=5 seed=5 ###
ResponseTime=23.02893 Throughput=72.31875 goodput=46.10000 badput=26.21875 completed=7376 timedout=4195 dropped=0 Util=0.98196
### END_ENTRY users=1740 run=5 ###

### ENTRY users=1750 run=5 seed=5 ###
ResponseTime=23.37755 Throughput=71.94375 goodput=43.54375 badput=28.40000 completed=6967 timedout=4544 dropped=0 Util=0.98193
### END_ENTRY users=1750 run=5 ###

### ENTRY users=1760 run=5 seed=5 ###
ResponseTime=23.11085 Throughput=72.42500 goodput=44.62500 badput=27.80000 completed=7140 timedout=4448 dropped=49 Util=0.98195
### END_ENTRY users=1760 run=5 ###

### ENTRY users=1770 run=5 seed=5 ###
ResponseTime=23.63960 Throughput=72.39375 goodput=42.54375 badput=29.85000 completed=6807 timedout=4776 dropped=7 Util=0.98193
### END_ENTRY users=1770 run=5 ###

### ENTRY users=1780 run=5 seed=5 ###
ResponseTime=23.86700 Throughput=72.31875 goodput=40.53750 badput=31.78125 completed=6486 timedout=5085 dropped=106 Util=0.98193
### END_ENTRY users=1780 run=5 ###

### ENTRY users=1790 run=5 seed=5 ###
ResponseTime=24.23534 Throughput=71.50625 goodput=37.48125 badput=34.02500 completed=5997 timedout=5444 dropped=726 Util=0.98194
### END_ENTRY users=1790 run=5 ###

### ENTRY users=1800 run=5 seed=5 ###
ResponseTime=24.31078 Throughput=71.92500 goodput=37.28125 badput=34.64375 completed=5965 timedout=5543 dropped=799 Util=0.98195
### END_ENTRY users=1800 run=5 ###

### ENTRY users=1810 run=5 seed=5 ###
ResponseTime=24.40026 Throughput=71.46250 goodput=36.11250 badput=35.35000 completed=5778 timedout=5656 dropped=1630 Util=0.98193
### END_ENTRY users=1810 run=5 ###

### ENTRY users=1820 run=5 seed=5 ###
ResponseTime=24.63007 Throughput=71.36875 goodput=34.73750 badput=36.63125 completed=5558 timedout=5861 dropped=1730 Util=0.98194
### END_ENTRY users=1820 run=5 ###

### ENTRY users=1830 run=5 seed=5 ###
ResponseTime=24.65899 Throughput=71.67500 goodput=35.09375 badput=36.58125 completed=5615 timedout=5853 dropped=2178 Util=0.98194
### END_ENTRY users=1830 run=5 ###

### ENTRY users=1840 run=5 seed=5 ###
ResponseTime=24.88511 Throughput=70.66875 goodput=32.40000 badput=38.26875 completed=5184 timedout=6123 dropped=3224 Util=0.98192
### END_ENTRY users=1840 run=5 ###

### ENTRY users=1850 run=5 seed=5 ###
ResponseTime=24.79126 Throughput=71.68750 goodput=33.96875 badput=37.71875 completed=5435 timedout=6035 dropped=3164 Util=0.98193
### END_ENTRY users=1850 run=5 ###

### ENTRY users=1860 run=5 seed=5 ###
ResponseTime=25.12800 Throughput=70.90000 goodput=31.79375 badput=39.10625 completed=5087 timedout=6257 dropped=4413 Util=0.98192
### END_ENTRY users=1860 run=5 ###

### ENTRY users=1870 run=5 seed=5 ###
ResponseTime=24.63400 Throughput=72.12500 goodput=35.49375 badput=36.63125 completed=5679 timedout=5861 dropped=3778 Util=0.98196
### END_ENTRY users=1870 run=5 ###

### ENTRY users=1880 run=5 seed=5 ###
ResponseTime=24.61279 Throughput=72.47500 goodput=35.91250 badput=36.56250 completed=5746 timedout=5850 dropped=4012 Util=0.98196
### END_ENTRY users=1880 run=5 ###

### ENTRY users=1890 run=5 seed=5 ###
ResponseTime=24.78008 Throughput=72.18750 goodput=34.85625 badput=37.33125 completed=5577 timedout=5973 dropped=4794 Util=0.98197
### END_ENTRY users=1890 run=5 ###

### ENTRY users=1900 run=5 seed=5 ###
ResponseTime=24.59109 Throughput=72.46250 goodput=36.08125 badput=36.38125 completed=5773 timedout=5821 dropped=4855 Util=0.98193
### END_ENTRY users=1900 run=5 ###

### ENTRY users=1910 run=5 seed=5 ###
ResponseTime=25.00356 Throughput=71.13750 goodput=32.83750 badput=38.30000 completed=5254 timedout=6128 dropped=6453 Util=0.98192
### END_ENTRY users=1910 run=5 ###

### ENTRY users=1920 run=5 seed=5 ###
ResponseTime=25.00995 Throughput=71.68125 goodput=33.31875 badput=38.36250 completed=5331 timedout=6138 dropped=6835 Util=0.98191
### END_ENTRY users=1920 run=5 ###

### ENTRY users=1930 run=5 seed=5 ###
ResponseTime=24.73851 Throughput=71.83750 goodput=33.63750 badput=38.20000 completed=5382 timedout=6112 dropped=6815 Util=0.98195
### END_ENTRY users=1930 run=5 ###

### ENTRY users=1940 run=5 seed=5 ###
ResponseTime=25.03428 Throughput=71.53125 goodput=32.02500 badput=39.50625 completed=5124 timedout=6321 dropped=7964 Util=0.98196
### END_ENTRY users=1940 run=5 ###

### ENTRY users=1950 run=5 seed=5 ###
ResponseTime=24.94313 Throughput=71.72500 goodput=32.28125 badput=39.44375 completed=5165 timedout=6311 dropped=8385 Util=0.98196
### END_ENTRY users=1950 run=5 ###

### ENTRY users=1960 run=5 seed=5 ###
ResponseTime=24.76437 Throughput=72.03750 goodput=33.81250 badput=38.22500 completed=5410 timedout=6116 dropped=8201 Util=0.98196
### END_ENTRY users=1960 run=5 ###

### ENTRY users=1970 run=5 seed=5 ###
ResponseTime=24.94517 Throughput=71.76250 goodput=33.05625 badput=38.70625 completed=5289 timedout=6193 dropped=9014 Util=0.98194
### END_ENTRY users=1970 run=5 ###

### ENTRY users=1980 run=5 seed=5 ###
ResponseTime=24.92323 Throughput=71.66250 goodput=32.74375 badput=38.91875 completed=5239 timedout=6227 dropped=9813 Util=0.98195
### END_ENTRY users=1980 run=5 ###

### ENTRY users=1990 run=5 seed=5 ###
ResponseTime=24.96087 Throughput=71.54375 goodput=33.10625 badput=38.43750 completed=5297 timedout=6150 dropped=10258 Util=0.98198
### END_ENTRY users=1990 run=5 ###

### ENTRY users=2000 run=5 seed=5 ###
ResponseTime=24.59187 Throughput=72.88125 goodput=35.61250 badput=37.26875 completed=5698 timedout=5963 dropped=10038 Util=0.98195
### END_ENTRY users=2000 run=5 ###

### ENTRY users=2010 run=5 seed=5 ###
ResponseTime=24.76060 Throughput=72.23125 goodput=33.78125 badput=38.45000 completed=5405 timedout=6152 dropped=10955 Util=0.98194
### END_ENTRY users=2010 run=5 ###

### ENTRY users=2020 run=5 seed=5 ###
ResponseTime=24.70278 Throughput=72.07500 goodput=34.25000 badput=37.82500 completed=5480 timedout=6052 dropped=11485 Util=0.98196
### END_ENTRY users=2020 run=5 ###

### ENTRY users=2030 run=5 seed=5 ###
ResponseTime=24.74986 Throughput=72.43125 goodput=35.20625 badput=37.22500 completed=5633 timedout=5956 dropped=11765 Util=0.98195
### END_ENTRY users=2030 run=5 ###

### ENTRY users=2040 run=5 seed=5 ###
ResponseTime=24.81352 Throughput=71.60625 goodput=32.91875 badput=38.68750 completed=5267 timedout=6190 dropped=12967 Util=0.98195
### END_ENTRY users=2040 run=5 ###

### ENTRY users=2050 run=5 seed=5 ###
ResponseTime=24.80290 Throughput=71.99375 goodput=33.96250 badput=38.03125 completed=5434 timedout=6085 dropped=13336 Util=0.98193
### END_ENTRY users=2050 run=5 ###

### ENTRY users=2060 run=5 seed=5 ###
ResponseTime=24.93484 Throughput=71.55000 goodput=33.14375 badput=38.40625 completed=5303 timedout=6145 dropped=14026 Util=0.98195
### END_ENTRY users=2060 run=5 ###

### ENTRY users=2070 run=5 seed=5 ###
ResponseTime=24.80376 Throughput=72.01875 goodput=33.91250 badput=38.10625 completed=5426 timedout=6097 dropped=14295 Util=0.98196
### END_ENTRY users=2070 run=5 ###

### ENTRY users=2080 run=5 seed=5 ###
ResponseTime=24.66234 Throughput=72.50000 goodput=34.70625 badput=37.79375 completed=5553 timedout=6047 dropped=14476 Util=0.98197
### END_ENTRY users=2080 run=5 ###

### ENTRY users=2090 run=5 seed=5 ###
ResponseTime=25.02809 Throughput=71.18750 goodput=32.31250 badput=38.87500 completed=5170 timedout=6220 dropped=15956 Util=0.98193
### END_ENTRY users=2090 run=5 ###

### ENTRY users=2100 run=5 seed=5 ###
ResponseTime=24.91363 Throughput=71.55625 goodput=32.78125 badput=38.77500 completed=5245 timedout=6204 dropped=16096 Util=0.98194
### END_ENTRY users=2100 run=5 ###

### ENTRY users=2110 run=5 seed=5 ###
ResponseTime=24.68261 Throughput=71.95000 goodput=34.04375 badput=37.90625 completed=5447 timedout=6065 dropped=16312 Util=0.98195
### END_ENTRY users=2110 run=5 ###

### ENTRY users=2120 run=5 seed=5 ###
ResponseTime=24.76178 Throughput=71.78750 goodput=33.86250 badput=37.92500 completed=5418 timedout=6068 dropped=16973 Util=0.98193
### END_ENTRY users=2120 run=5 ###

### ENTRY users=2130 run=5 seed=5 ###
ResponseTime=24.87339 Throughput=71.74375 goodput=34.06250 badput=37.68125 completed=5450 timedout=6029 dropped=17567 Util=0.98192
### END_ENTRY users=2130 run=5 ###

### ENTRY users=2140 run=5 seed=5 ###
ResponseTime=25.07112 Throughput=71.39375 goodput=31.75000 badput=39.64375 completed=5080 timedout=6343 dropped=18802 Util=0.98196
### END_ENTRY users=2140 run=5 ###

### ENTRY users=2150 run=5 seed=5 ###
ResponseTime=25.24260 Throughput=71.05000 goodput=30.89375 badput=40.15625 completed=4943 timedout=6425 dropped=19713 Util=0.98194
### END_ENTRY users=2150 run=5 ###

### ENTRY users=2160 run=5 seed=5 ###
ResponseTime=24.85303 Throughput=71.93125 goodput=33.63750 badput=38.29375 completed=5382 timedout=6127 dropped=19279 Util=0.98195
### END_ENTRY users=2160 run=5 ###

### ENTRY users=2170 run=5 seed=5 ###
ResponseTime=25.05311 Throughput=71.21250 goodput=32.07500 badput=39.13750 completed=5132 timedout=6262 dropped=20367 Util=0.98191
### END_ENTRY users=2170 run=5 ###

### ENTRY users=2180 run=5 seed=5 ###
ResponseTime=24.59728 Throughput=73.01875 goodput=35.24375 badput=37.77500 completed=5639 timedout=6044 dropped=19672 Util=0.98197
### END_ENTRY users=2180 run=5 ###

### ENTRY users=2190 run=5 seed=5 ###
ResponseTime=24.64008 Throughput=72.18750 goodput=34.24375 badput=37.94375 completed=5479 timedout=6071 dropped=20670 Util=0.98197
### END_ENTRY users=2190 run=5 ###

### ENTRY users=2200 run=5 seed=5 ###
ResponseTime=24.88070 Throughput=72.16875 goodput=33.64375 badput=38.52500 completed=5383 timedout=6164 dropped=21544 Util=0.98195
### END_ENTRY users=2200 run=5 ###

### ENTRY users=2210 run=5 seed=5 ###
ResponseTime=24.57573 Throughput=72.58125 goodput=35.30625 badput=37.27500 completed=5649 timedout=5964 dropped=21441 Util=0.98197
### END_ENTRY users=2210 run=5 ###

### ENTRY users=2220 run=5 seed=5 ###
ResponseTime=24.40625 Throughput=73.23750 goodput=36.63750 badput=36.60000 completed=5862 timedout=5856 dropped=21399 Util=0.98198
### END_ENTRY users=2220 run=5 ###

### ENTRY users=2230 run=5 seed=5 ###
ResponseTime=24.75970 Throughput=72.42500 goodput=33.46250 badput=38.96250 completed=5354 timedout=6234 dropped=22814 Util=0.98193
### END_ENTRY users=2230 run=5 ###

### ENTRY users=2240 run=5 seed=5 ###
ResponseTime=25.08520 Throughput=71.06875 goodput=30.96250 badput=40.10625 completed=4954 timedout=6417 dropped=24473 Util=0.98192
### END_ENTRY users=2240 run=5 ###

### ENTRY users=2250 run=5 seed=5 ###
ResponseTime=24.99733 Throughput=71.88125 goodput=32.94375 badput=38.93750 completed=5271 timedout=6230 dropped=24437 Util=0.98194
### END_ENTRY users=2250 run=5 ###

### ENTRY users=2260 run=5 seed=5 ###
ResponseTime=24.87306 Throughput=71.70625 goodput=32.78750 badput=38.91875 completed=5246 timedout=6227 dropped=24866 Util=0.98192
### END_ENTRY users=2260 run=5 ###

### ENTRY users=2270 run=5 seed=5 ###
ResponseTime=25.13681 Throughput=71.27500 goodput=31.37500 badput=39.90000 completed=5020 timedout=6384 dropped=26011 Util=0.98191
### END_ENTRY users=2270 run=5 ###

### ENTRY users=2280 run=5 seed=5 ###
ResponseTime=24.69482 Throughput=72.55625 goodput=34.15625 badput=38.40000 completed=5465 timedout=6144 dropped=25352 Util=0.98195
### END_ENTRY users=2280 run=5 ###

### ENTRY users=2290 run=5 seed=5 ###
ResponseTime=25.03973 Throughput=71.08125 goodput=31.55625 badput=39.52500 completed=5049 timedout=6324 dropped=27059 Util=0.98192
### END_ENTRY users=2290 run=5 ###

### ENTRY users=2300 run=5 seed=5 ###
ResponseTime=24.46381 Throughput=73.36250 goodput=36.55625 badput=36.80625 completed=5849 timedout=5889 dropped=25787 Util=0.98196
### END_ENTRY users=2300 run=5 ###

### ENTRY users=2310 run=5 seed=5 ###
ResponseTime=24.96023 Throughput=71.64375 goodput=32.81875 badput=38.82500 completed=5251 timedout=6212 dropped=27687 Util=0.98194
### END_ENTRY users=2310 run=5 ###

### ENTRY users=2320 run=5 seed=5 ###
ResponseTime=24.94646 Throughput=71.87500 goodput=32.66875 badput=39.20625 completed=5227 timedout=6273 dropped=28157 Util=0.98195
### END_ENTRY users=2320 run=5 ###

### ENTRY users=2330 run=5 seed=5 ###
ResponseTime=24.77115 Throughput=72.60625 goodput=34.21250 badput=38.39375 completed=5474 timedout=6143 dropped=28119 Util=0.98194
### END_ENTRY users=2330 run=5 ###

### ENTRY users=2340 run=5 seed=5 ###
ResponseTime=24.69736 Throughput=72.86875 goodput=35.87500 badput=36.99375 completed=5740 timedout=5919 dropped=28421 Util=0.98197
### END_ENTRY users=2340 run=5 ###

### ENTRY users=2350 run=5 seed=5 ###
ResponseTime=24.62888 Throughput=72.66250 goodput=35.17500 badput=37.48750 completed=5628 timedout=5998 dropped=28905 Util=0.98194
### END_ENTRY users=2350 run=5 ###

### ENTRY users=2360 run=5 seed=5 ###
ResponseTime=24.98238 Throughput=71.70625 goodput=33.02500 badput=38.68125 completed=5284 timedout=6189 dropped=30226 Util=0.98190
### END_ENTRY users=2360 run=5 ###

### ENTRY users=2370 run=5 seed=5 ###
ResponseTime=24.86555 Throughput=72.40000 goodput=34.31250 badput=38.08750 completed=5490 timedout=6094 dropped=30546 Util=0.98194
### END_ENTRY users=2370 run=5 ###

### ENTRY users=2380 run=5 seed=5 ###
ResponseTime=24.79379 Throughput=72.36875 goodput=33.84375 badput=38.52500 completed=5415 timedout=6164 dropped=30911 Util=0.98192
### END_ENTRY users=2380 run=5 ###

### ENTRY users=2390 run=5 seed=5 ###
ResponseTime=24.50574 Throughput=73.10000 goodput=36.20000 badput=36.90000 completed=5792 timedout=5904 dropped=30757 Util=0.98198
### END_ENTRY users=2390 run=5 ###

### ENTRY users=2400 run=5 seed=5 ###
ResponseTime=24.82335 Throughput=72.12500 goodput=34.25625 badput=37.86875 completed=5481 timedout=6059 dropped=32070 Util=0.98195
### END_ENTRY users=2400 run=5 ###

### ENTRY users=2410 run=5 seed=5 ###
ResponseTime=24.83761 Throughput=72.18125 goodput=33.55625 badput=38.62500 completed=5369 timedout=6180 dropped=32961 Util=0.98195
### END_ENTRY users=2410 run=5 ###

### ENTRY users=2420 run=5 seed=5 ###
ResponseTime=24.99170 Throughput=71.66250 goodput=32.31875 badput=39.34375 completed=5171 timedout=6295 dropped=33821 Util=0.98192
### END_ENTRY users=2420 run=5 ###

### ENTRY users=2430 run=5 seed=5 ###
ResponseTime=25.02984 Throughput=71.30000 goodput=32.36875 badput=38.93125 completed=5179 timedout=6229 dropped=34509 Util=0.98192
### END_ENTRY users=2430 run=5 ###

### ENTRY users=2440 run=5 seed=5 ###
ResponseTime=24.60350 Throughput=72.53750 goodput=35.53125 badput=37.00625 completed=5685 timedout=5921 dropped=33823 Util=0.98196
### END_ENTRY users=2440 run=5 ###

### ENTRY users=2450 run=5 seed=5 ###
ResponseTime=25.07099 Throughput=71.15625 goodput=31.81875 badput=39.33750 completed=5091 timedout=6294 dropped=35686 Util=0.98190
### END_ENTRY users=2450 run=5 ###

### ENTRY users=2460 run=5 seed=5 ###
ResponseTime=24.61602 Throughput=72.56875 goodput=34.65625 badput=37.91250 completed=5545 timedout=6066 dropped=35146 Util=0.98197
### END_ENTRY users=2460 run=5 ###

### ENTRY users=2470 run=5 seed=5 ###
ResponseTime=25.09544 Throughput=71.30625 goodput=32.00625 badput=39.30000 completed=5121 timedout=6288 dropped=36734 Util=0.98193
### END_ENTRY users=2470 run=5 ###

### ENTRY users=2480 run=5 seed=5 ###
ResponseTime=24.55657 Throughput=72.83125 goodput=35.46250 badput=37.36875 completed=5674 timedout=5979 dropped=35858 Util=0.98192
### END_ENTRY users=2480 run=5 ###

### ENTRY users=2490 run=5 seed=5 ###
ResponseTime=24.73136 Throughput=71.67500 goodput=33.86875 badput=37.80625 completed=5419 timedout=6049 dropped=37100 Util=0.98195
### END_ENTRY users=2490 run=5 ###

### ENTRY users=2500 run=5 seed=5 ###
ResponseTime=25.08888 Throughput=71.37500 goodput=32.03125 badput=39.34375 completed=5125 timedout=6295 dropped=38298 Util=0.98196
### END_ENTRY users=2500 run=5 ###

### ENTRY users=2510 run=5 seed=5 ###
ResponseTime=24.72584 Throughput=72.70625 goodput=34.15000 badput=38.55625 completed=5464 timedout=6169 dropped=37796 Util=0.98194
### END_ENTRY users=2510 run=5 ###

### ENTRY users=2520 run=5 seed=5 ###
ResponseTime=25.15817 Throughput=71.10000 goodput=30.83750 badput=40.26250 completed=4934 timedout=6442 dropped=39897 Util=0.98194
### END_ENTRY users=2520 run=5 ###

### ENTRY users=2530 run=5 seed=5 ###
ResponseTime=24.79407 Throughput=72.30000 goodput=33.93125 badput=38.36875 completed=5429 timedout=6139 dropped=39098 Util=0.98194
### END_ENTRY users=2530 run=5 ###

### ENTRY users=2540 run=5 seed=5 ###
ResponseTime=24.91554 Throughput=72.15625 goodput=33.78750 badput=38.36875 completed=5406 timedout=6139 dropped=39881 Util=0.98198
### END_ENTRY users=2540 run=5 ###

### ENTRY users=2550 run=5 seed=5 ###
ResponseTime=24.93530 Throughput=72.09375 goodput=32.66250 badput=39.43125 completed=5226 timedout=6309 dropped=40820 Util=0.98193
### END_ENTRY users=2550 run=5 ###

### ENTRY users=2560 run=5 seed=5 ###
ResponseTime=24.85237 Throughput=72.10625 goodput=34.12500 badput=37.98125 completed=5460 timedout=6077 dropped=40714 Util=0.98195
### END_ENTRY users=2560 run=5 ###

### ENTRY users=2570 run=5 seed=5 ###
ResponseTime=24.95187 Throughput=71.90625 goodput=33.23750 badput=38.66875 completed=5318 timedout=6187 dropped=41711 Util=0.98193
### END_ENTRY users=2570 run=5 ###

### ENTRY users=2580 run=5 seed=5 ###
ResponseTime=25.17225 Throughput=71.19375 goodput=30.86250 badput=40.33125 completed=4938 timedout=6453 dropped=42841 Util=0.98193
### END_ENTRY users=2580 run=5 ###

### ENTRY users=2590 run=5 seed=5 ###
ResponseTime=25.22954 Throughput=70.61875 goodput=30.15000 badput=40.46875 completed=4824 timedout=6475 dropped=43824 Util=0.98192
### END_ENTRY users=2590 run=5 ###

### ENTRY users=2600 run=5 seed=5 ###
ResponseTime=24.84407 Throughput=72.38750 goodput=33.90625 badput=38.48125 completed=5425 timedout=6157 dropped=42934 Util=0.98195
### END_ENTRY users=2600 run=5 ###

### ENTRY users=2610 run=5 seed=5 ###
ResponseTime=25.03698 Throughput=71.53750 goodput=32.19375 badput=39.34375 completed=5151 timedout=6295 dropped=44152 Util=0.98195
### END_ENTRY users=2610 run=5 ###

### ENTRY users=2620 run=5 seed=5 ###
ResponseTime=25.07641 Throughput=71.42500 goodput=31.58750 badput=39.83750 completed=5054 timedout=6374 dropped=44953 Util=0.98191
### END_ENTRY users=2620 run=5 ###

### ENTRY users=2630 run=5 seed=5 ###
ResponseTime=25.19851 Throughput=71.15000 goodput=31.18750 badput=39.96250 completed=4990 timedout=6394 dropped=45770 Util=0.98193
### END_ENTRY users=2630 run=5 ###

### ENTRY users=2640 run=5 seed=5 ###
ResponseTime=24.76398 Throughput=72.41250 goodput=33.78125 badput=38.63125 completed=5405 timedout=6181 dropped=45142 Util=0.98196
### END_ENTRY users=2640 run=5 ###

### ENTRY users=2650 run=5 seed=5 ###
ResponseTime=24.70985 Throughput=72.56250 goodput=34.68125 badput=37.88125 completed=5549 timedout=6061 dropped=45607 Util=0.98196
### END_ENTRY users=2650 run=5 ###

### ENTRY users=2660 run=5 seed=5 ###
ResponseTime=25.06684 Throughput=71.70625 goodput=32.55625 badput=39.15000 completed=5209 timedout=6264 dropped=46997 Util=0.98195
### END_ENTRY users=2660 run=5 ###

### ENTRY users=2670 run=5 seed=5 ###
ResponseTime=25.06646 Throughput=71.12500 goodput=30.68125 badput=40.44375 completed=4909 timedout=6471 dropped=47943 Util=0.98193
### END_ENTRY users=2670 run=5 ###

### ENTRY users=2680 run=5 seed=5 ###
ResponseTime=25.04430 Throughput=71.60000 goodput=32.47500 badput=39.12500 completed=5196 timedout=6260 dropped=47915 Util=0.98194
### END_ENTRY users=2680 run=5 ###

### ENTRY users=2690 run=5 seed=5 ###
ResponseTime=24.83350 Throughput=72.20625 goodput=33.88125 badput=38.32500 completed=5421 timedout=6132 dropped=47957 Util=0.98194
### END_ENTRY users=2690 run=5 ###

### ENTRY users=2700 run=5 seed=5 ###
ResponseTime=24.90273 Throughput=72.25000 goodput=33.38125 badput=38.86875 completed=5341 timedout=6219 dropped=48660 Util=0.98194
### END_ENTRY users=2700 run=5 ###

### ENTRY users=2710 run=5 seed=5 ###
ResponseTime=24.85645 Throughput=72.11250 goodput=33.25000 badput=38.86250 completed=5320 timedout=6218 dropped=49138 Util=0.98194
### END_ENTRY users=2710 run=5 ###

### ENTRY users=2720 run=5 seed=5 ###
ResponseTime=24.86763 Throughput=72.12500 goodput=33.58125 badput=38.54375 completed=5373 timedout=6167 dropped=49645 Util=0.98193
### END_ENTRY users=2720 run=5 ###

### ENTRY users=2730 run=5 seed=5 ###
ResponseTime=24.93269 Throughput=71.77500 goodput=32.81250 badput=38.96250 completed=5250 timedout=6234 dropped=50429 Util=0.98196
### END_ENTRY users=2730 run=5 ###

### ENTRY users=2740 run=5 seed=5 ###
ResponseTime=24.64515 Throughput=73.00000 goodput=35.44375 badput=37.55625 completed=5671 timedout=6009 dropped=50151 Util=0.98194
### END_ENTRY users=2740 run=5 ###

### ENTRY users=2750 run=5 seed=5 ###
ResponseTime=25.03754 Throughput=71.56875 goodput=32.31250 badput=39.25625 completed=5170 timedout=6281 dropped=51835 Util=0.98192
### END_ENTRY users=2750 run=5 ###

### ENTRY users=2760 run=5 seed=5 ###
ResponseTime=24.71105 Throughput=72.33125 goodput=34.41250 badput=37.91875 completed=5506 timedout=6067 dropped=51648 Util=0.98195
### END_ENTRY users=2760 run=5 ###

### ENTRY users=2770 run=5 seed=5 ###
ResponseTime=24.74581 Throughput=72.34375 goodput=34.01875 badput=38.32500 completed=5443 timedout=6132 dropped=52188 Util=0.98196
### END_ENTRY users=2770 run=5 ###

### ENTRY users=2780 run=5 seed=5 ###
ResponseTime=24.57420 Throughput=73.17500 goodput=35.22500 badput=37.95000 completed=5636 timedout=6072 dropped=52599 Util=0.98195
### END_ENTRY users=2780 run=5 ###

### ENTRY users=2790 run=5 seed=5 ###
ResponseTime=25.12733 Throughput=71.14375 goodput=30.67500 badput=40.46875 completed=4908 timedout=6475 dropped=54501 Util=0.98192
### END_ENTRY users=2790 run=5 ###

### ENTRY users=2800 run=5 seed=5 ###
ResponseTime=24.70696 Throughput=72.78750 goodput=34.70000 badput=38.08750 completed=5552 timedout=6094 dropped=53550 Util=0.98197
### END_ENTRY users=2800 run=5 ###

### ENTRY users=2810 run=5 seed=5 ###
ResponseTime=24.90438 Throughput=72.20000 goodput=32.74375 badput=39.45625 completed=5239 timedout=6313 dropped=54729 Util=0.98195
### END_ENTRY users=2810 run=5 ###

### ENTRY users=2820 run=5 seed=5 ###
ResponseTime=24.80782 Throughput=71.64375 goodput=33.60625 badput=38.03750 completed=5377 timedout=6086 dropped=55222 Util=0.98194
### END_ENTRY users=2820 run=5 ###

### ENTRY users=2830 run=5 seed=5 ###
ResponseTime=24.85610 Throughput=71.78750 goodput=32.52500 badput=39.26250 completed=5204 timedout=6282 dropped=55948 Util=0.98193
### END_ENTRY users=2830 run=5 ###

### ENTRY users=2840 run=5 seed=5 ###
ResponseTime=24.92000 Throughput=71.74375 goodput=33.12500 badput=38.61875 completed=5300 timedout=6179 dropped=56430 Util=0.98193
### END_ENTRY users=2840 run=5 ###

### ENTRY users=2850 run=5 seed=5 ###
ResponseTime=24.73269 Throughput=72.55625 goodput=33.92500 badput=38.63125 completed=5428 timedout=6181 dropped=56630 Util=0.98198
### END_ENTRY users=2850 run=5 ###

### ENTRY users=2860 run=5 seed=5 ###
ResponseTime=24.84705 Throughput=71.42500 goodput=32.48750 badput=38.93750 completed=5198 timedout=6230 dropped=57556 Util=0.98191
### END_ENTRY users=2860 run=5 ###

### ENTRY users=2870 run=5 seed=5 ###
ResponseTime=25.03426 Throughput=71.84375 goodput=32.39375 badput=39.45000 completed=5183 timedout=6312 dropped=58305 Util=0.98194
### END_ENTRY users=2870 run=5 ###

### ENTRY users=2880 run=5 seed=5 ###
ResponseTime=24.75081 Throughput=72.47500 goodput=33.93125 badput=38.54375 completed=5429 timedout=6167 dropped=58399 Util=0.98196
### END_ENTRY users=2880 run=5 ###

### ENTRY users=2890 run=5 seed=5 ###
ResponseTime=24.68663 Throughput=72.52500 goodput=33.90625 badput=38.61875 completed=5425 timedout=6179 dropped=58670 Util=0.98196
### END_ENTRY users=2890 run=5 ###

### ENTRY users=2900 run=5 seed=5 ###
ResponseTime=25.25410 Throughput=70.63125 goodput=29.86250 badput=40.76875 completed=4778 timedout=6523 dropped=60819 Util=0.98188
### END_ENTRY users=2900 run=5 ###

### ENTRY users=2910 run=5 seed=5 ###
ResponseTime=24.88010 Throughput=72.04375 goodput=33.08750 badput=38.95625 completed=5294 timedout=6233 dropped=60093 Util=0.98193
### END_ENTRY users=2910 run=5 ###

### ENTRY users=2920 run=5 seed=5 ###
ResponseTime=25.06681 Throughput=71.88125 goodput=32.44375 badput=39.43750 completed=5191 timedout=6310 dropped=61029 Util=0.98194
### END_ENTRY users=2920 run=5 ###

### ENTRY users=2930 run=5 seed=5 ###
ResponseTime=24.78430 Throughput=72.31875 goodput=34.16250 badput=38.15625 completed=5466 timedout=6105 dropped=60991 Util=0.98194
### END_ENTRY users=2930 run=5 ###

### ENTRY users=2940 run=5 seed=5 ###
ResponseTime=24.90198 Throughput=71.58125 goodput=32.96250 badput=38.61875 completed=5274 timedout=6179 dropped=61893 Util=0.98195
### END_ENTRY users=2940 run=5 ###

### ENTRY users=2950 run=5 seed=5 ###
ResponseTime=24.79950 Throughput=72.14375 goodput=33.39375 badput=38.75000 completed=5343 timedout=6200 dropped=62433 Util=0.98193
### END_ENTRY users=2950 run=5 ###

### ENTRY users=2960 run=5 seed=5 ###
ResponseTime=24.46312 Throughput=73.88125 goodput=36.75000 badput=37.13125 completed=5880 timedout=5941 dropped=61615 Util=0.98200
### END_ENTRY users=2960 run=5 ###

### ENTRY users=2970 run=5 seed=5 ###
ResponseTime=24.99351 Throughput=71.38750 goodput=32.05000 badput=39.33750 completed=5128 timedout=6294 dropped=63814 Util=0.98193
### END_ENTRY users=2970 run=5 ###

### ENTRY users=2980 run=5 seed=5 ###
ResponseTime=24.74733 Throughput=71.93125 goodput=32.98125 badput=38.95000 completed=5277 timedout=6232 dropped=63779 Util=0.98197
### END_ENTRY users=2980 run=5 ###

### ENTRY users=2990 run=5 seed=5 ###
ResponseTime=24.94622 Throughput=71.79375 goodput=32.56875 badput=39.22500 completed=5211 timedout=6276 dropped=64915 Util=0.98192
### END_ENTRY users=2990 run=5 ###

### ENTRY users=3000 run=5 seed=5 ###
ResponseTime=24.93412 Throughput=71.90000 goodput=32.81250 badput=39.08750 completed=5250 timedout=6254 dropped=65251 Util=0.98193
### END_ENTRY users=3000 run=5 ###

