=== RUN FILE confidence_interval/run_25.log (run index = 25) ===
### ENTRY users=10 run=25 seed=25 ###
ResponseTime=0.06000 Throughput=3.06250 goodput=3.06250 badput=0.00000 completed=541 timedout=0 dropped=0 Util=0.04497
### END_ENTRY users=10 run=25 ###

### ENTRY users=20 run=25 seed=25 ###
ResponseTime=0.06307 Throughput=6.11875 goodput=6.11875 badput=0.00000 completed=1080 timedout=0 dropped=0 Util=0.09244
### END_ENTRY users=20 run=25 ###

### ENTRY users=30 run=25 seed=25 ###
ResponseTime=0.06546 Throughput=9.22500 goodput=9.22500 badput=0.00000 completed=1622 timedout=0 dropped=0 Util=0.13912
### END_ENTRY users=30 run=25 ###

### ENTRY users=40 run=25 seed=25 ###
ResponseTime=0.06725 Throughput=12.24375 goodput=12.24375 badput=0.00000 completed=2155 timedout=0 dropped=0 Util=0.18076
### END_ENTRY users=40 run=25 ###

### ENTRY users=50 run=25 seed=25 ###
ResponseTime=0.06934 Throughput=15.29375 goodput=15.29375 badput=0.00000 completed=2688 timedout=0 dropped=0 Util=0.22549
### END_ENTRY users=50 run=25 ###

### ENTRY users=60 run=25 seed=25 ###
ResponseTime=0.07441 Throughput=18.36875 goodput=18.36875 badput=0.00000 completed=3227 timedout=0 dropped=0 Util=0.26936
### END_ENTRY users=60 run=25 ###

### ENTRY users=70 run=25 seed=25 ###
ResponseTime=0.08223 Throughput=21.35625 goodput=21.35625 badput=0.00000 completed=3754 timedout=0 dropped=0 Util=0.31339
### END_ENTRY users=70 run=25 ###

### ENTRY users=80 run=25 seed=25 ###
ResponseTime=0.09482 Throughput=24.31250 goodput=24.31250 badput=0.00000 completed=4269 timedout=0 dropped=0 Util=0.36458
### END_ENTRY users=80 run=25 ###

### ENTRY users=90 run=25 seed=25 ###
ResponseTime=0.09857 Throughput=27.31250 goodput=27.31250 badput=0.00000 completed=4805 timedout=0 dropped=0 Util=0.40929
### END_ENTRY users=90 run=25 ###

### ENTRY users=100 run=25 seed=25 ###
ResponseTime=0.09933 Throughput=30.31875 goodput=30.31875 badput=0.00000 completed=5332 timedout=0 dropped=0 Util=0.45260
### END_ENTRY users=100 run=25 ###

### ENTRY users=110 run=25 seed=25 ###
ResponseTime=0.11387 Throughput=33.25000 goodput=33.25000 badput=0.00000 completed=5841 timedout=0 dropped=0 Util=0.50014
### END_ENTRY users=110 run=25 ###

### ENTRY users=120 run=25 seed=25 ###
ResponseTime=0.12554 Throughput=36.08750 goodput=36.08750 badput=0.00000 completed=6346 timedout=0 dropped=0 Util=0.54640
### END_ENTRY users=120 run=25 ###

### ENTRY users=130 run=25 seed=25 ###
ResponseTime=0.13661 Throughput=39.00000 goodput=39.00000 badput=0.00000 completed=6853 timedout=0 dropped=0 Util=0.58537
### END_ENTRY users=130 run=25 ###

### ENTRY users=140 run=25 seed=25 ###
ResponseTime=0.16059 Throughput=41.69375 goodput=41.69375 badput=0.00000 completed=7337 timedout=0 dropped=0 Util=0.63077
### END_ENTRY users=140 run=25 ###

### ENTRY users=150 run=25 seed=25 ###
ResponseTime=0.17957 Throughput=44.38750 goodput=44.38750 badput=0.00000 completed=7807 timedout=0 dropped=0 Util=0.68202
### END_ENTRY users=150 run=25 ###

### ENTRY users=160 run=25 seed=25 ###
ResponseTime=0.19567 Throughput=47.11250 goodput=47.11250 badput=0.00000 completed=8284 timedout=0 dropped=0 Util=0.72228
### END_ENTRY users=160 run=25 ###

### ENTRY users=170 run=25 seed=25 ###
ResponseTime=0.24023 Throughput=49.38125 goodput=49.38125 badput=0.00000 completed=8694 timedout=0 dropped=0 Util=0.74938
### END_ENTRY users=170 run=25 ###

### ENTRY users=180 run=25 seed=25 ###
ResponseTime=0.25180 Throughput=52.21875 goodput=52.21875 badput=0.00000 completed=9172 timedout=0 dropped=0 Util=0.78098
### END_ENTRY users=180 run=25 ###

### ENTRY users=190 run=25 seed=25 ###
ResponseTime=0.28895 Throughput=54.56250 goodput=54.56250 badput=0.00000 completed=9601 timedout=0 dropped=0 Util=0.82382
### END_ENTRY users=190 run=25 ###

### ENTRY users=200 run=25 seed=25 ###
ResponseTime=0.32622 Throughput=56.74375 goodput=56.74375 badput=0.00000 completed=9975 timedout=0 dropped=0 Util=0.84699
### END_ENTRY users=200 run=25 ###

### ENTRY users=210 run=25 seed=25 ###
ResponseTime=0.40245 Throughput=58.28125 goodput=58.28125 badput=0.00000 completed=10273 timedout=0 dropped=0 Util=0.87618
### END_ENTRY users=210 run=25 ###

### ENTRY users=220 run=25 seed=25 ###
ResponseTime=0.39343 Throughput=61.32500 goodput=61.32500 badput=0.00000 completed=10785 timedout=0 dropped=0 Util=0.89959
### END_ENTRY users=220 run=25 ###

### ENTRY users=230 run=25 seed=25 ###
ResponseTime=0.50301 Throughput=62.18750 goodput=62.18750 badput=0.00000 completed=10907 timedout=0 dropped=0 Util=0.92638
### END_ENTRY users=230 run=25 ###

### ENTRY users=240 run=25 seed=25 ###
ResponseTime=0.58961 Throughput=63.15625 goodput=63.15625 badput=0.00000 completed=11121 timedout=0 dropped=0 Util=0.94171
### END_ENTRY users=240 run=25 ###

### ENTRY users=250 run=25 seed=25 ###
ResponseTime=0.75785 Throughput=63.37500 goodput=63.37500 badput=0.00000 completed=11120 timedout=0 dropped=0 Util=0.96434
### END_ENTRY users=250 run=25 ###

### ENTRY users=260 run=25 seed=25 ###
ResponseTime=0.80704 Throughput=65.01250 goodput=65.01250 badput=0.00000 completed=11392 timedout=0 dropped=0 Util=0.97026
### END_ENTRY users=260 run=25 ###

### ENTRY users=270 run=25 seed=25 ###
ResponseTime=0.97689 Throughput=64.59375 goodput=64.59375 badput=0.00000 completed=11359 timedout=0 dropped=0 Util=0.97723
### END_ENTRY users=270 run=25 ###

### ENTRY users=280 run=25 seed=25 ###
ResponseTime=1.07081 Throughput=65.50625 goodput=65.50625 badput=0.00000 completed=11514 timedout=0 dropped=0 Util=0.97994
### END_ENTRY users=280 run=25 ###

### ENTRY users=290 run=25 seed=25 ###
ResponseTime=1.23900 Throughput=65.16250 goodput=65.16250 badput=0.00000 completed=11454 timedout=0 dropped=0 Util=0.98003
### END_ENTRY users=290 run=25 ###

### ENTRY users=300 run=25 seed=25 ###
ResponseTime=1.30198 Throughput=66.61250 goodput=66.61250 badput=0.00000 completed=11704 timedout=0 dropped=0 Util=0.98194
### END_ENTRY users=300 run=25 ###

### ENTRY users=310 run=25 seed=25 ###
ResponseTime=1.46319 Throughput=66.58125 goodput=66.58125 badput=0.00000 completed=11650 timedout=0 dropped=0 Util=0.98201
### END_ENTRY users=310 run=25 ###

### ENTRY users=320 run=25 seed=25 ###
ResponseTime=1.66187 Throughput=65.74375 goodput=65.74375 badput=0.00000 completed=11583 timedout=0 dropped=0 Util=0.98195
### END_ENTRY users=320 run=25 ###

### ENTRY users=330 run=25 seed=25 ###
ResponseTime=1.89239 Throughput=64.86250 goodput=64.86250 badput=0.00000 completed=11430 timedout=0 dropped=0 Util=0.98200
### END_ENTRY users=330 run=25 ###

### ENTRY users=340 run=25 seed=25 ###
ResponseTime=2.09502 Throughput=64.11250 goodput=64.11250 badput=0.00000 completed=11322 timedout=0 dropped=0 Util=0.98197
### END_ENTRY users=340 run=25 ###

### ENTRY users=350 run=25 seed=25 ###
ResponseTime=2.17311 Throughput=65.12500 goodput=65.12500 badput=0.00000 completed=11475 timedout=0 dropped=0 Util=0.98197
### END_ENTRY users=350 run=25 ###

### ENTRY users=360 run=25 seed=25 ###
ResponseTime=2.36735 Throughput=64.66875 goodput=64.66875 badput=0.00000 completed=11404 timedout=0 dropped=0 Util=0.98196
### END_ENTRY users=360 run=25 ###

### ENTRY users=370 run=25 seed=25 ###
ResponseTime=2.36753 Throughput=66.43750 goodput=66.43750 badput=0.00000 completed=11716 timedout=0 dropped=0 Util=0.98199
### END_ENTRY users=370 run=25 ###

### ENTRY users=380 run=25 seed=25 ###
ResponseTime=2.65211 Throughput=65.01875 goodput=65.01250 badput=0.00625 completed=11433 timedout=1 dropped=0 Util=0.98194
### END_ENTRY users=380 run=25 ###

### ENTRY users=390 run=25 seed=25 ###
ResponseTime=2.77082 Throughput=65.23125 goodput=65.22500 badput=0.00625 completed=11520 timedout=1 dropped=0 Util=0.98200
### END_ENTRY users=390 run=25 ###

### ENTRY users=400 run=25 seed=25 ###
ResponseTime=2.85265 Throughput=66.06875 goodput=66.04375 badput=0.02500 completed=11685 timedout=4 dropped=0 Util=0.98197
### END_ENTRY users=400 run=25 ###

### ENTRY users=410 run=25 seed=25 ###
ResponseTime=3.00783 Throughput=65.94375 goodput=65.91250 badput=0.03125 completed=11680 timedout=5 dropped=0 Util=0.98200
### END_ENTRY users=410 run=25 ###

### ENTRY users=420 run=25 seed=25 ###
ResponseTime=3.24088 Throughput=65.29375 goodput=65.26875 badput=0.02500 completed=11513 timedout=4 dropped=0 Util=0.98199
### END_ENTRY users=420 run=25 ###

### ENTRY users=430 run=25 seed=25 ###
ResponseTime=3.33976 Throughput=65.63750 goodput=65.60000 badput=0.03750 completed=11576 timedout=6 dropped=0 Util=0.98198
### END_ENTRY users=430 run=25 ###

### ENTRY users=440 run=25 seed=25 ###
ResponseTime=3.56349 Throughput=65.06875 goodput=65.00000 badput=0.06875 completed=11498 timedout=11 dropped=0 Util=0.98196
### END_ENTRY users=440 run=25 ###

### ENTRY users=450 run=25 seed=25 ###
ResponseTime=3.68050 Throughput=65.35625 goodput=65.30000 badput=0.05625 completed=11516 timedout=9 dropped=0 Util=0.98197
### END_ENTRY users=450 run=25 ###

### ENTRY users=460 run=25 seed=25 ###
ResponseTime=3.78964 Throughput=65.76875 goodput=65.63125 badput=0.13750 completed=11615 timedout=22 dropped=0 Util=0.98198
### END_ENTRY users=460 run=25 ###

### ENTRY users=470 run=25 seed=25 ###
ResponseTime=3.98862 Throughput=65.35000 goodput=65.21875 badput=0.13125 completed=11499 timedout=21 dropped=0 Util=0.98193
### END_ENTRY users=470 run=25 ###

### ENTRY users=480 run=25 seed=25 ###
ResponseTime=4.08520 Throughput=65.91250 goodput=65.78125 badput=0.13125 completed=11577 timedout=21 dropped=0 Util=0.98197
### END_ENTRY users=480 run=25 ###

### ENTRY users=490 run=25 seed=25 ###
ResponseTime=4.38263 Throughput=64.68125 goodput=64.56250 badput=0.11875 completed=11424 timedout=19 dropped=0 Util=0.98195
### END_ENTRY users=490 run=25 ###

### ENTRY users=500 run=25 seed=25 ###
ResponseTime=4.51419 Throughput=64.73125 goodput=64.56875 badput=0.16250 completed=11448 timedout=26 dropped=0 Util=0.98194
### END_ENTRY users=500 run=25 ###

### ENTRY users=510 run=25 seed=25 ###
ResponseTime=4.49536 Throughput=66.40000 goodput=66.30625 badput=0.09375 completed=11696 timedout=15 dropped=0 Util=0.98197
### END_ENTRY users=510 run=25 ###

### ENTRY users=520 run=25 seed=25 ###
ResponseTime=4.69237 Throughput=65.88750 goodput=65.76250 badput=0.12500 completed=11589 timedout=20 dropped=0 Util=0.98196
### END_ENTRY users=520 run=25 ###

### ENTRY users=530 run=25 seed=25 ###
ResponseTime=4.85940 Throughput=65.61250 goodput=65.48750 badput=0.12500 completed=11580 timedout=20 dropped=0 Util=0.98196
### END_ENTRY users=530 run=25 ###

### ENTRY users=540 run=25 seed=25 ###
ResponseTime=4.98912 Throughput=65.69375 goodput=65.58750 badput=0.10625 completed=11642 timedout=17 dropped=0 Util=0.98197
### END_ENTRY users=540 run=25 ###

### ENTRY users=550 run=25 seed=25 ###
ResponseTime=5.18398 Throughput=65.49375 goodput=65.31875 badput=0.17500 completed=11515 timedout=28 dropped=0 Util=0.98195
### END_ENTRY users=550 run=25 ###

### ENTRY users=560 run=25 seed=25 ###
ResponseTime=5.37820 Throughput=65.34375 goodput=65.21250 badput=0.13125 completed=11527 timedout=21 dropped=0 Util=0.98195
### END_ENTRY users=560 run=25 ###

### ENTRY users=570 run=25 seed=25 ###
ResponseTime=5.62304 Throughput=64.63125 goodput=64.43750 badput=0.19375 completed=11378 timedout=31 dropped=0 Util=0.98196
### END_ENTRY users=570 run=25 ###

### ENTRY users=580 run=25 seed=25 ###
ResponseTime=5.63874 Throughput=65.78750 goodput=65.65625 badput=0.13125 completed=11574 timedout=21 dropped=0 Util=0.98195
### END_ENTRY users=580 run=25 ###

### ENTRY users=590 run=25 seed=25 ###
ResponseTime=5.89199 Throughput=64.66250 goodput=64.52500 badput=0.13750 completed=11502 timedout=22 dropped=0 Util=0.98196
### END_ENTRY users=590 run=25 ###

### ENTRY users=600 run=25 seed=25 ###
ResponseTime=5.84249 Throughput=66.35000 goodput=66.18750 badput=0.16250 completed=11704 timedout=26 dropped=0 Util=0.98201
### END_ENTRY users=600 run=25 ###

### ENTRY users=610 run=25 seed=25 ###
ResponseTime=6.17993 Throughput=65.00625 goodput=64.82500 badput=0.18125 completed=11431 timedout=29 dropped=0 Util=0.98195
### END_ENTRY users=610 run=25 ###

### ENTRY users=620 run=25 seed=25 ###
ResponseTime=6.27887 Throughput=65.47500 goodput=65.24375 badput=0.23125 completed=11493 timedout=37 dropped=0 Util=0.98194
### END_ENTRY users=620 run=25 ###

### ENTRY users=630 run=25 seed=25 ###
ResponseTime=6.41441 Throughput=65.56250 goodput=65.35625 badput=0.20625 completed=11528 timedout=33 dropped=0 Util=0.98197
### END_ENTRY users=630 run=25 ###

### ENTRY users=640 run=25 seed=25 ###
ResponseTime=6.63495 Throughput=65.05000 goodput=64.85625 badput=0.19375 completed=11468 timedout=31 dropped=0 Util=0.98196
### END_ENTRY users=640 run=25 ###

### ENTRY users=650 run=25 seed=25 ###
ResponseTime=6.75450 Throughput=65.25625 goodput=64.99375 badput=0.26250 completed=11521 timedout=42 dropped=0 Util=0.98193
### END_ENTRY users=650 run=25 ###

### ENTRY users=660 run=25 seed=25 ###
ResponseTime=6.89570 Throughput=65.29375 goodput=65.05000 badput=0.24375 completed=11527 timedout=39 dropped=0 Util=0.98195
### END_ENTRY users=660 run=25 ###

### ENTRY users=670 run=25 seed=25 ###
ResponseTime=7.00952 Throughput=65.54375 goodput=65.30625 badput=0.23750 completed=11528 timedout=38 dropped=0 Util=0.98193
### END_ENTRY users=670 run=25 ###

### ENTRY users=680 run=25 seed=25 ###
ResponseTime=7.16804 Throughput=65.55000 goodput=65.35000 badput=0.20000 completed=11531 timedout=32 dropped=0 Util=0.98194
### END_ENTRY users=680 run=25 ###

### ENTRY users=690 run=25 seed=25 ###
ResponseTime=7.28357 Throughput=65.59375 goodput=65.35625 badput=0.23750 completed=11625 timedout=38 dropped=0 Util=0.98195
### END_ENTRY users=690 run=25 ###

### ENTRY users=700 run=25 seed=25 ###
ResponseTime=7.45568 Throughput=65.54375 goodput=65.31875 badput=0.22500 completed=11540 timedout=36 dropped=0 Util=0.98198
### END_ENTRY users=700 run=25 ###

### ENTRY users=710 run=25 seed=25 ###
ResponseTime=7.70994 Throughput=65.26250 goodput=64.94375 badput=0.31875 completed=11444 timedout=51 dropped=0 Util=0.98194
### END_ENTRY users=710 run=25 ###

### ENTRY users=720 run=25 seed=25 ###
ResponseTime=7.83859 Throughput=65.11250 goodput=64.80625 badput=0.30625 completed=11491 timedout=49 dropped=0 Util=0.98192
### END_ENTRY users=720 run=25 ###

### ENTRY users=730 run=25 seed=25 ###
ResponseTime=7.86313 Throughput=65.86875 goodput=65.53750 badput=0.33125 completed=11553 timedout=53 dropped=0 Util=0.98195
### END_ENTRY users=730 run=25 ###

### ENTRY users=740 run=25 seed=25 ###
ResponseTime=8.06901 Throughput=65.67500 goodput=65.35000 badput=0.32500 completed=11520 timedout=52 dropped=0 Util=0.98197
### END_ENTRY users=740 run=25 ###

### ENTRY users=750 run=25 seed=25 ###
ResponseTime=8.27918 Throughput=65.04375 goodput=64.78125 badput=0.26250 completed=11471 timedout=42 dropped=0 Util=0.98192
### END_ENTRY users=750 run=25 ###

### ENTRY users=760 run=25 seed=25 ###
ResponseTime=8.35058 Throughput=65.50625 goodput=65.16250 badput=0.34375 completed=11571 timedout=55 dropped=0 Util=0.98196
### END_ENTRY users=760 run=25 ###

### ENTRY users=770 run=25 seed=25 ###
ResponseTime=8.57684 Throughput=65.40625 goodput=65.05000 badput=0.35625 completed=11475 timedout=57 dropped=0 Util=0.98196
### END_ENTRY users=770 run=25 ###

### ENTRY users=780 run=25 seed=25 ###
ResponseTime=8.79810 Throughput=64.99375 goodput=64.68750 badput=0.30625 completed=11408 timedout=49 dropped=0 Util=0.98196
### END_ENTRY users=780 run=25 ###

### ENTRY users=790 run=25 seed=25 ###
ResponseTime=8.71047 Throughput=66.23750 goodput=65.90625 badput=0.33125 completed=11597 timedout=53 dropped=0 Util=0.98195
### END_ENTRY users=790 run=25 ###

### ENTRY users=800 run=25 seed=25 ###
ResponseTime=8.91787 Throughput=65.95000 goodput=65.65000 badput=0.30000 completed=11590 timedout=48 dropped=0 Util=0.98194
### END_ENTRY users=800 run=25 ###

### ENTRY users=810 run=25 seed=25 ###
ResponseTime=9.27986 Throughput=64.88125 goodput=64.46875 badput=0.41250 completed=11386 timedout=66 dropped=0 Util=0.98194
### END_ENTRY users=810 run=25 ###

### ENTRY users=820 run=25 seed=25 ###
ResponseTime=9.10026 Throughput=66.33750 goodput=66.03125 badput=0.30625 completed=11667 timedout=49 dropped=0 Util=0.98199
### END_ENTRY users=820 run=25 ###

### ENTRY users=830 run=25 seed=25 ###
ResponseTime=9.34201 Throughput=66.11875 goodput=65.77500 badput=0.34375 completed=11617 timedout=55 dropped=0 Util=0.98198
### END_ENTRY users=830 run=25 ###

### ENTRY users=840 run=25 seed=25 ###
ResponseTime=9.40734 Throughput=66.43125 goodput=66.08750 badput=0.34375 completed=11669 timedout=55 dropped=0 Util=0.98200
### END_ENTRY users=840 run=25 ###

### ENTRY users=850 run=25 seed=25 ###
ResponseTime=9.68498 Throughput=65.70000 goodput=65.21250 badput=0.48750 completed=11524 timedout=78 dropped=0 Util=0.98196
### END_ENTRY users=850 run=25 ###

### ENTRY users=860 run=25 seed=25 ###
ResponseTime=9.88749 Throughput=65.40625 goodput=64.91250 badput=0.49375 completed=11532 timedout=79 dropped=0 Util=0.98196
### END_ENTRY users=860 run=25 ###

### ENTRY users=870 run=25 seed=25 ###
ResponseTime=10.09913 Throughput=65.00000 goodput=64.40000 badput=0.60000 completed=11427 timedout=96 dropped=0 Util=0.98193
### END_ENTRY users=870 run=25 ###

### ENTRY users=880 run=25 seed=25 ###
ResponseTime=10.22826 Throughput=65.29375 goodput=64.75625 badput=0.53750 completed=11463 timedout=86 dropped=0 Util=0.98194
### END_ENTRY users=880 run=25 ###

### ENTRY users=890 run=25 seed=25 ###
ResponseTime=10.23347 Throughput=65.94375 goodput=65.37500 badput=0.56875 completed=11565 timedout=91 dropped=0 Util=0.98196
### END_ENTRY users=890 run=25 ###

### ENTRY users=900 run=25 seed=25 ###
ResponseTime=10.56838 Throughput=65.31875 goodput=64.73125 badput=0.58750 completed=11461 timedout=94 dropped=0 Util=0.98196
### END_ENTRY users=900 run=25 ###

### ENTRY users=910 run=25 seed=25 ###
ResponseTime=10.53663 Throughput=66.04375 goodput=65.51250 badput=0.53125 completed=11579 timedout=85 dropped=0 Util=0.98197
### END_ENTRY users=910 run=25 ###

### ENTRY users=920 run=25 seed=25 ###
ResponseTime=11.01677 Throughput=64.48750 goodput=63.85000 badput=0.63750 completed=11304 timedout=102 dropped=0 Util=0.98192
### END_ENTRY users=920 run=25 ###

### ENTRY users=930 run=25 seed=25 ###
ResponseTime=10.98308 Throughput=65.51250 goodput=64.88750 badput=0.62500 completed=11481 timedout=100 dropped=0 Util=0.98196
### END_ENTRY users=930 run=25 ###

### ENTRY users=940 run=25 seed=25 ###
ResponseTime=11.23976 Throughput=64.80625 goodput=64.07500 badput=0.73125 completed=11371 timedout=117 dropped=0 Util=0.98192
### END_ENTRY users=940 run=25 ###

### ENTRY users=950 run=25 seed=25 ###
ResponseTime=11.23166 Throughput=65.65625 goodput=64.99375 badput=0.66250 completed=11507 timedout=106 dropped=0 Util=0.98196
### END_ENTRY users=950 run=25 ###

### ENTRY users=960 run=25 seed=25 ###
ResponseTime=11.51459 Throughput=65.06250 goodput=64.36875 badput=0.69375 completed=11380 timedout=111 dropped=0 Util=0.98193
### END_ENTRY users=960 run=25 ###

### ENTRY users=970 run=25 seed=25 ###
ResponseTime=11.57392 Throughput=65.54375 goodput=64.84375 badput=0.70000 completed=11484 timedout=112 dropped=0 Util=0.98197
### END_ENTRY users=970 run=25 ###

### ENTRY users=980 run=25 seed=25 ###
ResponseTime=11.81796 Throughput=65.05000 goodput=64.15625 badput=0.89375 completed=11334 timedout=143 dropped=0 Util=0.98196
### END_ENTRY users=980 run=25 ###

### ENTRY users=990 run=25 seed=25 ###
ResponseTime=11.80140 Throughput=65.64375 goodput=64.83750 badput=0.80625 completed=11468 timedout=129 dropped=0 Util=0.98198
### END_ENTRY users=990 run=25 ###

### ENTRY users=1000 run=25 seed=25 ###
ResponseTime=12.13849 Throughput=64.76875 goodput=63.98750 badput=0.78125 completed=11365 timedout=125 dropped=0 Util=0.98193
### END_ENTRY users=1000 run=25 ###

### ENTRY users=1010 run=25 seed=25 ###
ResponseTime=12.21662 Throughput=65.04375 goodput=64.16875 badput=0.87500 completed=11408 timedout=140 dropped=0 Util=0.98194
### END_ENTRY users=1010 run=25 ###

### ENTRY users=1020 run=25 seed=25 ###
ResponseTime=12.47728 Throughput=64.63750 goodput=63.67500 badput=0.96250 completed=11309 timedout=154 dropped=0 Util=0.98192
### END_ENTRY users=1020 run=25 ###

### ENTRY users=1030 run=25 seed=25 ###
ResponseTime=12.41806 Throughput=65.80625 goodput=64.75000 badput=1.05625 completed=11441 timedout=169 dropped=0 Util=0.98194
### END_ENTRY users=1030 run=25 ###

### ENTRY users=1040 run=25 seed=25 ###
ResponseTime=12.64559 Throughput=65.33125 goodput=64.43750 badput=0.89375 completed=11423 timedout=143 dropped=0 Util=0.98196
### END_ENTRY users=1040 run=25 ###

### ENTRY users=1050 run=25 seed=25 ###
ResponseTime=12.99654 Throughput=64.42500 goodput=63.18125 badput=1.24375 completed=11246 timedout=199 dropped=0 Util=0.98192
### END_ENTRY users=1050 run=25 ###

### ENTRY users=1060 run=25 seed=25 ###
ResponseTime=12.92934 Throughput=65.32500 goodput=64.28125 badput=1.04375 completed=11367 timedout=167 dropped=0 Util=0.98196
### END_ENTRY users=1060 run=25 ###

### ENTRY users=1070 run=25 seed=25 ###
ResponseTime=12.84715 Throughput=66.36875 goodput=65.32500 badput=1.04375 completed=11561 timedout=167 dropped=0 Util=0.98196
### END_ENTRY users=1070 run=25 ###

### ENTRY users=1080 run=25 seed=25 ###
ResponseTime=13.10988 Throughput=65.80625 goodput=64.64375 badput=1.16250 completed=11509 timedout=186 dropped=0 Util=0.98196
### END_ENTRY users=1080 run=25 ###

### ENTRY users=1090 run=25 seed=25 ###
ResponseTime=13.26976 Throughput=66.13125 goodput=65.03750 badput=1.09375 completed=11507 timedout=175 dropped=0 Util=0.98198
### END_ENTRY users=1090 run=25 ###

### ENTRY users=1100 run=25 seed=25 ###
ResponseTime=13.53940 Throughput=65.41875 goodput=64.16250 badput=1.25625 completed=11352 timedout=201 dropped=0 Util=0.98193
### END_ENTRY users=1100 run=25 ###

### ENTRY users=1110 run=25 seed=25 ###
ResponseTime=13.87285 Throughput=64.45625 goodput=62.97500 badput=1.48125 completed=11205 timedout=237 dropped=0 Util=0.98191
### END_ENTRY users=1110 run=25 ###

### ENTRY users=1120 run=25 seed=25 ###
ResponseTime=13.95663 Throughput=65.07500 goodput=63.58125 badput=1.49375 completed=11283 timedout=239 dropped=0 Util=0.98193
### END_ENTRY users=1120 run=25 ###

### ENTRY users=1130 run=25 seed=25 ###
ResponseTime=13.94746 Throughput=65.71875 goodput=64.18750 badput=1.53125 completed=11339 timedout=245 dropped=0 Util=0.98200
### END_ENTRY users=1130 run=25 ###

### ENTRY users=1140 run=25 seed=25 ###
ResponseTime=14.15762 Throughput=65.21875 goodput=63.55000 badput=1.66875 completed=11319 timedout=267 dropped=0 Util=0.98198
### END_ENTRY users=1140 run=25 ###

### ENTRY users=1150 run=25 seed=25 ###
ResponseTime=14.38108 Throughput=64.95000 goodput=63.14375 badput=1.80625 completed=11218 timedout=289 dropped=0 Util=0.98194
### END_ENTRY users=1150 run=25 ###

### ENTRY users=1160 run=25 seed=25 ###
ResponseTime=14.40907 Throughput=65.60625 goodput=64.06250 badput=1.54375 completed=11372 timedout=247 dropped=0 Util=0.98197
### END_ENTRY users=1160 run=25 ###

### ENTRY users=1170 run=25 seed=25 ###
ResponseTime=14.73032 Throughput=64.71250 goodput=62.87500 badput=1.83750 completed=11200 timedout=294 dropped=0 Util=0.98194
### END_ENTRY users=1170 run=25 ###

### ENTRY users=1180 run=25 seed=25 ###
ResponseTime=14.52627 Throughput=66.22500 goodput=64.51875 badput=1.70625 completed=11474 timedout=273 dropped=0 Util=0.98196
### END_ENTRY users=1180 run=25 ###

### ENTRY users=1190 run=25 seed=25 ###
ResponseTime=14.87222 Throughput=65.51250 goodput=63.69375 badput=1.81875 completed=11312 timedout=291 dropped=0 Util=0.98197
### END_ENTRY users=1190 run=25 ###

### ENTRY users=1200 run=25 seed=25 ###
ResponseTime=15.08201 Throughput=65.33750 goodput=63.35625 badput=1.98125 completed=11233 timedout=317 dropped=0 Util=0.98195
### END_ENTRY users=1200 run=25 ###

### ENTRY users=1210 run=25 seed=25 ###
ResponseTime=15.29452 Throughput=65.11875 goodput=63.00000 badput=2.11875 completed=11191 timedout=339 dropped=0 Util=0.98194
### END_ENTRY users=1210 run=25 ###

### ENTRY users=1220 run=25 seed=25 ###
ResponseTime=15.33522 Throughput=65.46875 goodput=63.31875 badput=2.15000 completed=11271 timedout=344 dropped=0 Util=0.98195
### END_ENTRY users=1220 run=25 ###

### ENTRY users=1230 run=25 seed=25 ###
ResponseTime=15.34712 Throughput=65.98125 goodput=63.76875 badput=2.21250 completed=11350 timedout=354 dropped=0 Util=0.98198
### END_ENTRY users=1230 run=25 ###

### ENTRY users=1240 run=25 seed=25 ###
ResponseTime=15.64453 Throughput=65.52500 goodput=63.14375 badput=2.38125 completed=11236 timedout=381 dropped=0 Util=0.98197
### END_ENTRY users=1240 run=25 ###

### ENTRY users=1250 run=25 seed=25 ###
ResponseTime=15.82948 Throughput=65.18125 goodput=62.70625 badput=2.47500 completed=11191 timedout=396 dropped=0 Util=0.98192
### END_ENTRY users=1250 run=25 ###

### ENTRY users=1260 run=25 seed=25 ###
ResponseTime=15.86335 Throughput=65.81875 goodput=63.41875 badput=2.40000 completed=11224 timedout=384 dropped=0 Util=0.98196
### END_ENTRY users=1260 run=25 ###

### ENTRY users=1270 run=25 seed=25 ###
ResponseTime=16.15875 Throughput=64.92500 goodput=62.25625 badput=2.66875 completed=11104 timedout=427 dropped=0 Util=0.98193
### END_ENTRY users=1270 run=25 ###

### ENTRY users=1280 run=25 seed=25 ###
ResponseTime=16.42126 Throughput=64.96250 goodput=62.05000 badput=2.91250 completed=11039 timedout=466 dropped=0 Util=0.98195
### END_ENTRY users=1280 run=25 ###

### ENTRY users=1290 run=25 seed=25 ###
ResponseTime=16.26619 Throughput=66.08125 goodput=63.28750 badput=2.79375 completed=11218 timedout=447 dropped=0 Util=0.98194
### END_ENTRY users=1290 run=25 ###

### ENTRY users=1300 run=25 seed=25 ###
ResponseTime=16.68402 Throughput=64.90000 goodput=61.89375 badput=3.00625 completed=11024 timedout=481 dropped=0 Util=0.98197
### END_ENTRY users=1300 run=25 ###

### ENTRY users=1310 run=25 seed=25 ###
ResponseTime=16.83994 Throughput=64.96875 goodput=61.75625 badput=3.21250 completed=10993 timedout=514 dropped=0 Util=0.98195
### END_ENTRY users=1310 run=25 ###

### ENTRY users=1320 run=25 seed=25 ###
ResponseTime=16.58265 Throughput=66.10625 goodput=63.21250 badput=2.89375 completed=11269 timedout=463 dropped=0 Util=0.98196
### END_ENTRY users=1320 run=25 ###

### ENTRY users=1330 run=25 seed=25 ###
ResponseTime=16.87273 Throughput=66.01250 goodput=62.88125 badput=3.13125 completed=11135 timedout=501 dropped=0 Util=0.98198
### END_ENTRY users=1330 run=25 ###

### ENTRY users=1340 run=25 seed=25 ###
ResponseTime=17.06887 Throughput=65.60625 goodput=62.07500 badput=3.53125 completed=11059 timedout=565 dropped=0 Util=0.98196
### END_ENTRY users=1340 run=25 ###

### ENTRY users=1350 run=25 seed=25 ###
ResponseTime=17.23274 Throughput=65.64375 goodput=62.12500 badput=3.51875 completed=11088 timedout=563 dropped=0 Util=0.98198
### END_ENTRY users=1350 run=25 ###

### ENTRY users=1360 run=25 seed=25 ###
ResponseTime=17.40334 Throughput=65.76875 goodput=61.87500 badput=3.89375 completed=11072 timedout=623 dropped=0 Util=0.98195
### END_ENTRY users=1360 run=25 ###

### ENTRY users=1370 run=25 seed=25 ###
ResponseTime=17.65956 Throughput=65.03125 goodput=60.90625 badput=4.12500 completed=10891 timedout=660 dropped=0 Util=0.98192
### END_ENTRY users=1370 run=25 ###

### ENTRY users=1380 run=25 seed=25 ###
ResponseTime=17.78084 Throughput=65.42500 goodput=61.06250 badput=4.36250 completed=10888 timedout=698 dropped=0 Util=0.98196
### END_ENTRY users=1380 run=25 ###

### ENTRY users=1390 run=25 seed=25 ###
ResponseTime=18.16645 Throughput=64.58125 goodput=59.56875 badput=5.01250 completed=10630 timedout=802 dropped=0 Util=0.98192
### END_ENTRY users=1390 run=25 ###

### ENTRY users=1400 run=25 seed=25 ###
ResponseTime=18.28933 Throughput=64.36875 goodput=59.45000 badput=4.91875 completed=10673 timedout=787 dropped=0 Util=0.98193
### END_ENTRY users=1400 run=25 ###

### ENTRY users=1410 run=25 seed=25 ###
ResponseTime=17.93057 Throughput=65.61250 goodput=61.29375 badput=4.31875 completed=10959 timedout=691 dropped=0 Util=0.98194
### END_ENTRY users=1410 run=25 ###

### ENTRY users=1420 run=25 seed=25 ###
ResponseTime=18.31109 Throughput=65.49375 goodput=60.61875 badput=4.87500 completed=10837 timedout=780 dropped=0 Util=0.98197
### END_ENTRY users=1420 run=25 ###

### ENTRY users=1430 run=25 seed=25 ###
ResponseTime=18.43393 Throughput=65.61250 goodput=60.57500 badput=5.03750 completed=10812 timedout=806 dropped=0 Util=0.98198
### END_ENTRY users=1430 run=25 ###

### ENTRY users=1440 run=25 seed=25 ###
ResponseTime=18.53999 Throughput=65.62500 goodput=60.49375 badput=5.13125 completed=10812 timedout=821 dropped=0 Util=0.98197
### END_ENTRY users=1440 run=25 ###

### ENTRY users=1450 run=25 seed=25 ###
ResponseTime=18.87189 Throughput=65.26250 goodput=59.32500 badput=5.93750 completed=10666 timedout=950 dropped=0 Util=0.98195
### END_ENTRY users=1450 run=25 ###

### ENTRY users=1460 run=25 seed=25 ###
ResponseTime=18.74951 Throughput=65.95625 goodput=60.48750 badput=5.46875 completed=10763 timedout=875 dropped=0 Util=0.98195
### END_ENTRY users=1460 run=25 ###

### ENTRY users=1470 run=25 seed=25 ###
ResponseTime=19.17272 Throughput=65.16875 goodput=58.81250 badput=6.35625 completed=10532 timedout=1017 dropped=0 Util=0.98196
### END_ENTRY users=1470 run=25 ###

### ENTRY users=1480 run=25 seed=25 ###
ResponseTime=19.35889 Throughput=64.73750 goodput=57.68750 badput=7.05000 completed=10378 timedout=1128 dropped=0 Util=0.98195
### END_ENTRY users=1480 run=25 ###

### ENTRY users=1490 run=25 seed=25 ###
ResponseTime=19.25256 Throughput=65.50625 goodput=58.96250 badput=6.54375 completed=10554 timedout=1047 dropped=0 Util=0.98195
### END_ENTRY users=1490 run=25 ###

### ENTRY users=1500 run=25 seed=25 ###
ResponseTime=19.41912 Throughput=65.58750 goodput=58.96875 badput=6.61875 completed=10583 timedout=1059 dropped=0 Util=0.98193
### END_ENTRY users=1500 run=25 ###

### ENTRY users=1510 run=25 seed=25 ###
ResponseTime=19.49253 Throughput=65.70000 goodput=58.85625 badput=6.84375 completed=10555 timedout=1095 dropped=0 Util=0.98195
### END_ENTRY users=1510 run=25 ###

### ENTRY users=1520 run=25 seed=25 ###
ResponseTime=19.71328 Throughput=65.39375 goodput=57.95000 badput=7.44375 completed=10390 timedout=1191 dropped=0 Util=0.98194
### END_ENTRY users=1520 run=25 ###

### ENTRY users=1530 run=25 seed=25 ###
ResponseTime=20.13223 Throughput=64.76250 goodput=56.03125 badput=8.73125 completed=10090 timedout=1397 dropped=0 Util=0.98192
### END_ENTRY users=1530 run=25 ###

### ENTRY users=1540 run=25 seed=25 ###
ResponseTime=20.17417 Throughput=64.93750 goodput=56.44375 badput=8.49375 completed=10146 timedout=1359 dropped=0 Util=0.98196
### END_ENTRY users=1540 run=25 ###

### ENTRY users=1550 run=25 seed=25 ###
ResponseTime=20.47645 Throughput=64.61250 goodput=55.43750 badput=9.17500 completed=10022 timedout=1468 dropped=0 Util=0.98191
### END_ENTRY users=1550 run=25 ###

### ENTRY users=1560 run=25 seed=25 ###
ResponseTime=20.34709 Throughput=65.35625 goodput=56.32500 badput=9.03125 completed=10151 timedout=1445 dropped=0 Util=0.98198
### END_ENTRY users=1560 run=25 ###

### ENTRY users=1570 run=25 seed=25 ###
ResponseTime=20.30297 Throughput=66.07500 goodput=57.35625 badput=8.71875 completed=10290 timedout=1395 dropped=0 Util=0.98197
### END_ENTRY users=1570 run=25 ###

### ENTRY users=1580 run=25 seed=25 ###
ResponseTime=20.87923 Throughput=64.82500 goodput=54.57500 badput=10.25000 completed=9843 timedout=1640 dropped=0 Util=0.98194
### END_ENTRY users=1580 run=25 ###

### ENTRY users=1590 run=25 seed=25 ###
ResponseTime=20.80648 Throughput=65.36875 goodput=55.17500 badput=10.19375 completed=9949 timedout=1631 dropped=0 Util=0.98194
### END_ENTRY users=1590 run=25 ###

### ENTRY users=1600 run=25 seed=25 ###
ResponseTime=21.12006 Throughput=65.03125 goodput=53.51875 badput=11.51250 completed=9712 timedout=1842 dropped=0 Util=0.98194
### END_ENTRY users=1600 run=25 ###

### ENTRY users=1610 run=25 seed=25 ###
ResponseTime=21.21939 Throughput=64.93750 goodput=53.55625 badput=11.38125 completed=9706 timedout=1821 dropped=0 Util=0.98195
### END_ENTRY users=1610 run=25 ###

### ENTRY users=1620 run=25 seed=25 ###
ResponseTime=21.47780 Throughput=64.88750 goodput=52.53125 badput=12.35625 completed=9551 timedout=1977 dropped=0 Util=0.98196
### END_ENTRY users=1620 run=25 ###

### ENTRY users=1630 run=25 seed=25 ###
ResponseTime=21.50121 Throughput=65.35000 goodput=53.04375 badput=12.30625 completed=9599 timedout=1969 dropped=0 Util=0.98194
### END_ENTRY users=1630 run=25 ###

### ENTRY users=1640 run=25 seed=25 ###
ResponseTime=21.42781 Throughput=65.80625 goodput=53.53125 badput=12.27500 completed=9729 timedout=1964 dropped=0 Util=0.98197
### END_ENTRY users=1640 run=25 ###

### ENTRY users=1650 run=25 seed=25 ###
ResponseTime=21.51631 Throughput=65.63125 goodput=53.10625 badput=12.52500 completed=9644 timedout=2004 dropped=0 Util=0.98198
### END_ENTRY users=1650 run=25 ###

### ENTRY users=1660 run=25 seed=25 ###
ResponseTime=21.80142 Throughput=65.28750 goodput=51.33125 badput=13.95625 completed=9355 timedout=2233 dropped=0 Util=0.98194
### END_ENTRY users=1660 run=25 ###

### ENTRY users=1670 run=25 seed=25 ###
ResponseTime=21.94105 Throughput=65.38125 goodput=51.46250 badput=13.91875 completed=9344 timedout=2227 dropped=0 Util=0.98193
### END_ENTRY users=1670 run=25 ###

### ENTRY users=1680 run=25 seed=25 ###
ResponseTime=22.06852 Throughput=65.40625 goodput=50.41875 badput=14.98750 completed=9169 timedout=2398 dropped=0 Util=0.98196
### END_ENTRY users=1680 run=25 ###

### ENTRY users=1690 run=25 seed=25 ###
ResponseTime=22.17688 Throughput=65.56250 goodput=50.52500 badput=15.03750 completed=9232 timedout=2406 dropped=0 Util=0.98195
### END_ENTRY users=1690 run=25 ###

### ENTRY users=1700 run=25 seed=25 ###
ResponseTime=22.53025 Throughput=64.95000 goodput=48.02500 badput=16.92500 completed=8844 timedout=2708 dropped=0 Util=0.98193
### END_ENTRY users=1700 run=25 ###

### ENTRY users=1710 run=25 seed=25 ###
ResponseTime=22.44310 Throughput=65.49375 goodput=48.95000 badput=16.54375 completed=8979 timedout=2647 dropped=0 Util=0.98196
### END_ENTRY users=1710 run=25 ###

### ENTRY users=1720 run=25 seed=25 ###
ResponseTime=22.66716 Throughput=65.33750 goodput=47.66250 badput=17.67500 completed=8776 timedout=2828 dropped=0 Util=0.98197
### END_ENTRY users=1720 run=25 ###

### ENTRY users=1730 run=25 seed=25 ###
ResponseTime=22.87839 Throughput=65.52500 goodput=46.63125 badput=18.89375 completed=8629 timedout=3023 dropped=0 Util=0.98195
### END_ENTRY users=1730 run=25 ###

### ENTRY users=1740 run=25 seed=25 ###
ResponseTime=23.04552 Throughput=65.25625 goodput=45.57500 badput=19.68125 completed=8393 timedout=3149 dropped=0 Util=0.98194
### END_ENTRY users=1740 run=25 ###

### ENTRY users=1750 run=25 seed=25 ###
ResponseTime=23.14121 Throughput=65.25625 goodput=45.35625 badput=19.90000 completed=8391 timedout=3184 dropped=0 Util=0.98194
### END_ENTRY users=1750 run=25 ###

### ENTRY users=1760 run=25 seed=25 ###
ResponseTime=23.26075 Throughput=65.34375 goodput=44.21250 badput=21.13125 completed=8216 timedout=3381 dropped=0 Util=0.98197
### END_ENTRY users=1760 run=25 ###

### ENTRY users=1770 run=25 seed=25 ###
ResponseTime=23.49616 Throughput=65.20625 goodput=42.56875 badput=22.63750 completed=7958 timedout=3622 dropped=0 Util=0.98196
### END_ENTRY users=1770 run=25 ###

### ENTRY users=1780 run=25 seed=25 ###
ResponseTime=23.40632 Throughput=65.79375 goodput=44.10625 badput=21.68750 completed=8202 timedout=3470 dropped=0 Util=0.98196
### END_ENTRY users=1780 run=25 ###

### ENTRY users=1790 run=25 seed=25 ###
ResponseTime=23.82252 Throughput=64.78125 goodput=40.52500 badput=24.25625 completed=7626 timedout=3881 dropped=0 Util=0.98195
### END_ENTRY users=1790 run=25 ###

### ENTRY users=1800 run=25 seed=25 ###
ResponseTime=24.07328 Throughput=64.77500 goodput=38.77500 badput=26.00000 completed=7335 timedout=4160 dropped=0 Util=0.98191
### END_ENTRY users=1800 run=25 ###

### ENTRY users=1810 run=25 seed=25 ###
ResponseTime=23.85503 Throughput=65.78125 goodput=40.93750 badput=24.84375 completed=7657 timedout=3975 dropped=0 Util=0.98199
### END_ENTRY users=1810 run=25 ###

### ENTRY users=1820 run=25 seed=25 ###
ResponseTime=24.11263 Throughput=65.20625 goodput=38.88750 badput=26.31875 completed=7399 timedout=4211 dropped=0 Util=0.98195
### END_ENTRY users=1820 run=25 ###

### ENTRY users=1830 run=25 seed=25 ###
ResponseTime=24.31473 Throughput=65.35000 goodput=37.72500 badput=27.62500 completed=7114 timedout=4420 dropped=0 Util=0.98194
### END_ENTRY users=1830 run=25 ###

### ENTRY users=1840 run=25 seed=25 ###
ResponseTime=24.83854 Throughput=64.30000 goodput=34.26250 badput=30.03750 completed=6612 timedout=4806 dropped=0 Util=0.98191
### END_ENTRY users=1840 run=25 ###

### ENTRY users=1850 run=25 seed=25 ###
ResponseTime=24.52824 Throughput=65.49375 goodput=36.32500 badput=29.16875 completed=6948 timedout=4667 dropped=0 Util=0.98193
### END_ENTRY users=1850 run=25 ###

### ENTRY users=1860 run=25 seed=25 ###
ResponseTime=24.88865 Throughput=64.71250 goodput=34.50625 badput=30.20625 completed=6658 timedout=4833 dropped=0 Util=0.98194
### END_ENTRY users=1860 run=25 ###

### ENTRY users=1870 run=25 seed=25 ###
ResponseTime=25.09554 Throughput=64.73125 goodput=33.08750 badput=31.64375 completed=6446 timedout=5063 dropped=0 Util=0.98195
### END_ENTRY users=1870 run=25 ###

### ENTRY users=1880 run=25 seed=25 ###
ResponseTime=24.87859 Throughput=65.30625 goodput=34.45000 badput=30.85625 completed=6685 timedout=4937 dropped=0 Util=0.98194
### END_ENTRY users=1880 run=25 ###

### ENTRY users=1890 run=25 seed=25 ###
ResponseTime=24.90233 Throughput=65.73750 goodput=34.41875 badput=31.31875 completed=6666 timedout=5011 dropped=0 Util=0.98194
### END_ENTRY users=1890 run=25 ###

### ENTRY users=1900 run=25 seed=25 ###
ResponseTime=25.17300 Throughput=65.61875 goodput=32.94375 badput=32.67500 completed=6399 timedout=5228 dropped=0 Util=0.98194
### END_ENTRY users=1900 run=25 ###

### ENTRY users=1910 run=25 seed=25 ###
ResponseTime=25.31332 Throughput=65.55625 goodput=31.80625 badput=33.75000 completed=6258 timedout=5400 dropped=0 Util=0.98195
### END_ENTRY users=1910 run=25 ###

### ENTRY users=1920 run=25 seed=25 ###
ResponseTime=25.61298 Throughput=65.30000 goodput=30.73125 badput=34.56875 completed=6080 timedout=5531 dropped=0 Util=0.98194
### END_ENTRY users=1920 run=25 ###

### ENTRY users=1930 run=25 seed=25 ###
ResponseTime=26.15490 Throughput=63.88750 goodput=26.64375 badput=37.24375 completed=5412 timedout=5959 dropped=0 Util=0.98190
### END_ENTRY users=1930 run=25 ###

### ENTRY users=1940 run=25 seed=25 ###
ResponseTime=25.89418 Throughput=65.15000 goodput=28.53125 badput=36.61875 completed=5677 timedout=5859 dropped=0 Util=0.98193
### END_ENTRY users=1940 run=25 ###

### ENTRY users=1950 run=25 seed=25 ###
ResponseTime=26.39530 Throughput=64.31875 goodput=25.10625 badput=39.21250 completed=5134 timedout=6274 dropped=0 Util=0.98193
### END_ENTRY users=1950 run=25 ###

### ENTRY users=1960 run=25 seed=25 ###
ResponseTime=25.90849 Throughput=66.03125 goodput=29.10000 badput=36.93125 completed=5773 timedout=5909 dropped=0 Util=0.98196
### END_ENTRY users=1960 run=25 ###

### ENTRY users=1970 run=25 seed=25 ###
ResponseTime=26.13765 Throughput=65.64375 goodput=27.50000 badput=38.14375 completed=5567 timedout=6103 dropped=0 Util=0.98195
### END_ENTRY users=1970 run=25 ###

### ENTRY users=1980 run=25 seed=25 ###
ResponseTime=26.31183 Throughput=65.55625 goodput=26.06875 badput=39.48750 completed=5326 timedout=6318 dropped=0 Util=0.98197
### END_ENTRY users=1980 run=25 ###

### ENTRY users=1990 run=25 seed=25 ###
ResponseTime=26.62032 Throughput=65.23125 goodput=24.52500 badput=40.70625 completed=5073 timedout=6513 dropped=0 Util=0.98195
### END_ENTRY users=1990 run=25 ###

### ENTRY users=2000 run=25 seed=25 ###
ResponseTime=26.70402 Throughput=65.55625 goodput=24.51250 badput=41.04375 completed=5043 timedout=6567 dropped=0 Util=0.98194
### END_ENTRY users=2000 run=25 ###

### ENTRY users=2010 run=25 seed=25 ###
ResponseTime=26.99572 Throughput=64.87500 goodput=22.40000 badput=42.47500 completed=4698 timedout=6796 dropped=0 Util=0.98192
### END_ENTRY users=2010 run=25 ###

### ENTRY users=2020 run=25 seed=25 ###
ResponseTime=26.98420 Throughput=65.36875 goodput=23.01250 badput=42.35625 completed=4811 timedout=6777 dropped=0 Util=0.98195
### END_ENTRY users=2020 run=25 ###

### ENTRY users=2030 run=25 seed=25 ###
ResponseTime=26.81426 Throughput=66.01875 goodput=24.18125 badput=41.83750 completed=5015 timedout=6694 dropped=0 Util=0.98197
### END_ENTRY users=2030 run=25 ###

### ENTRY users=2040 run=25 seed=25 ###
ResponseTime=27.19500 Throughput=65.35000 goodput=21.77500 badput=43.57500 completed=4579 timedout=6972 dropped=0 Util=0.98197
### END_ENTRY users=2040 run=25 ###

### ENTRY users=2050 run=25 seed=25 ###
ResponseTime=27.30118 Throughput=65.29375 goodput=20.48125 badput=44.81250 completed=4418 timedout=7170 dropped=0 Util=0.98196
### END_ENTRY users=2050 run=25 ###

### ENTRY users=2060 run=25 seed=25 ###
ResponseTime=27.51933 Throughput=65.25625 goodput=20.33125 badput=44.92500 completed=4401 timedout=7188 dropped=0 Util=0.98194
### END_ENTRY users=2060 run=25 ###

### ENTRY users=2070 run=25 seed=25 ###
ResponseTime=27.60870 Throughput=65.26250 goodput=19.65000 badput=45.61250 completed=4280 timedout=7298 dropped=0 Util=0.98193
### END_ENTRY users=2070 run=25 ###

### ENTRY users=2080 run=25 seed=25 ###
ResponseTime=27.64814 Throughput=65.57500 goodput=19.32500 badput=46.25000 completed=4239 timedout=7400 dropped=0 Util=0.98198
### END_ENTRY users=2080 run=25 ###

### ENTRY users=2090 run=25 seed=25 ###
ResponseTime=27.71913 Throughput=65.79375 goodput=19.15000 badput=46.64375 completed=4196 timedout=7463 dropped=0 Util=0.98196
### END_ENTRY users=2090 run=25 ###

### ENTRY users=2100 run=25 seed=25 ###
ResponseTime=28.06568 Throughput=65.32500 goodput=17.30000 badput=48.02500 completed=3880 timedout=7684 dropped=0 Util=0.98198
### END_ENTRY users=2100 run=25 ###

### ENTRY users=2110 run=25 seed=25 ###
ResponseTime=28.61871 Throughput=64.51875 goodput=14.70000 badput=49.81875 completed=3475 timedout=7971 dropped=0 Util=0.98191
### END_ENTRY users=2110 run=25 ###

### ENTRY users=2120 run=25 seed=25 ###
ResponseTime=28.53583 Throughput=65.09375 goodput=14.88125 badput=50.21250 completed=3512 timedout=8034 dropped=0 Util=0.98192
### END_ENTRY users=2120 run=25 ###

### ENTRY users=2130 run=25 seed=25 ###
ResponseTime=28.44976 Throughput=65.59375 goodput=15.76875 badput=49.82500 completed=3608 timedout=7972 dropped=0 Util=0.98198
### END_ENTRY users=2130 run=25 ###

### ENTRY users=2140 run=25 seed=25 ###
ResponseTime=28.35427 Throughput=65.96250 goodput=16.01250 badput=49.95000 completed=3645 timedout=7992 dropped=0 Util=0.98199
### END_ENTRY users=2140 run=25 ###

### ENTRY users=2150 run=25 seed=25 ###
ResponseTime=29.02203 Throughput=64.68125 goodput=13.22500 badput=51.45625 completed=3223 timedout=8233 dropped=0 Util=0.98195
### END_ENTRY users=2150 run=25 ###

### ENTRY users=2160 run=25 seed=25 ###
ResponseTime=29.25239 Throughput=64.47500 goodput=11.93750 badput=52.53750 completed=3024 timedout=8406 dropped=0 Util=0.98192
### END_ENTRY users=2160 run=25 ###

### ENTRY users=2170 run=25 seed=25 ###
ResponseTime=29.14567 Throughput=65.00625 goodput=12.63125 badput=52.37500 completed=3153 timedout=8380 dropped=0 Util=0.98194
### END_ENTRY users=2170 run=25 ###

### ENTRY users=2180 run=25 seed=25 ###
ResponseTime=29.81702 Throughput=64.18750 goodput=10.00000 badput=54.18750 completed=2717 timedout=8670 dropped=0 Util=0.98191
### END_ENTRY users=2180 run=25 ###

### ENTRY users=2190 run=25 seed=25 ###
ResponseTime=28.94350 Throughput=66.04375 goodput=13.63750 badput=52.40625 completed=3318 timedout=8385 dropped=0 Util=0.98198
### END_ENTRY users=2190 run=25 ###

### ENTRY users=2200 run=25 seed=25 ###
ResponseTime=29.44695 Throughput=65.19375 goodput=11.28750 badput=53.90625 completed=2927 timedout=8625 dropped=0 Util=0.98196
### END_ENTRY users=2200 run=25 ###

### ENTRY users=2210 run=25 seed=25 ###
ResponseTime=29.51416 Throughput=65.51250 goodput=11.15000 badput=54.36250 completed=2860 timedout=8698 dropped=0 Util=0.98195
### END_ENTRY users=2210 run=25 ###

### ENTRY users=2220 run=25 seed=25 ###
ResponseTime=29.86526 Throughput=65.20000 goodput=10.23750 badput=54.96250 completed=2731 timedout=8794 dropped=0 Util=0.98195
### END_ENTRY users=2220 run=25 ###

### ENTRY users=2230 run=25 seed=25 ###
ResponseTime=29.99936 Throughput=65.21250 goodput=9.88125 badput=55.33125 completed=2678 timedout=8853 dropped=0 Util=0.98195
### END_ENTRY users=2230 run=25 ###

### ENTRY users=2240 run=25 seed=25 ###
ResponseTime=30.01085 Throughput=65.32500 goodput=9.26250 badput=56.06250 completed=2599 timedout=8970 dropped=0 Util=0.98196
### END_ENTRY users=2240 run=25 ###

### ENTRY users=2250 run=25 seed=25 ###
ResponseTime=30.10786 Throughput=65.37500 goodput=9.04375 badput=56.33125 completed=2537 timedout=9013 dropped=0 Util=0.98195
### END_ENTRY users=2250 run=25 ###

### ENTRY users=2260 run=25 seed=25 ###
ResponseTime=30.84820 Throughput=64.19375 goodput=6.76875 badput=57.42500 completed=2158 timedout=9188 dropped=0 Util=0.98189
### END_ENTRY users=2260 run=25 ###

### ENTRY users=2270 run=25 seed=25 ###
ResponseTime=30.86401 Throughput=64.28125 goodput=6.87500 badput=57.40625 completed=2200 timedout=9185 dropped=0 Util=0.98194
### END_ENTRY users=2270 run=25 ###

### ENTRY users=2280 run=25 seed=25 ###
ResponseTime=30.89927 Throughput=64.53125 goodput=6.94375 badput=57.58750 completed=2232 timedout=9214 dropped=0 Util=0.98191
### END_ENTRY users=2280 run=25 ###

### ENTRY users=2290 run=25 seed=25 ###
ResponseTime=30.92763 Throughput=64.66875 goodput=6.85000 badput=57.81875 completed=2189 timedout=9251 dropped=0 Util=0.98195
### END_ENTRY users=2290 run=25 ###

### ENTRY users=2300 run=25 seed=25 ###
ResponseTime=30.58096 Throughput=65.75000 goodput=7.65000 badput=58.10000 completed=2335 timedout=9296 dropped=0 Util=0.98198
### END_ENTRY users=2300 run=25 ###

### ENTRY users=2310 run=25 seed=25 ###
ResponseTime=30.61359 Throughput=65.90625 goodput=7.53125 badput=58.37500 completed=2333 timedout=9340 dropped=0 Util=0.98195
### END_ENTRY users=2310 run=25 ###

### ENTRY users=2320 run=25 seed=25 ###
ResponseTime=31.15839 Throughput=65.23750 goodput=6.08750 badput=59.15000 completed=2074 timedout=9464 dropped=0 Util=0.98194
### END_ENTRY users=2320 run=25 ###

### ENTRY users=2330 run=25 seed=25 ###
ResponseTime=31.01767 Throughput=65.83125 goodput=6.77500 badput=59.05625 completed=2194 timedout=9449 dropped=0 Util=0.98196
### END_ENTRY users=2330 run=25 ###

### ENTRY users=2340 run=25 seed=25 ###
ResponseTime=31.43784 Throughput=65.10625 goodput=5.73125 badput=59.37500 completed=1977 timedout=9500 dropped=0 Util=0.98196
### END_ENTRY users=2340 run=25 ###

### ENTRY users=2350 run=25 seed=25 ###
ResponseTime=31.50240 Throughput=65.43750 goodput=5.61250 badput=59.82500 completed=1981 timedout=9572 dropped=0 Util=0.98194
### END_ENTRY users=2350 run=25 ###

### ENTRY users=2360 run=25 seed=25 ###
ResponseTime=31.17889 Throughput=66.26250 goodput=6.51875 badput=59.74375 completed=2163 timedout=9559 dropped=0 Util=0.98197
### END_ENTRY users=2360 run=25 ###

### ENTRY users=2370 run=25 seed=25 ###
ResponseTime=32.18484 Throughput=64.66875 goodput=4.60625 badput=60.06250 completed=1804 timedout=9610 dropped=0 Util=0.98196
### END_ENTRY users=2370 run=25 ###

### ENTRY users=2380 run=25 seed=25 ###
ResponseTime=31.97114 Throughput=65.35625 goodput=5.18125 badput=60.17500 completed=1921 timedout=9628 dropped=0 Util=0.98195
### END_ENTRY users=2380 run=25 ###

### ENTRY users=2390 run=25 seed=25 ###
ResponseTime=31.62720 Throughput=66.04375 goodput=5.76875 badput=60.27500 completed=2003 timedout=9644 dropped=0 Util=0.98196
### END_ENTRY users=2390 run=25 ###

### ENTRY users=2400 run=25 seed=25 ###
ResponseTime=32.90819 Throughput=63.88125 goodput=4.87500 badput=59.00625 completed=1878 timedout=9441 dropped=0 Util=0.98193
### END_ENTRY users=2400 run=25 ###

### ENTRY users=2410 run=25 seed=25 ###
ResponseTime=32.37729 Throughput=64.86875 goodput=5.00000 badput=59.86875 completed=1912 timedout=9579 dropped=0 Util=0.98193
### END_ENTRY users=2410 run=25 ###

### ENTRY users=2420 run=25 seed=25 ###
ResponseTime=32.39846 Throughput=65.60000 goodput=5.07500 badput=60.52500 completed=1933 timedout=9684 dropped=0 Util=0.98197
### END_ENTRY users=2420 run=25 ###

### ENTRY users=2430 run=25 seed=25 ###
ResponseTime=32.89235 Throughput=64.50000 goodput=4.88125 badput=59.61875 completed=1905 timedout=9539 dropped=0 Util=0.98193
### END_ENTRY users=2430 run=25 ###

### ENTRY users=2440 run=25 seed=25 ###
ResponseTime=32.61554 Throughput=65.53125 goodput=5.05625 badput=60.47500 completed=1915 timedout=9676 dropped=0 Util=0.98194
### END_ENTRY users=2440 run=25 ###

### ENTRY users=2450 run=25 seed=25 ###
ResponseTime=32.56005 Throughput=65.83125 goodput=4.75625 badput=61.07500 completed=1843 timedout=9772 dropped=0 Util=0.98196
### END_ENTRY users=2450 run=25 ###

### ENTRY users=2460 run=25 seed=25 ###
ResponseTime=33.18162 Throughput=64.63750 goodput=4.61875 badput=60.01875 completed=1837 timedout=9603 dropped=0 Util=0.98195
### END_ENTRY users=2460 run=25 ###

### ENTRY users=2470 run=25 seed=25 ###
ResponseTime=33.33312 Throughput=64.90000 goodput=4.66875 badput=60.23125 completed=1846 timedout=9637 dropped=0 Util=0.98193
### END_ENTRY users=2470 run=25 ###

### ENTRY users=2480 run=25 seed=25 ###
ResponseTime=33.22078 Throughput=65.43125 goodput=5.06250 badput=60.36875 completed=1875 timedout=9659 dropped=0 Util=0.98193
### END_ENTRY users=2480 run=25 ###

### ENTRY users=2490 run=25 seed=25 ###
ResponseTime=33.54568 Throughput=65.16250 goodput=4.82500 badput=60.33750 completed=1889 timedout=9654 dropped=0 Util=0.98194
### END_ENTRY users=2490 run=25 ###

### ENTRY users=2500 run=25 seed=25 ###
ResponseTime=34.08281 Throughput=64.21250 goodput=4.76875 badput=59.44375 completed=1879 timedout=9511 dropped=0 Util=0.98191
### END_ENTRY users=2500 run=25 ###

### ENTRY users=2510 run=25 seed=25 ###
ResponseTime=32.91324 Throughput=66.66250 goodput=4.90625 badput=61.75625 completed=1896 timedout=9881 dropped=0 Util=0.98198
### END_ENTRY users=2510 run=25 ###

### ENTRY users=2520 run=25 seed=25 ###
ResponseTime=33.93998 Throughput=64.86875 goodput=4.80000 badput=60.06875 completed=1871 timedout=9611 dropped=0 Util=0.98193
### END_ENTRY users=2520 run=25 ###

### ENTRY users=2530 run=25 seed=25 ###
ResponseTime=33.63648 Throughput=65.88125 goodput=4.79375 badput=61.08750 completed=1898 timedout=9774 dropped=0 Util=0.98195
### END_ENTRY users=2530 run=25 ###

### ENTRY users=2540 run=25 seed=25 ###
ResponseTime=34.20571 Throughput=64.99375 goodput=4.71250 badput=60.28125 completed=1842 timedout=9645 dropped=0 Util=0.98192
### END_ENTRY users=2540 run=25 ###

### ENTRY users=2550 run=25 seed=25 ###
ResponseTime=34.54748 Throughput=64.48125 goodput=4.96875 badput=59.51250 completed=1956 timedout=9522 dropped=0 Util=0.98193
### END_ENTRY users=2550 run=25 ###

### ENTRY users=2560 run=25 seed=25 ###
ResponseTime=34.17410 Throughput=65.42500 goodput=4.83750 badput=60.58750 completed=1910 timedout=9694 dropped=0 Util=0.98192
### END_ENTRY users=2560 run=25 ###

### ENTRY users=2570 run=25 seed=25 ###
ResponseTime=34.63874 Throughput=64.87500 goodput=5.00625 badput=59.86875 completed=1912 timedout=9579 dropped=0 Util=0.98195
### END_ENTRY users=2570 run=25 ###

### ENTRY users=2580 run=25 seed=25 ###
ResponseTime=34.45180 Throughput=65.38750 goodput=5.06250 badput=60.32500 completed=1919 timedout=9652 dropped=0 Util=0.98195
### END_ENTRY users=2580 run=25 ###

### ENTRY users=2590 run=25 seed=25 ###
ResponseTime=34.92847 Throughput=65.09375 goodput=4.90000 badput=60.19375 completed=1879 timedout=9631 dropped=0 Util=0.98196
### END_ENTRY users=2590 run=25 ###

### ENTRY users=2600 run=25 seed=25 ###
ResponseTime=34.62221 Throughput=65.66875 goodput=5.06875 badput=60.60000 completed=1870 timedout=9696 dropped=0 Util=0.98196
### END_ENTRY users=2600 run=25 ###

### ENTRY users=2610 run=25 seed=25 ###
ResponseTime=34.51504 Throughput=66.06875 goodput=5.19375 badput=60.87500 completed=1933 timedout=9740 dropped=0 Util=0.98198
### END_ENTRY users=2610 run=25 ###

### ENTRY users=2620 run=25 seed=25 ###
ResponseTime=35.39413 Throughput=64.70625 goodput=4.84375 badput=59.86250 completed=1835 timedout=9578 dropped=0 Util=0.98193
### END_ENTRY users=2620 run=25 ###

### ENTRY users=2630 run=25 seed=25 ###
ResponseTime=34.46368 Throughput=66.51250 goodput=5.13125 badput=61.38125 completed=1915 timedout=9821 dropped=0 Util=0.98199
### END_ENTRY users=2630 run=25 ###

### ENTRY users=2640 run=25 seed=25 ###
ResponseTime=35.71657 Throughput=64.81875 goodput=4.96875 badput=59.85000 completed=1869 timedout=9576 dropped=0 Util=0.98194
### END_ENTRY users=2640 run=25 ###

### ENTRY users=2650 run=25 seed=25 ###
ResponseTime=35.44754 Throughput=65.33750 goodput=5.21875 badput=60.11875 completed=1942 timedout=9619 dropped=0 Util=0.98193
### END_ENTRY users=2650 run=25 ###

### ENTRY users=2660 run=25 seed=25 ###
ResponseTime=35.15566 Throughput=66.25625 goodput=5.03750 badput=61.21875 completed=1962 timedout=9795 dropped=0 Util=0.98195
### END_ENTRY users=2660 run=25 ###

### ENTRY users=2670 run=25 seed=25 ###
ResponseTime=35.93265 Throughput=65.32500 goodput=5.02500 badput=60.30000 completed=1892 timedout=9648 dropped=0 Util=0.98197
### END_ENTRY users=2670 run=25 ###

### ENTRY users=2680 run=25 seed=25 ###
ResponseTime=36.23282 Throughput=64.59375 goodput=4.85625 badput=59.73750 completed=1851 timedout=9558 dropped=0 Util=0.98192
### END_ENTRY users=2680 run=25 ###

### ENTRY users=2690 run=25 seed=25 ###
ResponseTime=35.54927 Throughput=66.26875 goodput=4.90000 badput=61.36875 completed=1888 timedout=9819 dropped=0 Util=0.98196
### END_ENTRY users=2690 run=25 ###

### ENTRY users=2700 run=25 seed=25 ###
ResponseTime=36.14260 Throughput=65.21875 goodput=4.86875 badput=60.35000 completed=1899 timedout=9656 dropped=0 Util=0.98193
### END_ENTRY users=2700 run=25 ###

### ENTRY users=2710 run=25 seed=25 ###
ResponseTime=36.23782 Throughput=65.34375 goodput=4.68750 badput=60.65625 completed=1821 timedout=9705 dropped=0 Util=0.98195
### END_ENTRY users=2710 run=25 ###

### ENTRY users=2720 run=25 seed=25 ###
ResponseTime=36.49517 Throughput=65.18125 goodput=4.81250 badput=60.36875 completed=1893 timedout=9659 dropped=0 Util=0.98194
### END_ENTRY users=2720 run=25 ###

### ENTRY users=2730 run=25 seed=25 ###
ResponseTime=36.45031 Throughput=65.33750 goodput=4.80000 badput=60.53750 completed=1864 timedout=9686 dropped=0 Util=0.98195
### END_ENTRY users=2730 run=25 ###

### ENTRY users=2740 run=25 seed=25 ###
ResponseTime=36.87144 Throughput=64.95625 goodput=4.78125 badput=60.17500 completed=1923 timedout=9628 dropped=0 Util=0.98195
### END_ENTRY users=2740 run=25 ###

### ENTRY users=2750 run=25 seed=25 ###
ResponseTime=35.91627 Throughput=66.86875 goodput=5.12500 badput=61.74375 completed=1916 timedout=9879 dropped=0 Util=0.98196
### END_ENTRY users=2750 run=25 ###

### ENTRY users=2760 run=25 seed=25 ###
ResponseTime=37.01124 Throughput=65.15625 goodput=4.49375 badput=60.66250 completed=1847 timedout=9706 dropped=0 Util=0.98194
### END_ENTRY users=2760 run=25 ###

### ENTRY users=2770 run=25 seed=25 ###
ResponseTime=36.92496 Throughput=65.63750 goodput=4.73125 badput=60.90625 completed=1858 timedout=9745 dropped=0 Util=0.98194
### END_ENTRY users=2770 run=25 ###

### ENTRY users=2780 run=25 seed=25 ###
ResponseTime=37.46918 Throughput=64.79375 goodput=4.63750 badput=60.15625 completed=1831 timedout=9625 dropped=0 Util=0.98192
### END_ENTRY users=2780 run=25 ###

### ENTRY users=2790 run=25 seed=25 ###
ResponseTime=37.60763 Throughput=64.67500 goodput=4.82500 badput=59.85000 completed=1862 timedout=9576 dropped=0 Util=0.98194
### END_ENTRY users=2790 run=25 ###

### ENTRY users=2800 run=25 seed=25 ###
ResponseTime=37.23182 Throughput=65.78125 goodput=4.68750 badput=61.09375 completed=1835 timedout=9775 dropped=0 Util=0.98196
### END_ENTRY users=2800 run=25 ###

### ENTRY users=2810 run=25 seed=25 ###
ResponseTime=37.40349 Throughput=65.49375 goodput=4.70625 badput=60.78750 completed=1840 timedout=9726 dropped=0 Util=0.98198
### END_ENTRY users=2810 run=25 ###

### ENTRY users=2820 run=25 seed=25 ###
ResponseTime=37.29015 Throughput=66.01875 goodput=4.76250 badput=61.25625 completed=1901 timedout=9801 dropped=0 Util=0.98198
### END_ENTRY users=2820 run=25 ###

### ENTRY users=2830 run=25 seed=25 ###
ResponseTime=37.64447 Throughput=65.76250 goodput=4.75625 badput=61.00625 completed=1875 timedout=9761 dropped=0 Util=0.98197
### END_ENTRY users=2830 run=25 ###

### ENTRY users=2840 run=25 seed=25 ###
ResponseTime=38.36691 Throughput=64.80000 goodput=4.56875 badput=60.23125 completed=1816 timedout=9637 dropped=0 Util=0.98194
### END_ENTRY users=2840 run=25 ###

### ENTRY users=2850 run=25 seed=25 ###
ResponseTime=37.77127 Throughput=65.88750 goodput=4.73125 badput=61.15625 completed=1855 timedout=9785 dropped=0 Util=0.98197
### END_ENTRY users=2850 run=25 ###

### ENTRY users=2860 run=25 seed=25 ###
ResponseTime=38.42368 Throughput=64.87500 goodput=4.96875 badput=59.90625 completed=1882 timedout=9585 dropped=0 Util=0.98195
### END_ENTRY users=2860 run=25 ###

### ENTRY users=2870 run=25 seed=25 ###
ResponseTime=38.26367 Throughput=65.25625 goodput=4.48125 badput=60.77500 completed=1837 timedout=9724 dropped=0 Util=0.98193
### END_ENTRY users=2870 run=25 ###

### ENTRY users=2880 run=25 seed=25 ###
ResponseTime=38.62006 Throughput=64.77500 goodput=4.36875 badput=60.40625 completed=1822 timedout=9665 dropped=0 Util=0.98194
### END_ENTRY users=2880 run=25 ###

### ENTRY users=2890 run=25 seed=25 ###
ResponseTime=38.68743 Throughput=64.93125 goodput=4.45625 badput=60.47500 completed=1838 timedout=9676 dropped=0 Util=0.98197
### END_ENTRY users=2890 run=25 ###

### ENTRY users=2900 run=25 seed=25 ###
ResponseTime=38.72251 Throughput=65.26250 goodput=4.79375 badput=60.46875 completed=1853 timedout=9675 dropped=0 Util=0.98196
### END_ENTRY users=2900 run=25 ###

### ENTRY users=2910 run=25 seed=25 ###
ResponseTime=38.64845 Throughput=65.61250 goodput=5.00000 badput=60.61250 completed=1921 timedout=9698 dropped=0 Util=0.98196
### END_ENTRY users=2910 run=25 ###

### ENTRY users=2920 run=25 seed=25 ###
ResponseTime=39.04940 Throughput=64.91875 goodput=4.38750 badput=60.53125 completed=1783 timedout=9685 dropped=0 Util=0.98194
### END_ENTRY users=2920 run=25 ###

### ENTRY users=2930 run=25 seed=25 ###
ResponseTime=38.95799 Throughput=65.50625 goodput=4.77500 badput=60.73125 completed=1908 timedout=9717 dropped=0 Util=0.98192
### END_ENTRY users=2930 run=25 ###

### ENTRY users=2940 run=25 seed=25 ###
ResponseTime=39.07185 Throughput=65.63125 goodput=4.74375 badput=60.88750 completed=1831 timedout=9742 dropped=0 Util=0.98198
### END_ENTRY users=2940 run=25 ###

### ENTRY users=2950 run=25 seed=25 ###
ResponseTime=39.23071 Throughput=65.45625 goodput=4.73125 badput=60.72500 completed=1849 timedout=9716 dropped=0 Util=0.98193
### END_ENTRY users=2950 run=25 ###

### ENTRY users=2960 run=25 seed=25 ###
ResponseTime=39.01820 Throughput=66.18125 goodput=4.78125 badput=61.40000 completed=1919 timedout=9824 dropped=0 Util=0.98198
### END_ENTRY users=2960 run=25 ###

### ENTRY users=2970 run=25 seed=25 ###
ResponseTime=39.84475 Throughput=64.86250 goodput=4.37500 badput=60.48750 completed=1807 timedout=9678 dropped=0 Util=0.98193
### END_ENTRY users=2970 run=25 ###

### ENTRY users=2980 run=25 seed=25 ###
ResponseTime=39.90798 Throughput=64.86875 goodput=4.44375 badput=60.42500 completed=1805 timedout=9668 dropped=0 Util=0.98194
### END_ENTRY users=2980 run=25 ###

### ENTRY users=2990 run=25 seed=25 ###
ResponseTime=39.60051 Throughput=65.42500 goodput=4.66875 badput=60.75625 completed=1854 timedout=9721 dropped=0 Util=0.98196
### END_ENTRY users=2990 run=25 ###

### ENTRY users=3000 run=25 seed=25 ###
ResponseTime=40.09325 Throughput=65.31250 goodput=4.60625 badput=60.70625 completed=1844 timedout=9713 dropped=0 Util=0.98196
### END_ENTRY users=3000 run=25 ###

