=== RUN FILE confidence_interval/run_39.log (run index = 39) ===
### ENTRY users=10 run=39 seed=39 ###
ResponseTime=0.06304 Throughput=3.06875 goodput=3.06875 badput=0.00000 completed=544 timedout=0 dropped=0 Util=0.04738
### END_ENTRY users=10 run=39 ###

### ENTRY users=20 run=39 seed=39 ###
ResponseTime=0.06104 Throughput=6.13750 goodput=6.13750 badput=0.00000 completed=1083 timedout=0 dropped=0 Util=0.09072
### END_ENTRY users=20 run=39 ###

### ENTRY users=30 run=39 seed=39 ###
ResponseTime=0.06243 Throughput=9.18125 goodput=9.18125 badput=0.00000 completed=1619 timedout=0 dropped=0 Util=0.13290
### END_ENTRY users=30 run=39 ###

### ENTRY users=40 run=39 seed=39 ###
ResponseTime=0.06932 Throughput=12.27500 goodput=12.27500 badput=0.00000 completed=2156 timedout=0 dropped=0 Util=0.18708
### END_ENTRY users=40 run=39 ###

### ENTRY users=50 run=39 seed=39 ###
ResponseTime=0.06872 Throughput=15.27500 goodput=15.27500 badput=0.00000 completed=2687 timedout=0 dropped=0 Util=0.22441
### END_ENTRY users=50 run=39 ###

### ENTRY users=60 run=39 seed=39 ###
ResponseTime=0.07636 Throughput=18.30625 goodput=18.30625 badput=0.00000 completed=3222 timedout=0 dropped=0 Util=0.27814
### END_ENTRY users=60 run=39 ###

### ENTRY users=70 run=39 seed=39 ###
ResponseTime=0.08176 Throughput=21.35000 goodput=21.35000 badput=0.00000 completed=3755 timedout=0 dropped=0 Util=0.31639
### END_ENTRY users=70 run=39 ###

### ENTRY users=80 run=39 seed=39 ###
ResponseTime=0.08944 Throughput=24.33125 goodput=24.33125 badput=0.00000 completed=4285 timedout=0 dropped=0 Util=0.35778
### END_ENTRY users=80 run=39 ###

### ENTRY users=90 run=39 seed=39 ###
ResponseTime=0.09357 Throughput=27.35625 goodput=27.35625 badput=0.00000 completed=4817 timedout=0 dropped=0 Util=0.41090
### END_ENTRY users=90 run=39 ###

### ENTRY users=100 run=39 seed=39 ###
ResponseTime=0.10226 Throughput=30.28125 goodput=30.28125 badput=0.00000 completed=5330 timedout=0 dropped=0 Util=0.44921
### END_ENTRY users=100 run=39 ###

### ENTRY users=110 run=39 seed=39 ###
ResponseTime=0.11507 Throughput=33.20625 goodput=33.20625 badput=0.00000 completed=5842 timedout=0 dropped=0 Util=0.49378
### END_ENTRY users=110 run=39 ###

### ENTRY users=120 run=39 seed=39 ###
ResponseTime=0.13285 Throughput=35.98125 goodput=35.98125 badput=0.00000 completed=6336 timedout=0 dropped=0 Util=0.53974
### END_ENTRY users=120 run=39 ###

### ENTRY users=130 run=39 seed=39 ###
ResponseTime=0.13119 Throughput=38.94375 goodput=38.94375 badput=0.00000 completed=6854 timedout=0 dropped=0 Util=0.58893
### END_ENTRY users=130 run=39 ###

### ENTRY users=140 run=39 seed=39 ###
ResponseTime=0.14847 Throughput=41.84375 goodput=41.84375 badput=0.00000 completed=7359 timedout=0 dropped=0 Util=0.62171
### END_ENTRY users=140 run=39 ###

### ENTRY users=150 run=39 seed=39 ###
ResponseTime=0.18182 Throughput=44.45625 goodput=44.45625 badput=0.00000 completed=7823 timedout=0 dropped=0 Util=0.66311
### END_ENTRY users=150 run=39 ###

### ENTRY users=160 run=39 seed=39 ###
ResponseTime=0.19578 Throughput=47.13750 goodput=47.13750 badput=0.00000 completed=8295 timedout=0 dropped=0 Util=0.70923
### END_ENTRY users=160 run=39 ###

### ENTRY users=170 run=39 seed=39 ###
ResponseTime=0.20498 Throughput=49.96250 goodput=49.96250 badput=0.00000 completed=8794 timedout=0 dropped=0 Util=0.74489
### END_ENTRY users=170 run=39 ###

### ENTRY users=180 run=39 seed=39 ###
ResponseTime=0.25063 Throughput=52.16875 goodput=52.16875 badput=0.00000 completed=9182 timedout=0 dropped=0 Util=0.78673
### END_ENTRY users=180 run=39 ###

### ENTRY users=190 run=39 seed=39 ###
ResponseTime=0.28079 Throughput=54.62500 goodput=54.62500 badput=0.00000 completed=9610 timedout=0 dropped=0 Util=0.80957
### END_ENTRY users=190 run=39 ###

### ENTRY users=200 run=39 seed=39 ###
ResponseTime=0.31701 Throughput=56.90000 goodput=56.90000 badput=0.00000 completed=10006 timedout=0 dropped=0 Util=0.85425
### END_ENTRY users=200 run=39 ###

### ENTRY users=210 run=39 seed=39 ###
ResponseTime=0.36371 Throughput=59.00000 goodput=59.00000 badput=0.00000 completed=10351 timedout=0 dropped=0 Util=0.86638
### END_ENTRY users=210 run=39 ###

### ENTRY users=220 run=39 seed=39 ###
ResponseTime=0.41140 Throughput=60.83125 goodput=60.83125 badput=0.00000 completed=10699 timedout=0 dropped=0 Util=0.90353
### END_ENTRY users=220 run=39 ###

### ENTRY users=230 run=39 seed=39 ###
ResponseTime=0.51906 Throughput=61.73125 goodput=61.73125 badput=0.00000 completed=10872 timedout=0 dropped=0 Util=0.92797
### END_ENTRY users=230 run=39 ###

### ENTRY users=240 run=39 seed=39 ###
ResponseTime=0.60585 Throughput=63.05625 goodput=63.05625 badput=0.00000 completed=11103 timedout=0 dropped=0 Util=0.94310
### END_ENTRY users=240 run=39 ###

### ENTRY users=250 run=39 seed=39 ###
ResponseTime=0.69255 Throughput=64.27500 goodput=64.27500 badput=0.00000 completed=11350 timedout=0 dropped=0 Util=0.95586
### END_ENTRY users=250 run=39 ###

### ENTRY users=260 run=39 seed=39 ###
ResponseTime=0.83247 Throughput=64.56250 goodput=64.56250 badput=0.00000 completed=11335 timedout=0 dropped=0 Util=0.96964
### END_ENTRY users=260 run=39 ###

### ENTRY users=270 run=39 seed=39 ###
ResponseTime=0.93721 Throughput=65.10625 goodput=65.10625 badput=0.00000 completed=11485 timedout=0 dropped=0 Util=0.97330
### END_ENTRY users=270 run=39 ###

### ENTRY users=280 run=39 seed=39 ###
ResponseTime=1.07727 Throughput=65.44375 goodput=65.44375 badput=0.00000 completed=11486 timedout=0 dropped=0 Util=0.98023
### END_ENTRY users=280 run=39 ###

### ENTRY users=290 run=39 seed=39 ###
ResponseTime=1.22012 Throughput=65.54375 goodput=65.54375 badput=0.00000 completed=11585 timedout=0 dropped=0 Util=0.98151
### END_ENTRY users=290 run=39 ###

### ENTRY users=300 run=39 seed=39 ###
ResponseTime=1.38136 Throughput=65.57500 goodput=65.57500 badput=0.00000 completed=11596 timedout=0 dropped=0 Util=0.98129
### END_ENTRY users=300 run=39 ###

### ENTRY users=310 run=39 seed=39 ###
ResponseTime=1.54743 Throughput=65.27500 goodput=65.27500 badput=0.00000 completed=11520 timedout=0 dropped=0 Util=0.98195
### END_ENTRY users=310 run=39 ###

### ENTRY users=320 run=39 seed=39 ###
ResponseTime=1.70065 Throughput=65.13125 goodput=65.13125 badput=0.00000 completed=11550 timedout=0 dropped=0 Util=0.98198
### END_ENTRY users=320 run=39 ###

### ENTRY users=330 run=39 seed=39 ###
ResponseTime=1.80125 Throughput=65.94375 goodput=65.94375 badput=0.00000 completed=11626 timedout=0 dropped=0 Util=0.98200
### END_ENTRY users=330 run=39 ###

### ENTRY users=340 run=39 seed=39 ###
ResponseTime=2.01212 Throughput=65.24375 goodput=65.24375 badput=0.00000 completed=11520 timedout=0 dropped=0 Util=0.98197
### END_ENTRY users=340 run=39 ###

### ENTRY users=350 run=39 seed=39 ###
ResponseTime=2.15658 Throughput=65.36250 goodput=65.36250 badput=0.00000 completed=11583 timedout=0 dropped=0 Util=0.98199
### END_ENTRY users=350 run=39 ###

### ENTRY users=360 run=39 seed=39 ###
ResponseTime=2.30267 Throughput=65.51250 goodput=65.51250 badput=0.00000 completed=11569 timedout=0 dropped=0 Util=0.98199
### END_ENTRY users=360 run=39 ###

### ENTRY users=370 run=39 seed=39 ###
ResponseTime=2.41574 Throughput=65.70625 goodput=65.70625 badput=0.00000 completed=11624 timedout=0 dropped=0 Util=0.98199
### END_ENTRY users=370 run=39 ###

### ENTRY users=380 run=39 seed=39 ###
ResponseTime=2.56583 Throughput=65.93750 goodput=65.93125 badput=0.00625 completed=11697 timedout=1 dropped=0 Util=0.98198
### END_ENTRY users=380 run=39 ###

### ENTRY users=390 run=39 seed=39 ###
ResponseTime=2.81448 Throughput=64.65625 goodput=64.65625 badput=0.00000 completed=11442 timedout=0 dropped=0 Util=0.98198
### END_ENTRY users=390 run=39 ###

### ENTRY users=400 run=39 seed=39 ###
ResponseTime=2.87929 Throughput=66.05625 goodput=66.04375 badput=0.01250 completed=11623 timedout=2 dropped=0 Util=0.98199
### END_ENTRY users=400 run=39 ###

### ENTRY users=410 run=39 seed=39 ###
ResponseTime=3.00940 Throughput=66.14375 goodput=66.13750 badput=0.00625 completed=11673 timedout=1 dropped=0 Util=0.98201
### END_ENTRY users=410 run=39 ###

### ENTRY users=420 run=39 seed=39 ###
ResponseTime=3.24439 Throughput=65.56875 goodput=65.55625 badput=0.01250 completed=11583 timedout=2 dropped=0 Util=0.98199
### END_ENTRY users=420 run=39 ###

### ENTRY users=430 run=39 seed=39 ###
ResponseTime=3.36539 Throughput=65.58750 goodput=65.52500 badput=0.06250 completed=11578 timedout=10 dropped=0 Util=0.98198
### END_ENTRY users=430 run=39 ###

### ENTRY users=440 run=39 seed=39 ###
ResponseTime=3.50089 Throughput=65.65000 goodput=65.60625 badput=0.04375 completed=11584 timedout=7 dropped=0 Util=0.98196
### END_ENTRY users=440 run=39 ###

### ENTRY users=450 run=39 seed=39 ###
ResponseTime=3.69068 Throughput=65.23750 goodput=65.17500 badput=0.06250 completed=11539 timedout=10 dropped=0 Util=0.98196
### END_ENTRY users=450 run=39 ###

### ENTRY users=460 run=39 seed=39 ###
ResponseTime=3.73911 Throughput=66.10625 goodput=66.04375 badput=0.06250 completed=11702 timedout=10 dropped=0 Util=0.98202
### END_ENTRY users=460 run=39 ###

### ENTRY users=470 run=39 seed=39 ###
ResponseTime=3.94841 Throughput=65.73125 goodput=65.68125 badput=0.05000 completed=11653 timedout=8 dropped=0 Util=0.98195
### END_ENTRY users=470 run=39 ###

### ENTRY users=480 run=39 seed=39 ###
ResponseTime=4.09754 Throughput=65.66875 goodput=65.54375 badput=0.12500 completed=11638 timedout=20 dropped=0 Util=0.98198
### END_ENTRY users=480 run=39 ###

### ENTRY users=490 run=39 seed=39 ###
ResponseTime=4.25917 Throughput=65.86250 goodput=65.71250 badput=0.15000 completed=11585 timedout=24 dropped=0 Util=0.98196
### END_ENTRY users=490 run=39 ###

### ENTRY users=500 run=39 seed=39 ###
ResponseTime=4.43537 Throughput=65.36250 goodput=65.23750 badput=0.12500 completed=11604 timedout=20 dropped=0 Util=0.98198
### END_ENTRY users=500 run=39 ###

### ENTRY users=510 run=39 seed=39 ###
ResponseTime=4.59047 Throughput=65.59375 goodput=65.50625 badput=0.08750 completed=11570 timedout=14 dropped=0 Util=0.98194
### END_ENTRY users=510 run=39 ###

### ENTRY users=520 run=39 seed=39 ###
ResponseTime=4.71232 Throughput=65.65000 goodput=65.51250 badput=0.13750 completed=11604 timedout=22 dropped=0 Util=0.98195
### END_ENTRY users=520 run=39 ###

### ENTRY users=530 run=39 seed=39 ###
ResponseTime=4.81172 Throughput=65.98750 goodput=65.86875 badput=0.11875 completed=11656 timedout=19 dropped=0 Util=0.98195
### END_ENTRY users=530 run=39 ###

### ENTRY users=540 run=39 seed=39 ###
ResponseTime=4.92939 Throughput=66.47500 goodput=66.33750 badput=0.13750 completed=11716 timedout=22 dropped=0 Util=0.98200
### END_ENTRY users=540 run=39 ###

### ENTRY users=550 run=39 seed=39 ###
ResponseTime=5.25857 Throughput=64.79375 goodput=64.65000 badput=0.14375 completed=11514 timedout=23 dropped=0 Util=0.98192
### END_ENTRY users=550 run=39 ###

### ENTRY users=560 run=39 seed=39 ###
ResponseTime=5.33154 Throughput=65.76250 goodput=65.65000 badput=0.11250 completed=11612 timedout=18 dropped=0 Util=0.98197
### END_ENTRY users=560 run=39 ###

### ENTRY users=570 run=39 seed=39 ###
ResponseTime=5.51511 Throughput=65.10000 goodput=64.92500 badput=0.17500 completed=11541 timedout=28 dropped=0 Util=0.98195
### END_ENTRY users=570 run=39 ###

### ENTRY users=580 run=39 seed=39 ###
ResponseTime=5.68030 Throughput=65.28125 goodput=65.08750 badput=0.19375 completed=11546 timedout=31 dropped=0 Util=0.98197
### END_ENTRY users=580 run=39 ###

### ENTRY users=590 run=39 seed=39 ###
ResponseTime=5.72805 Throughput=65.98125 goodput=65.79375 badput=0.18750 completed=11637 timedout=30 dropped=0 Util=0.98197
### END_ENTRY users=590 run=39 ###

### ENTRY users=600 run=39 seed=39 ###
ResponseTime=6.02779 Throughput=64.93750 goodput=64.73750 badput=0.20000 completed=11487 timedout=32 dropped=0 Util=0.98195
### END_ENTRY users=600 run=39 ###

### ENTRY users=610 run=39 seed=39 ###
ResponseTime=6.18952 Throughput=64.71250 goodput=64.50625 badput=0.20625 completed=11494 timedout=33 dropped=0 Util=0.98196
### END_ENTRY users=610 run=39 ###

### ENTRY users=620 run=39 seed=39 ###
ResponseTime=6.29769 Throughput=65.33750 goodput=65.12500 badput=0.21250 completed=11511 timedout=34 dropped=0 Util=0.98197
### END_ENTRY users=620 run=39 ###

### ENTRY users=630 run=39 seed=39 ###
ResponseTime=6.34513 Throughput=65.75000 goodput=65.58125 badput=0.16875 completed=11637 timedout=27 dropped=0 Util=0.98196
### END_ENTRY users=630 run=39 ###

### ENTRY users=640 run=39 seed=39 ###
ResponseTime=6.46222 Throughput=66.13750 goodput=65.98125 badput=0.15625 completed=11706 timedout=25 dropped=0 Util=0.98200
### END_ENTRY users=640 run=39 ###

### ENTRY users=650 run=39 seed=39 ###
ResponseTime=6.58597 Throughput=66.41250 goodput=66.23125 badput=0.18125 completed=11686 timedout=29 dropped=0 Util=0.98197
### END_ENTRY users=650 run=39 ###

### ENTRY users=660 run=39 seed=39 ###
ResponseTime=6.79137 Throughput=65.93125 goodput=65.71875 badput=0.21250 completed=11674 timedout=34 dropped=0 Util=0.98197
### END_ENTRY users=660 run=39 ###

### ENTRY users=670 run=39 seed=39 ###
ResponseTime=6.92593 Throughput=66.28750 goodput=66.11875 badput=0.16875 completed=11653 timedout=27 dropped=0 Util=0.98197
### END_ENTRY users=670 run=39 ###

### ENTRY users=680 run=39 seed=39 ###
ResponseTime=7.23248 Throughput=65.03125 goodput=64.80000 badput=0.23125 completed=11501 timedout=37 dropped=0 Util=0.98195
### END_ENTRY users=680 run=39 ###

### ENTRY users=690 run=39 seed=39 ###
ResponseTime=7.29727 Throughput=65.76250 goodput=65.59375 badput=0.16875 completed=11618 timedout=27 dropped=0 Util=0.98197
### END_ENTRY users=690 run=39 ###

### ENTRY users=700 run=39 seed=39 ###
ResponseTime=7.33187 Throughput=66.42500 goodput=66.22500 badput=0.20000 completed=11697 timedout=32 dropped=0 Util=0.98196
### END_ENTRY users=700 run=39 ###

### ENTRY users=710 run=39 seed=39 ###
ResponseTime=7.60100 Throughput=65.85000 goodput=65.61875 badput=0.23125 completed=11601 timedout=37 dropped=0 Util=0.98195
### END_ENTRY users=710 run=39 ###

### ENTRY users=720 run=39 seed=39 ###
ResponseTime=7.93262 Throughput=64.56875 goodput=64.34375 badput=0.22500 completed=11405 timedout=36 dropped=0 Util=0.98193
### END_ENTRY users=720 run=39 ###

### ENTRY users=730 run=39 seed=39 ###
ResponseTime=7.96527 Throughput=65.30625 goodput=65.10000 badput=0.20625 completed=11556 timedout=33 dropped=0 Util=0.98195
### END_ENTRY users=730 run=39 ###

### ENTRY users=740 run=39 seed=39 ###
ResponseTime=8.11210 Throughput=65.46875 goodput=65.15625 badput=0.31250 completed=11559 timedout=50 dropped=0 Util=0.98194
### END_ENTRY users=740 run=39 ###

### ENTRY users=750 run=39 seed=39 ###
ResponseTime=8.19692 Throughput=65.60625 goodput=65.33125 badput=0.27500 completed=11582 timedout=44 dropped=0 Util=0.98198
### END_ENTRY users=750 run=39 ###

### ENTRY users=760 run=39 seed=39 ###
ResponseTime=8.32583 Throughput=65.76875 goodput=65.52500 badput=0.24375 completed=11598 timedout=39 dropped=0 Util=0.98197
### END_ENTRY users=760 run=39 ###

### ENTRY users=770 run=39 seed=39 ###
ResponseTime=8.50201 Throughput=65.62500 goodput=65.36250 badput=0.26250 completed=11590 timedout=42 dropped=0 Util=0.98193
### END_ENTRY users=770 run=39 ###

### ENTRY users=780 run=39 seed=39 ###
ResponseTime=8.65795 Throughput=65.43125 goodput=65.13125 badput=0.30000 completed=11584 timedout=48 dropped=0 Util=0.98194
### END_ENTRY users=780 run=39 ###

### ENTRY users=790 run=39 seed=39 ###
ResponseTime=8.80384 Throughput=65.71875 goodput=65.40000 badput=0.31875 completed=11594 timedout=51 dropped=0 Util=0.98196
### END_ENTRY users=790 run=39 ###

### ENTRY users=800 run=39 seed=39 ###
ResponseTime=9.16669 Throughput=64.32500 goodput=64.03125 badput=0.29375 completed=11399 timedout=47 dropped=0 Util=0.98191
### END_ENTRY users=800 run=39 ###

### ENTRY users=810 run=39 seed=39 ###
ResponseTime=8.92283 Throughput=66.48750 goodput=66.23750 badput=0.25000 completed=11731 timedout=40 dropped=0 Util=0.98197
### END_ENTRY users=810 run=39 ###

### ENTRY users=820 run=39 seed=39 ###
ResponseTime=9.35976 Throughput=65.15625 goodput=64.75625 badput=0.40000 completed=11521 timedout=64 dropped=0 Util=0.98195
### END_ENTRY users=820 run=39 ###

### ENTRY users=830 run=39 seed=39 ###
ResponseTime=9.47424 Throughput=65.40625 goodput=65.00625 badput=0.40000 completed=11561 timedout=64 dropped=0 Util=0.98195
### END_ENTRY users=830 run=39 ###

### ENTRY users=840 run=39 seed=39 ###
ResponseTime=9.54097 Throughput=65.83750 goodput=65.48750 badput=0.35000 completed=11628 timedout=56 dropped=0 Util=0.98194
### END_ENTRY users=840 run=39 ###

### ENTRY users=850 run=39 seed=39 ###
ResponseTime=9.86144 Throughput=64.91250 goodput=64.45625 badput=0.45625 completed=11419 timedout=73 dropped=0 Util=0.98193
### END_ENTRY users=850 run=39 ###

### ENTRY users=860 run=39 seed=39 ###
ResponseTime=9.92712 Throughput=65.51250 goodput=65.07500 badput=0.43750 completed=11530 timedout=70 dropped=0 Util=0.98195
### END_ENTRY users=860 run=39 ###

### ENTRY users=870 run=39 seed=39 ###
ResponseTime=10.02895 Throughput=65.71875 goodput=65.28125 badput=0.43750 completed=11562 timedout=70 dropped=0 Util=0.98198
### END_ENTRY users=870 run=39 ###

### ENTRY users=880 run=39 seed=39 ###
ResponseTime=10.13145 Throughput=65.96250 goodput=65.59375 badput=0.36875 completed=11595 timedout=59 dropped=0 Util=0.98199
### END_ENTRY users=880 run=39 ###

### ENTRY users=890 run=39 seed=39 ###
ResponseTime=10.33303 Throughput=65.43125 goodput=65.00625 badput=0.42500 completed=11527 timedout=68 dropped=0 Util=0.98195
### END_ENTRY users=890 run=39 ###

### ENTRY users=900 run=39 seed=39 ###
ResponseTime=10.48865 Throughput=65.62500 goodput=65.08750 badput=0.53750 completed=11575 timedout=86 dropped=0 Util=0.98194
### END_ENTRY users=900 run=39 ###

### ENTRY users=910 run=39 seed=39 ###
ResponseTime=10.86920 Throughput=64.51875 goodput=63.89375 badput=0.62500 completed=11340 timedout=100 dropped=0 Util=0.98190
### END_ENTRY users=910 run=39 ###

### ENTRY users=920 run=39 seed=39 ###
ResponseTime=10.92554 Throughput=65.06875 goodput=64.38750 badput=0.68125 completed=11468 timedout=109 dropped=0 Util=0.98193
### END_ENTRY users=920 run=39 ###

### ENTRY users=930 run=39 seed=39 ###
ResponseTime=10.91540 Throughput=65.70000 goodput=65.06875 badput=0.63125 completed=11541 timedout=101 dropped=0 Util=0.98194
### END_ENTRY users=930 run=39 ###

### ENTRY users=940 run=39 seed=39 ###
ResponseTime=11.01986 Throughput=65.87500 goodput=65.27500 badput=0.60000 completed=11591 timedout=96 dropped=0 Util=0.98196
### END_ENTRY users=940 run=39 ###

### ENTRY users=950 run=39 seed=39 ###
ResponseTime=11.35407 Throughput=64.97500 goodput=64.35625 badput=0.61875 completed=11453 timedout=99 dropped=0 Util=0.98194
### END_ENTRY users=950 run=39 ###

### ENTRY users=960 run=39 seed=39 ###
ResponseTime=11.46916 Throughput=65.21875 goodput=64.51875 badput=0.70000 completed=11445 timedout=112 dropped=0 Util=0.98196
### END_ENTRY users=960 run=39 ###

### ENTRY users=970 run=39 seed=39 ###
ResponseTime=11.40233 Throughput=66.30000 goodput=65.68750 badput=0.61250 completed=11657 timedout=98 dropped=0 Util=0.98196
### END_ENTRY users=970 run=39 ###

### ENTRY users=980 run=39 seed=39 ###
ResponseTime=11.88743 Throughput=64.85625 goodput=63.95000 badput=0.90625 completed=11367 timedout=145 dropped=0 Util=0.98196
### END_ENTRY users=980 run=39 ###

### ENTRY users=990 run=39 seed=39 ###
ResponseTime=12.09443 Throughput=64.71250 goodput=63.78125 badput=0.93125 completed=11320 timedout=149 dropped=0 Util=0.98191
### END_ENTRY users=990 run=39 ###

### ENTRY users=1000 run=39 seed=39 ###
ResponseTime=12.16782 Throughput=64.97500 goodput=64.09375 badput=0.88125 completed=11441 timedout=141 dropped=0 Util=0.98196
### END_ENTRY users=1000 run=39 ###

### ENTRY users=1010 run=39 seed=39 ###
ResponseTime=12.30664 Throughput=64.90625 goodput=64.00000 badput=0.90625 completed=11371 timedout=145 dropped=0 Util=0.98193
### END_ENTRY users=1010 run=39 ###

### ENTRY users=1020 run=39 seed=39 ###
ResponseTime=12.39218 Throughput=65.32500 goodput=64.43750 badput=0.88750 completed=11372 timedout=142 dropped=0 Util=0.98196
### END_ENTRY users=1020 run=39 ###

### ENTRY users=1030 run=39 seed=39 ###
ResponseTime=12.37640 Throughput=65.87500 goodput=64.96875 badput=0.90625 completed=11531 timedout=145 dropped=0 Util=0.98194
### END_ENTRY users=1030 run=39 ###

### ENTRY users=1040 run=39 seed=39 ###
ResponseTime=12.59653 Throughput=65.75000 goodput=64.81875 badput=0.93125 completed=11527 timedout=149 dropped=0 Util=0.98195
### END_ENTRY users=1040 run=39 ###

### ENTRY users=1050 run=39 seed=39 ###
ResponseTime=12.77208 Throughput=65.81250 goodput=64.81250 badput=1.00000 completed=11496 timedout=160 dropped=0 Util=0.98197
### END_ENTRY users=1050 run=39 ###

### ENTRY users=1060 run=39 seed=39 ###
ResponseTime=12.97960 Throughput=65.50625 goodput=64.43125 badput=1.07500 completed=11432 timedout=172 dropped=0 Util=0.98198
### END_ENTRY users=1060 run=39 ###

### ENTRY users=1070 run=39 seed=39 ###
ResponseTime=13.02815 Throughput=65.77500 goodput=64.78125 badput=0.99375 completed=11466 timedout=159 dropped=0 Util=0.98195
### END_ENTRY users=1070 run=39 ###

### ENTRY users=1080 run=39 seed=39 ###
ResponseTime=13.27480 Throughput=65.44375 goodput=64.30000 badput=1.14375 completed=11420 timedout=183 dropped=0 Util=0.98194
### END_ENTRY users=1080 run=39 ###

### ENTRY users=1090 run=39 seed=39 ###
ResponseTime=13.39507 Throughput=65.61875 goodput=64.25625 badput=1.36250 completed=11416 timedout=218 dropped=0 Util=0.98195
### END_ENTRY users=1090 run=39 ###

### ENTRY users=1100 run=39 seed=39 ###
ResponseTime=13.62720 Throughput=64.98125 goodput=63.65000 badput=1.33125 completed=11389 timedout=213 dropped=0 Util=0.98195
### END_ENTRY users=1100 run=39 ###

### ENTRY users=1110 run=39 seed=39 ###
ResponseTime=13.54938 Throughput=66.13750 goodput=64.94375 badput=1.19375 completed=11510 timedout=191 dropped=0 Util=0.98197
### END_ENTRY users=1110 run=39 ###

### ENTRY users=1120 run=39 seed=39 ###
ResponseTime=13.80034 Throughput=65.58125 goodput=64.27500 badput=1.30625 completed=11426 timedout=209 dropped=0 Util=0.98197
### END_ENTRY users=1120 run=39 ###

### ENTRY users=1130 run=39 seed=39 ###
ResponseTime=13.95943 Throughput=65.70625 goodput=64.30000 badput=1.40625 completed=11406 timedout=225 dropped=0 Util=0.98194
### END_ENTRY users=1130 run=39 ###

### ENTRY users=1140 run=39 seed=39 ###
ResponseTime=14.26782 Throughput=64.82500 goodput=63.25625 badput=1.56875 completed=11260 timedout=251 dropped=0 Util=0.98196
### END_ENTRY users=1140 run=39 ###

### ENTRY users=1150 run=39 seed=39 ###
ResponseTime=14.09889 Throughput=66.11875 goodput=64.72500 badput=1.39375 completed=11497 timedout=223 dropped=0 Util=0.98196
### END_ENTRY users=1150 run=39 ###

### ENTRY users=1160 run=39 seed=39 ###
ResponseTime=14.49924 Throughput=65.30000 goodput=63.67500 badput=1.62500 completed=11293 timedout=260 dropped=0 Util=0.98197
### END_ENTRY users=1160 run=39 ###

### ENTRY users=1170 run=39 seed=39 ###
ResponseTime=14.44363 Throughput=66.03125 goodput=64.38125 badput=1.65000 completed=11436 timedout=264 dropped=0 Util=0.98195
### END_ENTRY users=1170 run=39 ###

### ENTRY users=1180 run=39 seed=39 ###
ResponseTime=14.78697 Throughput=65.28125 goodput=63.45000 badput=1.83125 completed=11286 timedout=293 dropped=0 Util=0.98196
### END_ENTRY users=1180 run=39 ###

### ENTRY users=1190 run=39 seed=39 ###
ResponseTime=14.65736 Throughput=66.37500 goodput=64.49375 badput=1.88125 completed=11461 timedout=301 dropped=0 Util=0.98199
### END_ENTRY users=1190 run=39 ###

### ENTRY users=1200 run=39 seed=39 ###
ResponseTime=15.12244 Throughput=65.23125 goodput=63.23750 badput=1.99375 completed=11228 timedout=319 dropped=0 Util=0.98196
### END_ENTRY users=1200 run=39 ###

### ENTRY users=1210 run=39 seed=39 ###
ResponseTime=15.36292 Throughput=64.79375 goodput=62.63750 badput=2.15625 completed=11154 timedout=345 dropped=0 Util=0.98195
### END_ENTRY users=1210 run=39 ###

### ENTRY users=1220 run=39 seed=39 ###
ResponseTime=15.28632 Throughput=65.62500 goodput=63.51875 badput=2.10625 completed=11314 timedout=337 dropped=0 Util=0.98194
### END_ENTRY users=1220 run=39 ###

### ENTRY users=1230 run=39 seed=39 ###
ResponseTime=15.36847 Throughput=65.90000 goodput=63.73750 badput=2.16250 completed=11324 timedout=346 dropped=0 Util=0.98198
### END_ENTRY users=1230 run=39 ###

### ENTRY users=1240 run=39 seed=39 ###
ResponseTime=15.58312 Throughput=65.63750 goodput=63.34375 badput=2.29375 completed=11232 timedout=367 dropped=0 Util=0.98196
### END_ENTRY users=1240 run=39 ###

### ENTRY users=1250 run=39 seed=39 ###
ResponseTime=15.76396 Throughput=65.51875 goodput=63.06875 badput=2.45000 completed=11224 timedout=392 dropped=0 Util=0.98198
### END_ENTRY users=1250 run=39 ###

### ENTRY users=1260 run=39 seed=39 ###
ResponseTime=16.07580 Throughput=64.90625 goodput=62.31250 badput=2.59375 completed=11092 timedout=415 dropped=0 Util=0.98194
### END_ENTRY users=1260 run=39 ###

### ENTRY users=1270 run=39 seed=39 ###
ResponseTime=16.25013 Throughput=64.96875 goodput=62.11250 badput=2.85625 completed=11047 timedout=457 dropped=0 Util=0.98194
### END_ENTRY users=1270 run=39 ###

### ENTRY users=1280 run=39 seed=39 ###
ResponseTime=16.11689 Throughput=65.95000 goodput=63.30000 badput=2.65000 completed=11209 timedout=424 dropped=0 Util=0.98196
### END_ENTRY users=1280 run=39 ###

### ENTRY users=1290 run=39 seed=39 ###
ResponseTime=16.16674 Throughput=66.14375 goodput=63.43125 badput=2.71250 completed=11268 timedout=434 dropped=0 Util=0.98198
### END_ENTRY users=1290 run=39 ###

### ENTRY users=1300 run=39 seed=39 ###
ResponseTime=16.52343 Throughput=65.58125 goodput=62.56250 badput=3.01875 completed=11127 timedout=483 dropped=0 Util=0.98192
### END_ENTRY users=1300 run=39 ###

### ENTRY users=1310 run=39 seed=39 ###
ResponseTime=16.58580 Throughput=65.94375 goodput=62.83125 badput=3.11250 completed=11177 timedout=498 dropped=0 Util=0.98194
### END_ENTRY users=1310 run=39 ###

### ENTRY users=1320 run=39 seed=39 ###
ResponseTime=16.66979 Throughput=65.98125 goodput=62.81250 badput=3.16875 completed=11148 timedout=507 dropped=0 Util=0.98196
### END_ENTRY users=1320 run=39 ###

### ENTRY users=1330 run=39 seed=39 ###
ResponseTime=17.03686 Throughput=65.44375 goodput=61.76250 badput=3.68125 completed=10942 timedout=589 dropped=0 Util=0.98198
### END_ENTRY users=1330 run=39 ###

### ENTRY users=1340 run=39 seed=39 ###
ResponseTime=17.18027 Throughput=65.42500 goodput=62.00000 badput=3.42500 completed=11048 timedout=548 dropped=0 Util=0.98196
### END_ENTRY users=1340 run=39 ###

### ENTRY users=1350 run=39 seed=39 ###
ResponseTime=17.36905 Throughput=65.38750 goodput=61.51250 badput=3.87500 completed=10949 timedout=620 dropped=0 Util=0.98194
### END_ENTRY users=1350 run=39 ###

### ENTRY users=1360 run=39 seed=39 ###
ResponseTime=17.11937 Throughput=66.48750 goodput=63.17500 badput=3.31250 completed=11243 timedout=530 dropped=0 Util=0.98198
### END_ENTRY users=1360 run=39 ###

### ENTRY users=1370 run=39 seed=39 ###
ResponseTime=17.86655 Throughput=64.42500 goodput=59.83125 badput=4.59375 completed=10692 timedout=735 dropped=0 Util=0.98195
### END_ENTRY users=1370 run=39 ###

### ENTRY users=1380 run=39 seed=39 ###
ResponseTime=17.43951 Throughput=66.53125 goodput=62.63125 badput=3.90000 completed=11111 timedout=624 dropped=0 Util=0.98198
### END_ENTRY users=1380 run=39 ###

### ENTRY users=1390 run=39 seed=39 ###
ResponseTime=17.69042 Throughput=65.88125 goodput=61.73125 badput=4.15000 completed=10992 timedout=664 dropped=0 Util=0.98195
### END_ENTRY users=1390 run=39 ###

### ENTRY users=1400 run=39 seed=39 ###
ResponseTime=18.10610 Throughput=65.21875 goodput=60.49375 badput=4.72500 completed=10838 timedout=756 dropped=0 Util=0.98193
### END_ENTRY users=1400 run=39 ###

### ENTRY users=1410 run=39 seed=39 ###
ResponseTime=18.04772 Throughput=66.15625 goodput=61.71250 badput=4.44375 completed=10966 timedout=711 dropped=0 Util=0.98199
### END_ENTRY users=1410 run=39 ###

### ENTRY users=1420 run=39 seed=39 ###
ResponseTime=18.39901 Throughput=65.03750 goodput=59.88750 badput=5.15000 completed=10714 timedout=824 dropped=0 Util=0.98197
### END_ENTRY users=1420 run=39 ###

### ENTRY users=1430 run=39 seed=39 ###
ResponseTime=18.44147 Throughput=65.58125 goodput=60.28125 badput=5.30000 completed=10760 timedout=848 dropped=0 Util=0.98194
### END_ENTRY users=1430 run=39 ###

### ENTRY users=1440 run=39 seed=39 ###
ResponseTime=18.63002 Throughput=65.57500 goodput=60.16250 badput=5.41250 completed=10725 timedout=866 dropped=0 Util=0.98194
### END_ENTRY users=1440 run=39 ###

### ENTRY users=1450 run=39 seed=39 ###
ResponseTime=18.52084 Throughput=66.15625 goodput=60.88125 badput=5.27500 completed=10870 timedout=844 dropped=0 Util=0.98196
### END_ENTRY users=1450 run=39 ###

### ENTRY users=1460 run=39 seed=39 ###
ResponseTime=19.24078 Throughput=64.39375 goodput=57.66250 badput=6.73125 completed=10328 timedout=1077 dropped=0 Util=0.98193
### END_ENTRY users=1460 run=39 ###

### ENTRY users=1470 run=39 seed=39 ###
ResponseTime=18.79212 Throughput=66.16250 goodput=60.33750 badput=5.82500 completed=10775 timedout=932 dropped=0 Util=0.98199
### END_ENTRY users=1470 run=39 ###

### ENTRY users=1480 run=39 seed=39 ###
ResponseTime=19.45869 Throughput=64.71250 goodput=57.56250 badput=7.15000 completed=10378 timedout=1144 dropped=0 Util=0.98192
### END_ENTRY users=1480 run=39 ###

### ENTRY users=1490 run=39 seed=39 ###
ResponseTime=19.23413 Throughput=65.82500 goodput=59.17500 badput=6.65000 completed=10580 timedout=1064 dropped=0 Util=0.98194
### END_ENTRY users=1490 run=39 ###

### ENTRY users=1500 run=39 seed=39 ###
ResponseTime=19.62948 Throughput=65.08750 goodput=57.70625 badput=7.38125 completed=10386 timedout=1181 dropped=0 Util=0.98193
### END_ENTRY users=1500 run=39 ###

### ENTRY users=1510 run=39 seed=39 ###
ResponseTime=19.44982 Throughput=65.93750 goodput=58.90000 badput=7.03750 completed=10562 timedout=1126 dropped=0 Util=0.98197
### END_ENTRY users=1510 run=39 ###

### ENTRY users=1520 run=39 seed=39 ###
ResponseTime=19.90589 Throughput=65.11250 goodput=57.21875 badput=7.89375 completed=10241 timedout=1263 dropped=0 Util=0.98197
### END_ENTRY users=1520 run=39 ###

### ENTRY users=1530 run=39 seed=39 ###
ResponseTime=19.83989 Throughput=65.77500 goodput=58.06875 badput=7.70625 completed=10445 timedout=1233 dropped=0 Util=0.98197
### END_ENTRY users=1530 run=39 ###

### ENTRY users=1540 run=39 seed=39 ###
ResponseTime=19.95408 Throughput=65.65000 goodput=57.60625 badput=8.04375 completed=10371 timedout=1287 dropped=0 Util=0.98198
### END_ENTRY users=1540 run=39 ###

### ENTRY users=1550 run=39 seed=39 ###
ResponseTime=20.10253 Throughput=65.86875 goodput=57.34375 badput=8.52500 completed=10282 timedout=1364 dropped=0 Util=0.98196
### END_ENTRY users=1550 run=39 ###

### ENTRY users=1560 run=39 seed=39 ###
ResponseTime=20.32873 Throughput=65.41250 goodput=56.36875 badput=9.04375 completed=10149 timedout=1447 dropped=0 Util=0.98193
### END_ENTRY users=1560 run=39 ###

### ENTRY users=1570 run=39 seed=39 ###
ResponseTime=20.46365 Throughput=65.85000 goodput=56.46875 badput=9.38125 completed=10088 timedout=1501 dropped=0 Util=0.98196
### END_ENTRY users=1570 run=39 ###

### ENTRY users=1580 run=39 seed=39 ###
ResponseTime=20.46200 Throughput=66.07500 goodput=56.75000 badput=9.32500 completed=10217 timedout=1492 dropped=0 Util=0.98198
### END_ENTRY users=1580 run=39 ###

### ENTRY users=1590 run=39 seed=39 ###
ResponseTime=20.86064 Throughput=65.38125 goodput=54.75000 badput=10.63125 completed=9929 timedout=1701 dropped=0 Util=0.98197
### END_ENTRY users=1590 run=39 ###

### ENTRY users=1600 run=39 seed=39 ###
ResponseTime=20.81253 Throughput=65.87500 goodput=55.75625 badput=10.11875 completed=10080 timedout=1619 dropped=0 Util=0.98199
### END_ENTRY users=1600 run=39 ###

### ENTRY users=1610 run=39 seed=39 ###
ResponseTime=21.15844 Throughput=65.18125 goodput=53.77500 badput=11.40625 completed=9744 timedout=1825 dropped=0 Util=0.98195
### END_ENTRY users=1610 run=39 ###

### ENTRY users=1620 run=39 seed=39 ###
ResponseTime=20.62277 Throughput=67.15625 goodput=57.33750 badput=9.81875 completed=10287 timedout=1571 dropped=0 Util=0.98200
### END_ENTRY users=1620 run=39 ###

### ENTRY users=1630 run=39 seed=39 ###
ResponseTime=21.43608 Throughput=65.35000 goodput=53.04375 badput=12.30625 completed=9625 timedout=1969 dropped=0 Util=0.98197
### END_ENTRY users=1630 run=39 ###

### ENTRY users=1640 run=39 seed=39 ###
ResponseTime=21.27642 Throughput=66.16250 goodput=54.26250 badput=11.90000 completed=9820 timedout=1904 dropped=0 Util=0.98196
### END_ENTRY users=1640 run=39 ###

### ENTRY users=1650 run=39 seed=39 ###
ResponseTime=21.69759 Throughput=65.18750 goodput=51.70000 badput=13.48750 completed=9400 timedout=2158 dropped=0 Util=0.98195
### END_ENTRY users=1650 run=39 ###

### ENTRY users=1660 run=39 seed=39 ###
ResponseTime=21.62045 Throughput=65.90625 goodput=52.40625 badput=13.50000 completed=9515 timedout=2160 dropped=0 Util=0.98197
### END_ENTRY users=1660 run=39 ###

### ENTRY users=1670 run=39 seed=39 ###
ResponseTime=22.01572 Throughput=65.43125 goodput=51.09375 badput=14.33750 completed=9249 timedout=2294 dropped=0 Util=0.98196
### END_ENTRY users=1670 run=39 ###

### ENTRY users=1680 run=39 seed=39 ###
ResponseTime=22.24210 Throughput=65.02500 goodput=49.23125 badput=15.79375 completed=8949 timedout=2527 dropped=0 Util=0.98193
### END_ENTRY users=1680 run=39 ###

### ENTRY users=1690 run=39 seed=39 ###
ResponseTime=22.36773 Throughput=65.16875 goodput=48.93750 badput=16.23125 completed=8907 timedout=2597 dropped=0 Util=0.98195
### END_ENTRY users=1690 run=39 ###

### ENTRY users=1700 run=39 seed=39 ###
ResponseTime=22.00933 Throughput=66.50000 goodput=51.83750 badput=14.66250 completed=9362 timedout=2346 dropped=0 Util=0.98198
### END_ENTRY users=1700 run=39 ###

### ENTRY users=1710 run=39 seed=39 ###
ResponseTime=22.32622 Throughput=66.12500 goodput=49.80000 badput=16.32500 completed=9013 timedout=2612 dropped=0 Util=0.98198
### END_ENTRY users=1710 run=39 ###

### ENTRY users=1720 run=39 seed=39 ###
ResponseTime=22.70512 Throughput=65.53125 goodput=47.59375 badput=17.93750 completed=8712 timedout=2870 dropped=0 Util=0.98195
### END_ENTRY users=1720 run=39 ###

### ENTRY users=1730 run=39 seed=39 ###
ResponseTime=22.70050 Throughput=65.60625 goodput=46.81875 badput=18.78750 completed=8630 timedout=3006 dropped=0 Util=0.98197
### END_ENTRY users=1730 run=39 ###

### ENTRY users=1740 run=39 seed=39 ###
ResponseTime=22.47441 Throughput=66.66250 goodput=49.75625 badput=16.90625 completed=9031 timedout=2705 dropped=0 Util=0.98198
### END_ENTRY users=1740 run=39 ###

### ENTRY users=1750 run=39 seed=39 ###
ResponseTime=22.89029 Throughput=65.96250 goodput=46.55625 badput=19.40625 completed=8629 timedout=3105 dropped=0 Util=0.98196
### END_ENTRY users=1750 run=39 ###

### ENTRY users=1760 run=39 seed=39 ###
ResponseTime=23.48340 Throughput=65.06250 goodput=42.81875 badput=22.24375 completed=7920 timedout=3559 dropped=0 Util=0.98194
### END_ENTRY users=1760 run=39 ###

### ENTRY users=1770 run=39 seed=39 ###
ResponseTime=23.24494 Throughput=65.75000 goodput=44.62500 badput=21.12500 completed=8272 timedout=3380 dropped=0 Util=0.98196
### END_ENTRY users=1770 run=39 ###

### ENTRY users=1780 run=39 seed=39 ###
ResponseTime=22.85998 Throughput=67.10000 goodput=47.56250 badput=19.53750 completed=8729 timedout=3126 dropped=0 Util=0.98199
### END_ENTRY users=1780 run=39 ###

### ENTRY users=1790 run=39 seed=39 ###
ResponseTime=23.65353 Throughput=65.36250 goodput=41.75625 badput=23.60625 completed=7808 timedout=3777 dropped=0 Util=0.98194
### END_ENTRY users=1790 run=39 ###

### ENTRY users=1800 run=39 seed=39 ###
ResponseTime=23.68655 Throughput=65.88125 goodput=41.83750 badput=24.04375 completed=7803 timedout=3847 dropped=0 Util=0.98196
### END_ENTRY users=1800 run=39 ###

### ENTRY users=1810 run=39 seed=39 ###
ResponseTime=23.72532 Throughput=66.13125 goodput=41.55625 badput=24.57500 completed=7792 timedout=3932 dropped=0 Util=0.98198
### END_ENTRY users=1810 run=39 ###

### ENTRY users=1820 run=39 seed=39 ###
ResponseTime=23.91113 Throughput=66.04375 goodput=40.93125 badput=25.11250 completed=7628 timedout=4018 dropped=0 Util=0.98198
### END_ENTRY users=1820 run=39 ###

### ENTRY users=1830 run=39 seed=39 ###
ResponseTime=23.98091 Throughput=66.21875 goodput=40.46250 badput=25.75625 completed=7582 timedout=4121 dropped=0 Util=0.98196
### END_ENTRY users=1830 run=39 ###

### ENTRY users=1840 run=39 seed=39 ###
ResponseTime=24.64986 Throughput=64.88750 goodput=35.42500 badput=29.46250 completed=6762 timedout=4714 dropped=0 Util=0.98191
### END_ENTRY users=1840 run=39 ###

### ENTRY users=1850 run=39 seed=39 ###
ResponseTime=24.71325 Throughput=65.10625 goodput=35.21250 badput=29.89375 completed=6771 timedout=4783 dropped=0 Util=0.98195
### END_ENTRY users=1850 run=39 ###

### ENTRY users=1860 run=39 seed=39 ###
ResponseTime=24.46028 Throughput=66.05625 goodput=37.25000 badput=28.80625 completed=7080 timedout=4609 dropped=0 Util=0.98196
### END_ENTRY users=1860 run=39 ###

### ENTRY users=1870 run=39 seed=39 ###
ResponseTime=25.02246 Throughput=64.95625 goodput=34.10625 badput=30.85000 completed=6587 timedout=4936 dropped=0 Util=0.98194
### END_ENTRY users=1870 run=39 ###

### ENTRY users=1880 run=39 seed=39 ###
ResponseTime=25.01824 Throughput=65.23750 goodput=33.39375 badput=31.84375 completed=6446 timedout=5095 dropped=0 Util=0.98195
### END_ENTRY users=1880 run=39 ###

### ENTRY users=1890 run=39 seed=39 ###
ResponseTime=24.94956 Throughput=65.87500 goodput=34.75000 badput=31.12500 completed=6706 timedout=4980 dropped=0 Util=0.98196
### END_ENTRY users=1890 run=39 ###

### ENTRY users=1900 run=39 seed=39 ###
ResponseTime=25.51131 Throughput=64.81250 goodput=30.45000 badput=34.36250 completed=6026 timedout=5498 dropped=0 Util=0.98191
### END_ENTRY users=1900 run=39 ###

### ENTRY users=1910 run=39 seed=39 ###
ResponseTime=24.90676 Throughput=66.37500 goodput=35.17500 badput=31.20000 completed=6813 timedout=4992 dropped=0 Util=0.98198
### END_ENTRY users=1910 run=39 ###

### ENTRY users=1920 run=39 seed=39 ###
ResponseTime=25.65838 Throughput=65.26250 goodput=30.05000 badput=35.21250 completed=5940 timedout=5634 dropped=0 Util=0.98195
### END_ENTRY users=1920 run=39 ###

### ENTRY users=1930 run=39 seed=39 ###
ResponseTime=25.86584 Throughput=64.79375 goodput=28.63750 badput=36.15625 completed=5656 timedout=5785 dropped=0 Util=0.98194
### END_ENTRY users=1930 run=39 ###

### ENTRY users=1940 run=39 seed=39 ###
ResponseTime=25.58073 Throughput=65.90000 goodput=30.45625 badput=35.44375 completed=5978 timedout=5671 dropped=0 Util=0.98197
### END_ENTRY users=1940 run=39 ###

### ENTRY users=1950 run=39 seed=39 ###
ResponseTime=26.29099 Throughput=64.65000 goodput=26.04375 badput=38.60625 completed=5269 timedout=6177 dropped=0 Util=0.98194
### END_ENTRY users=1950 run=39 ###

### ENTRY users=1960 run=39 seed=39 ###
ResponseTime=25.95600 Throughput=65.63750 goodput=28.68125 badput=36.95625 completed=5721 timedout=5913 dropped=0 Util=0.98197
### END_ENTRY users=1960 run=39 ###

### ENTRY users=1970 run=39 seed=39 ###
ResponseTime=26.28372 Throughput=65.21250 goodput=26.83125 badput=38.38125 completed=5467 timedout=6141 dropped=0 Util=0.98195
### END_ENTRY users=1970 run=39 ###

### ENTRY users=1980 run=39 seed=39 ###
ResponseTime=26.19995 Throughput=65.96875 goodput=27.25000 badput=38.71875 completed=5446 timedout=6195 dropped=0 Util=0.98198
### END_ENTRY users=1980 run=39 ###

### ENTRY users=1990 run=39 seed=39 ###
ResponseTime=26.40740 Throughput=65.70000 goodput=26.00000 badput=39.70000 completed=5301 timedout=6352 dropped=0 Util=0.98197
### END_ENTRY users=1990 run=39 ###

### ENTRY users=2000 run=39 seed=39 ###
ResponseTime=26.59590 Throughput=65.72500 goodput=24.87500 badput=40.85000 completed=5076 timedout=6536 dropped=0 Util=0.98195
### END_ENTRY users=2000 run=39 ###

### ENTRY users=2010 run=39 seed=39 ###
ResponseTime=26.62585 Throughput=65.70000 goodput=24.53125 badput=41.16875 completed=5028 timedout=6587 dropped=0 Util=0.98196
### END_ENTRY users=2010 run=39 ###

### ENTRY users=2020 run=39 seed=39 ###
ResponseTime=26.96918 Throughput=65.12500 goodput=23.03125 badput=42.09375 completed=4858 timedout=6735 dropped=0 Util=0.98197
### END_ENTRY users=2020 run=39 ###

### ENTRY users=2030 run=39 seed=39 ###
ResponseTime=27.05688 Throughput=64.96250 goodput=22.14375 badput=42.81875 completed=4696 timedout=6851 dropped=0 Util=0.98195
### END_ENTRY users=2030 run=39 ###

### ENTRY users=2040 run=39 seed=39 ###
ResponseTime=27.20643 Throughput=65.45000 goodput=21.71875 badput=43.73125 completed=4594 timedout=6997 dropped=0 Util=0.98196
### END_ENTRY users=2040 run=39 ###

### ENTRY users=2050 run=39 seed=39 ###
ResponseTime=27.25505 Throughput=65.53125 goodput=21.83125 badput=43.70000 completed=4647 timedout=6992 dropped=0 Util=0.98194
### END_ENTRY users=2050 run=39 ###

### ENTRY users=2060 run=39 seed=39 ###
ResponseTime=27.49194 Throughput=65.49375 goodput=20.06875 badput=45.42500 completed=4354 timedout=7268 dropped=0 Util=0.98194
### END_ENTRY users=2060 run=39 ###

### ENTRY users=2070 run=39 seed=39 ###
ResponseTime=27.51096 Throughput=65.48125 goodput=20.41875 badput=45.06250 completed=4362 timedout=7210 dropped=0 Util=0.98198
### END_ENTRY users=2070 run=39 ###

### ENTRY users=2080 run=39 seed=39 ###
ResponseTime=27.92428 Throughput=65.00000 goodput=18.01875 badput=46.98125 completed=4012 timedout=7517 dropped=0 Util=0.98196
### END_ENTRY users=2080 run=39 ###

### ENTRY users=2090 run=39 seed=39 ###
ResponseTime=27.89780 Throughput=65.28125 goodput=18.28750 badput=46.99375 completed=4020 timedout=7519 dropped=0 Util=0.98195
### END_ENTRY users=2090 run=39 ###

### ENTRY users=2100 run=39 seed=39 ###
ResponseTime=28.01565 Throughput=65.38750 goodput=17.69375 badput=47.69375 completed=3970 timedout=7631 dropped=0 Util=0.98198
### END_ENTRY users=2100 run=39 ###

### ENTRY users=2110 run=39 seed=39 ###
ResponseTime=28.18255 Throughput=65.25000 goodput=16.63125 badput=48.61875 completed=3836 timedout=7779 dropped=0 Util=0.98195
### END_ENTRY users=2110 run=39 ###

### ENTRY users=2120 run=39 seed=39 ###
ResponseTime=28.39817 Throughput=64.93750 goodput=15.66250 badput=49.27500 completed=3665 timedout=7884 dropped=0 Util=0.98193
### END_ENTRY users=2120 run=39 ###

### ENTRY users=2130 run=39 seed=39 ###
ResponseTime=28.26973 Throughput=65.98125 goodput=16.59375 badput=49.38750 completed=3777 timedout=7902 dropped=0 Util=0.98196
### END_ENTRY users=2130 run=39 ###

### ENTRY users=2140 run=39 seed=39 ###
ResponseTime=28.91297 Throughput=64.50625 goodput=13.51250 badput=50.99375 completed=3261 timedout=8159 dropped=0 Util=0.98194
### END_ENTRY users=2140 run=39 ###

### ENTRY users=2150 run=39 seed=39 ###
ResponseTime=28.79174 Throughput=65.08125 goodput=14.18750 badput=50.89375 completed=3391 timedout=8143 dropped=0 Util=0.98190
### END_ENTRY users=2150 run=39 ###

### ENTRY users=2160 run=39 seed=39 ###
ResponseTime=28.58447 Throughput=66.18125 goodput=15.48125 badput=50.70000 completed=3597 timedout=8112 dropped=0 Util=0.98196
### END_ENTRY users=2160 run=39 ###

### ENTRY users=2170 run=39 seed=39 ###
ResponseTime=29.30915 Throughput=64.56250 goodput=11.75625 badput=52.80625 completed=3055 timedout=8449 dropped=0 Util=0.98194
### END_ENTRY users=2170 run=39 ###

### ENTRY users=2180 run=39 seed=39 ###
ResponseTime=29.21909 Throughput=65.18750 goodput=12.28750 badput=52.90000 completed=3145 timedout=8464 dropped=0 Util=0.98192
### END_ENTRY users=2180 run=39 ###

### ENTRY users=2190 run=39 seed=39 ###
ResponseTime=29.35171 Throughput=65.22500 goodput=11.79375 badput=53.43125 completed=2980 timedout=8549 dropped=0 Util=0.98195
### END_ENTRY users=2190 run=39 ###

### ENTRY users=2200 run=39 seed=39 ###
ResponseTime=28.97567 Throughput=66.10625 goodput=13.64375 badput=52.46250 completed=3331 timedout=8394 dropped=0 Util=0.98198
### END_ENTRY users=2200 run=39 ###

### ENTRY users=2210 run=39 seed=39 ###
ResponseTime=29.76507 Throughput=65.07500 goodput=10.28750 badput=54.78750 completed=2796 timedout=8766 dropped=0 Util=0.98193
### END_ENTRY users=2210 run=39 ###

### ENTRY users=2220 run=39 seed=39 ###
ResponseTime=29.47058 Throughput=65.56250 goodput=11.27500 badput=54.28750 completed=2924 timedout=8686 dropped=0 Util=0.98198
### END_ENTRY users=2220 run=39 ###

### ENTRY users=2230 run=39 seed=39 ###
ResponseTime=29.63637 Throughput=65.63750 goodput=10.61250 badput=55.02500 completed=2877 timedout=8804 dropped=0 Util=0.98198
### END_ENTRY users=2230 run=39 ###

### ENTRY users=2240 run=39 seed=39 ###
ResponseTime=30.22674 Throughput=64.77500 goodput=8.85000 badput=55.92500 completed=2560 timedout=8948 dropped=0 Util=0.98191
### END_ENTRY users=2240 run=39 ###

### ENTRY users=2250 run=39 seed=39 ###
ResponseTime=29.95842 Throughput=65.83750 goodput=9.63750 badput=56.20000 completed=2651 timedout=8992 dropped=0 Util=0.98196
### END_ENTRY users=2250 run=39 ###

### ENTRY users=2260 run=39 seed=39 ###
ResponseTime=30.03080 Throughput=65.60625 goodput=9.20625 badput=56.40000 completed=2619 timedout=9024 dropped=0 Util=0.98198
### END_ENTRY users=2260 run=39 ###

### ENTRY users=2270 run=39 seed=39 ###
ResponseTime=30.33447 Throughput=65.31875 goodput=8.26875 badput=57.05000 completed=2423 timedout=9128 dropped=0 Util=0.98197
### END_ENTRY users=2270 run=39 ###

### ENTRY users=2280 run=39 seed=39 ###
ResponseTime=30.35470 Throughput=65.96875 goodput=8.30000 badput=57.66875 completed=2356 timedout=9227 dropped=0 Util=0.98197
### END_ENTRY users=2280 run=39 ###

### ENTRY users=2290 run=39 seed=39 ###
ResponseTime=30.74628 Throughput=65.31875 goodput=7.10625 badput=58.21250 completed=2236 timedout=9314 dropped=0 Util=0.98196
### END_ENTRY users=2290 run=39 ###

### ENTRY users=2300 run=39 seed=39 ###
ResponseTime=30.64419 Throughput=65.76875 goodput=7.68750 badput=58.08125 completed=2389 timedout=9293 dropped=0 Util=0.98197
### END_ENTRY users=2300 run=39 ###

### ENTRY users=2310 run=39 seed=39 ###
ResponseTime=30.86892 Throughput=65.54375 goodput=7.26250 badput=58.28125 completed=2260 timedout=9325 dropped=0 Util=0.98195
### END_ENTRY users=2310 run=39 ###

### ENTRY users=2320 run=39 seed=39 ###
ResponseTime=30.79863 Throughput=65.81250 goodput=6.90625 badput=58.90625 completed=2208 timedout=9425 dropped=0 Util=0.98198
### END_ENTRY users=2320 run=39 ###

### ENTRY users=2330 run=39 seed=39 ###
ResponseTime=31.39033 Throughput=64.68750 goodput=5.80000 badput=58.88750 completed=2028 timedout=9422 dropped=0 Util=0.98192
### END_ENTRY users=2330 run=39 ###

### ENTRY users=2340 run=39 seed=39 ###
ResponseTime=31.48612 Throughput=65.00000 goodput=5.93125 badput=59.06875 completed=2080 timedout=9451 dropped=0 Util=0.98195
### END_ENTRY users=2340 run=39 ###

### ENTRY users=2350 run=39 seed=39 ###
ResponseTime=31.26900 Throughput=65.65625 goodput=6.21250 badput=59.44375 completed=2119 timedout=9511 dropped=0 Util=0.98196
### END_ENTRY users=2350 run=39 ###

### ENTRY users=2360 run=39 seed=39 ###
ResponseTime=31.90630 Throughput=64.78125 goodput=5.07500 badput=59.70625 completed=1922 timedout=9553 dropped=0 Util=0.98192
### END_ENTRY users=2360 run=39 ###

### ENTRY users=2370 run=39 seed=39 ###
ResponseTime=31.64929 Throughput=65.43125 goodput=5.47500 badput=59.95625 completed=2008 timedout=9593 dropped=0 Util=0.98194
### END_ENTRY users=2370 run=39 ###

### ENTRY users=2380 run=39 seed=39 ###
ResponseTime=32.19757 Throughput=64.56875 goodput=4.82500 badput=59.74375 completed=1896 timedout=9559 dropped=0 Util=0.98193
### END_ENTRY users=2380 run=39 ###

### ENTRY users=2390 run=39 seed=39 ###
ResponseTime=31.82085 Throughput=65.58750 goodput=5.65000 badput=59.93750 completed=2041 timedout=9590 dropped=0 Util=0.98195
### END_ENTRY users=2390 run=39 ###

### ENTRY users=2400 run=39 seed=39 ###
ResponseTime=31.93676 Throughput=65.75000 goodput=5.38750 badput=60.36250 completed=1997 timedout=9658 dropped=0 Util=0.98196
### END_ENTRY users=2400 run=39 ###

### ENTRY users=2410 run=39 seed=39 ###
ResponseTime=32.16991 Throughput=65.53125 goodput=4.86875 badput=60.66250 completed=1909 timedout=9706 dropped=0 Util=0.98197
### END_ENTRY users=2410 run=39 ###

### ENTRY users=2420 run=39 seed=39 ###
ResponseTime=32.50062 Throughput=65.35625 goodput=4.97500 badput=60.38125 completed=1898 timedout=9661 dropped=0 Util=0.98196
### END_ENTRY users=2420 run=39 ###

### ENTRY users=2430 run=39 seed=39 ###
ResponseTime=32.40446 Throughput=65.71875 goodput=4.75000 badput=60.96875 completed=1903 timedout=9755 dropped=0 Util=0.98196
### END_ENTRY users=2430 run=39 ###

### ENTRY users=2440 run=39 seed=39 ###
ResponseTime=32.64851 Throughput=65.66250 goodput=4.91875 badput=60.74375 completed=1908 timedout=9719 dropped=0 Util=0.98198
### END_ENTRY users=2440 run=39 ###

### ENTRY users=2450 run=39 seed=39 ###
ResponseTime=32.91155 Throughput=65.41875 goodput=4.90000 badput=60.51875 completed=1910 timedout=9683 dropped=0 Util=0.98195
### END_ENTRY users=2450 run=39 ###

### ENTRY users=2460 run=39 seed=39 ###
ResponseTime=32.44806 Throughput=66.23750 goodput=4.93750 badput=61.30000 completed=1935 timedout=9808 dropped=0 Util=0.98199
### END_ENTRY users=2460 run=39 ###

### ENTRY users=2470 run=39 seed=39 ###
ResponseTime=33.26857 Throughput=65.00000 goodput=4.67500 badput=60.32500 completed=1879 timedout=9652 dropped=0 Util=0.98192
### END_ENTRY users=2470 run=39 ###

### ENTRY users=2480 run=39 seed=39 ###
ResponseTime=32.72779 Throughput=66.10625 goodput=4.92500 badput=61.18125 completed=1903 timedout=9789 dropped=0 Util=0.98197
### END_ENTRY users=2480 run=39 ###

### ENTRY users=2490 run=39 seed=39 ###
ResponseTime=33.41418 Throughput=65.20625 goodput=4.70000 badput=60.50625 completed=1857 timedout=9681 dropped=0 Util=0.98197
### END_ENTRY users=2490 run=39 ###

### ENTRY users=2500 run=39 seed=39 ###
ResponseTime=33.30224 Throughput=65.71875 goodput=5.10000 badput=60.61875 completed=1956 timedout=9699 dropped=0 Util=0.98197
### END_ENTRY users=2500 run=39 ###

### ENTRY users=2510 run=39 seed=39 ###
ResponseTime=33.62961 Throughput=65.25625 goodput=4.66875 badput=60.58750 completed=1832 timedout=9694 dropped=0 Util=0.98194
### END_ENTRY users=2510 run=39 ###

### ENTRY users=2520 run=39 seed=39 ###
ResponseTime=33.84285 Throughput=65.10625 goodput=4.53750 badput=60.56875 completed=1910 timedout=9691 dropped=0 Util=0.98193
### END_ENTRY users=2520 run=39 ###

### ENTRY users=2530 run=39 seed=39 ###
ResponseTime=33.69808 Throughput=65.56875 goodput=4.76875 badput=60.80000 completed=1911 timedout=9728 dropped=0 Util=0.98196
### END_ENTRY users=2530 run=39 ###

### ENTRY users=2540 run=39 seed=39 ###
ResponseTime=33.92860 Throughput=65.21250 goodput=4.80625 badput=60.40625 completed=1915 timedout=9665 dropped=0 Util=0.98192
### END_ENTRY users=2540 run=39 ###

### ENTRY users=2550 run=39 seed=39 ###
ResponseTime=34.45170 Throughput=64.73750 goodput=4.60625 badput=60.13125 completed=1878 timedout=9621 dropped=0 Util=0.98196
### END_ENTRY users=2550 run=39 ###

### ENTRY users=2560 run=39 seed=39 ###
ResponseTime=34.53105 Throughput=65.00000 goodput=4.65000 badput=60.35000 completed=1894 timedout=9656 dropped=0 Util=0.98194
### END_ENTRY users=2560 run=39 ###

### ENTRY users=2570 run=39 seed=39 ###
ResponseTime=34.53251 Throughput=65.35000 goodput=4.53125 badput=60.81875 completed=1841 timedout=9731 dropped=0 Util=0.98199
### END_ENTRY users=2570 run=39 ###

### ENTRY users=2580 run=39 seed=39 ###
ResponseTime=34.12591 Throughput=65.94375 goodput=4.82500 badput=61.11875 completed=1876 timedout=9779 dropped=0 Util=0.98194
### END_ENTRY users=2580 run=39 ###

### ENTRY users=2590 run=39 seed=39 ###
ResponseTime=34.54986 Throughput=65.44375 goodput=4.78750 badput=60.65625 completed=1865 timedout=9705 dropped=0 Util=0.98192
### END_ENTRY users=2590 run=39 ###

### ENTRY users=2600 run=39 seed=39 ###
ResponseTime=34.90001 Throughput=65.05625 goodput=5.03125 badput=60.02500 completed=1949 timedout=9604 dropped=0 Util=0.98192
### END_ENTRY users=2600 run=39 ###

### ENTRY users=2610 run=39 seed=39 ###
ResponseTime=34.82658 Throughput=65.59375 goodput=5.02500 badput=60.56875 completed=1977 timedout=9691 dropped=0 Util=0.98195
### END_ENTRY users=2610 run=39 ###

### ENTRY users=2620 run=39 seed=39 ###
ResponseTime=34.79394 Throughput=65.55625 goodput=4.55000 badput=61.00625 completed=1875 timedout=9761 dropped=0 Util=0.98195
### END_ENTRY users=2620 run=39 ###

### ENTRY users=2630 run=39 seed=39 ###
ResponseTime=35.38433 Throughput=65.02500 goodput=4.71875 badput=60.30625 completed=1923 timedout=9649 dropped=0 Util=0.98196
### END_ENTRY users=2630 run=39 ###

### ENTRY users=2640 run=39 seed=39 ###
ResponseTime=35.24670 Throughput=65.27500 goodput=4.60000 badput=60.67500 completed=1887 timedout=9708 dropped=0 Util=0.98193
### END_ENTRY users=2640 run=39 ###

### ENTRY users=2650 run=39 seed=39 ###
ResponseTime=35.02755 Throughput=66.02500 goodput=4.86250 badput=61.16250 completed=1920 timedout=9786 dropped=0 Util=0.98196
### END_ENTRY users=2650 run=39 ###

### ENTRY users=2660 run=39 seed=39 ###
ResponseTime=35.45994 Throughput=65.68125 goodput=4.95625 badput=60.72500 completed=1978 timedout=9716 dropped=0 Util=0.98195
### END_ENTRY users=2660 run=39 ###

### ENTRY users=2670 run=39 seed=39 ###
ResponseTime=35.70259 Throughput=65.18125 goodput=4.70625 badput=60.47500 completed=1930 timedout=9676 dropped=0 Util=0.98194
### END_ENTRY users=2670 run=39 ###

### ENTRY users=2680 run=39 seed=39 ###
ResponseTime=35.77485 Throughput=65.67500 goodput=4.91875 badput=60.75625 completed=1927 timedout=9721 dropped=0 Util=0.98195
### END_ENTRY users=2680 run=39 ###

### ENTRY users=2690 run=39 seed=39 ###
ResponseTime=35.73766 Throughput=65.69375 goodput=4.56250 badput=61.13125 completed=1861 timedout=9781 dropped=0 Util=0.98196
### END_ENTRY users=2690 run=39 ###

### ENTRY users=2700 run=39 seed=39 ###
ResponseTime=36.15969 Throughput=65.02500 goodput=4.63750 badput=60.38750 completed=1881 timedout=9662 dropped=0 Util=0.98196
### END_ENTRY users=2700 run=39 ###

### ENTRY users=2710 run=39 seed=39 ###
ResponseTime=36.17049 Throughput=65.33125 goodput=4.58750 badput=60.74375 completed=1842 timedout=9719 dropped=0 Util=0.98193
### END_ENTRY users=2710 run=39 ###

### ENTRY users=2720 run=39 seed=39 ###
ResponseTime=36.15273 Throughput=65.59375 goodput=4.49375 badput=61.10000 completed=1862 timedout=9776 dropped=0 Util=0.98197
### END_ENTRY users=2720 run=39 ###

### ENTRY users=2730 run=39 seed=39 ###
ResponseTime=36.50664 Throughput=65.56250 goodput=4.43750 badput=61.12500 completed=1894 timedout=9780 dropped=0 Util=0.98196
### END_ENTRY users=2730 run=39 ###

### ENTRY users=2740 run=39 seed=39 ###
ResponseTime=36.82919 Throughput=64.67500 goodput=4.35625 badput=60.31875 completed=1849 timedout=9651 dropped=0 Util=0.98193
### END_ENTRY users=2740 run=39 ###

### ENTRY users=2750 run=39 seed=39 ###
ResponseTime=36.86861 Throughput=65.10000 goodput=4.78125 badput=60.31875 completed=1933 timedout=9651 dropped=0 Util=0.98194
### END_ENTRY users=2750 run=39 ###

### ENTRY users=2760 run=39 seed=39 ###
ResponseTime=37.27327 Throughput=64.80000 goodput=4.53750 badput=60.26250 completed=1841 timedout=9642 dropped=0 Util=0.98193
### END_ENTRY users=2760 run=39 ###

### ENTRY users=2770 run=39 seed=39 ###
ResponseTime=36.30157 Throughput=66.21875 goodput=4.63125 badput=61.58750 completed=1924 timedout=9854 dropped=0 Util=0.98198
### END_ENTRY users=2770 run=39 ###

### ENTRY users=2780 run=39 seed=39 ###
ResponseTime=37.17216 Throughput=65.28125 goodput=4.62500 badput=60.65625 completed=1874 timedout=9705 dropped=0 Util=0.98197
### END_ENTRY users=2780 run=39 ###

### ENTRY users=2790 run=39 seed=39 ###
ResponseTime=37.11456 Throughput=65.53125 goodput=4.73125 badput=60.80000 completed=1898 timedout=9728 dropped=0 Util=0.98196
### END_ENTRY users=2790 run=39 ###

### ENTRY users=2800 run=39 seed=39 ###
ResponseTime=37.28758 Throughput=65.37500 goodput=4.69375 badput=60.68125 completed=1917 timedout=9709 dropped=0 Util=0.98194
### END_ENTRY users=2800 run=39 ###

### ENTRY users=2810 run=39 seed=39 ###
ResponseTime=37.10183 Throughput=66.01250 goodput=4.43750 badput=61.57500 completed=1905 timedout=9852 dropped=0 Util=0.98195
### END_ENTRY users=2810 run=39 ###

### ENTRY users=2820 run=39 seed=39 ###
ResponseTime=37.82002 Throughput=64.67500 goodput=4.83750 badput=59.83750 completed=1912 timedout=9574 dropped=0 Util=0.98194
### END_ENTRY users=2820 run=39 ###

### ENTRY users=2830 run=39 seed=39 ###
ResponseTime=38.01532 Throughput=64.96250 goodput=4.56875 badput=60.39375 completed=1829 timedout=9663 dropped=0 Util=0.98194
### END_ENTRY users=2830 run=39 ###

### ENTRY users=2840 run=39 seed=39 ###
ResponseTime=37.91103 Throughput=65.37500 goodput=4.50625 badput=60.86875 completed=1853 timedout=9739 dropped=0 Util=0.98194
### END_ENTRY users=2840 run=39 ###

### ENTRY users=2850 run=39 seed=39 ###
ResponseTime=38.07813 Throughput=65.38125 goodput=4.63750 badput=60.74375 completed=1914 timedout=9719 dropped=0 Util=0.98195
### END_ENTRY users=2850 run=39 ###

### ENTRY users=2860 run=39 seed=39 ###
ResponseTime=37.75689 Throughput=66.31875 goodput=4.66875 badput=61.65000 completed=1879 timedout=9864 dropped=0 Util=0.98195
### END_ENTRY users=2860 run=39 ###

### ENTRY users=2870 run=39 seed=39 ###
ResponseTime=38.15138 Throughput=65.43125 goodput=4.53750 badput=60.89375 completed=1841 timedout=9743 dropped=0 Util=0.98193
### END_ENTRY users=2870 run=39 ###

### ENTRY users=2880 run=39 seed=39 ###
ResponseTime=38.44597 Throughput=65.37500 goodput=4.53125 badput=60.84375 completed=1845 timedout=9735 dropped=0 Util=0.98195
### END_ENTRY users=2880 run=39 ###

### ENTRY users=2890 run=39 seed=39 ###
ResponseTime=38.34541 Throughput=66.17500 goodput=4.66250 badput=61.51250 completed=1885 timedout=9842 dropped=0 Util=0.98199
### END_ENTRY users=2890 run=39 ###

### ENTRY users=2900 run=39 seed=39 ###
ResponseTime=38.81831 Throughput=65.33125 goodput=4.20000 badput=61.13125 completed=1812 timedout=9781 dropped=0 Util=0.98195
### END_ENTRY users=2900 run=39 ###

### ENTRY users=2910 run=39 seed=39 ###
ResponseTime=38.80175 Throughput=65.25000 goodput=4.71875 badput=60.53125 completed=1910 timedout=9685 dropped=0 Util=0.98195
### END_ENTRY users=2910 run=39 ###

### ENTRY users=2920 run=39 seed=39 ###
ResponseTime=39.17186 Throughput=64.89375 goodput=4.61250 badput=60.28125 completed=1875 timedout=9645 dropped=0 Util=0.98193
### END_ENTRY users=2920 run=39 ###

### ENTRY users=2930 run=39 seed=39 ###
ResponseTime=38.79477 Throughput=65.37500 goodput=4.61875 badput=60.75625 completed=1912 timedout=9721 dropped=0 Util=0.98191
### END_ENTRY users=2930 run=39 ###

### ENTRY users=2940 run=39 seed=39 ###
ResponseTime=38.62403 Throughput=66.24375 goodput=4.68750 badput=61.55625 completed=1942 timedout=9849 dropped=0 Util=0.98197
### END_ENTRY users=2940 run=39 ###

### ENTRY users=2950 run=39 seed=39 ###
ResponseTime=39.56976 Throughput=65.00000 goodput=4.52500 badput=60.47500 completed=1810 timedout=9676 dropped=0 Util=0.98192
### END_ENTRY users=2950 run=39 ###

### ENTRY users=2960 run=39 seed=39 ###
ResponseTime=39.53761 Throughput=65.20000 goodput=4.45625 badput=60.74375 completed=1784 timedout=9719 dropped=0 Util=0.98195
### END_ENTRY users=2960 run=39 ###

### ENTRY users=2970 run=39 seed=39 ###
ResponseTime=39.45568 Throughput=65.56250 goodput=4.88125 badput=60.68125 completed=1930 timedout=9709 dropped=0 Util=0.98197
### END_ENTRY users=2970 run=39 ###

### ENTRY users=2980 run=39 seed=39 ###
ResponseTime=39.25502 Throughput=66.21875 goodput=4.65625 badput=61.56250 completed=1886 timedout=9850 dropped=0 Util=0.98193
### END_ENTRY users=2980 run=39 ###

### ENTRY users=2990 run=39 seed=39 ###
ResponseTime=39.79647 Throughput=65.14375 goodput=4.40000 badput=60.74375 completed=1860 timedout=9719 dropped=0 Util=0.98192
### END_ENTRY users=2990 run=39 ###

### ENTRY users=3000 run=39 seed=39 ###
ResponseTime=39.71887 Throughput=65.80625 goodput=4.54375 badput=61.26250 completed=1836 timedout=9802 dropped=0 Util=0.98195
### END_ENTRY users=3000 run=39 ###

