=== RUN FILE confidence_interval/run_37.log (run index = 37) ===
### ENTRY users=10 run=37 seed=37 ###
ResponseTime=0.06027 Throughput=3.05625 goodput=3.05625 badput=0.00000 completed=539 timedout=0 dropped=0 Util=0.04500
### END_ENTRY users=10 run=37 ###

### ENTRY users=20 run=37 seed=37 ###
ResponseTime=0.06336 Throughput=6.11250 goodput=6.11250 badput=0.00000 completed=1076 timedout=0 dropped=0 Util=0.09341
### END_ENTRY users=20 run=37 ###

### ENTRY users=30 run=37 seed=37 ###
ResponseTime=0.06533 Throughput=9.20625 goodput=9.20625 badput=0.00000 completed=1619 timedout=0 dropped=0 Util=0.14141
### END_ENTRY users=30 run=37 ###

### ENTRY users=40 run=37 seed=37 ###
ResponseTime=0.06934 Throughput=12.22500 goodput=12.22500 badput=0.00000 completed=2154 timedout=0 dropped=0 Util=0.18547
### END_ENTRY users=40 run=37 ###

### ENTRY users=50 run=37 seed=37 ###
ResponseTime=0.07657 Throughput=15.26875 goodput=15.26875 badput=0.00000 completed=2689 timedout=0 dropped=0 Util=0.23395
### END_ENTRY users=50 run=37 ###

### ENTRY users=60 run=37 seed=37 ###
ResponseTime=0.07949 Throughput=18.34375 goodput=18.34375 badput=0.00000 completed=3225 timedout=0 dropped=0 Util=0.27456
### END_ENTRY users=60 run=37 ###

### ENTRY users=70 run=37 seed=37 ###
ResponseTime=0.08367 Throughput=21.33125 goodput=21.33125 badput=0.00000 completed=3750 timedout=0 dropped=0 Util=0.32447
### END_ENTRY users=70 run=37 ###

### ENTRY users=80 run=37 seed=37 ###
ResponseTime=0.09330 Throughput=24.30000 goodput=24.30000 badput=0.00000 completed=4275 timedout=0 dropped=0 Util=0.36407
### END_ENTRY users=80 run=37 ###

### ENTRY users=90 run=37 seed=37 ###
ResponseTime=0.10227 Throughput=27.21875 goodput=27.21875 badput=0.00000 completed=4788 timedout=0 dropped=0 Util=0.41405
### END_ENTRY users=90 run=37 ###

### ENTRY users=100 run=37 seed=37 ###
ResponseTime=0.10312 Throughput=30.22500 goodput=30.22500 badput=0.00000 completed=5316 timedout=0 dropped=0 Util=0.45019
### END_ENTRY users=100 run=37 ###

### ENTRY users=110 run=37 seed=37 ###
ResponseTime=0.11659 Throughput=33.20625 goodput=33.20625 badput=0.00000 completed=5834 timedout=0 dropped=0 Util=0.50084
### END_ENTRY users=110 run=37 ###

### ENTRY users=120 run=37 seed=37 ###
ResponseTime=0.13112 Throughput=36.05000 goodput=36.05000 badput=0.00000 completed=6335 timedout=0 dropped=0 Util=0.53996
### END_ENTRY users=120 run=37 ###

### ENTRY users=130 run=37 seed=37 ###
ResponseTime=0.13752 Throughput=38.96250 goodput=38.96250 badput=0.00000 completed=6850 timedout=0 dropped=0 Util=0.59335
### END_ENTRY users=130 run=37 ###

### ENTRY users=140 run=37 seed=37 ###
ResponseTime=0.14535 Throughput=41.92500 goodput=41.92500 badput=0.00000 completed=7374 timedout=0 dropped=0 Util=0.63151
### END_ENTRY users=140 run=37 ###

### ENTRY users=150 run=37 seed=37 ###
ResponseTime=0.18462 Throughput=44.31875 goodput=44.31875 badput=0.00000 completed=7799 timedout=0 dropped=0 Util=0.66491
### END_ENTRY users=150 run=37 ###

### ENTRY users=160 run=37 seed=37 ###
ResponseTime=0.18337 Throughput=47.25625 goodput=47.25625 badput=0.00000 completed=8321 timedout=0 dropped=0 Util=0.70824
### END_ENTRY users=160 run=37 ###

### ENTRY users=170 run=37 seed=37 ###
ResponseTime=0.22482 Throughput=49.58750 goodput=49.58750 badput=0.00000 completed=8732 timedout=0 dropped=0 Util=0.74887
### END_ENTRY users=170 run=37 ###

### ENTRY users=180 run=37 seed=37 ###
ResponseTime=0.23938 Throughput=52.40625 goodput=52.40625 badput=0.00000 completed=9212 timedout=0 dropped=0 Util=0.78943
### END_ENTRY users=180 run=37 ###

### ENTRY users=190 run=37 seed=37 ###
ResponseTime=0.29582 Throughput=54.29375 goodput=54.29375 badput=0.00000 completed=9558 timedout=0 dropped=0 Util=0.81910
### END_ENTRY users=190 run=37 ###

### ENTRY users=200 run=37 seed=37 ###
ResponseTime=0.33393 Throughput=56.58750 goodput=56.58750 badput=0.00000 completed=9952 timedout=0 dropped=0 Util=0.85490
### END_ENTRY users=200 run=37 ###

### ENTRY users=210 run=37 seed=37 ###
ResponseTime=0.39288 Throughput=58.47500 goodput=58.47500 badput=0.00000 completed=10288 timedout=0 dropped=0 Util=0.88969
### END_ENTRY users=210 run=37 ###

### ENTRY users=220 run=37 seed=37 ###
ResponseTime=0.39868 Throughput=61.05625 goodput=61.05625 badput=0.00000 completed=10743 timedout=0 dropped=0 Util=0.90096
### END_ENTRY users=220 run=37 ###

### ENTRY users=230 run=37 seed=37 ###
ResponseTime=0.53902 Throughput=61.46875 goodput=61.46875 badput=0.00000 completed=10796 timedout=0 dropped=0 Util=0.92730
### END_ENTRY users=230 run=37 ###

### ENTRY users=240 run=37 seed=37 ###
ResponseTime=0.60195 Throughput=63.09375 goodput=63.09375 badput=0.00000 completed=11088 timedout=0 dropped=0 Util=0.94625
### END_ENTRY users=240 run=37 ###

### ENTRY users=250 run=37 seed=37 ###
ResponseTime=0.71714 Throughput=63.83750 goodput=63.83750 badput=0.00000 completed=11234 timedout=0 dropped=0 Util=0.95676
### END_ENTRY users=250 run=37 ###

### ENTRY users=260 run=37 seed=37 ###
ResponseTime=0.91384 Throughput=63.16875 goodput=63.16875 badput=0.00000 completed=11140 timedout=0 dropped=0 Util=0.97395
### END_ENTRY users=260 run=37 ###

### ENTRY users=270 run=37 seed=37 ###
ResponseTime=0.95115 Throughput=64.98125 goodput=64.98125 badput=0.00000 completed=11434 timedout=0 dropped=0 Util=0.97484
### END_ENTRY users=270 run=37 ###

### ENTRY users=280 run=37 seed=37 ###
ResponseTime=1.12730 Throughput=64.86875 goodput=64.86875 badput=0.00000 completed=11377 timedout=0 dropped=0 Util=0.97922
### END_ENTRY users=280 run=37 ###

### ENTRY users=290 run=37 seed=37 ###
ResponseTime=1.26091 Throughput=65.21250 goodput=65.21250 badput=0.00000 completed=11479 timedout=0 dropped=0 Util=0.98090
### END_ENTRY users=290 run=37 ###

### ENTRY users=300 run=37 seed=37 ###
ResponseTime=1.41753 Throughput=65.06250 goodput=65.06250 badput=0.00000 completed=11426 timedout=0 dropped=0 Util=0.98174
### END_ENTRY users=300 run=37 ###

### ENTRY users=310 run=37 seed=37 ###
ResponseTime=1.55535 Throughput=65.40000 goodput=65.40000 badput=0.00000 completed=11488 timedout=0 dropped=0 Util=0.98200
### END_ENTRY users=310 run=37 ###

### ENTRY users=320 run=37 seed=37 ###
ResponseTime=1.69257 Throughput=65.68125 goodput=65.68125 badput=0.00000 completed=11564 timedout=0 dropped=0 Util=0.98200
### END_ENTRY users=320 run=37 ###

### ENTRY users=330 run=37 seed=37 ###
ResponseTime=1.88289 Throughput=65.08750 goodput=65.08750 badput=0.00000 completed=11471 timedout=0 dropped=0 Util=0.98199
### END_ENTRY users=330 run=37 ###

### ENTRY users=340 run=37 seed=37 ###
ResponseTime=1.97106 Throughput=65.86875 goodput=65.86875 badput=0.00000 completed=11630 timedout=0 dropped=0 Util=0.98200
### END_ENTRY users=340 run=37 ###

### ENTRY users=350 run=37 seed=37 ###
ResponseTime=2.18314 Throughput=65.13750 goodput=65.13750 badput=0.00000 completed=11469 timedout=0 dropped=0 Util=0.98199
### END_ENTRY users=350 run=37 ###

### ENTRY users=360 run=37 seed=37 ###
ResponseTime=2.33749 Throughput=64.99375 goodput=64.99375 badput=0.00000 completed=11510 timedout=0 dropped=0 Util=0.98199
### END_ENTRY users=360 run=37 ###

### ENTRY users=370 run=37 seed=37 ###
ResponseTime=2.48546 Throughput=65.21875 goodput=65.21875 badput=0.00000 completed=11480 timedout=0 dropped=0 Util=0.98199
### END_ENTRY users=370 run=37 ###

### ENTRY users=380 run=37 seed=37 ###
ResponseTime=2.70147 Throughput=64.56875 goodput=64.55625 badput=0.01250 completed=11408 timedout=2 dropped=0 Util=0.98199
### END_ENTRY users=380 run=37 ###

### ENTRY users=390 run=37 seed=37 ###
ResponseTime=2.83022 Throughput=64.71250 goodput=64.70000 badput=0.01250 completed=11401 timedout=2 dropped=0 Util=0.98197
### END_ENTRY users=390 run=37 ###

### ENTRY users=400 run=37 seed=37 ###
ResponseTime=3.07005 Throughput=63.89375 goodput=63.88750 badput=0.00625 completed=11276 timedout=1 dropped=0 Util=0.98195
### END_ENTRY users=400 run=37 ###

### ENTRY users=410 run=37 seed=37 ###
ResponseTime=3.07124 Throughput=65.60625 goodput=65.58125 badput=0.02500 completed=11563 timedout=4 dropped=0 Util=0.98200
### END_ENTRY users=410 run=37 ###

### ENTRY users=420 run=37 seed=37 ###
ResponseTime=3.22995 Throughput=65.46250 goodput=65.41250 badput=0.05000 completed=11535 timedout=8 dropped=0 Util=0.98198
### END_ENTRY users=420 run=37 ###

### ENTRY users=430 run=37 seed=37 ###
ResponseTime=3.44001 Throughput=64.83750 goodput=64.78125 badput=0.05625 completed=11399 timedout=9 dropped=0 Util=0.98198
### END_ENTRY users=430 run=37 ###

### ENTRY users=440 run=37 seed=37 ###
ResponseTime=3.61937 Throughput=64.56875 goodput=64.49375 badput=0.07500 completed=11423 timedout=12 dropped=0 Util=0.98196
### END_ENTRY users=440 run=37 ###

### ENTRY users=450 run=37 seed=37 ###
ResponseTime=3.73402 Throughput=64.99375 goodput=64.94375 badput=0.05000 completed=11496 timedout=8 dropped=0 Util=0.98197
### END_ENTRY users=450 run=37 ###

### ENTRY users=460 run=37 seed=37 ###
ResponseTime=3.81636 Throughput=65.63125 goodput=65.57500 badput=0.05625 completed=11623 timedout=9 dropped=0 Util=0.98199
### END_ENTRY users=460 run=37 ###

### ENTRY users=470 run=37 seed=37 ###
ResponseTime=4.11013 Throughput=64.33125 goodput=64.23125 badput=0.10000 completed=11396 timedout=16 dropped=0 Util=0.98194
### END_ENTRY users=470 run=37 ###

### ENTRY users=480 run=37 seed=37 ###
ResponseTime=4.17607 Throughput=65.02500 goodput=64.91875 badput=0.10625 completed=11480 timedout=17 dropped=0 Util=0.98195
### END_ENTRY users=480 run=37 ###

### ENTRY users=490 run=37 seed=37 ###
ResponseTime=4.19025 Throughput=66.37500 goodput=66.31250 badput=0.06250 completed=11702 timedout=10 dropped=0 Util=0.98200
### END_ENTRY users=490 run=37 ###

### ENTRY users=500 run=37 seed=37 ###
ResponseTime=4.52868 Throughput=64.69375 goodput=64.60000 badput=0.09375 completed=11475 timedout=15 dropped=0 Util=0.98195
### END_ENTRY users=500 run=37 ###

### ENTRY users=510 run=37 seed=37 ###
ResponseTime=4.73380 Throughput=64.21875 goodput=64.10000 badput=0.11875 completed=11383 timedout=19 dropped=0 Util=0.98194
### END_ENTRY users=510 run=37 ###

### ENTRY users=520 run=37 seed=37 ###
ResponseTime=4.75212 Throughput=65.25625 goodput=65.13750 badput=0.11875 completed=11540 timedout=19 dropped=0 Util=0.98195
### END_ENTRY users=520 run=37 ###

### ENTRY users=530 run=37 seed=37 ###
ResponseTime=4.83315 Throughput=65.66875 goodput=65.54375 badput=0.12500 completed=11601 timedout=20 dropped=0 Util=0.98196
### END_ENTRY users=530 run=37 ###

### ENTRY users=540 run=37 seed=37 ###
ResponseTime=5.12029 Throughput=64.95625 goodput=64.84375 badput=0.11250 completed=11515 timedout=18 dropped=0 Util=0.98194
### END_ENTRY users=540 run=37 ###

### ENTRY users=550 run=37 seed=37 ###
ResponseTime=5.23533 Throughput=65.28125 goodput=65.13750 badput=0.14375 completed=11504 timedout=23 dropped=0 Util=0.98193
### END_ENTRY users=550 run=37 ###

### ENTRY users=560 run=37 seed=37 ###
ResponseTime=5.43373 Throughput=64.87500 goodput=64.73125 badput=0.14375 completed=11472 timedout=23 dropped=0 Util=0.98194
### END_ENTRY users=560 run=37 ###

### ENTRY users=570 run=37 seed=37 ###
ResponseTime=5.60333 Throughput=64.76875 goodput=64.65000 badput=0.11875 completed=11431 timedout=19 dropped=0 Util=0.98196
### END_ENTRY users=570 run=37 ###

### ENTRY users=580 run=37 seed=37 ###
ResponseTime=5.75706 Throughput=64.80000 goodput=64.61875 badput=0.18125 completed=11456 timedout=29 dropped=0 Util=0.98194
### END_ENTRY users=580 run=37 ###

### ENTRY users=590 run=37 seed=37 ###
ResponseTime=5.99411 Throughput=64.28125 goodput=64.09375 badput=0.18750 completed=11414 timedout=30 dropped=0 Util=0.98195
### END_ENTRY users=590 run=37 ###

### ENTRY users=600 run=37 seed=37 ###
ResponseTime=6.07823 Throughput=64.57500 goodput=64.43125 badput=0.14375 completed=11449 timedout=23 dropped=0 Util=0.98192
### END_ENTRY users=600 run=37 ###

### ENTRY users=610 run=37 seed=37 ###
ResponseTime=6.17969 Throughput=65.12500 goodput=64.93750 badput=0.18750 completed=11522 timedout=30 dropped=0 Util=0.98194
### END_ENTRY users=610 run=37 ###

### ENTRY users=620 run=37 seed=37 ###
ResponseTime=6.35952 Throughput=64.83125 goodput=64.62500 badput=0.20625 completed=11431 timedout=33 dropped=0 Util=0.98193
### END_ENTRY users=620 run=37 ###

### ENTRY users=630 run=37 seed=37 ###
ResponseTime=6.42212 Throughput=65.61875 goodput=65.40000 badput=0.21875 completed=11513 timedout=35 dropped=0 Util=0.98200
### END_ENTRY users=630 run=37 ###

### ENTRY users=640 run=37 seed=37 ###
ResponseTime=6.77954 Throughput=64.00625 goodput=63.76875 badput=0.23750 completed=11316 timedout=38 dropped=0 Util=0.98193
### END_ENTRY users=640 run=37 ###

### ENTRY users=650 run=37 seed=37 ###
ResponseTime=6.81068 Throughput=65.20000 goodput=65.00625 badput=0.19375 completed=11442 timedout=31 dropped=0 Util=0.98196
### END_ENTRY users=650 run=37 ###

### ENTRY users=660 run=37 seed=37 ###
ResponseTime=6.87691 Throughput=65.58125 goodput=65.38750 badput=0.19375 completed=11569 timedout=31 dropped=0 Util=0.98196
### END_ENTRY users=660 run=37 ###

### ENTRY users=670 run=37 seed=37 ###
ResponseTime=7.22061 Throughput=64.15625 goodput=63.92500 badput=0.23125 completed=11326 timedout=37 dropped=0 Util=0.98194
### END_ENTRY users=670 run=37 ###

### ENTRY users=680 run=37 seed=37 ###
ResponseTime=7.11302 Throughput=65.66875 goodput=65.45000 badput=0.21875 completed=11594 timedout=35 dropped=0 Util=0.98196
### END_ENTRY users=680 run=37 ###

### ENTRY users=690 run=37 seed=37 ###
ResponseTime=7.51686 Throughput=64.41250 goodput=64.14375 badput=0.26875 completed=11375 timedout=43 dropped=0 Util=0.98193
### END_ENTRY users=690 run=37 ###

### ENTRY users=700 run=37 seed=37 ###
ResponseTime=7.44990 Throughput=65.51250 goodput=65.25000 badput=0.26250 completed=11519 timedout=42 dropped=0 Util=0.98197
### END_ENTRY users=700 run=37 ###

### ENTRY users=710 run=37 seed=37 ###
ResponseTime=7.82456 Throughput=64.29375 goodput=63.98125 badput=0.31250 completed=11291 timedout=50 dropped=0 Util=0.98192
### END_ENTRY users=710 run=37 ###

### ENTRY users=720 run=37 seed=37 ###
ResponseTime=7.83492 Throughput=65.10000 goodput=64.79375 badput=0.30625 completed=11470 timedout=49 dropped=0 Util=0.98192
### END_ENTRY users=720 run=37 ###

### ENTRY users=730 run=37 seed=37 ###
ResponseTime=8.18346 Throughput=64.33125 goodput=64.01250 badput=0.31875 completed=11281 timedout=51 dropped=0 Util=0.98191
### END_ENTRY users=730 run=37 ###

### ENTRY users=740 run=37 seed=37 ###
ResponseTime=8.26633 Throughput=64.59375 goodput=64.26250 badput=0.33125 completed=11360 timedout=53 dropped=0 Util=0.98194
### END_ENTRY users=740 run=37 ###

### ENTRY users=750 run=37 seed=37 ###
ResponseTime=8.32131 Throughput=65.11875 goodput=64.86250 badput=0.25625 completed=11445 timedout=41 dropped=0 Util=0.98195
### END_ENTRY users=750 run=37 ###

### ENTRY users=760 run=37 seed=37 ###
ResponseTime=8.56750 Throughput=64.46250 goodput=64.13750 badput=0.32500 completed=11359 timedout=52 dropped=0 Util=0.98191
### END_ENTRY users=760 run=37 ###

### ENTRY users=770 run=37 seed=37 ###
ResponseTime=8.64189 Throughput=65.07500 goodput=64.75625 badput=0.31875 completed=11464 timedout=51 dropped=0 Util=0.98194
### END_ENTRY users=770 run=37 ###

### ENTRY users=780 run=37 seed=37 ###
ResponseTime=8.85032 Throughput=64.81875 goodput=64.45625 badput=0.36250 completed=11415 timedout=58 dropped=0 Util=0.98195
### END_ENTRY users=780 run=37 ###

### ENTRY users=790 run=37 seed=37 ###
ResponseTime=8.96213 Throughput=65.05000 goodput=64.68750 badput=0.36250 completed=11452 timedout=58 dropped=0 Util=0.98197
### END_ENTRY users=790 run=37 ###

### ENTRY users=800 run=37 seed=37 ###
ResponseTime=9.07400 Throughput=65.12500 goodput=64.76875 badput=0.35625 completed=11450 timedout=57 dropped=0 Util=0.98195
### END_ENTRY users=800 run=37 ###

### ENTRY users=810 run=37 seed=37 ###
ResponseTime=9.35633 Throughput=64.37500 goodput=63.96875 badput=0.40625 completed=11337 timedout=65 dropped=0 Util=0.98193
### END_ENTRY users=810 run=37 ###

### ENTRY users=820 run=37 seed=37 ###
ResponseTime=9.42847 Throughput=64.95000 goodput=64.55000 badput=0.40000 completed=11384 timedout=64 dropped=0 Util=0.98194
### END_ENTRY users=820 run=37 ###

### ENTRY users=830 run=37 seed=37 ###
ResponseTime=9.55816 Throughput=64.87500 goodput=64.47500 badput=0.40000 completed=11434 timedout=64 dropped=0 Util=0.98198
### END_ENTRY users=830 run=37 ###

### ENTRY users=840 run=37 seed=37 ###
ResponseTime=9.73975 Throughput=64.88125 goodput=64.43750 badput=0.44375 completed=11373 timedout=71 dropped=0 Util=0.98196
### END_ENTRY users=840 run=37 ###

### ENTRY users=850 run=37 seed=37 ###
ResponseTime=9.79115 Throughput=65.32500 goodput=64.89375 badput=0.43125 completed=11488 timedout=69 dropped=0 Util=0.98195
### END_ENTRY users=850 run=37 ###

### ENTRY users=860 run=37 seed=37 ###
ResponseTime=9.98627 Throughput=65.18125 goodput=64.73125 badput=0.45000 completed=11495 timedout=72 dropped=0 Util=0.98196
### END_ENTRY users=860 run=37 ###

### ENTRY users=870 run=37 seed=37 ###
ResponseTime=10.28559 Throughput=64.40625 goodput=63.88750 badput=0.51875 completed=11307 timedout=83 dropped=0 Util=0.98194
### END_ENTRY users=870 run=37 ###

### ENTRY users=880 run=37 seed=37 ###
ResponseTime=10.47851 Throughput=64.33750 goodput=63.76875 badput=0.56875 completed=11278 timedout=91 dropped=0 Util=0.98191
### END_ENTRY users=880 run=37 ###

### ENTRY users=890 run=37 seed=37 ###
ResponseTime=10.51876 Throughput=64.84375 goodput=64.20625 badput=0.63750 completed=11353 timedout=102 dropped=0 Util=0.98192
### END_ENTRY users=890 run=37 ###

### ENTRY users=900 run=37 seed=37 ###
ResponseTime=10.68102 Throughput=64.64375 goodput=64.08125 badput=0.56250 completed=11372 timedout=90 dropped=0 Util=0.98194
### END_ENTRY users=900 run=37 ###

### ENTRY users=910 run=37 seed=37 ###
ResponseTime=10.78172 Throughput=64.95625 goodput=64.31875 badput=0.63750 completed=11368 timedout=102 dropped=0 Util=0.98193
### END_ENTRY users=910 run=37 ###

### ENTRY users=920 run=37 seed=37 ###
ResponseTime=10.76202 Throughput=65.75000 goodput=65.11250 badput=0.63750 completed=11517 timedout=102 dropped=0 Util=0.98196
### END_ENTRY users=920 run=37 ###

### ENTRY users=930 run=37 seed=37 ###
ResponseTime=11.43809 Throughput=63.56250 goodput=62.74375 badput=0.81875 completed=11111 timedout=131 dropped=0 Util=0.98190
### END_ENTRY users=930 run=37 ###

### ENTRY users=940 run=37 seed=37 ###
ResponseTime=11.32949 Throughput=64.56875 goodput=63.89375 badput=0.67500 completed=11334 timedout=108 dropped=0 Util=0.98193
### END_ENTRY users=940 run=37 ###

### ENTRY users=950 run=37 seed=37 ###
ResponseTime=11.43780 Throughput=64.80625 goodput=63.98750 badput=0.81875 completed=11365 timedout=131 dropped=0 Util=0.98193
### END_ENTRY users=950 run=37 ###

### ENTRY users=960 run=37 seed=37 ###
ResponseTime=11.62877 Throughput=64.90625 goodput=64.18750 badput=0.71875 completed=11318 timedout=115 dropped=0 Util=0.98195
### END_ENTRY users=960 run=37 ###

### ENTRY users=970 run=37 seed=37 ###
ResponseTime=11.73872 Throughput=64.73125 goodput=63.82500 badput=0.90625 completed=11359 timedout=145 dropped=0 Util=0.98193
### END_ENTRY users=970 run=37 ###

### ENTRY users=980 run=37 seed=37 ###
ResponseTime=11.96978 Throughput=64.16875 goodput=63.33125 badput=0.83750 completed=11297 timedout=134 dropped=0 Util=0.98190
### END_ENTRY users=980 run=37 ###

### ENTRY users=990 run=37 seed=37 ###
ResponseTime=12.09251 Throughput=64.62500 goodput=63.78125 badput=0.84375 completed=11277 timedout=135 dropped=0 Util=0.98195
### END_ENTRY users=990 run=37 ###

### ENTRY users=1000 run=37 seed=37 ###
ResponseTime=12.13501 Throughput=65.03750 goodput=64.11875 badput=0.91875 completed=11348 timedout=147 dropped=0 Util=0.98194
### END_ENTRY users=1000 run=37 ###

### ENTRY users=1010 run=37 seed=37 ###
ResponseTime=12.18649 Throughput=65.53750 goodput=64.66875 badput=0.86875 completed=11422 timedout=139 dropped=0 Util=0.98197
### END_ENTRY users=1010 run=37 ###

### ENTRY users=1020 run=37 seed=37 ###
ResponseTime=12.38042 Throughput=65.03750 goodput=64.12500 badput=0.91250 completed=11420 timedout=146 dropped=0 Util=0.98197
### END_ENTRY users=1020 run=37 ###

### ENTRY users=1030 run=37 seed=37 ###
ResponseTime=12.66426 Throughput=64.89375 goodput=63.91250 badput=0.98125 completed=11318 timedout=157 dropped=0 Util=0.98193
### END_ENTRY users=1030 run=37 ###

### ENTRY users=1040 run=37 seed=37 ###
ResponseTime=12.66188 Throughput=65.75000 goodput=64.81875 badput=0.93125 completed=11416 timedout=149 dropped=0 Util=0.98194
### END_ENTRY users=1040 run=37 ###

### ENTRY users=1050 run=37 seed=37 ###
ResponseTime=12.96738 Throughput=64.93125 goodput=63.77500 badput=1.15625 completed=11292 timedout=185 dropped=0 Util=0.98197
### END_ENTRY users=1050 run=37 ###

### ENTRY users=1060 run=37 seed=37 ###
ResponseTime=13.00781 Throughput=65.21875 goodput=64.08750 badput=1.13125 completed=11342 timedout=181 dropped=0 Util=0.98193
### END_ENTRY users=1060 run=37 ###

### ENTRY users=1070 run=37 seed=37 ###
ResponseTime=13.08968 Throughput=65.62500 goodput=64.51250 badput=1.11250 completed=11390 timedout=178 dropped=0 Util=0.98198
### END_ENTRY users=1070 run=37 ###

### ENTRY users=1080 run=37 seed=37 ###
ResponseTime=13.31352 Throughput=65.20625 goodput=64.00625 badput=1.20000 completed=11338 timedout=192 dropped=0 Util=0.98196
### END_ENTRY users=1080 run=37 ###

### ENTRY users=1090 run=37 seed=37 ###
ResponseTime=13.67668 Throughput=64.60000 goodput=63.21250 badput=1.38750 completed=11197 timedout=222 dropped=0 Util=0.98190
### END_ENTRY users=1090 run=37 ###

### ENTRY users=1100 run=37 seed=37 ###
ResponseTime=13.69834 Throughput=64.87500 goodput=63.47500 badput=1.40000 completed=11296 timedout=224 dropped=0 Util=0.98193
### END_ENTRY users=1100 run=37 ###

### ENTRY users=1110 run=37 seed=37 ###
ResponseTime=13.93336 Throughput=64.68125 goodput=63.21875 badput=1.46250 completed=11219 timedout=234 dropped=0 Util=0.98196
### END_ENTRY users=1110 run=37 ###

### ENTRY users=1120 run=37 seed=37 ###
ResponseTime=13.75468 Throughput=66.03125 goodput=64.76875 badput=1.26250 completed=11451 timedout=202 dropped=0 Util=0.98196
### END_ENTRY users=1120 run=37 ###

### ENTRY users=1130 run=37 seed=37 ###
ResponseTime=13.97605 Throughput=65.54375 goodput=64.11250 badput=1.43125 completed=11323 timedout=229 dropped=0 Util=0.98196
### END_ENTRY users=1130 run=37 ###

### ENTRY users=1140 run=37 seed=37 ###
ResponseTime=14.03447 Throughput=65.91875 goodput=64.48750 badput=1.43125 completed=11444 timedout=229 dropped=0 Util=0.98195
### END_ENTRY users=1140 run=37 ###

### ENTRY users=1150 run=37 seed=37 ###
ResponseTime=14.33418 Throughput=65.20625 goodput=63.61250 badput=1.59375 completed=11275 timedout=255 dropped=0 Util=0.98197
### END_ENTRY users=1150 run=37 ###

### ENTRY users=1160 run=37 seed=37 ###
ResponseTime=14.64088 Throughput=65.03125 goodput=63.08750 badput=1.94375 completed=11190 timedout=311 dropped=0 Util=0.98193
### END_ENTRY users=1160 run=37 ###

### ENTRY users=1170 run=37 seed=37 ###
ResponseTime=14.48995 Throughput=66.05000 goodput=64.33125 badput=1.71875 completed=11351 timedout=275 dropped=0 Util=0.98197
### END_ENTRY users=1170 run=37 ###

### ENTRY users=1180 run=37 seed=37 ###
ResponseTime=14.98099 Throughput=64.81250 goodput=62.98750 badput=1.82500 completed=11164 timedout=292 dropped=0 Util=0.98194
### END_ENTRY users=1180 run=37 ###

### ENTRY users=1190 run=37 seed=37 ###
ResponseTime=14.91236 Throughput=65.66250 goodput=63.83125 badput=1.83125 completed=11309 timedout=293 dropped=0 Util=0.98198
### END_ENTRY users=1190 run=37 ###

### ENTRY users=1200 run=37 seed=37 ###
ResponseTime=15.38911 Throughput=64.49375 goodput=62.35625 badput=2.13750 completed=11022 timedout=342 dropped=0 Util=0.98194
### END_ENTRY users=1200 run=37 ###

### ENTRY users=1210 run=37 seed=37 ###
ResponseTime=14.95803 Throughput=66.68125 goodput=64.94375 badput=1.73750 completed=11465 timedout=278 dropped=0 Util=0.98199
### END_ENTRY users=1210 run=37 ###

### ENTRY users=1220 run=37 seed=37 ###
ResponseTime=15.50559 Throughput=65.08750 goodput=62.85000 badput=2.23750 completed=11161 timedout=358 dropped=0 Util=0.98197
### END_ENTRY users=1220 run=37 ###

### ENTRY users=1230 run=37 seed=37 ###
ResponseTime=15.46935 Throughput=65.60625 goodput=63.28125 badput=2.32500 completed=11245 timedout=372 dropped=0 Util=0.98198
### END_ENTRY users=1230 run=37 ###

### ENTRY users=1240 run=37 seed=37 ###
ResponseTime=15.89560 Throughput=64.70625 goodput=62.26875 badput=2.43750 completed=11043 timedout=390 dropped=0 Util=0.98193
### END_ENTRY users=1240 run=37 ###

### ENTRY users=1250 run=37 seed=37 ###
ResponseTime=15.81498 Throughput=65.45625 goodput=63.14375 badput=2.31250 completed=11211 timedout=370 dropped=0 Util=0.98196
### END_ENTRY users=1250 run=37 ###

### ENTRY users=1260 run=37 seed=37 ###
ResponseTime=16.10558 Throughput=65.01250 goodput=62.38750 badput=2.62500 completed=11060 timedout=420 dropped=0 Util=0.98196
### END_ENTRY users=1260 run=37 ###

### ENTRY users=1270 run=37 seed=37 ###
ResponseTime=16.47504 Throughput=64.23125 goodput=61.35625 badput=2.87500 completed=10932 timedout=460 dropped=0 Util=0.98194
### END_ENTRY users=1270 run=37 ###

### ENTRY users=1280 run=37 seed=37 ###
ResponseTime=16.47757 Throughput=64.68125 goodput=61.73750 badput=2.94375 completed=11018 timedout=471 dropped=0 Util=0.98196
### END_ENTRY users=1280 run=37 ###

### ENTRY users=1290 run=37 seed=37 ###
ResponseTime=16.34548 Throughput=65.76250 goodput=63.12500 badput=2.63750 completed=11126 timedout=422 dropped=0 Util=0.98194
### END_ENTRY users=1290 run=37 ###

### ENTRY users=1300 run=37 seed=37 ###
ResponseTime=16.85978 Throughput=64.41250 goodput=61.20000 badput=3.21250 completed=10922 timedout=514 dropped=0 Util=0.98194
### END_ENTRY users=1300 run=37 ###

### ENTRY users=1310 run=37 seed=37 ###
ResponseTime=16.89912 Throughput=64.90000 goodput=61.58125 badput=3.31875 completed=10990 timedout=531 dropped=0 Util=0.98195
### END_ENTRY users=1310 run=37 ###

### ENTRY users=1320 run=37 seed=37 ###
ResponseTime=17.06885 Throughput=64.79375 goodput=61.56250 badput=3.23125 completed=10966 timedout=517 dropped=0 Util=0.98194
### END_ENTRY users=1320 run=37 ###

### ENTRY users=1330 run=37 seed=37 ###
ResponseTime=17.43437 Throughput=64.05000 goodput=60.01875 badput=4.03125 completed=10717 timedout=645 dropped=0 Util=0.98193
### END_ENTRY users=1330 run=37 ###

### ENTRY users=1340 run=37 seed=37 ###
ResponseTime=17.31808 Throughput=64.91875 goodput=61.06250 badput=3.85625 completed=10901 timedout=617 dropped=0 Util=0.98196
### END_ENTRY users=1340 run=37 ###

### ENTRY users=1350 run=37 seed=37 ###
ResponseTime=17.39558 Throughput=65.21250 goodput=61.48125 badput=3.73125 completed=11007 timedout=597 dropped=0 Util=0.98197
### END_ENTRY users=1350 run=37 ###

### ENTRY users=1360 run=37 seed=37 ###
ResponseTime=17.62836 Throughput=64.72500 goodput=60.67500 badput=4.05000 completed=10855 timedout=648 dropped=0 Util=0.98196
### END_ENTRY users=1360 run=37 ###

### ENTRY users=1370 run=37 seed=37 ###
ResponseTime=17.24423 Throughput=66.51875 goodput=63.18750 badput=3.33125 completed=11259 timedout=533 dropped=0 Util=0.98199
### END_ENTRY users=1370 run=37 ###

### ENTRY users=1380 run=37 seed=37 ###
ResponseTime=17.99828 Throughput=64.70000 goodput=60.20625 badput=4.49375 completed=10743 timedout=719 dropped=0 Util=0.98193
### END_ENTRY users=1380 run=37 ###

### ENTRY users=1390 run=37 seed=37 ###
ResponseTime=17.98160 Throughput=65.15000 goodput=60.65000 badput=4.50000 completed=10826 timedout=720 dropped=0 Util=0.98195
### END_ENTRY users=1390 run=37 ###

### ENTRY users=1400 run=37 seed=37 ###
ResponseTime=18.30459 Throughput=64.82500 goodput=59.95625 badput=4.86875 completed=10689 timedout=779 dropped=0 Util=0.98194
### END_ENTRY users=1400 run=37 ###

### ENTRY users=1410 run=37 seed=37 ###
ResponseTime=18.45490 Throughput=64.40625 goodput=59.18125 badput=5.22500 completed=10597 timedout=836 dropped=0 Util=0.98192
### END_ENTRY users=1410 run=37 ###

### ENTRY users=1420 run=37 seed=37 ###
ResponseTime=18.52515 Throughput=64.68125 goodput=59.58750 badput=5.09375 completed=10692 timedout=815 dropped=0 Util=0.98194
### END_ENTRY users=1420 run=37 ###

### ENTRY users=1430 run=37 seed=37 ###
ResponseTime=18.77008 Throughput=64.55625 goodput=58.81875 badput=5.73750 completed=10581 timedout=918 dropped=0 Util=0.98197
### END_ENTRY users=1430 run=37 ###

### ENTRY users=1440 run=37 seed=37 ###
ResponseTime=19.03526 Throughput=64.26875 goodput=58.10625 badput=6.16250 completed=10413 timedout=986 dropped=0 Util=0.98193
### END_ENTRY users=1440 run=37 ###

### ENTRY users=1450 run=37 seed=37 ###
ResponseTime=19.00877 Throughput=64.61875 goodput=58.57500 badput=6.04375 completed=10505 timedout=967 dropped=0 Util=0.98197
### END_ENTRY users=1450 run=37 ###

### ENTRY users=1460 run=37 seed=37 ###
ResponseTime=19.15188 Throughput=64.48125 goodput=58.38125 badput=6.10000 completed=10470 timedout=976 dropped=0 Util=0.98193
### END_ENTRY users=1460 run=37 ###

### ENTRY users=1470 run=37 seed=37 ###
ResponseTime=19.40376 Throughput=64.34375 goodput=57.49375 badput=6.85000 completed=10346 timedout=1096 dropped=0 Util=0.98193
### END_ENTRY users=1470 run=37 ###

### ENTRY users=1480 run=37 seed=37 ###
ResponseTime=19.30017 Throughput=65.01250 goodput=58.60625 badput=6.40625 completed=10507 timedout=1025 dropped=0 Util=0.98195
### END_ENTRY users=1480 run=37 ###

### ENTRY users=1490 run=37 seed=37 ###
ResponseTime=19.32873 Throughput=65.54375 goodput=59.00625 badput=6.53750 completed=10629 timedout=1046 dropped=0 Util=0.98195
### END_ENTRY users=1490 run=37 ###

### ENTRY users=1500 run=37 seed=37 ###
ResponseTime=19.79788 Throughput=64.71250 goodput=57.00625 badput=7.70625 completed=10213 timedout=1233 dropped=0 Util=0.98193
### END_ENTRY users=1500 run=37 ###

### ENTRY users=1510 run=37 seed=37 ###
ResponseTime=19.92654 Throughput=64.81250 goodput=57.12500 badput=7.68750 completed=10268 timedout=1230 dropped=0 Util=0.98194
### END_ENTRY users=1510 run=37 ###

### ENTRY users=1520 run=37 seed=37 ###
ResponseTime=19.84175 Throughput=65.28125 goodput=57.74375 badput=7.53750 completed=10401 timedout=1206 dropped=0 Util=0.98197
### END_ENTRY users=1520 run=37 ###

### ENTRY users=1530 run=37 seed=37 ###
ResponseTime=20.01862 Throughput=65.16875 goodput=57.21875 badput=7.95000 completed=10300 timedout=1272 dropped=0 Util=0.98196
### END_ENTRY users=1530 run=37 ###

### ENTRY users=1540 run=37 seed=37 ###
ResponseTime=20.36640 Throughput=64.59375 goodput=55.68125 badput=8.91250 completed=10092 timedout=1426 dropped=0 Util=0.98195
### END_ENTRY users=1540 run=37 ###

### ENTRY users=1550 run=37 seed=37 ###
ResponseTime=20.63143 Throughput=64.20000 goodput=54.77500 badput=9.42500 completed=9929 timedout=1508 dropped=0 Util=0.98192
### END_ENTRY users=1550 run=37 ###

### ENTRY users=1560 run=37 seed=37 ###
ResponseTime=20.56294 Throughput=65.00000 goodput=55.74375 badput=9.25625 completed=10068 timedout=1481 dropped=0 Util=0.98197
### END_ENTRY users=1560 run=37 ###

### ENTRY users=1570 run=37 seed=37 ###
ResponseTime=20.30737 Throughput=65.91875 goodput=57.07500 badput=8.84375 completed=10329 timedout=1415 dropped=0 Util=0.98197
### END_ENTRY users=1570 run=37 ###

### ENTRY users=1580 run=37 seed=37 ###
ResponseTime=21.03593 Throughput=64.38750 goodput=53.47500 badput=10.91250 completed=9681 timedout=1746 dropped=0 Util=0.98193
### END_ENTRY users=1580 run=37 ###

### ENTRY users=1590 run=37 seed=37 ###
ResponseTime=21.03962 Throughput=64.90000 goodput=54.21250 badput=10.68750 completed=9824 timedout=1710 dropped=0 Util=0.98195
### END_ENTRY users=1590 run=37 ###

### ENTRY users=1600 run=37 seed=37 ###
ResponseTime=21.25600 Throughput=64.93125 goodput=53.34375 badput=11.58750 completed=9640 timedout=1854 dropped=0 Util=0.98197
### END_ENTRY users=1600 run=37 ###

### ENTRY users=1610 run=37 seed=37 ###
ResponseTime=21.43340 Throughput=64.35625 goodput=52.11875 badput=12.23750 completed=9497 timedout=1958 dropped=0 Util=0.98192
### END_ENTRY users=1610 run=37 ###

### ENTRY users=1620 run=37 seed=37 ###
ResponseTime=21.55057 Throughput=64.48125 goodput=51.75625 badput=12.72500 completed=9504 timedout=2036 dropped=0 Util=0.98193
### END_ENTRY users=1620 run=37 ###

### ENTRY users=1630 run=37 seed=37 ###
ResponseTime=21.57911 Throughput=65.19375 goodput=52.43750 badput=12.75625 completed=9518 timedout=2041 dropped=0 Util=0.98194
### END_ENTRY users=1630 run=37 ###

### ENTRY users=1640 run=37 seed=37 ###
ResponseTime=21.99669 Throughput=64.25000 goodput=49.55625 badput=14.69375 completed=9067 timedout=2351 dropped=0 Util=0.98197
### END_ENTRY users=1640 run=37 ###

### ENTRY users=1650 run=37 seed=37 ###
ResponseTime=21.87024 Throughput=64.73750 goodput=50.86250 badput=13.87500 completed=9286 timedout=2220 dropped=0 Util=0.98195
### END_ENTRY users=1650 run=37 ###

### ENTRY users=1660 run=37 seed=37 ###
ResponseTime=22.25836 Throughput=64.18750 goodput=49.16250 badput=15.02500 completed=8994 timedout=2404 dropped=0 Util=0.98195
### END_ENTRY users=1660 run=37 ###

### ENTRY users=1670 run=37 seed=37 ###
ResponseTime=22.48648 Throughput=64.30000 goodput=47.75000 badput=16.55000 completed=8759 timedout=2648 dropped=0 Util=0.98194
### END_ENTRY users=1670 run=37 ###

### ENTRY users=1680 run=37 seed=37 ###
ResponseTime=22.29899 Throughput=64.91875 goodput=49.40000 badput=15.51875 completed=9028 timedout=2483 dropped=0 Util=0.98194
### END_ENTRY users=1680 run=37 ###

### ENTRY users=1690 run=37 seed=37 ###
ResponseTime=22.63635 Throughput=64.48125 goodput=47.45000 badput=17.03125 completed=8735 timedout=2725 dropped=0 Util=0.98190
### END_ENTRY users=1690 run=37 ###

### ENTRY users=1700 run=37 seed=37 ###
ResponseTime=22.53596 Throughput=65.20000 goodput=48.31875 badput=16.88125 completed=8848 timedout=2701 dropped=0 Util=0.98197
### END_ENTRY users=1700 run=37 ###

### ENTRY users=1710 run=37 seed=37 ###
ResponseTime=22.59197 Throughput=65.25000 goodput=48.22500 badput=17.02500 completed=8866 timedout=2724 dropped=0 Util=0.98193
### END_ENTRY users=1710 run=37 ###

### ENTRY users=1720 run=37 seed=37 ###
ResponseTime=22.48732 Throughput=66.05000 goodput=49.01250 badput=17.03750 completed=8997 timedout=2726 dropped=0 Util=0.98196
### END_ENTRY users=1720 run=37 ###

### ENTRY users=1730 run=37 seed=37 ###
ResponseTime=23.01075 Throughput=65.10625 goodput=45.76875 badput=19.33750 completed=8475 timedout=3094 dropped=0 Util=0.98191
### END_ENTRY users=1730 run=37 ###

### ENTRY users=1740 run=37 seed=37 ###
ResponseTime=23.00965 Throughput=65.31250 goodput=45.51250 badput=19.80000 completed=8426 timedout=3168 dropped=0 Util=0.98194
### END_ENTRY users=1740 run=37 ###

### ENTRY users=1750 run=37 seed=37 ###
ResponseTime=23.52742 Throughput=64.33125 goodput=42.47500 badput=21.85625 completed=8011 timedout=3497 dropped=0 Util=0.98191
### END_ENTRY users=1750 run=37 ###

### ENTRY users=1760 run=37 seed=37 ###
ResponseTime=23.39874 Throughput=64.99375 goodput=43.75000 badput=21.24375 completed=8138 timedout=3399 dropped=0 Util=0.98195
### END_ENTRY users=1760 run=37 ###

### ENTRY users=1770 run=37 seed=37 ###
ResponseTime=23.48208 Throughput=65.45000 goodput=43.60000 badput=21.85000 completed=8095 timedout=3496 dropped=0 Util=0.98197
### END_ENTRY users=1770 run=37 ###

### ENTRY users=1780 run=37 seed=37 ###
ResponseTime=23.77211 Throughput=64.93750 goodput=41.40000 badput=23.53750 completed=7749 timedout=3766 dropped=0 Util=0.98192
### END_ENTRY users=1780 run=37 ###

### ENTRY users=1790 run=37 seed=37 ###
ResponseTime=23.99173 Throughput=64.66250 goodput=40.10625 badput=24.55625 completed=7586 timedout=3929 dropped=0 Util=0.98195
### END_ENTRY users=1790 run=37 ###

### ENTRY users=1800 run=37 seed=37 ###
ResponseTime=24.19841 Throughput=64.33125 goodput=38.38125 badput=25.95000 completed=7287 timedout=4152 dropped=0 Util=0.98194
### END_ENTRY users=1800 run=37 ###

### ENTRY users=1810 run=37 seed=37 ###
ResponseTime=24.06280 Throughput=65.24375 goodput=39.92500 badput=25.31875 completed=7539 timedout=4051 dropped=0 Util=0.98194
### END_ENTRY users=1810 run=37 ###

### ENTRY users=1820 run=37 seed=37 ###
ResponseTime=24.62441 Throughput=64.36250 goodput=35.51875 badput=28.84375 completed=6844 timedout=4615 dropped=0 Util=0.98191
### END_ENTRY users=1820 run=37 ###

### ENTRY users=1830 run=37 seed=37 ###
ResponseTime=24.51755 Throughput=64.89375 goodput=36.93125 badput=27.96250 completed=7061 timedout=4474 dropped=0 Util=0.98195
### END_ENTRY users=1830 run=37 ###

### ENTRY users=1840 run=37 seed=37 ###
ResponseTime=24.72769 Throughput=64.46250 goodput=35.63125 badput=28.83125 completed=6849 timedout=4613 dropped=0 Util=0.98194
### END_ENTRY users=1840 run=37 ###

### ENTRY users=1850 run=37 seed=37 ###
ResponseTime=24.92371 Throughput=64.41875 goodput=34.34375 badput=30.07500 completed=6633 timedout=4812 dropped=0 Util=0.98193
### END_ENTRY users=1850 run=37 ###

### ENTRY users=1860 run=37 seed=37 ###
ResponseTime=25.20148 Throughput=64.11250 goodput=32.28750 badput=31.82500 completed=6320 timedout=5092 dropped=0 Util=0.98193
### END_ENTRY users=1860 run=37 ###

### ENTRY users=1870 run=37 seed=37 ###
ResponseTime=24.97956 Throughput=65.13125 goodput=34.15000 badput=30.98125 completed=6594 timedout=4957 dropped=0 Util=0.98196
### END_ENTRY users=1870 run=37 ###

### ENTRY users=1880 run=37 seed=37 ###
ResponseTime=25.41989 Throughput=64.50625 goodput=31.35625 badput=33.15000 completed=6127 timedout=5304 dropped=0 Util=0.98195
### END_ENTRY users=1880 run=37 ###

### ENTRY users=1890 run=37 seed=37 ###
ResponseTime=25.42201 Throughput=64.80625 goodput=31.98125 badput=32.82500 completed=6282 timedout=5252 dropped=0 Util=0.98194
### END_ENTRY users=1890 run=37 ###

### ENTRY users=1900 run=37 seed=37 ###
ResponseTime=25.39679 Throughput=65.07500 goodput=31.76875 badput=33.30625 completed=6214 timedout=5329 dropped=0 Util=0.98192
### END_ENTRY users=1900 run=37 ###

### ENTRY users=1910 run=37 seed=37 ###
ResponseTime=25.82851 Throughput=64.19375 goodput=28.79375 badput=35.40000 completed=5822 timedout=5664 dropped=0 Util=0.98193
### END_ENTRY users=1910 run=37 ###

### ENTRY users=1920 run=37 seed=37 ###
ResponseTime=25.82047 Throughput=64.78750 goodput=28.93125 badput=35.85625 completed=5829 timedout=5737 dropped=0 Util=0.98195
### END_ENTRY users=1920 run=37 ###

### ENTRY users=1930 run=37 seed=37 ###
ResponseTime=25.60833 Throughput=65.73750 goodput=30.66250 badput=35.07500 completed=6049 timedout=5612 dropped=0 Util=0.98196
### END_ENTRY users=1930 run=37 ###

### ENTRY users=1940 run=37 seed=37 ###
ResponseTime=25.61532 Throughput=65.78125 goodput=30.80000 badput=34.98125 completed=6055 timedout=5597 dropped=0 Util=0.98196
### END_ENTRY users=1940 run=37 ###

### ENTRY users=1950 run=37 seed=37 ###
ResponseTime=26.10268 Throughput=65.05000 goodput=27.62500 badput=37.42500 completed=5644 timedout=5988 dropped=0 Util=0.98193
### END_ENTRY users=1950 run=37 ###

### ENTRY users=1960 run=37 seed=37 ###
ResponseTime=26.50350 Throughput=64.68750 goodput=25.09375 badput=39.59375 completed=5202 timedout=6335 dropped=0 Util=0.98195
### END_ENTRY users=1960 run=37 ###

### ENTRY users=1970 run=37 seed=37 ###
ResponseTime=26.41577 Throughput=65.11250 goodput=26.16250 badput=38.95000 completed=5366 timedout=6232 dropped=0 Util=0.98197
### END_ENTRY users=1970 run=37 ###

### ENTRY users=1980 run=37 seed=37 ###
ResponseTime=26.80275 Throughput=64.34375 goodput=23.85625 badput=40.48750 completed=4957 timedout=6478 dropped=0 Util=0.98195
### END_ENTRY users=1980 run=37 ###

### ENTRY users=1990 run=37 seed=37 ###
ResponseTime=26.71830 Throughput=64.72500 goodput=24.08750 badput=40.63750 completed=4984 timedout=6502 dropped=0 Util=0.98194
### END_ENTRY users=1990 run=37 ###

### ENTRY users=2000 run=37 seed=37 ###
ResponseTime=26.74775 Throughput=65.35000 goodput=24.26250 badput=41.08750 completed=5042 timedout=6574 dropped=0 Util=0.98195
### END_ENTRY users=2000 run=37 ###

### ENTRY users=2010 run=37 seed=37 ###
ResponseTime=26.78265 Throughput=65.34375 goodput=24.32500 badput=41.01875 completed=5065 timedout=6563 dropped=0 Util=0.98197
### END_ENTRY users=2010 run=37 ###

### ENTRY users=2020 run=37 seed=37 ###
ResponseTime=27.48769 Throughput=63.98750 goodput=20.20000 badput=43.78750 completed=4424 timedout=7006 dropped=0 Util=0.98193
### END_ENTRY users=2020 run=37 ###

### ENTRY users=2030 run=37 seed=37 ###
ResponseTime=27.37430 Throughput=64.73125 goodput=21.12500 badput=43.60625 completed=4524 timedout=6977 dropped=0 Util=0.98195
### END_ENTRY users=2030 run=37 ###

### ENTRY users=2040 run=37 seed=37 ###
ResponseTime=27.36043 Throughput=65.35625 goodput=20.60000 badput=44.75625 completed=4462 timedout=7161 dropped=0 Util=0.98195
### END_ENTRY users=2040 run=37 ###

### ENTRY users=2050 run=37 seed=37 ###
ResponseTime=27.83081 Throughput=64.30625 goodput=18.33125 badput=45.97500 completed=4055 timedout=7356 dropped=0 Util=0.98193
### END_ENTRY users=2050 run=37 ###

### ENTRY users=2060 run=37 seed=37 ###
ResponseTime=27.91406 Throughput=64.49375 goodput=17.89375 badput=46.60000 completed=3989 timedout=7456 dropped=0 Util=0.98196
### END_ENTRY users=2060 run=37 ###

### ENTRY users=2070 run=37 seed=37 ###
ResponseTime=28.53169 Throughput=63.20625 goodput=15.17500 badput=48.03125 completed=3595 timedout=7685 dropped=0 Util=0.98192
### END_ENTRY users=2070 run=37 ###

### ENTRY users=2080 run=37 seed=37 ###
ResponseTime=28.24166 Throughput=64.43750 goodput=16.24375 badput=48.19375 completed=3773 timedout=7711 dropped=0 Util=0.98194
### END_ENTRY users=2080 run=37 ###

### ENTRY users=2090 run=37 seed=37 ###
ResponseTime=28.32806 Throughput=64.42500 goodput=16.05625 badput=48.36875 completed=3727 timedout=7739 dropped=0 Util=0.98195
### END_ENTRY users=2090 run=37 ###

### ENTRY users=2100 run=37 seed=37 ###
ResponseTime=28.40498 Throughput=64.80000 goodput=15.75625 badput=49.04375 completed=3630 timedout=7847 dropped=0 Util=0.98194
### END_ENTRY users=2100 run=37 ###

### ENTRY users=2110 run=37 seed=37 ###
ResponseTime=28.35370 Throughput=64.78750 goodput=15.70000 badput=49.08750 completed=3660 timedout=7854 dropped=0 Util=0.98194
### END_ENTRY users=2110 run=37 ###

### ENTRY users=2120 run=37 seed=37 ###
ResponseTime=28.82506 Throughput=64.29375 goodput=13.65625 badput=50.63750 completed=3342 timedout=8102 dropped=0 Util=0.98191
### END_ENTRY users=2120 run=37 ###

### ENTRY users=2130 run=37 seed=37 ###
ResponseTime=28.69809 Throughput=65.06875 goodput=14.51875 badput=50.55000 completed=3473 timedout=8088 dropped=0 Util=0.98194
### END_ENTRY users=2130 run=37 ###

### ENTRY users=2140 run=37 seed=37 ###
ResponseTime=29.07047 Throughput=64.56250 goodput=12.91250 badput=51.65000 completed=3191 timedout=8264 dropped=0 Util=0.98194
### END_ENTRY users=2140 run=37 ###

### ENTRY users=2150 run=37 seed=37 ###
ResponseTime=29.14280 Throughput=64.48750 goodput=12.38750 badput=52.10000 completed=3128 timedout=8336 dropped=0 Util=0.98195
### END_ENTRY users=2150 run=37 ###

### ENTRY users=2160 run=37 seed=37 ###
ResponseTime=29.58147 Throughput=63.88125 goodput=10.54375 badput=53.33750 completed=2809 timedout=8534 dropped=0 Util=0.98193
### END_ENTRY users=2160 run=37 ###

### ENTRY users=2170 run=37 seed=37 ###
ResponseTime=28.96473 Throughput=65.33750 goodput=13.58125 badput=51.75625 completed=3354 timedout=8281 dropped=0 Util=0.98195
### END_ENTRY users=2170 run=37 ###

### ENTRY users=2180 run=37 seed=37 ###
ResponseTime=29.31954 Throughput=64.98125 goodput=11.86250 badput=53.11875 completed=3058 timedout=8499 dropped=0 Util=0.98195
### END_ENTRY users=2180 run=37 ###

### ENTRY users=2190 run=37 seed=37 ###
ResponseTime=30.11113 Throughput=63.88750 goodput=9.00000 badput=54.88750 completed=2564 timedout=8782 dropped=0 Util=0.98194
### END_ENTRY users=2190 run=37 ###

### ENTRY users=2200 run=37 seed=37 ###
ResponseTime=29.53093 Throughput=65.25625 goodput=11.10000 badput=54.15625 completed=2916 timedout=8665 dropped=0 Util=0.98197
### END_ENTRY users=2200 run=37 ###

### ENTRY users=2210 run=37 seed=37 ###
ResponseTime=29.74388 Throughput=64.83125 goodput=10.18125 badput=54.65000 completed=2770 timedout=8744 dropped=0 Util=0.98196
### END_ENTRY users=2210 run=37 ###

### ENTRY users=2220 run=37 seed=37 ###
ResponseTime=29.92262 Throughput=64.90625 goodput=9.31250 badput=55.59375 completed=2635 timedout=8895 dropped=0 Util=0.98196
### END_ENTRY users=2220 run=37 ###

### ENTRY users=2230 run=37 seed=37 ###
ResponseTime=30.57895 Throughput=64.08125 goodput=7.83750 badput=56.24375 completed=2415 timedout=8999 dropped=0 Util=0.98193
### END_ENTRY users=2230 run=37 ###

### ENTRY users=2240 run=37 seed=37 ###
ResponseTime=30.89137 Throughput=63.75000 goodput=6.56250 badput=57.18750 completed=2132 timedout=9150 dropped=0 Util=0.98195
### END_ENTRY users=2240 run=37 ###

### ENTRY users=2250 run=37 seed=37 ###
ResponseTime=30.27087 Throughput=65.20625 goodput=8.54375 badput=56.66250 completed=2497 timedout=9066 dropped=0 Util=0.98194
### END_ENTRY users=2250 run=37 ###

### ENTRY users=2260 run=37 seed=37 ###
ResponseTime=30.27490 Throughput=65.27500 goodput=8.60625 badput=56.66875 completed=2516 timedout=9067 dropped=0 Util=0.98195
### END_ENTRY users=2260 run=37 ###

### ENTRY users=2270 run=37 seed=37 ###
ResponseTime=30.73552 Throughput=65.01875 goodput=7.78750 badput=57.23125 completed=2383 timedout=9157 dropped=0 Util=0.98194
### END_ENTRY users=2270 run=37 ###

### ENTRY users=2280 run=37 seed=37 ###
ResponseTime=30.78076 Throughput=64.88125 goodput=7.25000 badput=57.63125 completed=2293 timedout=9221 dropped=0 Util=0.98194
### END_ENTRY users=2280 run=37 ###

### ENTRY users=2290 run=37 seed=37 ###
ResponseTime=30.51344 Throughput=65.61875 goodput=7.88750 badput=57.73125 completed=2422 timedout=9237 dropped=0 Util=0.98197
### END_ENTRY users=2290 run=37 ###

### ENTRY users=2300 run=37 seed=37 ###
ResponseTime=30.82671 Throughput=65.13125 goodput=7.34375 badput=57.78750 completed=2261 timedout=9246 dropped=0 Util=0.98196
### END_ENTRY users=2300 run=37 ###

### ENTRY users=2310 run=37 seed=37 ###
ResponseTime=31.09622 Throughput=65.23125 goodput=6.44375 badput=58.78750 completed=2143 timedout=9406 dropped=0 Util=0.98196
### END_ENTRY users=2310 run=37 ###

### ENTRY users=2320 run=37 seed=37 ###
ResponseTime=31.17042 Throughput=65.35625 goodput=6.38750 badput=58.96875 completed=2128 timedout=9435 dropped=0 Util=0.98197
### END_ENTRY users=2320 run=37 ###

### ENTRY users=2330 run=37 seed=37 ###
ResponseTime=31.61390 Throughput=64.68125 goodput=5.39375 badput=59.28750 completed=2006 timedout=9486 dropped=0 Util=0.98195
### END_ENTRY users=2330 run=37 ###

### ENTRY users=2340 run=37 seed=37 ###
ResponseTime=31.64626 Throughput=64.85625 goodput=5.45000 badput=59.40625 completed=2009 timedout=9505 dropped=0 Util=0.98194
### END_ENTRY users=2340 run=37 ###

### ENTRY users=2350 run=37 seed=37 ###
ResponseTime=32.26111 Throughput=64.45000 goodput=5.04375 badput=59.40625 completed=1892 timedout=9505 dropped=0 Util=0.98193
### END_ENTRY users=2350 run=37 ###

### ENTRY users=2360 run=37 seed=37 ###
ResponseTime=32.07366 Throughput=64.45000 goodput=5.20000 badput=59.25000 completed=1939 timedout=9480 dropped=0 Util=0.98194
### END_ENTRY users=2360 run=37 ###

### ENTRY users=2370 run=37 seed=37 ###
ResponseTime=31.88852 Throughput=65.48750 goodput=5.28750 badput=60.20000 completed=1994 timedout=9632 dropped=0 Util=0.98198
### END_ENTRY users=2370 run=37 ###

### ENTRY users=2380 run=37 seed=37 ###
ResponseTime=32.27482 Throughput=64.57500 goodput=5.07500 badput=59.50000 completed=1911 timedout=9520 dropped=0 Util=0.98191
### END_ENTRY users=2380 run=37 ###

### ENTRY users=2390 run=37 seed=37 ###
ResponseTime=32.50681 Throughput=64.65625 goodput=4.92500 badput=59.73125 completed=1914 timedout=9557 dropped=0 Util=0.98192
### END_ENTRY users=2390 run=37 ###

### ENTRY users=2400 run=37 seed=37 ###
ResponseTime=32.68110 Throughput=64.71250 goodput=4.87500 badput=59.83750 completed=1906 timedout=9574 dropped=0 Util=0.98195
### END_ENTRY users=2400 run=37 ###

### ENTRY users=2410 run=37 seed=37 ###
ResponseTime=32.27204 Throughput=65.36250 goodput=5.03750 badput=60.32500 completed=1918 timedout=9652 dropped=0 Util=0.98199
### END_ENTRY users=2410 run=37 ###

### ENTRY users=2420 run=37 seed=37 ###
ResponseTime=32.44856 Throughput=65.45000 goodput=4.93125 badput=60.51875 completed=1918 timedout=9683 dropped=0 Util=0.98194
### END_ENTRY users=2420 run=37 ###

### ENTRY users=2430 run=37 seed=37 ###
ResponseTime=32.79350 Throughput=65.40625 goodput=5.02500 badput=60.38125 completed=1890 timedout=9661 dropped=0 Util=0.98196
### END_ENTRY users=2430 run=37 ###

### ENTRY users=2440 run=37 seed=37 ###
ResponseTime=33.21181 Throughput=64.79375 goodput=4.66250 badput=60.13125 completed=1800 timedout=9621 dropped=0 Util=0.98193
### END_ENTRY users=2440 run=37 ###

### ENTRY users=2450 run=37 seed=37 ###
ResponseTime=32.85604 Throughput=65.15000 goodput=5.14375 badput=60.00625 completed=1937 timedout=9601 dropped=0 Util=0.98196
### END_ENTRY users=2450 run=37 ###

### ENTRY users=2460 run=37 seed=37 ###
ResponseTime=33.52866 Throughput=64.08750 goodput=5.06250 badput=59.02500 completed=1932 timedout=9444 dropped=0 Util=0.98192
### END_ENTRY users=2460 run=37 ###

### ENTRY users=2470 run=37 seed=37 ###
ResponseTime=33.02546 Throughput=65.48750 goodput=5.02500 badput=60.46250 completed=1951 timedout=9674 dropped=0 Util=0.98197
### END_ENTRY users=2470 run=37 ###

### ENTRY users=2480 run=37 seed=37 ###
ResponseTime=33.71171 Throughput=64.86875 goodput=4.96250 badput=59.90625 completed=1876 timedout=9585 dropped=0 Util=0.98195
### END_ENTRY users=2480 run=37 ###

### ENTRY users=2490 run=37 seed=37 ###
ResponseTime=34.11221 Throughput=63.88125 goodput=4.91250 badput=58.96875 completed=1901 timedout=9435 dropped=0 Util=0.98192
### END_ENTRY users=2490 run=37 ###

### ENTRY users=2500 run=37 seed=37 ###
ResponseTime=34.00491 Throughput=64.53125 goodput=4.85000 badput=59.68125 completed=1890 timedout=9549 dropped=0 Util=0.98195
### END_ENTRY users=2500 run=37 ###

### ENTRY users=2510 run=37 seed=37 ###
ResponseTime=34.35854 Throughput=64.16875 goodput=4.71250 badput=59.45625 completed=1837 timedout=9513 dropped=0 Util=0.98192
### END_ENTRY users=2510 run=37 ###

### ENTRY users=2520 run=37 seed=37 ###
ResponseTime=33.97789 Throughput=65.04375 goodput=4.81875 badput=60.22500 completed=1877 timedout=9636 dropped=0 Util=0.98195
### END_ENTRY users=2520 run=37 ###

### ENTRY users=2530 run=37 seed=37 ###
ResponseTime=34.10092 Throughput=65.25000 goodput=5.23750 badput=60.01250 completed=1932 timedout=9602 dropped=0 Util=0.98192
### END_ENTRY users=2530 run=37 ###

### ENTRY users=2540 run=37 seed=37 ###
ResponseTime=34.61614 Throughput=64.40625 goodput=4.66875 badput=59.73750 completed=1852 timedout=9558 dropped=0 Util=0.98194
### END_ENTRY users=2540 run=37 ###

### ENTRY users=2550 run=37 seed=37 ###
ResponseTime=33.94203 Throughput=65.88750 goodput=4.91875 badput=60.96875 completed=1885 timedout=9755 dropped=0 Util=0.98195
### END_ENTRY users=2550 run=37 ###

### ENTRY users=2560 run=37 seed=37 ###
ResponseTime=34.67409 Throughput=64.91250 goodput=4.85000 badput=60.06250 completed=1889 timedout=9610 dropped=0 Util=0.98191
### END_ENTRY users=2560 run=37 ###

### ENTRY users=2570 run=37 seed=37 ###
ResponseTime=34.60601 Throughput=65.26875 goodput=4.72500 badput=60.54375 completed=1869 timedout=9687 dropped=0 Util=0.98193
### END_ENTRY users=2570 run=37 ###

### ENTRY users=2580 run=37 seed=37 ###
ResponseTime=34.76534 Throughput=65.21875 goodput=4.69375 badput=60.52500 completed=1848 timedout=9684 dropped=0 Util=0.98196
### END_ENTRY users=2580 run=37 ###

### ENTRY users=2590 run=37 seed=37 ###
ResponseTime=35.35287 Throughput=64.02500 goodput=5.02500 badput=59.00000 completed=1907 timedout=9440 dropped=0 Util=0.98191
### END_ENTRY users=2590 run=37 ###

### ENTRY users=2600 run=37 seed=37 ###
ResponseTime=34.81221 Throughput=65.44375 goodput=4.82500 badput=60.61875 completed=1933 timedout=9699 dropped=0 Util=0.98194
### END_ENTRY users=2600 run=37 ###

### ENTRY users=2610 run=37 seed=37 ###
ResponseTime=35.05959 Throughput=65.12500 goodput=4.91875 badput=60.20625 completed=1908 timedout=9633 dropped=0 Util=0.98194
### END_ENTRY users=2610 run=37 ###

### ENTRY users=2620 run=37 seed=37 ###
ResponseTime=35.24568 Throughput=65.30000 goodput=5.16875 badput=60.13125 completed=1896 timedout=9621 dropped=0 Util=0.98195
### END_ENTRY users=2620 run=37 ###

### ENTRY users=2630 run=37 seed=37 ###
ResponseTime=35.38002 Throughput=65.17500 goodput=4.81875 badput=60.35625 completed=1896 timedout=9657 dropped=0 Util=0.98199
### END_ENTRY users=2630 run=37 ###

### ENTRY users=2640 run=37 seed=37 ###
ResponseTime=35.72983 Throughput=64.48125 goodput=5.23750 badput=59.24375 completed=1889 timedout=9479 dropped=0 Util=0.98191
### END_ENTRY users=2640 run=37 ###

### ENTRY users=2650 run=37 seed=37 ###
ResponseTime=35.36498 Throughput=65.65625 goodput=4.82500 badput=60.83125 completed=1965 timedout=9733 dropped=0 Util=0.98198
### END_ENTRY users=2650 run=37 ###

### ENTRY users=2660 run=37 seed=37 ###
ResponseTime=35.70346 Throughput=65.28750 goodput=4.95625 badput=60.33125 completed=1881 timedout=9653 dropped=0 Util=0.98195
### END_ENTRY users=2660 run=37 ###

### ENTRY users=2670 run=37 seed=37 ###
ResponseTime=36.30528 Throughput=64.50000 goodput=4.61250 badput=59.88750 completed=1801 timedout=9582 dropped=0 Util=0.98196
### END_ENTRY users=2670 run=37 ###

### ENTRY users=2680 run=37 seed=37 ###
ResponseTime=36.86582 Throughput=63.79375 goodput=4.60625 badput=59.18750 completed=1791 timedout=9470 dropped=0 Util=0.98192
### END_ENTRY users=2680 run=37 ###

### ENTRY users=2690 run=37 seed=37 ###
ResponseTime=36.35059 Throughput=64.71875 goodput=4.27500 badput=60.44375 completed=1804 timedout=9671 dropped=0 Util=0.98194
### END_ENTRY users=2690 run=37 ###

### ENTRY users=2700 run=37 seed=37 ###
ResponseTime=36.73520 Throughput=64.47500 goodput=4.88125 badput=59.59375 completed=1856 timedout=9535 dropped=0 Util=0.98194
### END_ENTRY users=2700 run=37 ###

### ENTRY users=2710 run=37 seed=37 ###
ResponseTime=37.19190 Throughput=63.93750 goodput=4.56250 badput=59.37500 completed=1847 timedout=9500 dropped=0 Util=0.98192
### END_ENTRY users=2710 run=37 ###

### ENTRY users=2720 run=37 seed=37 ###
ResponseTime=36.75212 Throughput=64.68750 goodput=4.60000 badput=60.08750 completed=1874 timedout=9614 dropped=0 Util=0.98196
### END_ENTRY users=2720 run=37 ###

### ENTRY users=2730 run=37 seed=37 ###
ResponseTime=37.06063 Throughput=64.43125 goodput=4.82500 badput=59.60625 completed=1893 timedout=9537 dropped=0 Util=0.98194
### END_ENTRY users=2730 run=37 ###

### ENTRY users=2740 run=37 seed=37 ###
ResponseTime=37.14555 Throughput=64.34375 goodput=4.71875 badput=59.62500 completed=1856 timedout=9540 dropped=0 Util=0.98197
### END_ENTRY users=2740 run=37 ###

### ENTRY users=2750 run=37 seed=37 ###
ResponseTime=36.87668 Throughput=65.18125 goodput=4.40625 badput=60.77500 completed=1802 timedout=9724 dropped=0 Util=0.98194
### END_ENTRY users=2750 run=37 ###

### ENTRY users=2760 run=37 seed=37 ###
ResponseTime=37.59942 Throughput=64.06875 goodput=4.55000 badput=59.51875 completed=1864 timedout=9523 dropped=0 Util=0.98193
### END_ENTRY users=2760 run=37 ###

### ENTRY users=2770 run=37 seed=37 ###
ResponseTime=37.31620 Throughput=65.00000 goodput=4.61250 badput=60.38750 completed=1805 timedout=9662 dropped=0 Util=0.98195
### END_ENTRY users=2770 run=37 ###

### ENTRY users=2780 run=37 seed=37 ###
ResponseTime=37.68781 Throughput=64.52500 goodput=4.47500 badput=60.05000 completed=1806 timedout=9608 dropped=0 Util=0.98195
### END_ENTRY users=2780 run=37 ###

### ENTRY users=2790 run=37 seed=37 ###
ResponseTime=37.54037 Throughput=64.67500 goodput=4.68125 badput=59.99375 completed=1820 timedout=9599 dropped=0 Util=0.98195
### END_ENTRY users=2790 run=37 ###

### ENTRY users=2800 run=37 seed=37 ###
ResponseTime=38.25752 Throughput=64.26875 goodput=4.47500 badput=59.79375 completed=1833 timedout=9567 dropped=0 Util=0.98193
### END_ENTRY users=2800 run=37 ###

### ENTRY users=2810 run=37 seed=37 ###
ResponseTime=38.11683 Throughput=64.58125 goodput=4.68125 badput=59.90000 completed=1867 timedout=9584 dropped=0 Util=0.98192
### END_ENTRY users=2810 run=37 ###

### ENTRY users=2820 run=37 seed=37 ###
ResponseTime=37.64032 Throughput=65.52500 goodput=4.63125 badput=60.89375 completed=1864 timedout=9743 dropped=0 Util=0.98196
### END_ENTRY users=2820 run=37 ###

### ENTRY users=2830 run=37 seed=37 ###
ResponseTime=37.80519 Throughput=65.47500 goodput=4.60000 badput=60.87500 completed=1858 timedout=9740 dropped=0 Util=0.98196
### END_ENTRY users=2830 run=37 ###

### ENTRY users=2840 run=37 seed=37 ###
ResponseTime=38.63482 Throughput=64.27500 goodput=4.67500 badput=59.60000 completed=1848 timedout=9536 dropped=0 Util=0.98193
### END_ENTRY users=2840 run=37 ###

### ENTRY users=2850 run=37 seed=37 ###
ResponseTime=37.96031 Throughput=65.44375 goodput=4.71875 badput=60.72500 completed=1870 timedout=9716 dropped=0 Util=0.98196
### END_ENTRY users=2850 run=37 ###

### ENTRY users=2860 run=37 seed=37 ###
ResponseTime=38.41418 Throughput=64.79375 goodput=4.31875 badput=60.47500 completed=1767 timedout=9676 dropped=0 Util=0.98193
### END_ENTRY users=2860 run=37 ###

### ENTRY users=2870 run=37 seed=37 ###
ResponseTime=38.63158 Throughput=64.82500 goodput=4.72500 badput=60.10000 completed=1809 timedout=9616 dropped=0 Util=0.98196
### END_ENTRY users=2870 run=37 ###

### ENTRY users=2880 run=37 seed=37 ###
ResponseTime=38.31521 Throughput=65.42500 goodput=4.48750 badput=60.93750 completed=1808 timedout=9750 dropped=0 Util=0.98195
### END_ENTRY users=2880 run=37 ###

### ENTRY users=2890 run=37 seed=37 ###
ResponseTime=38.66009 Throughput=65.14375 goodput=4.75625 badput=60.38750 completed=1864 timedout=9662 dropped=0 Util=0.98194
### END_ENTRY users=2890 run=37 ###

### ENTRY users=2900 run=37 seed=37 ###
ResponseTime=38.90518 Throughput=65.19375 goodput=4.80000 badput=60.39375 completed=1843 timedout=9663 dropped=0 Util=0.98194
### END_ENTRY users=2900 run=37 ###

### ENTRY users=2910 run=37 seed=37 ###
ResponseTime=38.37701 Throughput=66.35000 goodput=4.64375 badput=61.70625 completed=1816 timedout=9873 dropped=0 Util=0.98197
### END_ENTRY users=2910 run=37 ###

### ENTRY users=2920 run=37 seed=37 ###
ResponseTime=39.52823 Throughput=64.56250 goodput=4.71875 badput=59.84375 completed=1937 timedout=9575 dropped=0 Util=0.98197
### END_ENTRY users=2920 run=37 ###

### ENTRY users=2930 run=37 seed=37 ###
ResponseTime=39.62360 Throughput=64.71250 goodput=4.52500 badput=60.18750 completed=1815 timedout=9630 dropped=0 Util=0.98193
### END_ENTRY users=2930 run=37 ###

### ENTRY users=2940 run=37 seed=37 ###
ResponseTime=39.18309 Throughput=65.47500 goodput=4.65000 badput=60.82500 completed=1865 timedout=9732 dropped=0 Util=0.98194
### END_ENTRY users=2940 run=37 ###

### ENTRY users=2950 run=37 seed=37 ###
ResponseTime=39.15210 Throughput=65.45625 goodput=4.55625 badput=60.90000 completed=1807 timedout=9744 dropped=0 Util=0.98196
### END_ENTRY users=2950 run=37 ###

### ENTRY users=2960 run=37 seed=37 ###
ResponseTime=39.59534 Throughput=65.36250 goodput=4.41875 badput=60.94375 completed=1804 timedout=9751 dropped=0 Util=0.98193
### END_ENTRY users=2960 run=37 ###

### ENTRY users=2970 run=37 seed=37 ###
ResponseTime=39.92136 Throughput=64.71250 goodput=4.61875 badput=60.09375 completed=1813 timedout=9615 dropped=0 Util=0.98193
### END_ENTRY users=2970 run=37 ###

### ENTRY users=2980 run=37 seed=37 ###
ResponseTime=39.72172 Throughput=65.11875 goodput=4.51875 badput=60.60000 completed=1864 timedout=9696 dropped=0 Util=0.98197
### END_ENTRY users=2980 run=37 ###

### ENTRY users=2990 run=37 seed=37 ###
ResponseTime=39.99479 Throughput=64.91875 goodput=4.42500 badput=60.49375 completed=1807 timedout=9679 dropped=0 Util=0.98194
### END_ENTRY users=2990 run=37 ###

### ENTRY users=3000 run=37 seed=37 ###
ResponseTime=40.43376 Throughput=64.71875 goodput=4.58750 badput=60.13125 completed=1903 timedout=9621 dropped=0 Util=0.98192
### END_ENTRY users=3000 run=37 ###

