=== RUN FILE confidence_interval/run_18.log (run index = 18) ===
### ENTRY users=10 run=18 seed=18 ###
ResponseTime=0.06079 Throughput=3.36875 goodput=3.36875 badput=0.00000 completed=539 timedout=0 dropped=0 Util=0.04570
### END_ENTRY users=10 run=18 ###

### ENTRY users=20 run=18 seed=18 ###
ResponseTime=0.06233 Throughput=6.76875 goodput=6.76875 badput=0.00000 completed=1083 timedout=0 dropped=0 Util=0.09243
### END_ENTRY users=20 run=18 ###

### ENTRY users=30 run=18 seed=18 ###
ResponseTime=0.06644 Throughput=10.10625 goodput=10.10625 badput=0.00000 completed=1617 timedout=0 dropped=0 Util=0.14018
### END_ENTRY users=30 run=18 ###

### ENTRY users=40 run=18 seed=18 ###
ResponseTime=0.06276 Throughput=13.47500 goodput=13.47500 badput=0.00000 completed=2156 timedout=0 dropped=0 Util=0.17193
### END_ENTRY users=40 run=18 ###

### ENTRY users=50 run=18 seed=18 ###
ResponseTime=0.06897 Throughput=16.83750 goodput=16.83750 badput=0.00000 completed=2694 timedout=0 dropped=0 Util=0.22239
### END_ENTRY users=50 run=18 ###

### ENTRY users=60 run=18 seed=18 ###
ResponseTime=0.07854 Throughput=20.15625 goodput=20.15625 badput=0.00000 completed=3225 timedout=0 dropped=0 Util=0.27404
### END_ENTRY users=60 run=18 ###

### ENTRY users=70 run=18 seed=18 ###
ResponseTime=0.08469 Throughput=23.46250 goodput=23.46250 badput=0.00000 completed=3754 timedout=0 dropped=0 Util=0.31867
### END_ENTRY users=70 run=18 ###

### ENTRY users=80 run=18 seed=18 ###
ResponseTime=0.08585 Throughput=26.73125 goodput=26.73125 badput=0.00000 completed=4277 timedout=0 dropped=0 Util=0.35248
### END_ENTRY users=80 run=18 ###

### ENTRY users=90 run=18 seed=18 ###
ResponseTime=0.09542 Throughput=30.01250 goodput=30.01250 badput=0.00000 completed=4802 timedout=0 dropped=0 Util=0.40880
### END_ENTRY users=90 run=18 ###

### ENTRY users=100 run=18 seed=18 ###
ResponseTime=0.10040 Throughput=33.27500 goodput=33.27500 badput=0.00000 completed=5324 timedout=0 dropped=0 Util=0.44652
### END_ENTRY users=100 run=18 ###

### ENTRY users=110 run=18 seed=18 ###
ResponseTime=0.11656 Throughput=36.40000 goodput=36.40000 badput=0.00000 completed=5824 timedout=0 dropped=0 Util=0.48921
### END_ENTRY users=110 run=18 ###

### ENTRY users=120 run=18 seed=18 ###
ResponseTime=0.12375 Throughput=39.69375 goodput=39.69375 badput=0.00000 completed=6351 timedout=0 dropped=0 Util=0.54034
### END_ENTRY users=120 run=18 ###

### ENTRY users=130 run=18 seed=18 ###
ResponseTime=0.15007 Throughput=42.68750 goodput=42.68750 badput=0.00000 completed=6830 timedout=0 dropped=0 Util=0.58220
### END_ENTRY users=130 run=18 ###

### ENTRY users=140 run=18 seed=18 ###
ResponseTime=0.16078 Throughput=45.86875 goodput=45.86875 badput=0.00000 completed=7339 timedout=0 dropped=0 Util=0.62454
### END_ENTRY users=140 run=18 ###

### ENTRY users=150 run=18 seed=18 ###
ResponseTime=0.16436 Throughput=48.98750 goodput=48.98750 badput=0.00000 completed=7838 timedout=0 dropped=0 Util=0.65768
### END_ENTRY users=150 run=18 ###

### ENTRY users=160 run=18 seed=18 ###
ResponseTime=0.19269 Throughput=51.87500 goodput=51.87500 badput=0.00000 completed=8300 timedout=0 dropped=0 Util=0.70814
### END_ENTRY users=160 run=18 ###

### ENTRY users=170 run=18 seed=18 ###
ResponseTime=0.21827 Throughput=54.76250 goodput=54.76250 badput=0.00000 completed=8762 timedout=0 dropped=0 Util=0.75511
### END_ENTRY users=170 run=18 ###

### ENTRY users=180 run=18 seed=18 ###
ResponseTime=0.24955 Throughput=57.38750 goodput=57.38750 badput=0.00000 completed=9182 timedout=0 dropped=0 Util=0.78765
### END_ENTRY users=180 run=18 ###

### ENTRY users=190 run=18 seed=18 ###
ResponseTime=0.28503 Throughput=60.00000 goodput=60.00000 badput=0.00000 completed=9600 timedout=0 dropped=0 Util=0.83001
### END_ENTRY users=190 run=18 ###

### ENTRY users=200 run=18 seed=18 ###
ResponseTime=0.33095 Throughput=62.39375 goodput=62.39375 badput=0.00000 completed=9983 timedout=0 dropped=0 Util=0.85198
### END_ENTRY users=200 run=18 ###

### ENTRY users=210 run=18 seed=18 ###
ResponseTime=0.37776 Throughput=64.52500 goodput=64.52500 badput=0.00000 completed=10324 timedout=0 dropped=0 Util=0.88286
### END_ENTRY users=210 run=18 ###

### ENTRY users=220 run=18 seed=18 ###
ResponseTime=0.43940 Throughput=66.36250 goodput=66.36250 badput=0.00000 completed=10618 timedout=0 dropped=0 Util=0.89921
### END_ENTRY users=220 run=18 ###

### ENTRY users=230 run=18 seed=18 ###
ResponseTime=0.49833 Throughput=68.61250 goodput=68.61250 badput=0.00000 completed=10978 timedout=0 dropped=0 Util=0.93128
### END_ENTRY users=230 run=18 ###

### ENTRY users=240 run=18 seed=18 ###
ResponseTime=0.68425 Throughput=68.13750 goodput=68.13750 badput=0.00000 completed=10902 timedout=0 dropped=0 Util=0.95286
### END_ENTRY users=240 run=18 ###

### ENTRY users=250 run=18 seed=18 ###
ResponseTime=0.75694 Throughput=69.63750 goodput=69.63750 badput=0.00000 completed=11142 timedout=0 dropped=0 Util=0.96063
### END_ENTRY users=250 run=18 ###

### ENTRY users=260 run=18 seed=18 ###
ResponseTime=0.85692 Throughput=70.76250 goodput=70.76250 badput=0.00000 completed=11322 timedout=0 dropped=0 Util=0.96802
### END_ENTRY users=260 run=18 ###

### ENTRY users=270 run=18 seed=18 ###
ResponseTime=1.01199 Throughput=71.05000 goodput=71.05000 badput=0.00000 completed=11368 timedout=0 dropped=0 Util=0.97391
### END_ENTRY users=270 run=18 ###

### ENTRY users=280 run=18 seed=18 ###
ResponseTime=1.04087 Throughput=72.60000 goodput=72.60000 badput=0.00000 completed=11616 timedout=0 dropped=0 Util=0.97922
### END_ENTRY users=280 run=18 ###

### ENTRY users=290 run=18 seed=18 ###
ResponseTime=1.26928 Throughput=71.63750 goodput=71.63750 badput=0.00000 completed=11462 timedout=0 dropped=0 Util=0.98144
### END_ENTRY users=290 run=18 ###

### ENTRY users=300 run=18 seed=18 ###
ResponseTime=1.46859 Throughput=71.03125 goodput=71.03125 badput=0.00000 completed=11365 timedout=0 dropped=0 Util=0.98196
### END_ENTRY users=300 run=18 ###

### ENTRY users=310 run=18 seed=18 ###
ResponseTime=1.58921 Throughput=71.35000 goodput=71.35000 badput=0.00000 completed=11416 timedout=0 dropped=0 Util=0.98196
### END_ENTRY users=310 run=18 ###

### ENTRY users=320 run=18 seed=18 ###
ResponseTime=1.66778 Throughput=72.40000 goodput=72.40000 badput=0.00000 completed=11584 timedout=0 dropped=0 Util=0.98199
### END_ENTRY users=320 run=18 ###

### ENTRY users=330 run=18 seed=18 ###
ResponseTime=1.82896 Throughput=72.21250 goodput=72.21250 badput=0.00000 completed=11554 timedout=0 dropped=0 Util=0.98199
### END_ENTRY users=330 run=18 ###

### ENTRY users=340 run=18 seed=18 ###
ResponseTime=2.00409 Throughput=71.85000 goodput=71.85000 badput=0.00000 completed=11496 timedout=0 dropped=0 Util=0.98199
### END_ENTRY users=340 run=18 ###

### ENTRY users=350 run=18 seed=18 ###
ResponseTime=2.22917 Throughput=71.13750 goodput=71.13750 badput=0.00000 completed=11382 timedout=0 dropped=0 Util=0.98195
### END_ENTRY users=350 run=18 ###

### ENTRY users=360 run=18 seed=18 ###
ResponseTime=2.25145 Throughput=72.53125 goodput=72.53125 badput=0.00000 completed=11605 timedout=0 dropped=0 Util=0.98201
### END_ENTRY users=360 run=18 ###

### ENTRY users=370 run=18 seed=18 ###
ResponseTime=2.40125 Throughput=72.33750 goodput=72.33750 badput=0.00000 completed=11574 timedout=0 dropped=0 Util=0.98201
### END_ENTRY users=370 run=18 ###

### ENTRY users=380 run=18 seed=18 ###
ResponseTime=2.63283 Throughput=71.67500 goodput=71.67500 badput=0.00000 completed=11468 timedout=0 dropped=0 Util=0.98200
### END_ENTRY users=380 run=18 ###

### ENTRY users=390 run=18 seed=18 ###
ResponseTime=2.65684 Throughput=73.21875 goodput=73.21250 badput=0.00625 completed=11714 timedout=1 dropped=0 Util=0.98201
### END_ENTRY users=390 run=18 ###

### ENTRY users=400 run=18 seed=18 ###
ResponseTime=3.00422 Throughput=70.86250 goodput=70.86250 badput=0.00000 completed=11338 timedout=0 dropped=0 Util=0.98195
### END_ENTRY users=400 run=18 ###

### ENTRY users=410 run=18 seed=18 ###
ResponseTime=3.01924 Throughput=72.56250 goodput=72.53125 badput=0.03125 completed=11605 timedout=5 dropped=0 Util=0.98197
### END_ENTRY users=410 run=18 ###

### ENTRY users=420 run=18 seed=18 ###
ResponseTime=3.14051 Throughput=72.46250 goodput=72.44375 badput=0.01875 completed=11591 timedout=3 dropped=0 Util=0.98197
### END_ENTRY users=420 run=18 ###

### ENTRY users=430 run=18 seed=18 ###
ResponseTime=3.34004 Throughput=71.96875 goodput=71.93750 badput=0.03125 completed=11510 timedout=5 dropped=0 Util=0.98197
### END_ENTRY users=430 run=18 ###

### ENTRY users=440 run=18 seed=18 ###
ResponseTime=3.41248 Throughput=72.81250 goodput=72.78750 badput=0.02500 completed=11646 timedout=4 dropped=0 Util=0.98199
### END_ENTRY users=440 run=18 ###

### ENTRY users=450 run=18 seed=18 ###
ResponseTime=3.63447 Throughput=71.83750 goodput=71.75625 badput=0.08125 completed=11481 timedout=13 dropped=0 Util=0.98196
### END_ENTRY users=450 run=18 ###

### ENTRY users=460 run=18 seed=18 ###
ResponseTime=3.74854 Throughput=72.08125 goodput=72.01250 badput=0.06875 completed=11522 timedout=11 dropped=0 Util=0.98196
### END_ENTRY users=460 run=18 ###

### ENTRY users=470 run=18 seed=18 ###
ResponseTime=3.84028 Throughput=72.94375 goodput=72.86250 badput=0.08125 completed=11658 timedout=13 dropped=0 Util=0.98200
### END_ENTRY users=470 run=18 ###

### ENTRY users=480 run=18 seed=18 ###
ResponseTime=4.07989 Throughput=72.17500 goodput=72.09375 badput=0.08125 completed=11535 timedout=13 dropped=0 Util=0.98195
### END_ENTRY users=480 run=18 ###

### ENTRY users=490 run=18 seed=18 ###
ResponseTime=4.20103 Throughput=72.22500 goodput=72.16875 badput=0.05625 completed=11547 timedout=9 dropped=0 Util=0.98194
### END_ENTRY users=490 run=18 ###

### ENTRY users=500 run=18 seed=18 ###
ResponseTime=4.36669 Throughput=72.33125 goodput=72.26875 badput=0.06250 completed=11563 timedout=10 dropped=0 Util=0.98194
### END_ENTRY users=500 run=18 ###

### ENTRY users=510 run=18 seed=18 ###
ResponseTime=4.46279 Throughput=72.14375 goodput=72.03125 badput=0.11250 completed=11525 timedout=18 dropped=0 Util=0.98195
### END_ENTRY users=510 run=18 ###

### ENTRY users=520 run=18 seed=18 ###
ResponseTime=4.68255 Throughput=72.23750 goodput=72.15000 badput=0.08750 completed=11544 timedout=14 dropped=0 Util=0.98195
### END_ENTRY users=520 run=18 ###

### ENTRY users=530 run=18 seed=18 ###
ResponseTime=4.83715 Throughput=71.87500 goodput=71.74375 badput=0.13125 completed=11479 timedout=21 dropped=0 Util=0.98192
### END_ENTRY users=530 run=18 ###

### ENTRY users=540 run=18 seed=18 ###
ResponseTime=5.04799 Throughput=71.75625 goodput=71.61875 badput=0.13750 completed=11459 timedout=22 dropped=0 Util=0.98193
### END_ENTRY users=540 run=18 ###

### ENTRY users=550 run=18 seed=18 ###
ResponseTime=5.09726 Throughput=72.60000 goodput=72.46875 badput=0.13125 completed=11595 timedout=21 dropped=0 Util=0.98196
### END_ENTRY users=550 run=18 ###

### ENTRY users=560 run=18 seed=18 ###
ResponseTime=5.34678 Throughput=71.64375 goodput=71.53125 badput=0.11250 completed=11445 timedout=18 dropped=0 Util=0.98195
### END_ENTRY users=560 run=18 ###

### ENTRY users=570 run=18 seed=18 ###
ResponseTime=5.39583 Throughput=72.43125 goodput=72.28125 badput=0.15000 completed=11565 timedout=24 dropped=0 Util=0.98196
### END_ENTRY users=570 run=18 ###

### ENTRY users=580 run=18 seed=18 ###
ResponseTime=5.67102 Throughput=71.50000 goodput=71.35625 badput=0.14375 completed=11417 timedout=23 dropped=0 Util=0.98194
### END_ENTRY users=580 run=18 ###

### ENTRY users=590 run=18 seed=18 ###
ResponseTime=5.66316 Throughput=72.54375 goodput=72.41250 badput=0.13125 completed=11586 timedout=21 dropped=0 Util=0.98197
### END_ENTRY users=590 run=18 ###

### ENTRY users=600 run=18 seed=18 ###
ResponseTime=5.82466 Throughput=72.84375 goodput=72.69375 badput=0.15000 completed=11631 timedout=24 dropped=0 Util=0.98199
### END_ENTRY users=600 run=18 ###

### ENTRY users=610 run=18 seed=18 ###
ResponseTime=5.93563 Throughput=72.35625 goodput=72.19375 badput=0.16250 completed=11551 timedout=26 dropped=0 Util=0.98198
### END_ENTRY users=610 run=18 ###

### ENTRY users=620 run=18 seed=18 ###
ResponseTime=6.17089 Throughput=72.12500 goodput=71.93125 badput=0.19375 completed=11509 timedout=31 dropped=0 Util=0.98194
### END_ENTRY users=620 run=18 ###

### ENTRY users=630 run=18 seed=18 ###
ResponseTime=6.27764 Throughput=72.86875 goodput=72.71250 badput=0.15625 completed=11634 timedout=25 dropped=0 Util=0.98197
### END_ENTRY users=630 run=18 ###

### ENTRY users=640 run=18 seed=18 ###
ResponseTime=6.46711 Throughput=72.51875 goodput=72.31250 badput=0.20625 completed=11570 timedout=33 dropped=0 Util=0.98194
### END_ENTRY users=640 run=18 ###

### ENTRY users=650 run=18 seed=18 ###
ResponseTime=6.58872 Throughput=72.11875 goodput=71.93125 badput=0.18750 completed=11509 timedout=30 dropped=0 Util=0.98197
### END_ENTRY users=650 run=18 ###

### ENTRY users=660 run=18 seed=18 ###
ResponseTime=6.81176 Throughput=71.93750 goodput=71.72500 badput=0.21250 completed=11476 timedout=34 dropped=0 Util=0.98194
### END_ENTRY users=660 run=18 ###

### ENTRY users=670 run=18 seed=18 ###
ResponseTime=6.90429 Throughput=72.18125 goodput=71.97500 badput=0.20625 completed=11516 timedout=33 dropped=0 Util=0.98195
### END_ENTRY users=670 run=18 ###

### ENTRY users=680 run=18 seed=18 ###
ResponseTime=7.17543 Throughput=71.60625 goodput=71.42500 badput=0.18125 completed=11428 timedout=29 dropped=0 Util=0.98194
### END_ENTRY users=680 run=18 ###

### ENTRY users=690 run=18 seed=18 ###
ResponseTime=7.22212 Throughput=72.53125 goodput=72.33125 badput=0.20000 completed=11573 timedout=32 dropped=0 Util=0.98196
### END_ENTRY users=690 run=18 ###

### ENTRY users=700 run=18 seed=18 ###
ResponseTime=7.40773 Throughput=71.94375 goodput=71.71250 badput=0.23125 completed=11474 timedout=37 dropped=0 Util=0.98194
### END_ENTRY users=700 run=18 ###

### ENTRY users=710 run=18 seed=18 ###
ResponseTime=7.67471 Throughput=71.29375 goodput=70.99375 badput=0.30000 completed=11359 timedout=48 dropped=0 Util=0.98194
### END_ENTRY users=710 run=18 ###

### ENTRY users=720 run=18 seed=18 ###
ResponseTime=7.59715 Throughput=72.94375 goodput=72.63750 badput=0.30625 completed=11622 timedout=49 dropped=0 Util=0.98197
### END_ENTRY users=720 run=18 ###

### ENTRY users=730 run=18 seed=18 ###
ResponseTime=7.81889 Throughput=72.38750 goodput=72.12500 badput=0.26250 completed=11540 timedout=42 dropped=0 Util=0.98194
### END_ENTRY users=730 run=18 ###

### ENTRY users=740 run=18 seed=18 ###
ResponseTime=7.94501 Throughput=72.58125 goodput=72.28750 badput=0.29375 completed=11566 timedout=47 dropped=0 Util=0.98196
### END_ENTRY users=740 run=18 ###

### ENTRY users=750 run=18 seed=18 ###
ResponseTime=8.11036 Throughput=72.35000 goodput=72.06250 badput=0.28750 completed=11530 timedout=46 dropped=0 Util=0.98197
### END_ENTRY users=750 run=18 ###

### ENTRY users=760 run=18 seed=18 ###
ResponseTime=8.41483 Throughput=71.57500 goodput=71.24375 badput=0.33125 completed=11399 timedout=53 dropped=0 Util=0.98195
### END_ENTRY users=760 run=18 ###

### ENTRY users=770 run=18 seed=18 ###
ResponseTime=8.64101 Throughput=71.33750 goodput=70.98125 badput=0.35625 completed=11357 timedout=57 dropped=0 Util=0.98191
### END_ENTRY users=770 run=18 ###

### ENTRY users=780 run=18 seed=18 ###
ResponseTime=8.52552 Throughput=72.81250 goodput=72.50625 badput=0.30625 completed=11601 timedout=49 dropped=0 Util=0.98195
### END_ENTRY users=780 run=18 ###

### ENTRY users=790 run=18 seed=18 ###
ResponseTime=8.68745 Throughput=72.53750 goodput=72.16250 badput=0.37500 completed=11546 timedout=60 dropped=0 Util=0.98196
### END_ENTRY users=790 run=18 ###

### ENTRY users=800 run=18 seed=18 ###
ResponseTime=8.75954 Throughput=73.13750 goodput=72.85625 badput=0.28125 completed=11657 timedout=45 dropped=0 Util=0.98197
### END_ENTRY users=800 run=18 ###

### ENTRY users=810 run=18 seed=18 ###
ResponseTime=9.10649 Throughput=71.76875 goodput=71.35000 badput=0.41875 completed=11416 timedout=67 dropped=0 Util=0.98195
### END_ENTRY users=810 run=18 ###

### ENTRY users=820 run=18 seed=18 ###
ResponseTime=9.32782 Throughput=71.66875 goodput=71.26875 badput=0.40000 completed=11403 timedout=64 dropped=0 Util=0.98193
### END_ENTRY users=820 run=18 ###

### ENTRY users=830 run=18 seed=18 ###
ResponseTime=9.46142 Throughput=71.55625 goodput=71.13125 badput=0.42500 completed=11381 timedout=68 dropped=0 Util=0.98193
### END_ENTRY users=830 run=18 ###

### ENTRY users=840 run=18 seed=18 ###
ResponseTime=9.68760 Throughput=71.22500 goodput=70.78125 badput=0.44375 completed=11325 timedout=71 dropped=0 Util=0.98192
### END_ENTRY users=840 run=18 ###

### ENTRY users=850 run=18 seed=18 ###
ResponseTime=9.62351 Throughput=72.44375 goodput=72.03125 badput=0.41250 completed=11525 timedout=66 dropped=0 Util=0.98195
### END_ENTRY users=850 run=18 ###

### ENTRY users=860 run=18 seed=18 ###
ResponseTime=9.88886 Throughput=71.95625 goodput=71.53125 badput=0.42500 completed=11445 timedout=68 dropped=0 Util=0.98198
### END_ENTRY users=860 run=18 ###

### ENTRY users=870 run=18 seed=18 ###
ResponseTime=9.89990 Throughput=72.48125 goodput=72.02500 badput=0.45625 completed=11524 timedout=73 dropped=0 Util=0.98196
### END_ENTRY users=870 run=18 ###

### ENTRY users=880 run=18 seed=18 ###
ResponseTime=10.10886 Throughput=72.03125 goodput=71.54375 badput=0.48750 completed=11447 timedout=78 dropped=0 Util=0.98195
### END_ENTRY users=880 run=18 ###

### ENTRY users=890 run=18 seed=18 ###
ResponseTime=10.34349 Throughput=72.16875 goodput=71.68125 badput=0.48750 completed=11469 timedout=78 dropped=0 Util=0.98194
### END_ENTRY users=890 run=18 ###

### ENTRY users=900 run=18 seed=18 ###
ResponseTime=10.56338 Throughput=71.30000 goodput=70.66250 badput=0.63750 completed=11306 timedout=102 dropped=0 Util=0.98196
### END_ENTRY users=900 run=18 ###

### ENTRY users=910 run=18 seed=18 ###
ResponseTime=10.56623 Throughput=72.43125 goodput=71.86250 badput=0.56875 completed=11498 timedout=91 dropped=0 Util=0.98195
### END_ENTRY users=910 run=18 ###

### ENTRY users=920 run=18 seed=18 ###
ResponseTime=10.83153 Throughput=71.59375 goodput=70.94375 badput=0.65000 completed=11351 timedout=104 dropped=0 Util=0.98193
### END_ENTRY users=920 run=18 ###

### ENTRY users=930 run=18 seed=18 ###
ResponseTime=10.81809 Throughput=72.56875 goodput=71.95625 badput=0.61250 completed=11513 timedout=98 dropped=0 Util=0.98196
### END_ENTRY users=930 run=18 ###

### ENTRY users=940 run=18 seed=18 ###
ResponseTime=10.99085 Throughput=72.44375 goodput=71.68750 badput=0.75625 completed=11470 timedout=121 dropped=0 Util=0.98194
### END_ENTRY users=940 run=18 ###

### ENTRY users=950 run=18 seed=18 ###
ResponseTime=11.18382 Throughput=72.36250 goodput=71.65000 badput=0.71250 completed=11464 timedout=114 dropped=0 Util=0.98196
### END_ENTRY users=950 run=18 ###

### ENTRY users=960 run=18 seed=18 ###
ResponseTime=11.37448 Throughput=72.21250 goodput=71.47500 badput=0.73750 completed=11436 timedout=118 dropped=0 Util=0.98196
### END_ENTRY users=960 run=18 ###

### ENTRY users=970 run=18 seed=18 ###
ResponseTime=11.67536 Throughput=71.11875 goodput=70.23750 badput=0.88125 completed=11238 timedout=141 dropped=0 Util=0.98193
### END_ENTRY users=970 run=18 ###

### ENTRY users=980 run=18 seed=18 ###
ResponseTime=11.72806 Throughput=71.70625 goodput=70.89375 badput=0.81250 completed=11343 timedout=130 dropped=0 Util=0.98194
### END_ENTRY users=980 run=18 ###

### ENTRY users=990 run=18 seed=18 ###
ResponseTime=11.75026 Throughput=72.30625 goodput=71.51250 badput=0.79375 completed=11442 timedout=127 dropped=0 Util=0.98193
### END_ENTRY users=990 run=18 ###

### ENTRY users=1000 run=18 seed=18 ###
ResponseTime=11.92709 Throughput=72.35625 goodput=71.40000 badput=0.95625 completed=11424 timedout=153 dropped=0 Util=0.98196
### END_ENTRY users=1000 run=18 ###

### ENTRY users=1010 run=18 seed=18 ###
ResponseTime=12.04311 Throughput=72.28750 goodput=71.30625 badput=0.98125 completed=11409 timedout=157 dropped=0 Util=0.98194
### END_ENTRY users=1010 run=18 ###

### ENTRY users=1020 run=18 seed=18 ###
ResponseTime=12.32323 Throughput=71.88750 goodput=70.69375 badput=1.19375 completed=11311 timedout=191 dropped=0 Util=0.98194
### END_ENTRY users=1020 run=18 ###

### ENTRY users=1030 run=18 seed=18 ###
ResponseTime=12.41929 Throughput=71.64375 goodput=70.46875 badput=1.17500 completed=11275 timedout=188 dropped=0 Util=0.98198
### END_ENTRY users=1030 run=18 ###

### ENTRY users=1040 run=18 seed=18 ###
ResponseTime=12.60193 Throughput=71.94375 goodput=70.87500 badput=1.06875 completed=11340 timedout=171 dropped=0 Util=0.98192
### END_ENTRY users=1040 run=18 ###

### ENTRY users=1050 run=18 seed=18 ###
ResponseTime=12.58930 Throughput=72.49375 goodput=71.38125 badput=1.11250 completed=11421 timedout=178 dropped=0 Util=0.98196
### END_ENTRY users=1050 run=18 ###

### ENTRY users=1060 run=18 seed=18 ###
ResponseTime=12.80116 Throughput=72.54375 goodput=71.35625 badput=1.18750 completed=11417 timedout=190 dropped=0 Util=0.98195
### END_ENTRY users=1060 run=18 ###

### ENTRY users=1070 run=18 seed=18 ###
ResponseTime=13.06109 Throughput=71.76875 goodput=70.55625 badput=1.21250 completed=11289 timedout=194 dropped=0 Util=0.98194
### END_ENTRY users=1070 run=18 ###

### ENTRY users=1080 run=18 seed=18 ###
ResponseTime=13.37171 Throughput=71.04375 goodput=69.61250 badput=1.43125 completed=11138 timedout=229 dropped=0 Util=0.98193
### END_ENTRY users=1080 run=18 ###

### ENTRY users=1090 run=18 seed=18 ###
ResponseTime=13.39414 Throughput=71.61250 goodput=70.11250 badput=1.50000 completed=11218 timedout=240 dropped=0 Util=0.98194
### END_ENTRY users=1090 run=18 ###

### ENTRY users=1100 run=18 seed=18 ###
ResponseTime=13.26305 Throughput=72.68750 goodput=71.22500 badput=1.46250 completed=11396 timedout=234 dropped=0 Util=0.98197
### END_ENTRY users=1100 run=18 ###

### ENTRY users=1110 run=18 seed=18 ###
ResponseTime=13.56926 Throughput=72.04375 goodput=70.45000 badput=1.59375 completed=11272 timedout=255 dropped=0 Util=0.98194
### END_ENTRY users=1110 run=18 ###

### ENTRY users=1120 run=18 seed=18 ###
ResponseTime=13.89718 Throughput=70.98750 goodput=69.21250 badput=1.77500 completed=11074 timedout=284 dropped=0 Util=0.98191
### END_ENTRY users=1120 run=18 ###

### ENTRY users=1130 run=18 seed=18 ###
ResponseTime=13.82779 Throughput=71.78125 goodput=70.12500 badput=1.65625 completed=11220 timedout=265 dropped=0 Util=0.98194
### END_ENTRY users=1130 run=18 ###

### ENTRY users=1140 run=18 seed=18 ###
ResponseTime=14.14275 Throughput=71.63750 goodput=69.88125 badput=1.75625 completed=11181 timedout=281 dropped=0 Util=0.98192
### END_ENTRY users=1140 run=18 ###

### ENTRY users=1150 run=18 seed=18 ###
ResponseTime=14.26369 Throughput=71.53125 goodput=69.58125 badput=1.95000 completed=11133 timedout=312 dropped=0 Util=0.98194
### END_ENTRY users=1150 run=18 ###

### ENTRY users=1160 run=18 seed=18 ###
ResponseTime=14.35785 Throughput=71.84375 goodput=70.04375 badput=1.80000 completed=11207 timedout=288 dropped=0 Util=0.98191
### END_ENTRY users=1160 run=18 ###

### ENTRY users=1170 run=18 seed=18 ###
ResponseTime=14.48088 Throughput=71.95000 goodput=70.15000 badput=1.80000 completed=11224 timedout=288 dropped=0 Util=0.98193
### END_ENTRY users=1170 run=18 ###

### ENTRY users=1180 run=18 seed=18 ###
ResponseTime=14.51110 Throughput=72.76250 goodput=71.01250 badput=1.75000 completed=11362 timedout=280 dropped=0 Util=0.98195
### END_ENTRY users=1180 run=18 ###

### ENTRY users=1190 run=18 seed=18 ###
ResponseTime=14.89568 Throughput=71.63125 goodput=69.48125 badput=2.15000 completed=11117 timedout=344 dropped=0 Util=0.98195
### END_ENTRY users=1190 run=18 ###

### ENTRY users=1200 run=18 seed=18 ###
ResponseTime=14.84180 Throughput=71.83750 goodput=69.71875 badput=2.11875 completed=11155 timedout=339 dropped=0 Util=0.98197
### END_ENTRY users=1200 run=18 ###

### ENTRY users=1210 run=18 seed=18 ###
ResponseTime=15.19012 Throughput=71.66250 goodput=69.33125 badput=2.33125 completed=11093 timedout=373 dropped=0 Util=0.98193
### END_ENTRY users=1210 run=18 ###

### ENTRY users=1220 run=18 seed=18 ###
ResponseTime=15.21367 Throughput=72.28125 goodput=70.08125 badput=2.20000 completed=11213 timedout=352 dropped=0 Util=0.98198
### END_ENTRY users=1220 run=18 ###

### ENTRY users=1230 run=18 seed=18 ###
ResponseTime=15.37819 Throughput=72.23125 goodput=69.83750 badput=2.39375 completed=11174 timedout=383 dropped=0 Util=0.98194
### END_ENTRY users=1230 run=18 ###

### ENTRY users=1240 run=18 seed=18 ###
ResponseTime=15.57488 Throughput=71.75000 goodput=69.10000 badput=2.65000 completed=11056 timedout=424 dropped=0 Util=0.98195
### END_ENTRY users=1240 run=18 ###

### ENTRY users=1250 run=18 seed=18 ###
ResponseTime=15.50613 Throughput=72.82500 goodput=70.19375 badput=2.63125 completed=11231 timedout=421 dropped=0 Util=0.98196
### END_ENTRY users=1250 run=18 ###

### ENTRY users=1260 run=18 seed=18 ###
ResponseTime=15.91073 Throughput=71.36250 goodput=68.48750 badput=2.87500 completed=10958 timedout=460 dropped=0 Util=0.98193
### END_ENTRY users=1260 run=18 ###

### ENTRY users=1270 run=18 seed=18 ###
ResponseTime=15.73682 Throughput=72.65000 goodput=69.71250 badput=2.93750 completed=11154 timedout=470 dropped=0 Util=0.98198
### END_ENTRY users=1270 run=18 ###

### ENTRY users=1280 run=18 seed=18 ###
ResponseTime=16.24657 Throughput=71.58750 goodput=68.28750 badput=3.30000 completed=10926 timedout=528 dropped=0 Util=0.98193
### END_ENTRY users=1280 run=18 ###

### ENTRY users=1290 run=18 seed=18 ###
ResponseTime=16.27877 Throughput=71.73125 goodput=68.52500 badput=3.20625 completed=10964 timedout=513 dropped=0 Util=0.98194
### END_ENTRY users=1290 run=18 ###

### ENTRY users=1300 run=18 seed=18 ###
ResponseTime=16.31721 Throughput=72.40000 goodput=68.97500 badput=3.42500 completed=11036 timedout=548 dropped=0 Util=0.98195
### END_ENTRY users=1300 run=18 ###

### ENTRY users=1310 run=18 seed=18 ###
ResponseTime=16.64392 Throughput=71.41875 goodput=67.56875 badput=3.85000 completed=10811 timedout=616 dropped=0 Util=0.98193
### END_ENTRY users=1310 run=18 ###

### ENTRY users=1320 run=18 seed=18 ###
ResponseTime=16.79475 Throughput=71.71875 goodput=67.61875 badput=4.10000 completed=10819 timedout=656 dropped=0 Util=0.98194
### END_ENTRY users=1320 run=18 ###

### ENTRY users=1330 run=18 seed=18 ###
ResponseTime=16.79442 Throughput=71.98750 goodput=68.03750 badput=3.95000 completed=10886 timedout=632 dropped=0 Util=0.98198
### END_ENTRY users=1330 run=18 ###

### ENTRY users=1340 run=18 seed=18 ###
ResponseTime=16.88429 Throughput=72.16250 goodput=68.08750 badput=4.07500 completed=10894 timedout=652 dropped=0 Util=0.98195
### END_ENTRY users=1340 run=18 ###

### ENTRY users=1350 run=18 seed=18 ###
ResponseTime=16.82221 Throughput=72.78125 goodput=68.83125 badput=3.95000 completed=11013 timedout=632 dropped=0 Util=0.98200
### END_ENTRY users=1350 run=18 ###

### ENTRY users=1360 run=18 seed=18 ###
ResponseTime=17.37082 Throughput=71.78125 goodput=67.26250 badput=4.51875 completed=10762 timedout=723 dropped=0 Util=0.98193
### END_ENTRY users=1360 run=18 ###

### ENTRY users=1370 run=18 seed=18 ###
ResponseTime=17.50318 Throughput=71.66875 goodput=67.06250 badput=4.60625 completed=10730 timedout=737 dropped=0 Util=0.98195
### END_ENTRY users=1370 run=18 ###

### ENTRY users=1380 run=18 seed=18 ###
ResponseTime=17.61796 Throughput=72.06250 goodput=67.11875 badput=4.94375 completed=10739 timedout=791 dropped=0 Util=0.98193
### END_ENTRY users=1380 run=18 ###

### ENTRY users=1390 run=18 seed=18 ###
ResponseTime=17.62846 Throughput=72.45000 goodput=67.38125 badput=5.06875 completed=10781 timedout=811 dropped=0 Util=0.98194
### END_ENTRY users=1390 run=18 ###

### ENTRY users=1400 run=18 seed=18 ###
ResponseTime=17.47256 Throughput=72.95625 goodput=67.95625 badput=5.00000 completed=10873 timedout=800 dropped=0 Util=0.98198
### END_ENTRY users=1400 run=18 ###

### ENTRY users=1410 run=18 seed=18 ###
ResponseTime=17.86314 Throughput=72.70000 goodput=67.47500 badput=5.22500 completed=10796 timedout=836 dropped=0 Util=0.98196
### END_ENTRY users=1410 run=18 ###

### ENTRY users=1420 run=18 seed=18 ###
ResponseTime=18.29004 Throughput=71.26250 goodput=65.04375 badput=6.21875 completed=10407 timedout=995 dropped=0 Util=0.98196
### END_ENTRY users=1420 run=18 ###

### ENTRY users=1430 run=18 seed=18 ###
ResponseTime=18.49259 Throughput=71.05000 goodput=64.69375 badput=6.35625 completed=10351 timedout=1017 dropped=0 Util=0.98191
### END_ENTRY users=1430 run=18 ###

### ENTRY users=1440 run=18 seed=18 ###
ResponseTime=18.51188 Throughput=71.88125 goodput=65.21250 badput=6.66875 completed=10434 timedout=1067 dropped=0 Util=0.98193
### END_ENTRY users=1440 run=18 ###

### ENTRY users=1450 run=18 seed=18 ###
ResponseTime=18.68429 Throughput=71.92500 goodput=64.80000 badput=7.12500 completed=10368 timedout=1140 dropped=0 Util=0.98194
### END_ENTRY users=1450 run=18 ###

### ENTRY users=1460 run=18 seed=18 ###
ResponseTime=18.83703 Throughput=71.72500 goodput=64.30000 badput=7.42500 completed=10288 timedout=1188 dropped=0 Util=0.98193
### END_ENTRY users=1460 run=18 ###

### ENTRY users=1470 run=18 seed=18 ###
ResponseTime=19.08578 Throughput=71.51875 goodput=63.36250 badput=8.15625 completed=10138 timedout=1305 dropped=0 Util=0.98193
### END_ENTRY users=1470 run=18 ###

### ENTRY users=1480 run=18 seed=18 ###
ResponseTime=19.12104 Throughput=71.41875 goodput=63.38750 badput=8.03125 completed=10142 timedout=1285 dropped=0 Util=0.98192
### END_ENTRY users=1480 run=18 ###

### ENTRY users=1490 run=18 seed=18 ###
ResponseTime=18.96887 Throughput=72.62500 goodput=65.26875 badput=7.35625 completed=10443 timedout=1177 dropped=0 Util=0.98197
### END_ENTRY users=1490 run=18 ###

### ENTRY users=1500 run=18 seed=18 ###
ResponseTime=19.51475 Throughput=71.23750 goodput=62.16875 badput=9.06875 completed=9947 timedout=1451 dropped=0 Util=0.98192
### END_ENTRY users=1500 run=18 ###

### ENTRY users=1510 run=18 seed=18 ###
ResponseTime=19.18450 Throughput=72.60625 goodput=64.55625 badput=8.05000 completed=10329 timedout=1288 dropped=0 Util=0.98198
### END_ENTRY users=1510 run=18 ###

### ENTRY users=1520 run=18 seed=18 ###
ResponseTime=19.73675 Throughput=71.43750 goodput=61.85625 badput=9.58125 completed=9897 timedout=1533 dropped=0 Util=0.98194
### END_ENTRY users=1520 run=18 ###

### ENTRY users=1530 run=18 seed=18 ###
ResponseTime=19.93239 Throughput=71.31875 goodput=60.85625 badput=10.46250 completed=9737 timedout=1674 dropped=0 Util=0.98196
### END_ENTRY users=1530 run=18 ###

### ENTRY users=1540 run=18 seed=18 ###
ResponseTime=19.81217 Throughput=72.35625 goodput=62.34375 badput=10.01250 completed=9975 timedout=1602 dropped=0 Util=0.98196
### END_ENTRY users=1540 run=18 ###

### ENTRY users=1550 run=18 seed=18 ###
ResponseTime=19.80448 Throughput=72.58125 goodput=62.41250 badput=10.16875 completed=9986 timedout=1627 dropped=0 Util=0.98194
### END_ENTRY users=1550 run=18 ###

### ENTRY users=1560 run=18 seed=18 ###
ResponseTime=20.70376 Throughput=70.44375 goodput=57.13125 badput=13.31250 completed=9141 timedout=2130 dropped=0 Util=0.98190
### END_ENTRY users=1560 run=18 ###

### ENTRY users=1570 run=18 seed=18 ###
ResponseTime=20.63494 Throughput=71.38125 goodput=58.53750 badput=12.84375 completed=9366 timedout=2055 dropped=0 Util=0.98192
### END_ENTRY users=1570 run=18 ###

### ENTRY users=1580 run=18 seed=18 ###
ResponseTime=20.47206 Throughput=72.41875 goodput=60.55625 badput=11.86250 completed=9689 timedout=1898 dropped=0 Util=0.98195
### END_ENTRY users=1580 run=18 ###

### ENTRY users=1590 run=18 seed=18 ###
ResponseTime=20.98375 Throughput=71.08750 goodput=57.06250 badput=14.02500 completed=9130 timedout=2244 dropped=0 Util=0.98194
### END_ENTRY users=1590 run=18 ###

### ENTRY users=1600 run=18 seed=18 ###
ResponseTime=20.59295 Throughput=73.06250 goodput=60.38125 badput=12.68125 completed=9661 timedout=2029 dropped=0 Util=0.98197
### END_ENTRY users=1600 run=18 ###

### ENTRY users=1610 run=18 seed=18 ###
ResponseTime=20.93589 Throughput=72.08125 goodput=57.70625 badput=14.37500 completed=9233 timedout=2300 dropped=0 Util=0.98193
### END_ENTRY users=1610 run=18 ###

### ENTRY users=1620 run=18 seed=18 ###
ResponseTime=20.80305 Throughput=72.70625 goodput=58.43750 badput=14.26875 completed=9350 timedout=2283 dropped=0 Util=0.98195
### END_ENTRY users=1620 run=18 ###

### ENTRY users=1630 run=18 seed=18 ###
ResponseTime=21.08762 Throughput=72.61875 goodput=57.80000 badput=14.81875 completed=9248 timedout=2371 dropped=0 Util=0.98198
### END_ENTRY users=1630 run=18 ###

### ENTRY users=1640 run=18 seed=18 ###
ResponseTime=21.45861 Throughput=71.70000 goodput=54.58125 badput=17.11875 completed=8733 timedout=2739 dropped=0 Util=0.98194
### END_ENTRY users=1640 run=18 ###

### ENTRY users=1650 run=18 seed=18 ###
ResponseTime=21.55698 Throughput=72.21875 goodput=55.00625 badput=17.21250 completed=8801 timedout=2754 dropped=0 Util=0.98197
### END_ENTRY users=1650 run=18 ###

### ENTRY users=1660 run=18 seed=18 ###
ResponseTime=21.48147 Throughput=72.67500 goodput=55.11875 badput=17.55625 completed=8819 timedout=2809 dropped=0 Util=0.98194
### END_ENTRY users=1660 run=18 ###

### ENTRY users=1670 run=18 seed=18 ###
ResponseTime=21.85398 Throughput=72.25625 goodput=53.02500 badput=19.23125 completed=8484 timedout=3077 dropped=0 Util=0.98193
### END_ENTRY users=1670 run=18 ###

### ENTRY users=1680 run=18 seed=18 ###
ResponseTime=22.15280 Throughput=71.65625 goodput=51.04375 badput=20.61250 completed=8167 timedout=3298 dropped=0 Util=0.98196
### END_ENTRY users=1680 run=18 ###

### ENTRY users=1690 run=18 seed=18 ###
ResponseTime=22.57716 Throughput=71.85000 goodput=48.18750 badput=23.66250 completed=7710 timedout=3786 dropped=0 Util=0.98196
### END_ENTRY users=1690 run=18 ###

### ENTRY users=1700 run=18 seed=18 ###
ResponseTime=23.15162 Throughput=71.28750 goodput=45.00625 badput=26.28125 completed=7201 timedout=4205 dropped=0 Util=0.98191
### END_ENTRY users=1700 run=18 ###

### ENTRY users=1710 run=18 seed=18 ###
ResponseTime=22.75124 Throughput=72.13750 goodput=47.71875 badput=24.41875 completed=7635 timedout=3907 dropped=0 Util=0.98195
### END_ENTRY users=1710 run=18 ###

### ENTRY users=1720 run=18 seed=18 ###
ResponseTime=22.50554 Throughput=73.03750 goodput=49.56875 badput=23.46875 completed=7931 timedout=3755 dropped=0 Util=0.98198
### END_ENTRY users=1720 run=18 ###

### ENTRY users=1730 run=18 seed=18 ###
ResponseTime=23.26605 Throughput=71.33125 goodput=43.40625 badput=27.92500 completed=6945 timedout=4468 dropped=0 Util=0.98191
### END_ENTRY users=1730 run=18 ###

### ENTRY users=1740 run=18 seed=18 ###
ResponseTime=22.62192 Throughput=73.75625 goodput=49.65000 badput=24.10625 completed=7944 timedout=3857 dropped=0 Util=0.98197
### END_ENTRY users=1740 run=18 ###

### ENTRY users=1750 run=18 seed=18 ###
ResponseTime=23.82107 Throughput=71.73750 goodput=41.08750 badput=30.65000 completed=6574 timedout=4904 dropped=0 Util=0.98195
### END_ENTRY users=1750 run=18 ###

### ENTRY users=1760 run=18 seed=18 ###
ResponseTime=23.43816 Throughput=72.95000 goodput=44.26875 badput=28.68125 completed=7083 timedout=4589 dropped=0 Util=0.98194
### END_ENTRY users=1760 run=18 ###

### ENTRY users=1770 run=18 seed=18 ###
ResponseTime=23.53805 Throughput=72.45625 goodput=42.56875 badput=29.88750 completed=6811 timedout=4782 dropped=157 Util=0.98195
### END_ENTRY users=1770 run=18 ###

### ENTRY users=1780 run=18 seed=18 ###
ResponseTime=24.07500 Throughput=72.55000 goodput=39.43125 badput=33.11875 completed=6309 timedout=5299 dropped=329 Util=0.98193
### END_ENTRY users=1780 run=18 ###

### ENTRY users=1790 run=18 seed=18 ###
ResponseTime=24.06220 Throughput=72.26250 goodput=39.42500 badput=32.83750 completed=6308 timedout=5254 dropped=573 Util=0.98197
### END_ENTRY users=1790 run=18 ###

### ENTRY users=1800 run=18 seed=18 ###
ResponseTime=24.39974 Throughput=71.63750 goodput=36.69375 badput=34.94375 completed=5871 timedout=5591 dropped=1649 Util=0.98193
### END_ENTRY users=1800 run=18 ###

### ENTRY users=1810 run=18 seed=18 ###
ResponseTime=24.24967 Throughput=73.40625 goodput=39.30625 badput=34.10000 completed=6289 timedout=5456 dropped=934 Util=0.98196
### END_ENTRY users=1810 run=18 ###

### ENTRY users=1820 run=18 seed=18 ###
ResponseTime=24.28275 Throughput=72.61250 goodput=38.65000 badput=33.96250 completed=6184 timedout=5434 dropped=1495 Util=0.98198
### END_ENTRY users=1820 run=18 ###

### ENTRY users=1830 run=18 seed=18 ###
ResponseTime=24.63628 Throughput=71.86875 goodput=36.00000 badput=35.86875 completed=5760 timedout=5739 dropped=2178 Util=0.98195
### END_ENTRY users=1830 run=18 ###

### ENTRY users=1840 run=18 seed=18 ###
ResponseTime=24.77976 Throughput=72.13750 goodput=35.41250 badput=36.72500 completed=5666 timedout=5876 dropped=2827 Util=0.98194
### END_ENTRY users=1840 run=18 ###

### ENTRY users=1850 run=18 seed=18 ###
ResponseTime=24.61372 Throughput=72.23125 goodput=35.73125 badput=36.50000 completed=5717 timedout=5840 dropped=3110 Util=0.98197
### END_ENTRY users=1850 run=18 ###

### ENTRY users=1860 run=18 seed=18 ###
ResponseTime=24.62170 Throughput=72.58750 goodput=36.72500 badput=35.86250 completed=5876 timedout=5738 dropped=3023 Util=0.98196
### END_ENTRY users=1860 run=18 ###

### ENTRY users=1870 run=18 seed=18 ###
ResponseTime=24.51305 Throughput=72.78125 goodput=36.89375 badput=35.88750 completed=5903 timedout=5742 dropped=3725 Util=0.98193
### END_ENTRY users=1870 run=18 ###

### ENTRY users=1880 run=18 seed=18 ###
ResponseTime=24.38739 Throughput=73.21250 goodput=38.10625 badput=35.10625 completed=6097 timedout=5617 dropped=3614 Util=0.98196
### END_ENTRY users=1880 run=18 ###

### ENTRY users=1890 run=18 seed=18 ###
ResponseTime=24.57449 Throughput=73.01875 goodput=36.34375 badput=36.67500 completed=5815 timedout=5868 dropped=4669 Util=0.98196
### END_ENTRY users=1890 run=18 ###

### ENTRY users=1900 run=18 seed=18 ###
ResponseTime=25.25580 Throughput=71.22500 goodput=31.90000 badput=39.32500 completed=5104 timedout=6292 dropped=6713 Util=0.98194
### END_ENTRY users=1900 run=18 ###

### ENTRY users=1910 run=18 seed=18 ###
ResponseTime=24.59124 Throughput=72.98750 goodput=36.38750 badput=36.60000 completed=5822 timedout=5856 dropped=5350 Util=0.98199
### END_ENTRY users=1910 run=18 ###

### ENTRY users=1920 run=18 seed=18 ###
ResponseTime=24.89446 Throughput=72.51250 goodput=35.13125 badput=37.38125 completed=5621 timedout=5981 dropped=6417 Util=0.98195
### END_ENTRY users=1920 run=18 ###

### ENTRY users=1930 run=18 seed=18 ###
ResponseTime=24.62709 Throughput=73.28125 goodput=35.75625 badput=37.52500 completed=5721 timedout=6004 dropped=6226 Util=0.98196
### END_ENTRY users=1930 run=18 ###

### ENTRY users=1940 run=18 seed=18 ###
ResponseTime=24.34095 Throughput=74.08750 goodput=39.01250 badput=35.07500 completed=6242 timedout=5612 dropped=5907 Util=0.98199
### END_ENTRY users=1940 run=18 ###

### ENTRY users=1950 run=18 seed=18 ###
ResponseTime=24.63371 Throughput=73.11875 goodput=36.18750 badput=36.93125 completed=5790 timedout=5909 dropped=7114 Util=0.98197
### END_ENTRY users=1950 run=18 ###

### ENTRY users=1960 run=18 seed=18 ###
ResponseTime=24.69401 Throughput=72.75000 goodput=35.08750 badput=37.66250 completed=5614 timedout=6026 dropped=7977 Util=0.98196
### END_ENTRY users=1960 run=18 ###

### ENTRY users=1970 run=18 seed=18 ###
ResponseTime=24.80447 Throughput=72.77500 goodput=35.03750 badput=37.73750 completed=5606 timedout=6038 dropped=8500 Util=0.98197
### END_ENTRY users=1970 run=18 ###

### ENTRY users=1980 run=18 seed=18 ###
ResponseTime=24.92121 Throughput=71.77500 goodput=32.89375 badput=38.88125 completed=5263 timedout=6221 dropped=9811 Util=0.98193
### END_ENTRY users=1980 run=18 ###

### ENTRY users=1990 run=18 seed=18 ###
ResponseTime=24.42905 Throughput=74.00625 goodput=37.76875 badput=36.23750 completed=6043 timedout=5798 dropped=8811 Util=0.98198
### END_ENTRY users=1990 run=18 ###

### ENTRY users=2000 run=18 seed=18 ###
ResponseTime=24.86099 Throughput=72.53750 goodput=34.76875 badput=37.76875 completed=5563 timedout=6043 dropped=10277 Util=0.98196
### END_ENTRY users=2000 run=18 ###

### ENTRY users=2010 run=18 seed=18 ###
ResponseTime=24.86086 Throughput=72.18125 goodput=33.83750 badput=38.34375 completed=5414 timedout=6135 dropped=10963 Util=0.98196
### END_ENTRY users=2010 run=18 ###

### ENTRY users=2020 run=18 seed=18 ###
ResponseTime=24.92378 Throughput=71.78125 goodput=33.15625 badput=38.62500 completed=5305 timedout=6180 dropped=11974 Util=0.98195
### END_ENTRY users=2020 run=18 ###

### ENTRY users=2030 run=18 seed=18 ###
ResponseTime=24.89002 Throughput=72.37500 goodput=34.81875 badput=37.55625 completed=5571 timedout=6009 dropped=12031 Util=0.98196
### END_ENTRY users=2030 run=18 ###

### ENTRY users=2040 run=18 seed=18 ###
ResponseTime=24.83113 Throughput=72.80625 goodput=35.13125 badput=37.67500 completed=5621 timedout=6028 dropped=12329 Util=0.98197
### END_ENTRY users=2040 run=18 ###

### ENTRY users=2050 run=18 seed=18 ###
ResponseTime=25.01875 Throughput=72.38750 goodput=34.10625 badput=38.28125 completed=5457 timedout=6125 dropped=13177 Util=0.98195
### END_ENTRY users=2050 run=18 ###

### ENTRY users=2060 run=18 seed=18 ###
ResponseTime=24.73704 Throughput=72.75000 goodput=35.11875 badput=37.63125 completed=5619 timedout=6021 dropped=13341 Util=0.98198
### END_ENTRY users=2060 run=18 ###

### ENTRY users=2070 run=18 seed=18 ###
ResponseTime=24.93724 Throughput=72.17500 goodput=33.85625 badput=38.31875 completed=5417 timedout=6131 dropped=14304 Util=0.98195
### END_ENTRY users=2070 run=18 ###

### ENTRY users=2080 run=18 seed=18 ###
ResponseTime=24.95488 Throughput=72.13750 goodput=33.69375 badput=38.44375 completed=5391 timedout=6151 dropped=15046 Util=0.98195
### END_ENTRY users=2080 run=18 ###

### ENTRY users=2090 run=18 seed=18 ###
ResponseTime=24.78630 Throughput=72.93125 goodput=35.20000 badput=37.73125 completed=5632 timedout=6037 dropped=14996 Util=0.98195
### END_ENTRY users=2090 run=18 ###

### ENTRY users=2100 run=18 seed=18 ###
ResponseTime=24.72901 Throughput=72.91875 goodput=35.76250 badput=37.15625 completed=5722 timedout=5945 dropped=15288 Util=0.98196
### END_ENTRY users=2100 run=18 ###

### ENTRY users=2110 run=18 seed=18 ###
ResponseTime=24.73835 Throughput=72.89375 goodput=35.74375 badput=37.15000 completed=5719 timedout=5944 dropped=15812 Util=0.98196
### END_ENTRY users=2110 run=18 ###

### ENTRY users=2120 run=18 seed=18 ###
ResponseTime=24.67537 Throughput=73.08125 goodput=35.95625 badput=37.12500 completed=5753 timedout=5940 dropped=16311 Util=0.98195
### END_ENTRY users=2120 run=18 ###

### ENTRY users=2130 run=18 seed=18 ###
ResponseTime=24.84038 Throughput=72.30000 goodput=34.28125 badput=38.01875 completed=5485 timedout=6083 dropped=17480 Util=0.98195
### END_ENTRY users=2130 run=18 ###

### ENTRY users=2140 run=18 seed=18 ###
ResponseTime=24.87039 Throughput=72.60625 goodput=34.67500 badput=37.93125 completed=5548 timedout=6069 dropped=17926 Util=0.98196
### END_ENTRY users=2140 run=18 ###

### ENTRY users=2150 run=18 seed=18 ###
ResponseTime=24.88893 Throughput=72.65000 goodput=34.19375 badput=38.45625 completed=5471 timedout=6153 dropped=18589 Util=0.98194
### END_ENTRY users=2150 run=18 ###

### ENTRY users=2160 run=18 seed=18 ###
ResponseTime=24.29965 Throughput=74.13750 goodput=38.06875 badput=36.06875 completed=6091 timedout=5771 dropped=17679 Util=0.98201
### END_ENTRY users=2160 run=18 ###

### ENTRY users=2170 run=18 seed=18 ###
ResponseTime=24.79008 Throughput=73.07500 goodput=34.79375 badput=38.28125 completed=5567 timedout=6125 dropped=19297 Util=0.98195
### END_ENTRY users=2170 run=18 ###

### ENTRY users=2180 run=18 seed=18 ###
ResponseTime=24.83436 Throughput=72.61250 goodput=35.22500 badput=37.38750 completed=5636 timedout=5982 dropped=19989 Util=0.98196
### END_ENTRY users=2180 run=18 ###

### ENTRY users=2190 run=18 seed=18 ###
ResponseTime=24.93356 Throughput=72.70625 goodput=34.67500 badput=38.03125 completed=5548 timedout=6085 dropped=20616 Util=0.98195
### END_ENTRY users=2190 run=18 ###

### ENTRY users=2200 run=18 seed=18 ###
ResponseTime=24.87104 Throughput=72.45625 goodput=33.85000 badput=38.60625 completed=5416 timedout=6177 dropped=21253 Util=0.98195
### END_ENTRY users=2200 run=18 ###

### ENTRY users=2210 run=18 seed=18 ###
ResponseTime=24.48448 Throughput=73.93750 goodput=37.00000 badput=36.93750 completed=5920 timedout=5910 dropped=20897 Util=0.98199
### END_ENTRY users=2210 run=18 ###

### ENTRY users=2220 run=18 seed=18 ###
ResponseTime=24.64328 Throughput=73.18125 goodput=35.58125 badput=37.60000 completed=5693 timedout=6016 dropped=21937 Util=0.98197
### END_ENTRY users=2220 run=18 ###

### ENTRY users=2230 run=18 seed=18 ###
ResponseTime=25.03179 Throughput=71.73750 goodput=33.51250 badput=38.22500 completed=5362 timedout=6116 dropped=23305 Util=0.98194
### END_ENTRY users=2230 run=18 ###

### ENTRY users=2240 run=18 seed=18 ###
ResponseTime=24.70220 Throughput=73.14375 goodput=35.66250 badput=37.48125 completed=5706 timedout=5997 dropped=23025 Util=0.98197
### END_ENTRY users=2240 run=18 ###

### ENTRY users=2250 run=18 seed=18 ###
ResponseTime=24.75156 Throughput=72.40625 goodput=34.51875 badput=37.88750 completed=5523 timedout=6062 dropped=23902 Util=0.98196
### END_ENTRY users=2250 run=18 ###

### ENTRY users=2260 run=18 seed=18 ###
ResponseTime=24.93428 Throughput=72.26875 goodput=33.90000 badput=38.36875 completed=5424 timedout=6139 dropped=24626 Util=0.98195
### END_ENTRY users=2260 run=18 ###

### ENTRY users=2270 run=18 seed=18 ###
ResponseTime=24.75831 Throughput=72.75000 goodput=35.21250 badput=37.53750 completed=5634 timedout=6006 dropped=24733 Util=0.98196
### END_ENTRY users=2270 run=18 ###

### ENTRY users=2280 run=18 seed=18 ###
ResponseTime=24.96443 Throughput=72.06875 goodput=32.88750 badput=39.18125 completed=5262 timedout=6269 dropped=25984 Util=0.98195
### END_ENTRY users=2280 run=18 ###

### ENTRY users=2290 run=18 seed=18 ###
ResponseTime=24.57152 Throughput=73.75000 goodput=36.48750 badput=37.26250 completed=5838 timedout=5962 dropped=25393 Util=0.98197
### END_ENTRY users=2290 run=18 ###

### ENTRY users=2300 run=18 seed=18 ###
ResponseTime=24.63036 Throughput=72.73750 goodput=35.34375 badput=37.39375 completed=5655 timedout=5983 dropped=26426 Util=0.98195
### END_ENTRY users=2300 run=18 ###

### ENTRY users=2310 run=18 seed=18 ###
ResponseTime=24.62407 Throughput=73.36250 goodput=35.58750 badput=37.77500 completed=5694 timedout=6044 dropped=26648 Util=0.98197
### END_ENTRY users=2310 run=18 ###

### ENTRY users=2320 run=18 seed=18 ###
ResponseTime=24.85150 Throughput=72.11250 goodput=33.73750 badput=38.37500 completed=5398 timedout=6140 dropped=27984 Util=0.98193
### END_ENTRY users=2320 run=18 ###

### ENTRY users=2330 run=18 seed=18 ###
ResponseTime=24.69344 Throughput=72.87500 goodput=35.20625 badput=37.66875 completed=5633 timedout=6027 dropped=27929 Util=0.98194
### END_ENTRY users=2330 run=18 ###

### ENTRY users=2340 run=18 seed=18 ###
ResponseTime=24.85378 Throughput=72.59375 goodput=34.33125 badput=38.26250 completed=5493 timedout=6122 dropped=28905 Util=0.98195
### END_ENTRY users=2340 run=18 ###

### ENTRY users=2350 run=18 seed=18 ###
ResponseTime=24.66007 Throughput=73.34375 goodput=36.43125 badput=36.91250 completed=5829 timedout=5906 dropped=28691 Util=0.98196
### END_ENTRY users=2350 run=18 ###

### ENTRY users=2360 run=18 seed=18 ###
ResponseTime=24.38975 Throughput=74.08125 goodput=37.66875 badput=36.41250 completed=6027 timedout=5826 dropped=28678 Util=0.98197
### END_ENTRY users=2360 run=18 ###

### ENTRY users=2370 run=18 seed=18 ###
ResponseTime=24.70665 Throughput=73.27500 goodput=36.08125 badput=37.19375 completed=5773 timedout=5951 dropped=29838 Util=0.98197
### END_ENTRY users=2370 run=18 ###

### ENTRY users=2380 run=18 seed=18 ###
ResponseTime=25.11191 Throughput=71.94375 goodput=32.38125 badput=39.56250 completed=5181 timedout=6330 dropped=31684 Util=0.98191
### END_ENTRY users=2380 run=18 ###

### ENTRY users=2390 run=18 seed=18 ###
ResponseTime=24.64401 Throughput=73.81875 goodput=37.57500 badput=36.24375 completed=6012 timedout=5799 dropped=30654 Util=0.98199
### END_ENTRY users=2390 run=18 ###

### ENTRY users=2400 run=18 seed=18 ###
ResponseTime=25.01168 Throughput=71.61875 goodput=32.52500 badput=39.09375 completed=5204 timedout=6255 dropped=32710 Util=0.98194
### END_ENTRY users=2400 run=18 ###

### ENTRY users=2410 run=18 seed=18 ###
ResponseTime=24.76177 Throughput=72.96250 goodput=34.91250 badput=38.05000 completed=5586 timedout=6088 dropped=32376 Util=0.98196
### END_ENTRY users=2410 run=18 ###

### ENTRY users=2420 run=18 seed=18 ###
ResponseTime=24.46568 Throughput=73.41250 goodput=36.15000 badput=37.26250 completed=5784 timedout=5962 dropped=32430 Util=0.98196
### END_ENTRY users=2420 run=18 ###

### ENTRY users=2430 run=18 seed=18 ###
ResponseTime=24.99750 Throughput=71.93125 goodput=32.73125 badput=39.20000 completed=5237 timedout=6272 dropped=34112 Util=0.98195
### END_ENTRY users=2430 run=18 ###

### ENTRY users=2440 run=18 seed=18 ###
ResponseTime=24.93122 Throughput=72.21875 goodput=33.38750 badput=38.83125 completed=5342 timedout=6213 dropped=34479 Util=0.98194
### END_ENTRY users=2440 run=18 ###

### ENTRY users=2450 run=18 seed=18 ###
ResponseTime=24.62944 Throughput=73.41875 goodput=36.83750 badput=36.58125 completed=5894 timedout=5853 dropped=34159 Util=0.98196
### END_ENTRY users=2450 run=18 ###

### ENTRY users=2460 run=18 seed=18 ###
ResponseTime=25.03114 Throughput=72.26875 goodput=33.91875 badput=38.35000 completed=5427 timedout=6136 dropped=35496 Util=0.98196
### END_ENTRY users=2460 run=18 ###

### ENTRY users=2470 run=18 seed=18 ###
ResponseTime=24.61148 Throughput=72.93125 goodput=35.45625 badput=37.47500 completed=5673 timedout=5996 dropped=35552 Util=0.98197
### END_ENTRY users=2470 run=18 ###

### ENTRY users=2480 run=18 seed=18 ###
ResponseTime=25.07270 Throughput=71.36875 goodput=32.08750 badput=39.28125 completed=5134 timedout=6285 dropped=37351 Util=0.98193
### END_ENTRY users=2480 run=18 ###

### ENTRY users=2490 run=18 seed=18 ###
ResponseTime=24.78435 Throughput=72.55000 goodput=34.51250 badput=38.03750 completed=5522 timedout=6086 dropped=36861 Util=0.98196
### END_ENTRY users=2490 run=18 ###

### ENTRY users=2500 run=18 seed=18 ###
ResponseTime=24.94899 Throughput=72.32500 goodput=32.77500 badput=39.55000 completed=5244 timedout=6328 dropped=38063 Util=0.98195
### END_ENTRY users=2500 run=18 ###

### ENTRY users=2510 run=18 seed=18 ###
ResponseTime=24.73374 Throughput=73.21875 goodput=35.23125 badput=37.98750 completed=5637 timedout=6078 dropped=37687 Util=0.98195
### END_ENTRY users=2510 run=18 ###

### ENTRY users=2520 run=18 seed=18 ###
ResponseTime=24.64732 Throughput=72.99375 goodput=35.26250 badput=37.73125 completed=5642 timedout=6037 dropped=38164 Util=0.98196
### END_ENTRY users=2520 run=18 ###

### ENTRY users=2530 run=18 seed=18 ###
ResponseTime=25.17485 Throughput=71.56875 goodput=31.66875 badput=39.90000 completed=5067 timedout=6384 dropped=40117 Util=0.98193
### END_ENTRY users=2530 run=18 ###

### ENTRY users=2540 run=18 seed=18 ###
ResponseTime=24.59916 Throughput=73.46875 goodput=36.25625 badput=37.21250 completed=5801 timedout=5954 dropped=38977 Util=0.98199
### END_ENTRY users=2540 run=18 ###

### ENTRY users=2550 run=18 seed=18 ###
ResponseTime=24.91304 Throughput=72.54375 goodput=33.92500 badput=38.61875 completed=5428 timedout=6179 dropped=40486 Util=0.98193
### END_ENTRY users=2550 run=18 ###

### ENTRY users=2560 run=18 seed=18 ###
ResponseTime=24.47232 Throughput=73.54375 goodput=37.29375 badput=36.25000 completed=5967 timedout=5800 dropped=39827 Util=0.98197
### END_ENTRY users=2560 run=18 ###

### ENTRY users=2570 run=18 seed=18 ###
ResponseTime=24.43513 Throughput=73.43125 goodput=36.85000 badput=36.58125 completed=5896 timedout=5853 dropped=40637 Util=0.98194
### END_ENTRY users=2570 run=18 ###

### ENTRY users=2580 run=18 seed=18 ###
ResponseTime=24.92162 Throughput=72.26875 goodput=33.30625 badput=38.96250 completed=5329 timedout=6234 dropped=42152 Util=0.98194
### END_ENTRY users=2580 run=18 ###

### ENTRY users=2590 run=18 seed=18 ###
ResponseTime=24.47212 Throughput=73.57500 goodput=36.44375 badput=37.13125 completed=5831 timedout=5941 dropped=41651 Util=0.98201
### END_ENTRY users=2590 run=18 ###

### ENTRY users=2600 run=18 seed=18 ###
ResponseTime=24.49158 Throughput=73.82500 goodput=36.57500 badput=37.25000 completed=5852 timedout=5960 dropped=42021 Util=0.98197
### END_ENTRY users=2600 run=18 ###

### ENTRY users=2610 run=18 seed=18 ###
ResponseTime=24.72496 Throughput=72.90000 goodput=35.25000 badput=37.65000 completed=5640 timedout=6024 dropped=43157 Util=0.98195
### END_ENTRY users=2610 run=18 ###

### ENTRY users=2620 run=18 seed=18 ###
ResponseTime=24.66624 Throughput=73.41250 goodput=35.47500 badput=37.93750 completed=5676 timedout=6070 dropped=43697 Util=0.98195
### END_ENTRY users=2620 run=18 ###

### ENTRY users=2630 run=18 seed=18 ###
ResponseTime=24.81872 Throughput=73.03125 goodput=35.29375 badput=37.73750 completed=5647 timedout=6038 dropped=44456 Util=0.98198
### END_ENTRY users=2630 run=18 ###

### ENTRY users=2640 run=18 seed=18 ###
ResponseTime=24.81117 Throughput=72.58750 goodput=33.61875 badput=38.96875 completed=5379 timedout=6235 dropped=45321 Util=0.98194
### END_ENTRY users=2640 run=18 ###

### ENTRY users=2650 run=18 seed=18 ###
ResponseTime=25.01016 Throughput=72.34375 goodput=33.24375 badput=39.10000 completed=5319 timedout=6256 dropped=45974 Util=0.98194
### END_ENTRY users=2650 run=18 ###

### ENTRY users=2660 run=18 seed=18 ###
ResponseTime=24.87981 Throughput=72.68750 goodput=33.64375 badput=39.04375 completed=5383 timedout=6247 dropped=46344 Util=0.98196
### END_ENTRY users=2660 run=18 ###

### ENTRY users=2670 run=18 seed=18 ###
ResponseTime=24.48489 Throughput=73.66250 goodput=36.50000 badput=37.16250 completed=5840 timedout=5946 dropped=46082 Util=0.98194
### END_ENTRY users=2670 run=18 ###

### ENTRY users=2680 run=18 seed=18 ###
ResponseTime=24.99115 Throughput=72.16875 goodput=33.43750 badput=38.73125 completed=5350 timedout=6197 dropped=47616 Util=0.98193
### END_ENTRY users=2680 run=18 ###

### ENTRY users=2690 run=18 seed=18 ###
ResponseTime=25.00792 Throughput=72.23750 goodput=33.48125 badput=38.75625 completed=5357 timedout=6201 dropped=48305 Util=0.98193
### END_ENTRY users=2690 run=18 ###

### ENTRY users=2700 run=18 seed=18 ###
ResponseTime=24.91401 Throughput=72.52500 goodput=33.71875 badput=38.80625 completed=5395 timedout=6209 dropped=48517 Util=0.98194
### END_ENTRY users=2700 run=18 ###

### ENTRY users=2710 run=18 seed=18 ###
ResponseTime=25.02973 Throughput=72.05625 goodput=33.69375 badput=38.36250 completed=5391 timedout=6138 dropped=49482 Util=0.98194
### END_ENTRY users=2710 run=18 ###

### ENTRY users=2720 run=18 seed=18 ###
ResponseTime=24.79901 Throughput=72.83750 goodput=34.53750 badput=38.30000 completed=5526 timedout=6128 dropped=49419 Util=0.98196
### END_ENTRY users=2720 run=18 ###

### ENTRY users=2730 run=18 seed=18 ###
ResponseTime=24.76953 Throughput=72.61250 goodput=34.61250 badput=38.00000 completed=5538 timedout=6080 dropped=49918 Util=0.98196
### END_ENTRY users=2730 run=18 ###

### ENTRY users=2740 run=18 seed=18 ###
ResponseTime=24.36211 Throughput=73.61875 goodput=37.49375 badput=36.12500 completed=5999 timedout=5780 dropped=49570 Util=0.98199
### END_ENTRY users=2740 run=18 ###

### ENTRY users=2750 run=18 seed=18 ###
ResponseTime=24.55746 Throughput=73.32500 goodput=35.74375 badput=37.58125 completed=5719 timedout=6013 dropped=50402 Util=0.98196
### END_ENTRY users=2750 run=18 ###

### ENTRY users=2760 run=18 seed=18 ###
ResponseTime=24.68996 Throughput=72.93125 goodput=36.21250 badput=36.71875 completed=5794 timedout=5875 dropped=51280 Util=0.98198
### END_ENTRY users=2760 run=18 ###

### ENTRY users=2770 run=18 seed=18 ###
ResponseTime=24.59594 Throughput=73.55625 goodput=35.85625 badput=37.70000 completed=5737 timedout=6032 dropped=51705 Util=0.98198
### END_ENTRY users=2770 run=18 ###

### ENTRY users=2780 run=18 seed=18 ###
ResponseTime=25.02190 Throughput=72.24375 goodput=33.53125 badput=38.71250 completed=5365 timedout=6194 dropped=53126 Util=0.98193
### END_ENTRY users=2780 run=18 ###

### ENTRY users=2790 run=18 seed=18 ###
ResponseTime=24.93783 Throughput=72.01875 goodput=32.96875 badput=39.05000 completed=5275 timedout=6248 dropped=53737 Util=0.98193
### END_ENTRY users=2790 run=18 ###

### ENTRY users=2800 run=18 seed=18 ###
ResponseTime=25.09083 Throughput=72.25625 goodput=33.38125 badput=38.87500 completed=5341 timedout=6220 dropped=54312 Util=0.98194
### END_ENTRY users=2800 run=18 ###

### ENTRY users=2810 run=18 seed=18 ###
ResponseTime=24.78287 Throughput=72.95000 goodput=34.66250 badput=38.28750 completed=5546 timedout=6126 dropped=54171 Util=0.98198
### END_ENTRY users=2810 run=18 ###

### ENTRY users=2820 run=18 seed=18 ###
ResponseTime=24.63475 Throughput=73.42500 goodput=35.66250 badput=37.76250 completed=5706 timedout=6042 dropped=54421 Util=0.98197
### END_ENTRY users=2820 run=18 ###

### ENTRY users=2830 run=18 seed=18 ###
ResponseTime=24.94373 Throughput=72.13750 goodput=33.46250 badput=38.67500 completed=5354 timedout=6188 dropped=55707 Util=0.98198
### END_ENTRY users=2830 run=18 ###

### ENTRY users=2840 run=18 seed=18 ###
ResponseTime=24.91491 Throughput=72.32500 goodput=34.21250 badput=38.11250 completed=5474 timedout=6098 dropped=56035 Util=0.98194
### END_ENTRY users=2840 run=18 ###

### ENTRY users=2850 run=18 seed=18 ###
ResponseTime=25.06717 Throughput=71.71250 goodput=31.96250 badput=39.75000 completed=5114 timedout=6360 dropped=57450 Util=0.98195
### END_ENTRY users=2850 run=18 ###

### ENTRY users=2860 run=18 seed=18 ###
ResponseTime=24.82982 Throughput=72.18125 goodput=34.29375 badput=37.88750 completed=5487 timedout=6062 dropped=57265 Util=0.98194
### END_ENTRY users=2860 run=18 ###

### ENTRY users=2870 run=18 seed=18 ###
ResponseTime=25.08987 Throughput=72.01875 goodput=32.35000 badput=39.66875 completed=5176 timedout=6347 dropped=58326 Util=0.98193
### END_ENTRY users=2870 run=18 ###

### ENTRY users=2880 run=18 seed=18 ###
ResponseTime=24.60218 Throughput=72.99375 goodput=35.31250 badput=37.68125 completed=5650 timedout=6029 dropped=57781 Util=0.98196
### END_ENTRY users=2880 run=18 ###

### ENTRY users=2890 run=18 seed=18 ###
ResponseTime=24.64640 Throughput=72.88125 goodput=34.91250 badput=37.96875 completed=5586 timedout=6075 dropped=58497 Util=0.98195
### END_ENTRY users=2890 run=18 ###

### ENTRY users=2900 run=18 seed=18 ###
ResponseTime=25.22378 Throughput=71.18125 goodput=31.21875 badput=39.96250 completed=4995 timedout=6394 dropped=60413 Util=0.98194
### END_ENTRY users=2900 run=18 ###

### ENTRY users=2910 run=18 seed=18 ###
ResponseTime=24.87838 Throughput=72.50000 goodput=33.60625 badput=38.89375 completed=5377 timedout=6223 dropped=59972 Util=0.98196
### END_ENTRY users=2910 run=18 ###

### ENTRY users=2920 run=18 seed=18 ###
ResponseTime=24.78968 Throughput=72.38125 goodput=33.85000 badput=38.53125 completed=5416 timedout=6165 dropped=60683 Util=0.98197
### END_ENTRY users=2920 run=18 ###

### ENTRY users=2930 run=18 seed=18 ###
ResponseTime=24.57508 Throughput=73.39375 goodput=35.71875 badput=37.67500 completed=5715 timedout=6028 dropped=60391 Util=0.98196
### END_ENTRY users=2930 run=18 ###

### ENTRY users=2940 run=18 seed=18 ###
ResponseTime=24.52879 Throughput=73.30625 goodput=36.51875 badput=36.78750 completed=5843 timedout=5886 dropped=60815 Util=0.98197
### END_ENTRY users=2940 run=18 ###

### ENTRY users=2950 run=18 seed=18 ###
ResponseTime=24.79290 Throughput=72.66875 goodput=34.68125 badput=37.98750 completed=5549 timedout=6078 dropped=62058 Util=0.98194
### END_ENTRY users=2950 run=18 ###

### ENTRY users=2960 run=18 seed=18 ###
ResponseTime=24.80952 Throughput=72.55000 goodput=34.36250 badput=38.18750 completed=5498 timedout=6110 dropped=62561 Util=0.98197
### END_ENTRY users=2960 run=18 ###

### ENTRY users=2970 run=18 seed=18 ###
ResponseTime=24.99023 Throughput=72.41875 goodput=33.41250 badput=39.00625 completed=5346 timedout=6241 dropped=63364 Util=0.98192
### END_ENTRY users=2970 run=18 ###

### ENTRY users=2980 run=18 seed=18 ###
ResponseTime=24.92317 Throughput=72.66250 goodput=33.85000 badput=38.81250 completed=5416 timedout=6210 dropped=63751 Util=0.98195
### END_ENTRY users=2980 run=18 ###

### ENTRY users=2990 run=18 seed=18 ###
ResponseTime=24.59594 Throughput=72.90625 goodput=34.80625 badput=38.10000 completed=5569 timedout=6096 dropped=64037 Util=0.98195
### END_ENTRY users=2990 run=18 ###

### ENTRY users=3000 run=18 seed=18 ###
ResponseTime=24.86491 Throughput=72.27500 goodput=33.48125 badput=38.79375 completed=5357 timedout=6207 dropped=65108 Util=0.98192
### END_ENTRY users=3000 run=18 ###

