=== RUN FILE confidence_interval/run_16.log (run index = 16) ===
### ENTRY users=10 run=16 seed=16 ###
ResponseTime=0.05456 Throughput=3.06875 goodput=3.06875 badput=0.00000 completed=539 timedout=0 dropped=0 Util=0.04111
### END_ENTRY users=10 run=16 ###

### ENTRY users=20 run=16 seed=16 ###
ResponseTime=0.06347 Throughput=6.13125 goodput=6.13125 badput=0.00000 completed=1076 timedout=0 dropped=0 Util=0.09387
### END_ENTRY users=20 run=16 ###

### ENTRY users=30 run=16 seed=16 ###
ResponseTime=0.06575 Throughput=9.20000 goodput=9.20000 badput=0.00000 completed=1615 timedout=0 dropped=0 Util=0.14025
### END_ENTRY users=30 run=16 ###

### ENTRY users=40 run=16 seed=16 ###
ResponseTime=0.07096 Throughput=12.23125 goodput=12.23125 badput=0.00000 completed=2145 timedout=0 dropped=0 Util=0.18253
### END_ENTRY users=40 run=16 ###

### ENTRY users=50 run=16 seed=16 ###
ResponseTime=0.07547 Throughput=15.27500 goodput=15.27500 badput=0.00000 completed=2683 timedout=0 dropped=0 Util=0.23572
### END_ENTRY users=50 run=16 ###

### ENTRY users=60 run=16 seed=16 ###
ResponseTime=0.08014 Throughput=18.33750 goodput=18.33750 badput=0.00000 completed=3219 timedout=0 dropped=0 Util=0.27893
### END_ENTRY users=60 run=16 ###

### ENTRY users=70 run=16 seed=16 ###
ResponseTime=0.08254 Throughput=21.31875 goodput=21.31875 badput=0.00000 completed=3747 timedout=0 dropped=0 Util=0.31314
### END_ENTRY users=70 run=16 ###

### ENTRY users=80 run=16 seed=16 ###
ResponseTime=0.09398 Throughput=24.30000 goodput=24.30000 badput=0.00000 completed=4270 timedout=0 dropped=0 Util=0.37237
### END_ENTRY users=80 run=16 ###

### ENTRY users=90 run=16 seed=16 ###
ResponseTime=0.09764 Throughput=27.27500 goodput=27.27500 badput=0.00000 completed=4794 timedout=0 dropped=0 Util=0.41018
### END_ENTRY users=90 run=16 ###

### ENTRY users=100 run=16 seed=16 ###
ResponseTime=0.10888 Throughput=30.26250 goodput=30.26250 badput=0.00000 completed=5315 timedout=0 dropped=0 Util=0.46285
### END_ENTRY users=100 run=16 ###

### ENTRY users=110 run=16 seed=16 ###
ResponseTime=0.11479 Throughput=33.25625 goodput=33.25625 badput=0.00000 completed=5841 timedout=0 dropped=0 Util=0.50241
### END_ENTRY users=110 run=16 ###

### ENTRY users=120 run=16 seed=16 ###
ResponseTime=0.13119 Throughput=36.03125 goodput=36.03125 badput=0.00000 completed=6343 timedout=0 dropped=0 Util=0.55022
### END_ENTRY users=120 run=16 ###

### ENTRY users=130 run=16 seed=16 ###
ResponseTime=0.14501 Throughput=38.88125 goodput=38.88125 badput=0.00000 completed=6839 timedout=0 dropped=0 Util=0.59677
### END_ENTRY users=130 run=16 ###

### ENTRY users=140 run=16 seed=16 ###
ResponseTime=0.14633 Throughput=41.85625 goodput=41.85625 badput=0.00000 completed=7364 timedout=0 dropped=0 Util=0.62073
### END_ENTRY users=140 run=16 ###

### ENTRY users=150 run=16 seed=16 ###
ResponseTime=0.18106 Throughput=44.39375 goodput=44.39375 badput=0.00000 completed=7807 timedout=0 dropped=0 Util=0.67416
### END_ENTRY users=150 run=16 ###

### ENTRY users=160 run=16 seed=16 ###
ResponseTime=0.19315 Throughput=47.21875 goodput=47.21875 badput=0.00000 completed=8303 timedout=0 dropped=0 Util=0.70712
### END_ENTRY users=160 run=16 ###

### ENTRY users=170 run=16 seed=16 ###
ResponseTime=0.21790 Throughput=49.69375 goodput=49.69375 badput=0.00000 completed=8746 timedout=0 dropped=0 Util=0.74036
### END_ENTRY users=170 run=16 ###

### ENTRY users=180 run=16 seed=16 ###
ResponseTime=0.26778 Throughput=51.83750 goodput=51.83750 badput=0.00000 completed=9126 timedout=0 dropped=0 Util=0.78984
### END_ENTRY users=180 run=16 ###

### ENTRY users=190 run=16 seed=16 ###
ResponseTime=0.29169 Throughput=54.30625 goodput=54.30625 badput=0.00000 completed=9557 timedout=0 dropped=0 Util=0.82964
### END_ENTRY users=190 run=16 ###

### ENTRY users=200 run=16 seed=16 ###
ResponseTime=0.33437 Throughput=56.61875 goodput=56.61875 badput=0.00000 completed=9973 timedout=0 dropped=0 Util=0.86681
### END_ENTRY users=200 run=16 ###

### ENTRY users=210 run=16 seed=16 ###
ResponseTime=0.39720 Throughput=58.48125 goodput=58.48125 badput=0.00000 completed=10272 timedout=0 dropped=0 Util=0.89074
### END_ENTRY users=210 run=16 ###

### ENTRY users=220 run=16 seed=16 ###
ResponseTime=0.47631 Throughput=59.95000 goodput=59.95000 badput=0.00000 completed=10559 timedout=0 dropped=0 Util=0.90679
### END_ENTRY users=220 run=16 ###

### ENTRY users=230 run=16 seed=16 ###
ResponseTime=0.52589 Throughput=61.73125 goodput=61.73125 badput=0.00000 completed=10885 timedout=0 dropped=0 Util=0.93269
### END_ENTRY users=230 run=16 ###

### ENTRY users=240 run=16 seed=16 ###
ResponseTime=0.62716 Throughput=62.76875 goodput=62.76875 badput=0.00000 completed=11038 timedout=0 dropped=0 Util=0.94571
### END_ENTRY users=240 run=16 ###

### ENTRY users=250 run=16 seed=16 ###
ResponseTime=0.70940 Throughput=63.95625 goodput=63.95625 badput=0.00000 completed=11263 timedout=0 dropped=0 Util=0.96240
### END_ENTRY users=250 run=16 ###

### ENTRY users=260 run=16 seed=16 ###
ResponseTime=0.83623 Throughput=64.38750 goodput=64.38750 badput=0.00000 completed=11370 timedout=0 dropped=0 Util=0.96634
### END_ENTRY users=260 run=16 ###

### ENTRY users=270 run=16 seed=16 ###
ResponseTime=0.91087 Throughput=65.71875 goodput=65.71875 badput=0.00000 completed=11548 timedout=0 dropped=0 Util=0.97405
### END_ENTRY users=270 run=16 ###

### ENTRY users=280 run=16 seed=16 ###
ResponseTime=1.09031 Throughput=65.11875 goodput=65.11875 badput=0.00000 completed=11494 timedout=0 dropped=0 Util=0.97976
### END_ENTRY users=280 run=16 ###

### ENTRY users=290 run=16 seed=16 ###
ResponseTime=1.23238 Throughput=65.36250 goodput=65.36250 badput=0.00000 completed=11502 timedout=0 dropped=0 Util=0.98196
### END_ENTRY users=290 run=16 ###

### ENTRY users=300 run=16 seed=16 ###
ResponseTime=1.42999 Throughput=64.68750 goodput=64.68750 badput=0.00000 completed=11445 timedout=0 dropped=0 Util=0.98188
### END_ENTRY users=300 run=16 ###

### ENTRY users=310 run=16 seed=16 ###
ResponseTime=1.52518 Throughput=65.71250 goodput=65.71250 badput=0.00000 completed=11576 timedout=0 dropped=0 Util=0.98164
### END_ENTRY users=310 run=16 ###

### ENTRY users=320 run=16 seed=16 ###
ResponseTime=1.68501 Throughput=65.55625 goodput=65.55625 badput=0.00000 completed=11573 timedout=0 dropped=0 Util=0.98197
### END_ENTRY users=320 run=16 ###

### ENTRY users=330 run=16 seed=16 ###
ResponseTime=1.90022 Throughput=64.71250 goodput=64.71250 badput=0.00000 completed=11423 timedout=0 dropped=0 Util=0.98198
### END_ENTRY users=330 run=16 ###

### ENTRY users=340 run=16 seed=16 ###
ResponseTime=2.03110 Throughput=64.98125 goodput=64.98125 badput=0.00000 completed=11519 timedout=0 dropped=0 Util=0.98197
### END_ENTRY users=340 run=16 ###

### ENTRY users=350 run=16 seed=16 ###
ResponseTime=2.17774 Throughput=64.99375 goodput=64.99375 badput=0.00000 completed=11499 timedout=0 dropped=0 Util=0.98196
### END_ENTRY users=350 run=16 ###

### ENTRY users=360 run=16 seed=16 ###
ResponseTime=2.35793 Throughput=64.68750 goodput=64.68750 badput=0.00000 completed=11466 timedout=0 dropped=0 Util=0.98195
### END_ENTRY users=360 run=16 ###

### ENTRY users=370 run=16 seed=16 ###
ResponseTime=2.55825 Throughput=64.23125 goodput=64.23125 badput=0.00000 completed=11329 timedout=0 dropped=0 Util=0.98197
### END_ENTRY users=370 run=16 ###

### ENTRY users=380 run=16 seed=16 ###
ResponseTime=2.68613 Throughput=64.45625 goodput=64.45000 badput=0.00625 completed=11424 timedout=1 dropped=0 Util=0.98198
### END_ENTRY users=380 run=16 ###

### ENTRY users=390 run=16 seed=16 ###
ResponseTime=2.75986 Throughput=65.56250 goodput=65.55625 badput=0.00625 completed=11553 timedout=1 dropped=0 Util=0.98199
### END_ENTRY users=390 run=16 ###

### ENTRY users=400 run=16 seed=16 ###
ResponseTime=2.97844 Throughput=64.37500 goodput=64.36875 badput=0.00625 completed=11428 timedout=1 dropped=0 Util=0.98197
### END_ENTRY users=400 run=16 ###

### ENTRY users=410 run=16 seed=16 ###
ResponseTime=3.04565 Throughput=65.70625 goodput=65.68750 badput=0.01875 completed=11592 timedout=3 dropped=0 Util=0.98199
### END_ENTRY users=410 run=16 ###

### ENTRY users=420 run=16 seed=16 ###
ResponseTime=3.20176 Throughput=65.62500 goodput=65.61875 badput=0.00625 completed=11623 timedout=1 dropped=0 Util=0.98198
### END_ENTRY users=420 run=16 ###

### ENTRY users=430 run=16 seed=16 ###
ResponseTime=3.42335 Throughput=65.03750 goodput=65.01250 badput=0.02500 completed=11495 timedout=4 dropped=0 Util=0.98197
### END_ENTRY users=430 run=16 ###

### ENTRY users=440 run=16 seed=16 ###
ResponseTime=3.53492 Throughput=65.30000 goodput=65.20625 badput=0.09375 completed=11540 timedout=15 dropped=0 Util=0.98198
### END_ENTRY users=440 run=16 ###

### ENTRY users=450 run=16 seed=16 ###
ResponseTime=3.75259 Throughput=64.73125 goodput=64.67500 badput=0.05625 completed=11476 timedout=9 dropped=0 Util=0.98195
### END_ENTRY users=450 run=16 ###

### ENTRY users=460 run=16 seed=16 ###
ResponseTime=3.81469 Throughput=65.56250 goodput=65.49375 badput=0.06875 completed=11561 timedout=11 dropped=0 Util=0.98197
### END_ENTRY users=460 run=16 ###

### ENTRY users=470 run=16 seed=16 ###
ResponseTime=4.00171 Throughput=65.32500 goodput=65.26250 badput=0.06250 completed=11531 timedout=10 dropped=0 Util=0.98196
### END_ENTRY users=470 run=16 ###

### ENTRY users=480 run=16 seed=16 ###
ResponseTime=4.08863 Throughput=65.91875 goodput=65.85000 badput=0.06875 completed=11651 timedout=11 dropped=0 Util=0.98199
### END_ENTRY users=480 run=16 ###

### ENTRY users=490 run=16 seed=16 ###
ResponseTime=4.28237 Throughput=65.31875 goodput=65.20625 badput=0.11250 completed=11506 timedout=18 dropped=0 Util=0.98195
### END_ENTRY users=490 run=16 ###

### ENTRY users=500 run=16 seed=16 ###
ResponseTime=4.54349 Throughput=64.69375 goodput=64.59375 badput=0.10000 completed=11454 timedout=16 dropped=0 Util=0.98195
### END_ENTRY users=500 run=16 ###

### ENTRY users=510 run=16 seed=16 ###
ResponseTime=4.62639 Throughput=65.20000 goodput=65.10000 badput=0.10000 completed=11532 timedout=16 dropped=0 Util=0.98196
### END_ENTRY users=510 run=16 ###

### ENTRY users=520 run=16 seed=16 ###
ResponseTime=4.81988 Throughput=64.89375 goodput=64.78750 badput=0.10625 completed=11449 timedout=17 dropped=0 Util=0.98193
### END_ENTRY users=520 run=16 ###

### ENTRY users=530 run=16 seed=16 ###
ResponseTime=4.93030 Throughput=65.20000 goodput=65.08125 badput=0.11875 completed=11501 timedout=19 dropped=0 Util=0.98195
### END_ENTRY users=530 run=16 ###

### ENTRY users=540 run=16 seed=16 ###
ResponseTime=5.20364 Throughput=64.40000 goodput=64.25000 badput=0.15000 completed=11361 timedout=24 dropped=0 Util=0.98196
### END_ENTRY users=540 run=16 ###

### ENTRY users=550 run=16 seed=16 ###
ResponseTime=5.18198 Throughput=65.43750 goodput=65.33125 badput=0.10625 completed=11585 timedout=17 dropped=0 Util=0.98195
### END_ENTRY users=550 run=16 ###

### ENTRY users=560 run=16 seed=16 ###
ResponseTime=5.42455 Throughput=64.95000 goodput=64.81875 badput=0.13125 completed=11467 timedout=21 dropped=0 Util=0.98193
### END_ENTRY users=560 run=16 ###

### ENTRY users=570 run=16 seed=16 ###
ResponseTime=5.70827 Throughput=64.06250 goodput=63.93750 badput=0.12500 completed=11289 timedout=20 dropped=0 Util=0.98190
### END_ENTRY users=570 run=16 ###

### ENTRY users=580 run=16 seed=16 ###
ResponseTime=5.83024 Throughput=64.23125 goodput=64.07500 badput=0.15625 completed=11334 timedout=25 dropped=0 Util=0.98193
### END_ENTRY users=580 run=16 ###

### ENTRY users=590 run=16 seed=16 ###
ResponseTime=5.83171 Throughput=65.49375 goodput=65.38750 badput=0.10625 completed=11558 timedout=17 dropped=0 Util=0.98195
### END_ENTRY users=590 run=16 ###

### ENTRY users=600 run=16 seed=16 ###
ResponseTime=6.00841 Throughput=65.29375 goodput=65.13750 badput=0.15625 completed=11490 timedout=25 dropped=0 Util=0.98192
### END_ENTRY users=600 run=16 ###

### ENTRY users=610 run=16 seed=16 ###
ResponseTime=6.14733 Throughput=65.25000 goodput=65.11250 badput=0.13750 completed=11531 timedout=22 dropped=0 Util=0.98192
### END_ENTRY users=610 run=16 ###

### ENTRY users=620 run=16 seed=16 ###
ResponseTime=6.36319 Throughput=64.81250 goodput=64.61875 badput=0.19375 completed=11409 timedout=31 dropped=0 Util=0.98195
### END_ENTRY users=620 run=16 ###

### ENTRY users=630 run=16 seed=16 ###
ResponseTime=6.46300 Throughput=65.23750 goodput=65.08750 badput=0.15000 completed=11476 timedout=24 dropped=0 Util=0.98193
### END_ENTRY users=630 run=16 ###

### ENTRY users=640 run=16 seed=16 ###
ResponseTime=6.67335 Throughput=64.85625 goodput=64.66875 badput=0.18750 completed=11402 timedout=30 dropped=0 Util=0.98196
### END_ENTRY users=640 run=16 ###

### ENTRY users=650 run=16 seed=16 ###
ResponseTime=6.71491 Throughput=65.41875 goodput=65.25625 badput=0.16250 completed=11574 timedout=26 dropped=0 Util=0.98194
### END_ENTRY users=650 run=16 ###

### ENTRY users=660 run=16 seed=16 ###
ResponseTime=7.06507 Throughput=64.44375 goodput=64.22500 badput=0.21875 completed=11345 timedout=35 dropped=0 Util=0.98193
### END_ENTRY users=660 run=16 ###

### ENTRY users=670 run=16 seed=16 ###
ResponseTime=7.14667 Throughput=64.56250 goodput=64.33750 badput=0.22500 completed=11363 timedout=36 dropped=0 Util=0.98189
### END_ENTRY users=670 run=16 ###

### ENTRY users=680 run=16 seed=16 ###
ResponseTime=7.16203 Throughput=65.47500 goodput=65.27500 badput=0.20000 completed=11599 timedout=32 dropped=0 Util=0.98197
### END_ENTRY users=680 run=16 ###

### ENTRY users=690 run=16 seed=16 ###
ResponseTime=7.51669 Throughput=64.30625 goodput=64.05000 badput=0.25625 completed=11378 timedout=41 dropped=0 Util=0.98194
### END_ENTRY users=690 run=16 ###

### ENTRY users=700 run=16 seed=16 ###
ResponseTime=7.65681 Throughput=64.41250 goodput=64.12500 badput=0.28750 completed=11379 timedout=46 dropped=0 Util=0.98195
### END_ENTRY users=700 run=16 ###

### ENTRY users=710 run=16 seed=16 ###
ResponseTime=7.77255 Throughput=64.61875 goodput=64.27500 badput=0.34375 completed=11406 timedout=55 dropped=0 Util=0.98192
### END_ENTRY users=710 run=16 ###

### ENTRY users=720 run=16 seed=16 ###
ResponseTime=7.82363 Throughput=65.31250 goodput=65.03750 badput=0.27500 completed=11505 timedout=44 dropped=0 Util=0.98193
### END_ENTRY users=720 run=16 ###

### ENTRY users=730 run=16 seed=16 ###
ResponseTime=7.86711 Throughput=66.01875 goodput=65.73125 badput=0.28750 completed=11631 timedout=46 dropped=0 Util=0.98196
### END_ENTRY users=730 run=16 ###

### ENTRY users=740 run=16 seed=16 ###
ResponseTime=8.21116 Throughput=64.80625 goodput=64.54375 badput=0.26250 completed=11460 timedout=42 dropped=0 Util=0.98192
### END_ENTRY users=740 run=16 ###

### ENTRY users=750 run=16 seed=16 ###
ResponseTime=8.26617 Throughput=65.26875 goodput=64.94375 badput=0.32500 completed=11490 timedout=52 dropped=0 Util=0.98192
### END_ENTRY users=750 run=16 ###

### ENTRY users=760 run=16 seed=16 ###
ResponseTime=8.38839 Throughput=65.33750 goodput=65.01875 badput=0.31875 completed=11532 timedout=51 dropped=0 Util=0.98196
### END_ENTRY users=760 run=16 ###

### ENTRY users=770 run=16 seed=16 ###
ResponseTime=8.51350 Throughput=65.88750 goodput=65.51250 badput=0.37500 completed=11546 timedout=60 dropped=0 Util=0.98198
### END_ENTRY users=770 run=16 ###

### ENTRY users=780 run=16 seed=16 ###
ResponseTime=8.85855 Throughput=64.72500 goodput=64.38125 badput=0.34375 completed=11391 timedout=55 dropped=0 Util=0.98194
### END_ENTRY users=780 run=16 ###

### ENTRY users=790 run=16 seed=16 ###
ResponseTime=8.91986 Throughput=65.15625 goodput=64.78750 badput=0.36875 completed=11429 timedout=59 dropped=0 Util=0.98197
### END_ENTRY users=790 run=16 ###

### ENTRY users=800 run=16 seed=16 ###
ResponseTime=9.03149 Throughput=65.44375 goodput=65.06250 badput=0.38125 completed=11513 timedout=61 dropped=0 Util=0.98194
### END_ENTRY users=800 run=16 ###

### ENTRY users=810 run=16 seed=16 ###
ResponseTime=9.24980 Throughput=65.01250 goodput=64.51875 badput=0.49375 completed=11434 timedout=79 dropped=0 Util=0.98195
### END_ENTRY users=810 run=16 ###

### ENTRY users=820 run=16 seed=16 ###
ResponseTime=9.32323 Throughput=65.38750 goodput=65.00625 badput=0.38125 completed=11490 timedout=61 dropped=0 Util=0.98194
### END_ENTRY users=820 run=16 ###

### ENTRY users=830 run=16 seed=16 ###
ResponseTime=9.48029 Throughput=65.19375 goodput=64.75000 badput=0.44375 completed=11525 timedout=71 dropped=0 Util=0.98195
### END_ENTRY users=830 run=16 ###

### ENTRY users=840 run=16 seed=16 ###
ResponseTime=9.69948 Throughput=65.16250 goodput=64.69375 badput=0.46875 completed=11423 timedout=75 dropped=0 Util=0.98197
### END_ENTRY users=840 run=16 ###

### ENTRY users=850 run=16 seed=16 ###
ResponseTime=9.72543 Throughput=65.48750 goodput=65.06875 badput=0.41875 completed=11493 timedout=67 dropped=0 Util=0.98193
### END_ENTRY users=850 run=16 ###

### ENTRY users=860 run=16 seed=16 ###
ResponseTime=10.20150 Throughput=64.06250 goodput=63.50000 badput=0.56250 completed=11311 timedout=90 dropped=0 Util=0.98189
### END_ENTRY users=860 run=16 ###

### ENTRY users=870 run=16 seed=16 ###
ResponseTime=10.18612 Throughput=64.91875 goodput=64.40625 badput=0.51250 completed=11393 timedout=82 dropped=0 Util=0.98194
### END_ENTRY users=870 run=16 ###

### ENTRY users=880 run=16 seed=16 ###
ResponseTime=10.14529 Throughput=66.03125 goodput=65.52500 badput=0.50625 completed=11596 timedout=81 dropped=0 Util=0.98200
### END_ENTRY users=880 run=16 ###

### ENTRY users=890 run=16 seed=16 ###
ResponseTime=10.43854 Throughput=65.41250 goodput=64.83125 badput=0.58125 completed=11420 timedout=93 dropped=0 Util=0.98195
### END_ENTRY users=890 run=16 ###

### ENTRY users=900 run=16 seed=16 ###
ResponseTime=10.71317 Throughput=64.48125 goodput=63.88125 badput=0.60000 completed=11359 timedout=96 dropped=0 Util=0.98194
### END_ENTRY users=900 run=16 ###

### ENTRY users=910 run=16 seed=16 ###
ResponseTime=10.86106 Throughput=64.83125 goodput=64.25625 badput=0.57500 completed=11306 timedout=92 dropped=0 Util=0.98194
### END_ENTRY users=910 run=16 ###

### ENTRY users=920 run=16 seed=16 ###
ResponseTime=11.00493 Throughput=64.76250 goodput=64.11875 badput=0.64375 completed=11345 timedout=103 dropped=0 Util=0.98192
### END_ENTRY users=920 run=16 ###

### ENTRY users=930 run=16 seed=16 ###
ResponseTime=10.85693 Throughput=66.20625 goodput=65.66250 badput=0.54375 completed=11584 timedout=87 dropped=0 Util=0.98197
### END_ENTRY users=930 run=16 ###

### ENTRY users=940 run=16 seed=16 ###
ResponseTime=11.15313 Throughput=65.48125 goodput=64.83125 badput=0.65000 completed=11452 timedout=104 dropped=0 Util=0.98194
### END_ENTRY users=940 run=16 ###

### ENTRY users=950 run=16 seed=16 ###
ResponseTime=11.31560 Throughput=65.45000 goodput=64.75625 badput=0.69375 completed=11409 timedout=111 dropped=0 Util=0.98195
### END_ENTRY users=950 run=16 ###

### ENTRY users=960 run=16 seed=16 ###
ResponseTime=11.60180 Throughput=64.55625 goodput=63.71875 badput=0.83750 completed=11309 timedout=134 dropped=0 Util=0.98192
### END_ENTRY users=960 run=16 ###

### ENTRY users=970 run=16 seed=16 ###
ResponseTime=11.60912 Throughput=65.58125 goodput=64.83125 badput=0.75000 completed=11417 timedout=120 dropped=0 Util=0.98195
### END_ENTRY users=970 run=16 ###

### ENTRY users=980 run=16 seed=16 ###
ResponseTime=11.89179 Throughput=64.65625 goodput=63.86875 badput=0.78750 completed=11318 timedout=126 dropped=0 Util=0.98194
### END_ENTRY users=980 run=16 ###

### ENTRY users=990 run=16 seed=16 ###
ResponseTime=11.83443 Throughput=65.85000 goodput=65.03125 badput=0.81875 completed=11438 timedout=131 dropped=0 Util=0.98198
### END_ENTRY users=990 run=16 ###

### ENTRY users=1000 run=16 seed=16 ###
ResponseTime=12.20249 Throughput=64.70625 goodput=63.77500 badput=0.93125 completed=11268 timedout=149 dropped=0 Util=0.98194
### END_ENTRY users=1000 run=16 ###

### ENTRY users=1010 run=16 seed=16 ###
ResponseTime=12.34931 Throughput=64.84375 goodput=63.87500 badput=0.96875 completed=11289 timedout=155 dropped=0 Util=0.98193
### END_ENTRY users=1010 run=16 ###

### ENTRY users=1020 run=16 seed=16 ###
ResponseTime=12.39822 Throughput=65.47500 goodput=64.58125 badput=0.89375 completed=11377 timedout=143 dropped=0 Util=0.98196
### END_ENTRY users=1020 run=16 ###

### ENTRY users=1030 run=16 seed=16 ###
ResponseTime=12.58978 Throughput=65.05625 goodput=64.03125 badput=1.02500 completed=11361 timedout=164 dropped=0 Util=0.98196
### END_ENTRY users=1030 run=16 ###

### ENTRY users=1040 run=16 seed=16 ###
ResponseTime=12.62845 Throughput=65.63125 goodput=64.54375 badput=1.08750 completed=11414 timedout=174 dropped=0 Util=0.98198
### END_ENTRY users=1040 run=16 ###

### ENTRY users=1050 run=16 seed=16 ###
ResponseTime=13.09379 Throughput=64.45000 goodput=63.31875 badput=1.13125 completed=11229 timedout=181 dropped=0 Util=0.98192
### END_ENTRY users=1050 run=16 ###

### ENTRY users=1060 run=16 seed=16 ###
ResponseTime=12.97893 Throughput=65.49375 goodput=64.32500 badput=1.16875 completed=11360 timedout=187 dropped=0 Util=0.98194
### END_ENTRY users=1060 run=16 ###

### ENTRY users=1070 run=16 seed=16 ###
ResponseTime=13.12055 Throughput=65.20625 goodput=64.00625 badput=1.20000 completed=11350 timedout=192 dropped=0 Util=0.98191
### END_ENTRY users=1070 run=16 ###

### ENTRY users=1080 run=16 seed=16 ###
ResponseTime=13.46946 Throughput=64.54375 goodput=63.26250 badput=1.28125 completed=11231 timedout=205 dropped=0 Util=0.98193
### END_ENTRY users=1080 run=16 ###

### ENTRY users=1090 run=16 seed=16 ###
ResponseTime=13.60731 Throughput=64.63750 goodput=63.24375 badput=1.39375 completed=11252 timedout=223 dropped=0 Util=0.98195
### END_ENTRY users=1090 run=16 ###

### ENTRY users=1100 run=16 seed=16 ###
ResponseTime=13.45034 Throughput=66.06875 goodput=64.85000 badput=1.21875 completed=11463 timedout=195 dropped=0 Util=0.98197
### END_ENTRY users=1100 run=16 ###

### ENTRY users=1110 run=16 seed=16 ###
ResponseTime=13.75567 Throughput=65.20000 goodput=63.78125 badput=1.41875 completed=11318 timedout=227 dropped=0 Util=0.98194
### END_ENTRY users=1110 run=16 ###

### ENTRY users=1120 run=16 seed=16 ###
ResponseTime=13.99954 Throughput=64.92500 goodput=63.47500 badput=1.45000 completed=11248 timedout=232 dropped=0 Util=0.98194
### END_ENTRY users=1120 run=16 ###

### ENTRY users=1130 run=16 seed=16 ###
ResponseTime=13.94983 Throughput=65.73125 goodput=64.25625 badput=1.47500 completed=11380 timedout=236 dropped=0 Util=0.98195
### END_ENTRY users=1130 run=16 ###

### ENTRY users=1140 run=16 seed=16 ###
ResponseTime=14.34389 Throughput=64.87500 goodput=63.15000 badput=1.72500 completed=11199 timedout=276 dropped=0 Util=0.98195
### END_ENTRY users=1140 run=16 ###

### ENTRY users=1150 run=16 seed=16 ###
ResponseTime=14.39255 Throughput=65.31250 goodput=63.63750 badput=1.67500 completed=11283 timedout=268 dropped=0 Util=0.98192
### END_ENTRY users=1150 run=16 ###

### ENTRY users=1160 run=16 seed=16 ###
ResponseTime=14.49142 Throughput=65.60625 goodput=63.72500 badput=1.88125 completed=11264 timedout=301 dropped=0 Util=0.98194
### END_ENTRY users=1160 run=16 ###

### ENTRY users=1170 run=16 seed=16 ###
ResponseTime=14.73646 Throughput=64.80625 goodput=63.20000 badput=1.60625 completed=11203 timedout=257 dropped=0 Util=0.98193
### END_ENTRY users=1170 run=16 ###

### ENTRY users=1180 run=16 seed=16 ###
ResponseTime=14.98334 Throughput=64.81875 goodput=62.86875 badput=1.95000 completed=11142 timedout=312 dropped=0 Util=0.98193
### END_ENTRY users=1180 run=16 ###

### ENTRY users=1190 run=16 seed=16 ###
ResponseTime=14.98794 Throughput=64.98750 goodput=63.09375 badput=1.89375 completed=11217 timedout=303 dropped=0 Util=0.98196
### END_ENTRY users=1190 run=16 ###

### ENTRY users=1200 run=16 seed=16 ###
ResponseTime=15.13150 Throughput=65.08125 goodput=63.02500 badput=2.05625 completed=11183 timedout=329 dropped=0 Util=0.98195
### END_ENTRY users=1200 run=16 ###

### ENTRY users=1210 run=16 seed=16 ###
ResponseTime=15.61342 Throughput=63.92500 goodput=61.58125 badput=2.34375 completed=10981 timedout=375 dropped=0 Util=0.98189
### END_ENTRY users=1210 run=16 ###

### ENTRY users=1220 run=16 seed=16 ###
ResponseTime=15.43856 Throughput=65.18125 goodput=62.95000 badput=2.23125 completed=11177 timedout=357 dropped=0 Util=0.98196
### END_ENTRY users=1220 run=16 ###

### ENTRY users=1230 run=16 seed=16 ###
ResponseTime=15.49965 Throughput=65.21250 goodput=63.03750 badput=2.17500 completed=11225 timedout=348 dropped=0 Util=0.98196
### END_ENTRY users=1230 run=16 ###

### ENTRY users=1240 run=16 seed=16 ###
ResponseTime=15.67352 Throughput=65.46875 goodput=63.18750 badput=2.28125 completed=11182 timedout=365 dropped=0 Util=0.98196
### END_ENTRY users=1240 run=16 ###

### ENTRY users=1250 run=16 seed=16 ###
ResponseTime=15.82512 Throughput=65.48750 goodput=63.13750 badput=2.35000 completed=11184 timedout=376 dropped=0 Util=0.98198
### END_ENTRY users=1250 run=16 ###

### ENTRY users=1260 run=16 seed=16 ###
ResponseTime=16.12320 Throughput=64.74375 goodput=62.08750 badput=2.65625 completed=11046 timedout=425 dropped=0 Util=0.98194
### END_ENTRY users=1260 run=16 ###

### ENTRY users=1270 run=16 seed=16 ###
ResponseTime=16.29406 Throughput=64.75625 goodput=62.05000 badput=2.70625 completed=11023 timedout=433 dropped=0 Util=0.98189
### END_ENTRY users=1270 run=16 ###

### ENTRY users=1280 run=16 seed=16 ###
ResponseTime=16.26879 Throughput=65.15000 goodput=62.43750 badput=2.71250 completed=11086 timedout=434 dropped=0 Util=0.98197
### END_ENTRY users=1280 run=16 ###

### ENTRY users=1290 run=16 seed=16 ###
ResponseTime=16.48303 Throughput=65.27500 goodput=62.54375 badput=2.73125 completed=11074 timedout=437 dropped=0 Util=0.98194
### END_ENTRY users=1290 run=16 ###

### ENTRY users=1300 run=16 seed=16 ###
ResponseTime=16.51271 Throughput=65.57500 goodput=62.73750 badput=2.83750 completed=11139 timedout=454 dropped=0 Util=0.98195
### END_ENTRY users=1300 run=16 ###

### ENTRY users=1310 run=16 seed=16 ###
ResponseTime=16.62901 Throughput=65.61875 goodput=62.58125 badput=3.03750 completed=11076 timedout=486 dropped=0 Util=0.98196
### END_ENTRY users=1310 run=16 ###

### ENTRY users=1320 run=16 seed=16 ###
ResponseTime=17.31322 Throughput=64.01875 goodput=60.08125 badput=3.93750 completed=10730 timedout=630 dropped=0 Util=0.98191
### END_ENTRY users=1320 run=16 ###

### ENTRY users=1330 run=16 seed=16 ###
ResponseTime=17.19488 Throughput=64.84375 goodput=61.06250 badput=3.78125 completed=10864 timedout=605 dropped=0 Util=0.98195
### END_ENTRY users=1330 run=16 ###

### ENTRY users=1340 run=16 seed=16 ###
ResponseTime=17.16847 Throughput=65.09375 goodput=61.31875 badput=3.77500 completed=10970 timedout=604 dropped=0 Util=0.98196
### END_ENTRY users=1340 run=16 ###

### ENTRY users=1350 run=16 seed=16 ###
ResponseTime=17.52470 Throughput=64.56250 goodput=60.42500 badput=4.13750 completed=10741 timedout=662 dropped=0 Util=0.98192
### END_ENTRY users=1350 run=16 ###

### ENTRY users=1360 run=16 seed=16 ###
ResponseTime=17.57880 Throughput=64.73125 goodput=60.45000 badput=4.28125 completed=10796 timedout=685 dropped=0 Util=0.98191
### END_ENTRY users=1360 run=16 ###

### ENTRY users=1370 run=16 seed=16 ###
ResponseTime=17.76907 Throughput=64.69375 goodput=60.45000 badput=4.24375 completed=10787 timedout=679 dropped=0 Util=0.98196
### END_ENTRY users=1370 run=16 ###

### ENTRY users=1380 run=16 seed=16 ###
ResponseTime=17.96487 Throughput=64.75625 goodput=60.16250 badput=4.59375 completed=10710 timedout=735 dropped=0 Util=0.98194
### END_ENTRY users=1380 run=16 ###

### ENTRY users=1390 run=16 seed=16 ###
ResponseTime=18.09186 Throughput=64.92500 goodput=60.24375 badput=4.68125 completed=10706 timedout=749 dropped=0 Util=0.98194
### END_ENTRY users=1390 run=16 ###

### ENTRY users=1400 run=16 seed=16 ###
ResponseTime=18.33079 Throughput=64.67500 goodput=59.48750 badput=5.18750 completed=10600 timedout=830 dropped=0 Util=0.98192
### END_ENTRY users=1400 run=16 ###

### ENTRY users=1410 run=16 seed=16 ###
ResponseTime=18.13587 Throughput=65.64375 goodput=60.83750 badput=4.80625 completed=10833 timedout=769 dropped=0 Util=0.98195
### END_ENTRY users=1410 run=16 ###

### ENTRY users=1420 run=16 seed=16 ###
ResponseTime=18.52869 Throughput=64.68125 goodput=59.28125 badput=5.40000 completed=10581 timedout=864 dropped=0 Util=0.98195
### END_ENTRY users=1420 run=16 ###

### ENTRY users=1430 run=16 seed=16 ###
ResponseTime=18.62349 Throughput=64.91875 goodput=59.37500 badput=5.54375 completed=10598 timedout=887 dropped=0 Util=0.98196
### END_ENTRY users=1430 run=16 ###

### ENTRY users=1440 run=16 seed=16 ###
ResponseTime=18.66090 Throughput=65.00625 goodput=59.41250 badput=5.59375 completed=10612 timedout=895 dropped=0 Util=0.98194
### END_ENTRY users=1440 run=16 ###

### ENTRY users=1450 run=16 seed=16 ###
ResponseTime=18.99712 Throughput=64.97500 goodput=58.94375 badput=6.03125 completed=10484 timedout=965 dropped=0 Util=0.98193
### END_ENTRY users=1450 run=16 ###

### ENTRY users=1460 run=16 seed=16 ###
ResponseTime=19.10261 Throughput=64.88125 goodput=58.55000 badput=6.33125 completed=10447 timedout=1013 dropped=0 Util=0.98195
### END_ENTRY users=1460 run=16 ###

### ENTRY users=1470 run=16 seed=16 ###
ResponseTime=19.37040 Throughput=64.59375 goodput=57.76875 badput=6.82500 completed=10300 timedout=1092 dropped=0 Util=0.98193
### END_ENTRY users=1470 run=16 ###

### ENTRY users=1480 run=16 seed=16 ###
ResponseTime=19.57116 Throughput=64.46875 goodput=57.28750 badput=7.18125 completed=10217 timedout=1149 dropped=0 Util=0.98192
### END_ENTRY users=1480 run=16 ###

### ENTRY users=1490 run=16 seed=16 ###
ResponseTime=19.75108 Throughput=64.35625 goodput=56.71250 badput=7.64375 completed=10146 timedout=1223 dropped=0 Util=0.98192
### END_ENTRY users=1490 run=16 ###

### ENTRY users=1500 run=16 seed=16 ###
ResponseTime=19.99396 Throughput=64.07500 goodput=55.68125 badput=8.39375 completed=9975 timedout=1343 dropped=0 Util=0.98192
### END_ENTRY users=1500 run=16 ###

### ENTRY users=1510 run=16 seed=16 ###
ResponseTime=19.80417 Throughput=65.16250 goodput=57.25625 badput=7.90625 completed=10247 timedout=1265 dropped=0 Util=0.98194
### END_ENTRY users=1510 run=16 ###

### ENTRY users=1520 run=16 seed=16 ###
ResponseTime=20.22062 Throughput=64.22500 goodput=55.46250 badput=8.76250 completed=9974 timedout=1402 dropped=0 Util=0.98192
### END_ENTRY users=1520 run=16 ###

### ENTRY users=1530 run=16 seed=16 ###
ResponseTime=20.00194 Throughput=65.46875 goodput=57.33750 badput=8.13125 completed=10257 timedout=1301 dropped=0 Util=0.98197
### END_ENTRY users=1530 run=16 ###

### ENTRY users=1540 run=16 seed=16 ###
ResponseTime=20.57812 Throughput=63.90000 goodput=54.17500 badput=9.72500 completed=9755 timedout=1556 dropped=0 Util=0.98195
### END_ENTRY users=1540 run=16 ###

### ENTRY users=1550 run=16 seed=16 ###
ResponseTime=20.04254 Throughput=65.63750 goodput=57.39375 badput=8.24375 completed=10284 timedout=1319 dropped=0 Util=0.98197
### END_ENTRY users=1550 run=16 ###

### ENTRY users=1560 run=16 seed=16 ###
ResponseTime=20.18920 Throughput=65.90625 goodput=57.20625 badput=8.70000 completed=10254 timedout=1392 dropped=0 Util=0.98198
### END_ENTRY users=1560 run=16 ###

### ENTRY users=1570 run=16 seed=16 ###
ResponseTime=20.93968 Throughput=64.16250 goodput=53.48125 badput=10.68125 completed=9652 timedout=1709 dropped=0 Util=0.98191
### END_ENTRY users=1570 run=16 ###

### ENTRY users=1580 run=16 seed=16 ###
ResponseTime=20.63144 Throughput=65.23125 goodput=55.41250 badput=9.81875 completed=9984 timedout=1571 dropped=0 Util=0.98196
### END_ENTRY users=1580 run=16 ###

### ENTRY users=1590 run=16 seed=16 ###
ResponseTime=20.70638 Throughput=65.88125 goodput=55.67500 badput=10.20625 completed=9980 timedout=1633 dropped=0 Util=0.98196
### END_ENTRY users=1590 run=16 ###

### ENTRY users=1600 run=16 seed=16 ###
ResponseTime=21.06351 Throughput=65.21250 goodput=54.34375 badput=10.86875 completed=9795 timedout=1739 dropped=0 Util=0.98193
### END_ENTRY users=1600 run=16 ###

### ENTRY users=1610 run=16 seed=16 ###
ResponseTime=21.03771 Throughput=65.70000 goodput=54.93750 badput=10.76250 completed=9852 timedout=1722 dropped=0 Util=0.98195
### END_ENTRY users=1610 run=16 ###

### ENTRY users=1620 run=16 seed=16 ###
ResponseTime=21.66066 Throughput=64.56250 goodput=51.33125 badput=13.23125 completed=9270 timedout=2117 dropped=0 Util=0.98192
### END_ENTRY users=1620 run=16 ###

### ENTRY users=1630 run=16 seed=16 ###
ResponseTime=21.51880 Throughput=65.00625 goodput=52.51250 badput=12.49375 completed=9510 timedout=1999 dropped=0 Util=0.98193
### END_ENTRY users=1630 run=16 ###

### ENTRY users=1640 run=16 seed=16 ###
ResponseTime=21.42646 Throughput=65.56875 goodput=53.12500 badput=12.44375 completed=9593 timedout=1991 dropped=0 Util=0.98192
### END_ENTRY users=1640 run=16 ###

### ENTRY users=1650 run=16 seed=16 ###
ResponseTime=22.06700 Throughput=64.65000 goodput=49.32500 badput=15.32500 completed=9008 timedout=2452 dropped=0 Util=0.98194
### END_ENTRY users=1650 run=16 ###

### ENTRY users=1660 run=16 seed=16 ###
ResponseTime=21.70808 Throughput=65.70000 goodput=51.81875 badput=13.88125 completed=9366 timedout=2221 dropped=0 Util=0.98195
### END_ENTRY users=1660 run=16 ###

### ENTRY users=1670 run=16 seed=16 ###
ResponseTime=22.10094 Throughput=64.92500 goodput=50.00000 badput=14.92500 completed=9085 timedout=2388 dropped=0 Util=0.98195
### END_ENTRY users=1670 run=16 ###

### ENTRY users=1680 run=16 seed=16 ###
ResponseTime=22.30821 Throughput=64.98125 goodput=48.83750 badput=16.14375 completed=8928 timedout=2583 dropped=0 Util=0.98192
### END_ENTRY users=1680 run=16 ###

### ENTRY users=1690 run=16 seed=16 ###
ResponseTime=22.14436 Throughput=65.43125 goodput=50.31250 badput=15.11875 completed=9147 timedout=2419 dropped=0 Util=0.98195
### END_ENTRY users=1690 run=16 ###

### ENTRY users=1700 run=16 seed=16 ###
ResponseTime=22.64346 Throughput=64.76250 goodput=47.28750 badput=17.47500 completed=8672 timedout=2796 dropped=0 Util=0.98194
### END_ENTRY users=1700 run=16 ###

### ENTRY users=1710 run=16 seed=16 ###
ResponseTime=22.76866 Throughput=65.01875 goodput=46.91875 badput=18.10000 completed=8615 timedout=2896 dropped=0 Util=0.98192
### END_ENTRY users=1710 run=16 ###

### ENTRY users=1720 run=16 seed=16 ###
ResponseTime=22.70649 Throughput=65.40625 goodput=47.29375 badput=18.11250 completed=8672 timedout=2898 dropped=0 Util=0.98197
### END_ENTRY users=1720 run=16 ###

### ENTRY users=1730 run=16 seed=16 ###
ResponseTime=22.86728 Throughput=65.32500 goodput=46.43750 badput=18.88750 completed=8536 timedout=3022 dropped=0 Util=0.98195
### END_ENTRY users=1730 run=16 ###

### ENTRY users=1740 run=16 seed=16 ###
ResponseTime=23.46496 Throughput=64.32500 goodput=42.41875 badput=21.90625 completed=7835 timedout=3505 dropped=0 Util=0.98191
### END_ENTRY users=1740 run=16 ###

### ENTRY users=1750 run=16 seed=16 ###
ResponseTime=23.25492 Throughput=64.81250 goodput=44.31250 badput=20.50000 completed=8206 timedout=3280 dropped=0 Util=0.98194
### END_ENTRY users=1750 run=16 ###

### ENTRY users=1760 run=16 seed=16 ###
ResponseTime=23.59697 Throughput=64.81875 goodput=41.98125 badput=22.83750 completed=7817 timedout=3654 dropped=0 Util=0.98194
### END_ENTRY users=1760 run=16 ###

### ENTRY users=1770 run=16 seed=16 ###
ResponseTime=23.72886 Throughput=64.67500 goodput=41.01875 badput=23.65625 completed=7674 timedout=3785 dropped=0 Util=0.98192
### END_ENTRY users=1770 run=16 ###

### ENTRY users=1780 run=16 seed=16 ###
ResponseTime=23.82789 Throughput=65.00000 goodput=40.79375 badput=24.20625 completed=7651 timedout=3873 dropped=0 Util=0.98195
### END_ENTRY users=1780 run=16 ###

### ENTRY users=1790 run=16 seed=16 ###
ResponseTime=23.73569 Throughput=65.45000 goodput=41.52500 badput=23.92500 completed=7734 timedout=3828 dropped=0 Util=0.98195
### END_ENTRY users=1790 run=16 ###

### ENTRY users=1800 run=16 seed=16 ###
ResponseTime=23.78808 Throughput=65.26875 goodput=41.08125 badput=24.18750 completed=7657 timedout=3870 dropped=0 Util=0.98195
### END_ENTRY users=1800 run=16 ###

### ENTRY users=1810 run=16 seed=16 ###
ResponseTime=24.45861 Throughput=64.05000 goodput=36.31875 badput=27.73125 completed=6915 timedout=4437 dropped=0 Util=0.98193
### END_ENTRY users=1810 run=16 ###

### ENTRY users=1820 run=16 seed=16 ###
ResponseTime=24.07557 Throughput=65.51250 goodput=39.85625 badput=25.65625 completed=7472 timedout=4105 dropped=0 Util=0.98197
### END_ENTRY users=1820 run=16 ###

### ENTRY users=1830 run=16 seed=16 ###
ResponseTime=24.45735 Throughput=64.91250 goodput=37.03125 badput=27.88125 completed=7004 timedout=4461 dropped=0 Util=0.98198
### END_ENTRY users=1830 run=16 ###

### ENTRY users=1840 run=16 seed=16 ###
ResponseTime=24.42414 Throughput=65.20625 goodput=37.20000 badput=28.00625 completed=7068 timedout=4481 dropped=0 Util=0.98195
### END_ENTRY users=1840 run=16 ###

### ENTRY users=1850 run=16 seed=16 ###
ResponseTime=24.82969 Throughput=64.71250 goodput=34.81875 badput=29.89375 completed=6682 timedout=4783 dropped=0 Util=0.98195
### END_ENTRY users=1850 run=16 ###

### ENTRY users=1860 run=16 seed=16 ###
ResponseTime=25.35146 Throughput=63.79375 goodput=30.86875 badput=32.92500 completed=6031 timedout=5268 dropped=0 Util=0.98190
### END_ENTRY users=1860 run=16 ###

### ENTRY users=1870 run=16 seed=16 ###
ResponseTime=25.10886 Throughput=64.74375 goodput=33.31250 badput=31.43125 completed=6421 timedout=5029 dropped=0 Util=0.98193
### END_ENTRY users=1870 run=16 ###

### ENTRY users=1880 run=16 seed=16 ###
ResponseTime=25.20220 Throughput=64.84375 goodput=32.34375 badput=32.50000 completed=6305 timedout=5200 dropped=0 Util=0.98194
### END_ENTRY users=1880 run=16 ###

### ENTRY users=1890 run=16 seed=16 ###
ResponseTime=25.42125 Throughput=64.65625 goodput=31.40000 badput=33.25625 completed=6102 timedout=5321 dropped=0 Util=0.98195
### END_ENTRY users=1890 run=16 ###

### ENTRY users=1900 run=16 seed=16 ###
ResponseTime=25.53390 Throughput=64.97500 goodput=30.95000 badput=34.02500 completed=6028 timedout=5444 dropped=0 Util=0.98192
### END_ENTRY users=1900 run=16 ###

### ENTRY users=1910 run=16 seed=16 ###
ResponseTime=25.33015 Throughput=65.66250 goodput=31.83125 badput=33.83125 completed=6179 timedout=5413 dropped=0 Util=0.98196
### END_ENTRY users=1910 run=16 ###

### ENTRY users=1920 run=16 seed=16 ###
ResponseTime=25.75551 Throughput=64.96875 goodput=29.25000 badput=35.71875 completed=5795 timedout=5715 dropped=0 Util=0.98193
### END_ENTRY users=1920 run=16 ###

### ENTRY users=1930 run=16 seed=16 ###
ResponseTime=26.32181 Throughput=64.23125 goodput=26.38750 badput=37.84375 completed=5323 timedout=6055 dropped=0 Util=0.98193
### END_ENTRY users=1930 run=16 ###

### ENTRY users=1940 run=16 seed=16 ###
ResponseTime=26.20880 Throughput=64.78125 goodput=26.43750 badput=38.34375 completed=5317 timedout=6135 dropped=0 Util=0.98193
### END_ENTRY users=1940 run=16 ###

### ENTRY users=1950 run=16 seed=16 ###
ResponseTime=26.01565 Throughput=65.19375 goodput=28.65625 badput=36.53750 completed=5689 timedout=5846 dropped=0 Util=0.98195
### END_ENTRY users=1950 run=16 ###

### ENTRY users=1960 run=16 seed=16 ###
ResponseTime=26.40959 Throughput=64.83750 goodput=25.84375 badput=38.99375 completed=5243 timedout=6239 dropped=0 Util=0.98193
### END_ENTRY users=1960 run=16 ###

### ENTRY users=1970 run=16 seed=16 ###
ResponseTime=26.26340 Throughput=64.93125 goodput=26.61875 badput=38.31250 completed=5418 timedout=6130 dropped=0 Util=0.98196
### END_ENTRY users=1970 run=16 ###

### ENTRY users=1980 run=16 seed=16 ###
ResponseTime=26.39811 Throughput=65.48125 goodput=26.21250 badput=39.26875 completed=5269 timedout=6283 dropped=0 Util=0.98193
### END_ENTRY users=1980 run=16 ###

### ENTRY users=1990 run=16 seed=16 ###
ResponseTime=26.76963 Throughput=65.02500 goodput=23.69375 badput=41.33125 completed=4911 timedout=6613 dropped=0 Util=0.98193
### END_ENTRY users=1990 run=16 ###

### ENTRY users=2000 run=16 seed=16 ###
ResponseTime=26.63717 Throughput=65.40625 goodput=25.10625 badput=40.30000 completed=5112 timedout=6448 dropped=0 Util=0.98195
### END_ENTRY users=2000 run=16 ###

### ENTRY users=2010 run=16 seed=16 ###
ResponseTime=27.19718 Throughput=64.61875 goodput=21.86875 badput=42.75000 completed=4632 timedout=6840 dropped=0 Util=0.98195
### END_ENTRY users=2010 run=16 ###

### ENTRY users=2020 run=16 seed=16 ###
ResponseTime=27.03005 Throughput=64.87500 goodput=22.56250 badput=42.31250 completed=4733 timedout=6770 dropped=0 Util=0.98195
### END_ENTRY users=2020 run=16 ###

### ENTRY users=2030 run=16 seed=16 ###
ResponseTime=27.23113 Throughput=64.70000 goodput=21.24375 badput=43.45625 completed=4515 timedout=6953 dropped=0 Util=0.98198
### END_ENTRY users=2030 run=16 ###

### ENTRY users=2040 run=16 seed=16 ###
ResponseTime=27.42200 Throughput=64.93125 goodput=20.52500 badput=44.40625 completed=4372 timedout=7105 dropped=0 Util=0.98195
### END_ENTRY users=2040 run=16 ###

### ENTRY users=2050 run=16 seed=16 ###
ResponseTime=27.87012 Throughput=64.16875 goodput=18.27500 badput=45.89375 completed=4041 timedout=7343 dropped=0 Util=0.98192
### END_ENTRY users=2050 run=16 ###

### ENTRY users=2060 run=16 seed=16 ###
ResponseTime=27.86581 Throughput=64.43125 goodput=18.42500 badput=46.00625 completed=4064 timedout=7361 dropped=0 Util=0.98194
### END_ENTRY users=2060 run=16 ###

### ENTRY users=2070 run=16 seed=16 ###
ResponseTime=27.78417 Throughput=65.26250 goodput=19.01250 badput=46.25000 completed=4137 timedout=7400 dropped=0 Util=0.98195
### END_ENTRY users=2070 run=16 ###

### ENTRY users=2080 run=16 seed=16 ###
ResponseTime=27.93102 Throughput=64.83750 goodput=17.77500 badput=47.06250 completed=3977 timedout=7530 dropped=0 Util=0.98192
### END_ENTRY users=2080 run=16 ###

### ENTRY users=2090 run=16 seed=16 ###
ResponseTime=28.06714 Throughput=64.98750 goodput=17.66875 badput=47.31875 completed=3958 timedout=7571 dropped=0 Util=0.98195
### END_ENTRY users=2090 run=16 ###

### ENTRY users=2100 run=16 seed=16 ###
ResponseTime=28.45222 Throughput=64.22500 goodput=15.31875 badput=48.90625 completed=3615 timedout=7825 dropped=0 Util=0.98195
### END_ENTRY users=2100 run=16 ###

### ENTRY users=2110 run=16 seed=16 ###
ResponseTime=28.18643 Throughput=65.59375 goodput=17.12500 badput=48.46875 completed=3850 timedout=7755 dropped=0 Util=0.98196
### END_ENTRY users=2110 run=16 ###

### ENTRY users=2120 run=16 seed=16 ###
ResponseTime=28.53452 Throughput=65.12500 goodput=15.80000 badput=49.32500 completed=3668 timedout=7892 dropped=0 Util=0.98197
### END_ENTRY users=2120 run=16 ###

### ENTRY users=2130 run=16 seed=16 ###
ResponseTime=28.45711 Throughput=65.35625 goodput=15.30000 badput=50.05625 completed=3514 timedout=8009 dropped=0 Util=0.98196
### END_ENTRY users=2130 run=16 ###

### ENTRY users=2140 run=16 seed=16 ###
ResponseTime=28.66789 Throughput=65.54375 goodput=14.83750 badput=50.70625 completed=3456 timedout=8113 dropped=0 Util=0.98195
### END_ENTRY users=2140 run=16 ###

### ENTRY users=2150 run=16 seed=16 ###
ResponseTime=28.56485 Throughput=65.85000 goodput=15.53750 badput=50.31250 completed=3577 timedout=8050 dropped=0 Util=0.98195
### END_ENTRY users=2150 run=16 ###

### ENTRY users=2160 run=16 seed=16 ###
ResponseTime=29.54519 Throughput=64.28750 goodput=11.42500 badput=52.86250 completed=2896 timedout=8458 dropped=0 Util=0.98193
### END_ENTRY users=2160 run=16 ###

### ENTRY users=2170 run=16 seed=16 ###
ResponseTime=29.54365 Throughput=64.31875 goodput=11.21875 badput=53.10000 completed=2906 timedout=8496 dropped=0 Util=0.98194
### END_ENTRY users=2170 run=16 ###

### ENTRY users=2180 run=16 seed=16 ###
ResponseTime=29.21777 Throughput=65.40000 goodput=12.80000 badput=52.60000 completed=3138 timedout=8416 dropped=0 Util=0.98197
### END_ENTRY users=2180 run=16 ###

### ENTRY users=2190 run=16 seed=16 ###
ResponseTime=29.48408 Throughput=65.01875 goodput=11.18750 badput=53.83125 completed=2827 timedout=8613 dropped=0 Util=0.98194
### END_ENTRY users=2190 run=16 ###

### ENTRY users=2200 run=16 seed=16 ###
ResponseTime=29.31515 Throughput=65.64375 goodput=12.25000 badput=53.39375 completed=3081 timedout=8543 dropped=0 Util=0.98195
### END_ENTRY users=2200 run=16 ###

### ENTRY users=2210 run=16 seed=16 ###
ResponseTime=29.50695 Throughput=65.60000 goodput=11.31250 badput=54.28750 completed=2912 timedout=8686 dropped=0 Util=0.98193
### END_ENTRY users=2210 run=16 ###

### ENTRY users=2220 run=16 seed=16 ###
ResponseTime=29.49267 Throughput=65.55625 goodput=11.71250 badput=53.84375 completed=2963 timedout=8615 dropped=0 Util=0.98198
### END_ENTRY users=2220 run=16 ###

### ENTRY users=2230 run=16 seed=16 ###
ResponseTime=29.44056 Throughput=66.21875 goodput=11.41875 badput=54.80000 completed=2879 timedout=8768 dropped=0 Util=0.98195
### END_ENTRY users=2230 run=16 ###

### ENTRY users=2240 run=16 seed=16 ###
ResponseTime=30.33787 Throughput=64.62500 goodput=8.59375 badput=56.03125 completed=2477 timedout=8965 dropped=0 Util=0.98194
### END_ENTRY users=2240 run=16 ###

### ENTRY users=2250 run=16 seed=16 ###
ResponseTime=29.98859 Throughput=65.86250 goodput=10.03125 badput=55.83125 completed=2669 timedout=8933 dropped=0 Util=0.98194
### END_ENTRY users=2250 run=16 ###

### ENTRY users=2260 run=16 seed=16 ###
ResponseTime=30.37966 Throughput=64.83125 goodput=8.45000 badput=56.38125 completed=2472 timedout=9021 dropped=0 Util=0.98193
### END_ENTRY users=2260 run=16 ###

### ENTRY users=2270 run=16 seed=16 ###
ResponseTime=30.57315 Throughput=65.05000 goodput=7.43750 badput=57.61250 completed=2236 timedout=9218 dropped=0 Util=0.98194
### END_ENTRY users=2270 run=16 ###

### ENTRY users=2280 run=16 seed=16 ###
ResponseTime=30.90739 Throughput=64.60000 goodput=7.11875 badput=57.48125 completed=2228 timedout=9197 dropped=0 Util=0.98193
### END_ENTRY users=2280 run=16 ###

### ENTRY users=2290 run=16 seed=16 ###
ResponseTime=31.02822 Throughput=64.61875 goodput=6.73125 badput=57.88750 completed=2203 timedout=9262 dropped=0 Util=0.98191
### END_ENTRY users=2290 run=16 ###

### ENTRY users=2300 run=16 seed=16 ###
ResponseTime=30.63167 Throughput=65.74375 goodput=7.77500 badput=57.96875 completed=2350 timedout=9275 dropped=0 Util=0.98196
### END_ENTRY users=2300 run=16 ###

### ENTRY users=2310 run=16 seed=16 ###
ResponseTime=30.93701 Throughput=65.43750 goodput=6.98750 badput=58.45000 completed=2210 timedout=9352 dropped=0 Util=0.98194
### END_ENTRY users=2310 run=16 ###

### ENTRY users=2320 run=16 seed=16 ###
ResponseTime=31.20749 Throughput=64.90625 goodput=6.58125 badput=58.32500 completed=2188 timedout=9332 dropped=0 Util=0.98194
### END_ENTRY users=2320 run=16 ###

### ENTRY users=2330 run=16 seed=16 ###
ResponseTime=31.45836 Throughput=64.69375 goodput=5.95625 badput=58.73750 completed=2074 timedout=9398 dropped=0 Util=0.98194
### END_ENTRY users=2330 run=16 ###

### ENTRY users=2340 run=16 seed=16 ###
ResponseTime=31.17787 Throughput=65.60000 goodput=6.45000 badput=59.15000 completed=2158 timedout=9464 dropped=0 Util=0.98196
### END_ENTRY users=2340 run=16 ###

### ENTRY users=2350 run=16 seed=16 ###
ResponseTime=31.77609 Throughput=64.78125 goodput=5.45000 badput=59.33125 completed=1972 timedout=9493 dropped=0 Util=0.98195
### END_ENTRY users=2350 run=16 ###

### ENTRY users=2360 run=16 seed=16 ###
ResponseTime=31.33582 Throughput=65.79375 goodput=6.40625 badput=59.38750 completed=2100 timedout=9502 dropped=0 Util=0.98201
### END_ENTRY users=2360 run=16 ###

### ENTRY users=2370 run=16 seed=16 ###
ResponseTime=32.00475 Throughput=64.75000 goodput=5.26250 badput=59.48750 completed=1982 timedout=9518 dropped=0 Util=0.98192
### END_ENTRY users=2370 run=16 ###

### ENTRY users=2380 run=16 seed=16 ###
ResponseTime=32.22776 Throughput=64.70000 goodput=5.00625 badput=59.69375 completed=1926 timedout=9551 dropped=0 Util=0.98195
### END_ENTRY users=2380 run=16 ###

### ENTRY users=2390 run=16 seed=16 ###
ResponseTime=32.40735 Throughput=64.56875 goodput=5.32500 badput=59.24375 completed=1946 timedout=9479 dropped=0 Util=0.98196
### END_ENTRY users=2390 run=16 ###

### ENTRY users=2400 run=16 seed=16 ###
ResponseTime=32.39116 Throughput=64.77500 goodput=5.30000 badput=59.47500 completed=1971 timedout=9516 dropped=0 Util=0.98192
### END_ENTRY users=2400 run=16 ###

### ENTRY users=2410 run=16 seed=16 ###
ResponseTime=32.82290 Throughput=64.10000 goodput=4.85625 badput=59.24375 completed=1870 timedout=9479 dropped=0 Util=0.98194
### END_ENTRY users=2410 run=16 ###

### ENTRY users=2420 run=16 seed=16 ###
ResponseTime=32.26552 Throughput=65.53750 goodput=5.05000 badput=60.48750 completed=1930 timedout=9678 dropped=0 Util=0.98195
### END_ENTRY users=2420 run=16 ###

### ENTRY users=2430 run=16 seed=16 ###
ResponseTime=33.24203 Throughput=64.27500 goodput=4.83750 badput=59.43750 completed=1879 timedout=9510 dropped=0 Util=0.98193
### END_ENTRY users=2430 run=16 ###

### ENTRY users=2440 run=16 seed=16 ###
ResponseTime=32.53695 Throughput=65.62500 goodput=4.89375 badput=60.73125 completed=1861 timedout=9717 dropped=0 Util=0.98194
### END_ENTRY users=2440 run=16 ###

### ENTRY users=2450 run=16 seed=16 ###
ResponseTime=32.49126 Throughput=66.09375 goodput=5.18125 badput=60.91250 completed=1902 timedout=9746 dropped=0 Util=0.98197
### END_ENTRY users=2450 run=16 ###

### ENTRY users=2460 run=16 seed=16 ###
ResponseTime=33.36936 Throughput=64.43750 goodput=4.81875 badput=59.61875 completed=1889 timedout=9539 dropped=0 Util=0.98194
### END_ENTRY users=2460 run=16 ###

### ENTRY users=2470 run=16 seed=16 ###
ResponseTime=33.63705 Throughput=64.36250 goodput=4.83125 badput=59.53125 completed=1856 timedout=9525 dropped=0 Util=0.98194
### END_ENTRY users=2470 run=16 ###

### ENTRY users=2480 run=16 seed=16 ###
ResponseTime=33.51928 Throughput=64.58125 goodput=4.65000 badput=59.93125 completed=1890 timedout=9589 dropped=0 Util=0.98195
### END_ENTRY users=2480 run=16 ###

### ENTRY users=2490 run=16 seed=16 ###
ResponseTime=33.29939 Throughput=65.45000 goodput=4.86250 badput=60.58750 completed=1885 timedout=9694 dropped=0 Util=0.98195
### END_ENTRY users=2490 run=16 ###

### ENTRY users=2500 run=16 seed=16 ###
ResponseTime=33.33270 Throughput=65.83750 goodput=4.78125 badput=61.05625 completed=1846 timedout=9769 dropped=0 Util=0.98199
### END_ENTRY users=2500 run=16 ###

### ENTRY users=2510 run=16 seed=16 ###
ResponseTime=33.93995 Throughput=64.46875 goodput=4.88750 badput=59.58125 completed=1933 timedout=9533 dropped=0 Util=0.98194
### END_ENTRY users=2510 run=16 ###

### ENTRY users=2520 run=16 seed=16 ###
ResponseTime=33.49051 Throughput=65.94375 goodput=4.95625 badput=60.98750 completed=1894 timedout=9758 dropped=0 Util=0.98196
### END_ENTRY users=2520 run=16 ###

### ENTRY users=2530 run=16 seed=16 ###
ResponseTime=34.04533 Throughput=65.05625 goodput=4.96250 badput=60.09375 completed=1883 timedout=9615 dropped=0 Util=0.98196
### END_ENTRY users=2530 run=16 ###

### ENTRY users=2540 run=16 seed=16 ###
ResponseTime=34.21996 Throughput=64.69375 goodput=4.87500 badput=59.81875 completed=1878 timedout=9571 dropped=0 Util=0.98196
### END_ENTRY users=2540 run=16 ###

### ENTRY users=2550 run=16 seed=16 ###
ResponseTime=34.15187 Throughput=65.42500 goodput=4.74375 badput=60.68125 completed=1859 timedout=9709 dropped=0 Util=0.98198
### END_ENTRY users=2550 run=16 ###

### ENTRY users=2560 run=16 seed=16 ###
ResponseTime=34.50651 Throughput=64.94375 goodput=4.80625 badput=60.13750 completed=1891 timedout=9622 dropped=0 Util=0.98195
### END_ENTRY users=2560 run=16 ###

### ENTRY users=2570 run=16 seed=16 ###
ResponseTime=34.52369 Throughput=65.14375 goodput=4.98125 badput=60.16250 completed=1885 timedout=9626 dropped=0 Util=0.98195
### END_ENTRY users=2570 run=16 ###

### ENTRY users=2580 run=16 seed=16 ###
ResponseTime=34.43009 Throughput=65.55000 goodput=4.72500 badput=60.82500 completed=1878 timedout=9732 dropped=0 Util=0.98195
### END_ENTRY users=2580 run=16 ###

### ENTRY users=2590 run=16 seed=16 ###
ResponseTime=34.31518 Throughput=65.83750 goodput=4.85625 badput=60.98125 completed=1920 timedout=9757 dropped=0 Util=0.98195
### END_ENTRY users=2590 run=16 ###

### ENTRY users=2600 run=16 seed=16 ###
ResponseTime=34.74691 Throughput=64.96875 goodput=4.79375 badput=60.17500 completed=1862 timedout=9628 dropped=0 Util=0.98195
### END_ENTRY users=2600 run=16 ###

### ENTRY users=2610 run=16 seed=16 ###
ResponseTime=34.75416 Throughput=65.48750 goodput=4.63125 badput=60.85625 completed=1866 timedout=9737 dropped=0 Util=0.98196
### END_ENTRY users=2610 run=16 ###

### ENTRY users=2620 run=16 seed=16 ###
ResponseTime=35.41743 Throughput=64.52500 goodput=4.79375 badput=59.73125 completed=1907 timedout=9557 dropped=0 Util=0.98193
### END_ENTRY users=2620 run=16 ###

### ENTRY users=2630 run=16 seed=16 ###
ResponseTime=35.72695 Throughput=64.50625 goodput=4.88125 badput=59.62500 completed=1880 timedout=9540 dropped=0 Util=0.98193
### END_ENTRY users=2630 run=16 ###

### ENTRY users=2640 run=16 seed=16 ###
ResponseTime=35.58122 Throughput=65.06250 goodput=4.48750 badput=60.57500 completed=1855 timedout=9692 dropped=0 Util=0.98194
### END_ENTRY users=2640 run=16 ###

### ENTRY users=2650 run=16 seed=16 ###
ResponseTime=35.30089 Throughput=65.61875 goodput=4.86250 badput=60.75625 completed=1839 timedout=9721 dropped=0 Util=0.98196
### END_ENTRY users=2650 run=16 ###

### ENTRY users=2660 run=16 seed=16 ###
ResponseTime=35.67459 Throughput=65.29375 goodput=4.98750 badput=60.30625 completed=1872 timedout=9649 dropped=0 Util=0.98197
### END_ENTRY users=2660 run=16 ###

### ENTRY users=2670 run=16 seed=16 ###
ResponseTime=35.99760 Throughput=64.83125 goodput=4.65000 badput=60.18125 completed=1863 timedout=9629 dropped=0 Util=0.98193
### END_ENTRY users=2670 run=16 ###

### ENTRY users=2680 run=16 seed=16 ###
ResponseTime=36.09883 Throughput=64.92500 goodput=4.71875 badput=60.20625 completed=1852 timedout=9633 dropped=0 Util=0.98194
### END_ENTRY users=2680 run=16 ###

### ENTRY users=2690 run=16 seed=16 ###
ResponseTime=36.06483 Throughput=65.11875 goodput=4.92500 badput=60.19375 completed=1888 timedout=9631 dropped=0 Util=0.98196
### END_ENTRY users=2690 run=16 ###

### ENTRY users=2700 run=16 seed=16 ###
ResponseTime=36.19148 Throughput=65.20625 goodput=4.83125 badput=60.37500 completed=1886 timedout=9660 dropped=0 Util=0.98194
### END_ENTRY users=2700 run=16 ###

### ENTRY users=2710 run=16 seed=16 ###
ResponseTime=36.02118 Throughput=65.73125 goodput=4.79375 badput=60.93750 completed=1881 timedout=9750 dropped=0 Util=0.98197
### END_ENTRY users=2710 run=16 ###

### ENTRY users=2720 run=16 seed=16 ###
ResponseTime=37.05829 Throughput=63.93750 goodput=4.71875 badput=59.21875 completed=1890 timedout=9475 dropped=0 Util=0.98191
### END_ENTRY users=2720 run=16 ###

### ENTRY users=2730 run=16 seed=16 ###
ResponseTime=36.97251 Throughput=64.28750 goodput=4.64375 badput=59.64375 completed=1901 timedout=9543 dropped=0 Util=0.98197
### END_ENTRY users=2730 run=16 ###

### ENTRY users=2740 run=16 seed=16 ###
ResponseTime=36.56647 Throughput=65.35625 goodput=4.78750 badput=60.56875 completed=1887 timedout=9691 dropped=0 Util=0.98195
### END_ENTRY users=2740 run=16 ###

### ENTRY users=2750 run=16 seed=16 ###
ResponseTime=36.64280 Throughput=65.54375 goodput=4.85000 badput=60.69375 completed=1842 timedout=9711 dropped=0 Util=0.98197
### END_ENTRY users=2750 run=16 ###

### ENTRY users=2760 run=16 seed=16 ###
ResponseTime=37.08519 Throughput=64.62500 goodput=4.70625 badput=59.91875 completed=1879 timedout=9587 dropped=0 Util=0.98191
### END_ENTRY users=2760 run=16 ###

### ENTRY users=2770 run=16 seed=16 ###
ResponseTime=36.90947 Throughput=65.31875 goodput=4.86875 badput=60.45000 completed=1896 timedout=9672 dropped=0 Util=0.98195
### END_ENTRY users=2770 run=16 ###

### ENTRY users=2780 run=16 seed=16 ###
ResponseTime=37.42902 Throughput=65.10000 goodput=4.73750 badput=60.36250 completed=1852 timedout=9658 dropped=0 Util=0.98194
### END_ENTRY users=2780 run=16 ###

### ENTRY users=2790 run=16 seed=16 ###
ResponseTime=37.27448 Throughput=65.27500 goodput=4.56250 badput=60.71250 completed=1841 timedout=9714 dropped=0 Util=0.98195
### END_ENTRY users=2790 run=16 ###

### ENTRY users=2800 run=16 seed=16 ###
ResponseTime=37.52057 Throughput=65.20000 goodput=4.63125 badput=60.56875 completed=1828 timedout=9691 dropped=0 Util=0.98195
### END_ENTRY users=2800 run=16 ###

### ENTRY users=2810 run=16 seed=16 ###
ResponseTime=37.68311 Throughput=65.31250 goodput=4.88125 badput=60.43125 completed=1907 timedout=9669 dropped=0 Util=0.98196
### END_ENTRY users=2810 run=16 ###

### ENTRY users=2820 run=16 seed=16 ###
ResponseTime=37.63911 Throughput=65.04375 goodput=4.88125 badput=60.16250 completed=1890 timedout=9626 dropped=0 Util=0.98194
### END_ENTRY users=2820 run=16 ###

### ENTRY users=2830 run=16 seed=16 ###
ResponseTime=38.47365 Throughput=64.10625 goodput=4.81250 badput=59.29375 completed=1890 timedout=9487 dropped=0 Util=0.98191
### END_ENTRY users=2830 run=16 ###

### ENTRY users=2840 run=16 seed=16 ###
ResponseTime=37.76482 Throughput=65.38125 goodput=4.68750 badput=60.69375 completed=1876 timedout=9711 dropped=0 Util=0.98197
### END_ENTRY users=2840 run=16 ###

### ENTRY users=2850 run=16 seed=16 ###
ResponseTime=37.76933 Throughput=66.17500 goodput=4.73125 badput=61.44375 completed=1824 timedout=9831 dropped=0 Util=0.98196
### END_ENTRY users=2850 run=16 ###

### ENTRY users=2860 run=16 seed=16 ###
ResponseTime=38.34469 Throughput=65.35625 goodput=4.80625 badput=60.55000 completed=1868 timedout=9688 dropped=0 Util=0.98193
### END_ENTRY users=2860 run=16 ###

### ENTRY users=2870 run=16 seed=16 ###
ResponseTime=38.41554 Throughput=65.28750 goodput=4.68750 badput=60.60000 completed=1847 timedout=9696 dropped=0 Util=0.98194
### END_ENTRY users=2870 run=16 ###

### ENTRY users=2880 run=16 seed=16 ###
ResponseTime=38.92255 Throughput=64.88125 goodput=4.40000 badput=60.48125 completed=1822 timedout=9677 dropped=0 Util=0.98193
### END_ENTRY users=2880 run=16 ###

### ENTRY users=2890 run=16 seed=16 ###
ResponseTime=38.92033 Throughput=64.60000 goodput=4.55000 badput=60.05000 completed=1826 timedout=9608 dropped=0 Util=0.98194
### END_ENTRY users=2890 run=16 ###

### ENTRY users=2900 run=16 seed=16 ###
ResponseTime=38.63011 Throughput=65.43125 goodput=4.53750 badput=60.89375 completed=1855 timedout=9743 dropped=0 Util=0.98195
### END_ENTRY users=2900 run=16 ###

### ENTRY users=2910 run=16 seed=16 ###
ResponseTime=39.43765 Throughput=64.25000 goodput=4.53750 badput=59.71250 completed=1819 timedout=9554 dropped=0 Util=0.98191
### END_ENTRY users=2910 run=16 ###

### ENTRY users=2920 run=16 seed=16 ###
ResponseTime=38.74683 Throughput=65.75625 goodput=4.85000 badput=60.90625 completed=1870 timedout=9745 dropped=0 Util=0.98195
### END_ENTRY users=2920 run=16 ###

### ENTRY users=2930 run=16 seed=16 ###
ResponseTime=39.54470 Throughput=64.64375 goodput=4.55000 badput=60.09375 completed=1852 timedout=9615 dropped=0 Util=0.98193
### END_ENTRY users=2930 run=16 ###

### ENTRY users=2940 run=16 seed=16 ###
ResponseTime=39.45253 Throughput=64.93750 goodput=4.53125 badput=60.40625 completed=1851 timedout=9665 dropped=0 Util=0.98193
### END_ENTRY users=2940 run=16 ###

### ENTRY users=2950 run=16 seed=16 ###
ResponseTime=39.75386 Throughput=64.38125 goodput=4.83750 badput=59.54375 completed=1888 timedout=9527 dropped=0 Util=0.98192
### END_ENTRY users=2950 run=16 ###

### ENTRY users=2960 run=16 seed=16 ###
ResponseTime=39.68325 Throughput=64.88125 goodput=4.37500 badput=60.50625 completed=1814 timedout=9681 dropped=0 Util=0.98194
### END_ENTRY users=2960 run=16 ###

### ENTRY users=2970 run=16 seed=16 ###
ResponseTime=39.76498 Throughput=64.76250 goodput=4.72500 badput=60.03750 completed=1864 timedout=9606 dropped=0 Util=0.98194
### END_ENTRY users=2970 run=16 ###

### ENTRY users=2980 run=16 seed=16 ###
ResponseTime=40.24762 Throughput=64.39375 goodput=4.46250 badput=59.93125 completed=1811 timedout=9589 dropped=0 Util=0.98192
### END_ENTRY users=2980 run=16 ###

### ENTRY users=2990 run=16 seed=16 ###
ResponseTime=40.25181 Throughput=64.48750 goodput=4.65625 badput=59.83125 completed=1901 timedout=9573 dropped=0 Util=0.98195
### END_ENTRY users=2990 run=16 ###

### ENTRY users=3000 run=16 seed=16 ###
ResponseTime=40.03993 Throughput=65.40625 goodput=4.43750 badput=60.96875 completed=1796 timedout=9755 dropped=0 Util=0.98194
### END_ENTRY users=3000 run=16 ###

