=== RUN FILE confidence_interval/run_38.log (run index = 38) ===
### ENTRY users=10 run=38 seed=38 ###
ResponseTime=0.05966 Throughput=3.07500 goodput=3.07500 badput=0.00000 completed=537 timedout=0 dropped=0 Util=0.04503
### END_ENTRY users=10 run=38 ###

### ENTRY users=20 run=38 seed=38 ###
ResponseTime=0.05800 Throughput=6.13125 goodput=6.13125 badput=0.00000 completed=1079 timedout=0 dropped=0 Util=0.08575
### END_ENTRY users=20 run=38 ###

### ENTRY users=30 run=38 seed=38 ###
ResponseTime=0.06326 Throughput=9.23750 goodput=9.23750 badput=0.00000 completed=1624 timedout=0 dropped=0 Util=0.13528
### END_ENTRY users=30 run=38 ###

### ENTRY users=40 run=38 seed=38 ###
ResponseTime=0.06655 Throughput=12.24375 goodput=12.24375 badput=0.00000 completed=2151 timedout=0 dropped=0 Util=0.17862
### END_ENTRY users=40 run=38 ###

### ENTRY users=50 run=38 seed=38 ###
ResponseTime=0.06960 Throughput=15.31250 goodput=15.31250 badput=0.00000 completed=2690 timedout=0 dropped=0 Util=0.22502
### END_ENTRY users=50 run=38 ###

### ENTRY users=60 run=38 seed=38 ###
ResponseTime=0.07657 Throughput=18.33750 goodput=18.33750 badput=0.00000 completed=3220 timedout=0 dropped=0 Util=0.26937
### END_ENTRY users=60 run=38 ###

### ENTRY users=70 run=38 seed=38 ###
ResponseTime=0.08186 Throughput=21.33750 goodput=21.33750 badput=0.00000 completed=3747 timedout=0 dropped=0 Util=0.31277
### END_ENTRY users=70 run=38 ###

### ENTRY users=80 run=38 seed=38 ###
ResponseTime=0.08780 Throughput=24.31875 goodput=24.31875 badput=0.00000 completed=4276 timedout=0 dropped=0 Util=0.36093
### END_ENTRY users=80 run=38 ###

### ENTRY users=90 run=38 seed=38 ###
ResponseTime=0.10166 Throughput=27.32500 goodput=27.32500 badput=0.00000 completed=4804 timedout=0 dropped=0 Util=0.41206
### END_ENTRY users=90 run=38 ###

### ENTRY users=100 run=38 seed=38 ###
ResponseTime=0.10583 Throughput=30.28750 goodput=30.28750 badput=0.00000 completed=5320 timedout=0 dropped=0 Util=0.46116
### END_ENTRY users=100 run=38 ###

### ENTRY users=110 run=38 seed=38 ###
ResponseTime=0.11688 Throughput=33.22500 goodput=33.22500 badput=0.00000 completed=5835 timedout=0 dropped=0 Util=0.49380
### END_ENTRY users=110 run=38 ###

### ENTRY users=120 run=38 seed=38 ###
ResponseTime=0.12604 Throughput=36.06250 goodput=36.06250 badput=0.00000 completed=6339 timedout=0 dropped=0 Util=0.54463
### END_ENTRY users=120 run=38 ###

### ENTRY users=130 run=38 seed=38 ###
ResponseTime=0.14550 Throughput=38.86250 goodput=38.86250 badput=0.00000 completed=6830 timedout=0 dropped=0 Util=0.58377
### END_ENTRY users=130 run=38 ###

### ENTRY users=140 run=38 seed=38 ###
ResponseTime=0.16545 Throughput=41.53750 goodput=41.53750 badput=0.00000 completed=7308 timedout=0 dropped=0 Util=0.63410
### END_ENTRY users=140 run=38 ###

### ENTRY users=150 run=38 seed=38 ###
ResponseTime=0.18329 Throughput=44.31250 goodput=44.31250 badput=0.00000 completed=7801 timedout=0 dropped=0 Util=0.67299
### END_ENTRY users=150 run=38 ###

### ENTRY users=160 run=38 seed=38 ###
ResponseTime=0.18611 Throughput=47.23125 goodput=47.23125 badput=0.00000 completed=8314 timedout=0 dropped=0 Util=0.70618
### END_ENTRY users=160 run=38 ###

### ENTRY users=170 run=38 seed=38 ###
ResponseTime=0.20877 Throughput=49.86875 goodput=49.86875 badput=0.00000 completed=8778 timedout=0 dropped=0 Util=0.74576
### END_ENTRY users=170 run=38 ###

### ENTRY users=180 run=38 seed=38 ###
ResponseTime=0.23317 Throughput=52.47500 goodput=52.47500 badput=0.00000 completed=9231 timedout=0 dropped=0 Util=0.78447
### END_ENTRY users=180 run=38 ###

### ENTRY users=190 run=38 seed=38 ###
ResponseTime=0.29133 Throughput=54.41250 goodput=54.41250 badput=0.00000 completed=9577 timedout=0 dropped=0 Util=0.82302
### END_ENTRY users=190 run=38 ###

### ENTRY users=200 run=38 seed=38 ###
ResponseTime=0.35152 Throughput=56.20625 goodput=56.20625 badput=0.00000 completed=9905 timedout=0 dropped=0 Util=0.84378
### END_ENTRY users=200 run=38 ###

### ENTRY users=210 run=38 seed=38 ###
ResponseTime=0.38504 Throughput=58.58750 goodput=58.58750 badput=0.00000 completed=10306 timedout=0 dropped=0 Util=0.88866
### END_ENTRY users=210 run=38 ###

### ENTRY users=220 run=38 seed=38 ###
ResponseTime=0.46402 Throughput=60.16250 goodput=60.16250 badput=0.00000 completed=10584 timedout=0 dropped=0 Util=0.91203
### END_ENTRY users=220 run=38 ###

### ENTRY users=230 run=38 seed=38 ###
ResponseTime=0.53440 Throughput=61.83750 goodput=61.83750 badput=0.00000 completed=10875 timedout=0 dropped=0 Util=0.93282
### END_ENTRY users=230 run=38 ###

### ENTRY users=240 run=38 seed=38 ###
ResponseTime=0.64724 Throughput=62.34375 goodput=62.34375 badput=0.00000 completed=10978 timedout=0 dropped=0 Util=0.94940
### END_ENTRY users=240 run=38 ###

### ENTRY users=250 run=38 seed=38 ###
ResponseTime=0.72555 Throughput=63.70625 goodput=63.70625 badput=0.00000 completed=11218 timedout=0 dropped=0 Util=0.96246
### END_ENTRY users=250 run=38 ###

### ENTRY users=260 run=38 seed=38 ###
ResponseTime=0.88568 Throughput=63.67500 goodput=63.67500 badput=0.00000 completed=11216 timedout=0 dropped=0 Util=0.97430
### END_ENTRY users=260 run=38 ###

### ENTRY users=270 run=38 seed=38 ###
ResponseTime=1.00767 Throughput=64.32500 goodput=64.32500 badput=0.00000 completed=11324 timedout=0 dropped=0 Util=0.97676
### END_ENTRY users=270 run=38 ###

### ENTRY users=280 run=38 seed=38 ###
ResponseTime=1.09703 Throughput=65.21875 goodput=65.21875 badput=0.00000 completed=11490 timedout=0 dropped=0 Util=0.98142
### END_ENTRY users=280 run=38 ###

### ENTRY users=290 run=38 seed=38 ###
ResponseTime=1.24517 Throughput=65.28750 goodput=65.28750 badput=0.00000 completed=11485 timedout=0 dropped=0 Util=0.98117
### END_ENTRY users=290 run=38 ###

### ENTRY users=300 run=38 seed=38 ###
ResponseTime=1.42042 Throughput=65.03750 goodput=65.03750 badput=0.00000 completed=11450 timedout=0 dropped=0 Util=0.98182
### END_ENTRY users=300 run=38 ###

### ENTRY users=310 run=38 seed=38 ###
ResponseTime=1.59932 Throughput=64.80000 goodput=64.80000 badput=0.00000 completed=11431 timedout=0 dropped=0 Util=0.98199
### END_ENTRY users=310 run=38 ###

### ENTRY users=320 run=38 seed=38 ###
ResponseTime=1.69102 Throughput=65.41250 goodput=65.41250 badput=0.00000 completed=11500 timedout=0 dropped=0 Util=0.98198
### END_ENTRY users=320 run=38 ###

### ENTRY users=330 run=38 seed=38 ###
ResponseTime=1.90400 Throughput=64.66250 goodput=64.66250 badput=0.00000 completed=11447 timedout=0 dropped=0 Util=0.98195
### END_ENTRY users=330 run=38 ###

### ENTRY users=340 run=38 seed=38 ###
ResponseTime=1.94710 Throughput=65.85625 goodput=65.85625 badput=0.00000 completed=11635 timedout=0 dropped=0 Util=0.98199
### END_ENTRY users=340 run=38 ###

### ENTRY users=350 run=38 seed=38 ###
ResponseTime=2.15430 Throughput=65.28125 goodput=65.28125 badput=0.00000 completed=11527 timedout=0 dropped=0 Util=0.98198
### END_ENTRY users=350 run=38 ###

### ENTRY users=360 run=38 seed=38 ###
ResponseTime=2.40057 Throughput=64.12500 goodput=64.12500 badput=0.00000 completed=11386 timedout=0 dropped=0 Util=0.98195
### END_ENTRY users=360 run=38 ###

### ENTRY users=370 run=38 seed=38 ###
ResponseTime=2.47170 Throughput=65.22500 goodput=65.21875 badput=0.00625 completed=11558 timedout=1 dropped=0 Util=0.98198
### END_ENTRY users=370 run=38 ###

### ENTRY users=380 run=38 seed=38 ###
ResponseTime=2.62792 Throughput=65.49375 goodput=65.48750 badput=0.00625 completed=11598 timedout=1 dropped=0 Util=0.98200
### END_ENTRY users=380 run=38 ###

### ENTRY users=390 run=38 seed=38 ###
ResponseTime=2.80652 Throughput=64.87500 goodput=64.86875 badput=0.00625 completed=11451 timedout=1 dropped=0 Util=0.98198
### END_ENTRY users=390 run=38 ###

### ENTRY users=400 run=38 seed=38 ###
ResponseTime=2.96024 Throughput=64.73125 goodput=64.70625 badput=0.02500 completed=11470 timedout=4 dropped=0 Util=0.98195
### END_ENTRY users=400 run=38 ###

### ENTRY users=410 run=38 seed=38 ###
ResponseTime=3.19695 Throughput=64.07500 goodput=64.03750 badput=0.03750 completed=11346 timedout=6 dropped=0 Util=0.98195
### END_ENTRY users=410 run=38 ###

### ENTRY users=420 run=38 seed=38 ###
ResponseTime=3.27960 Throughput=64.76875 goodput=64.74375 badput=0.02500 completed=11462 timedout=4 dropped=0 Util=0.98195
### END_ENTRY users=420 run=38 ###

### ENTRY users=430 run=38 seed=38 ###
ResponseTime=3.35898 Throughput=65.40625 goodput=65.36875 badput=0.03750 completed=11574 timedout=6 dropped=0 Util=0.98198
### END_ENTRY users=430 run=38 ###

### ENTRY users=440 run=38 seed=38 ###
ResponseTime=3.51886 Throughput=65.66250 goodput=65.61875 badput=0.04375 completed=11602 timedout=7 dropped=0 Util=0.98199
### END_ENTRY users=440 run=38 ###

### ENTRY users=450 run=38 seed=38 ###
ResponseTime=3.63686 Throughput=65.67500 goodput=65.61875 badput=0.05625 completed=11586 timedout=9 dropped=0 Util=0.98201
### END_ENTRY users=450 run=38 ###

### ENTRY users=460 run=38 seed=38 ###
ResponseTime=3.77486 Throughput=66.18125 goodput=66.09375 badput=0.08750 completed=11643 timedout=14 dropped=0 Util=0.98202
### END_ENTRY users=460 run=38 ###

### ENTRY users=470 run=38 seed=38 ###
ResponseTime=3.98902 Throughput=65.62500 goodput=65.55625 badput=0.06875 completed=11568 timedout=11 dropped=0 Util=0.98196
### END_ENTRY users=470 run=38 ###

### ENTRY users=480 run=38 seed=38 ###
ResponseTime=4.06860 Throughput=65.83750 goodput=65.72500 badput=0.11250 completed=11607 timedout=18 dropped=0 Util=0.98197
### END_ENTRY users=480 run=38 ###

### ENTRY users=490 run=38 seed=38 ###
ResponseTime=4.27150 Throughput=65.64375 goodput=65.54375 badput=0.10000 completed=11628 timedout=16 dropped=0 Util=0.98196
### END_ENTRY users=490 run=38 ###

### ENTRY users=500 run=38 seed=38 ###
ResponseTime=4.36545 Throughput=65.86250 goodput=65.77500 badput=0.08750 completed=11691 timedout=14 dropped=0 Util=0.98197
### END_ENTRY users=500 run=38 ###

### ENTRY users=510 run=38 seed=38 ###
ResponseTime=4.55749 Throughput=65.61875 goodput=65.50625 badput=0.11250 completed=11586 timedout=18 dropped=0 Util=0.98196
### END_ENTRY users=510 run=38 ###

### ENTRY users=520 run=38 seed=38 ###
ResponseTime=4.78709 Throughput=64.83750 goodput=64.72500 badput=0.11250 completed=11461 timedout=18 dropped=0 Util=0.98195
### END_ENTRY users=520 run=38 ###

### ENTRY users=530 run=38 seed=38 ###
ResponseTime=4.95400 Throughput=64.79375 goodput=64.63750 badput=0.15625 completed=11450 timedout=25 dropped=0 Util=0.98197
### END_ENTRY users=530 run=38 ###

### ENTRY users=540 run=38 seed=38 ###
ResponseTime=5.02240 Throughput=65.71875 goodput=65.60000 badput=0.11875 completed=11570 timedout=19 dropped=0 Util=0.98194
### END_ENTRY users=540 run=38 ###

### ENTRY users=550 run=38 seed=38 ###
ResponseTime=5.17132 Throughput=65.83125 goodput=65.71250 badput=0.11875 completed=11621 timedout=19 dropped=0 Util=0.98200
### END_ENTRY users=550 run=38 ###

### ENTRY users=560 run=38 seed=38 ###
ResponseTime=5.38373 Throughput=65.04375 goodput=64.88750 badput=0.15625 completed=11506 timedout=25 dropped=0 Util=0.98197
### END_ENTRY users=560 run=38 ###

### ENTRY users=570 run=38 seed=38 ###
ResponseTime=5.55867 Throughput=64.95625 goodput=64.81875 badput=0.13750 completed=11503 timedout=22 dropped=0 Util=0.98194
### END_ENTRY users=570 run=38 ###

### ENTRY users=580 run=38 seed=38 ###
ResponseTime=5.68169 Throughput=65.15625 goodput=65.06250 badput=0.09375 completed=11518 timedout=15 dropped=0 Util=0.98194
### END_ENTRY users=580 run=38 ###

### ENTRY users=590 run=38 seed=38 ###
ResponseTime=5.88028 Throughput=64.89375 goodput=64.72500 badput=0.16875 completed=11428 timedout=27 dropped=0 Util=0.98193
### END_ENTRY users=590 run=38 ###

### ENTRY users=600 run=38 seed=38 ###
ResponseTime=6.02485 Throughput=64.87500 goodput=64.72500 badput=0.15000 completed=11438 timedout=24 dropped=0 Util=0.98192
### END_ENTRY users=600 run=38 ###

### ENTRY users=610 run=38 seed=38 ###
ResponseTime=6.16619 Throughput=65.12500 goodput=64.96875 badput=0.15625 completed=11521 timedout=25 dropped=0 Util=0.98194
### END_ENTRY users=610 run=38 ###

### ENTRY users=620 run=38 seed=38 ###
ResponseTime=6.34299 Throughput=64.86250 goodput=64.66875 badput=0.19375 completed=11480 timedout=31 dropped=0 Util=0.98193
### END_ENTRY users=620 run=38 ###

### ENTRY users=630 run=38 seed=38 ###
ResponseTime=6.49539 Throughput=64.99375 goodput=64.81875 badput=0.17500 completed=11451 timedout=28 dropped=0 Util=0.98192
### END_ENTRY users=630 run=38 ###

### ENTRY users=640 run=38 seed=38 ###
ResponseTime=6.63235 Throughput=65.10625 goodput=64.94375 badput=0.16250 completed=11541 timedout=26 dropped=0 Util=0.98194
### END_ENTRY users=640 run=38 ###

### ENTRY users=650 run=38 seed=38 ###
ResponseTime=6.77280 Throughput=65.09375 goodput=64.93125 badput=0.16250 completed=11530 timedout=26 dropped=0 Util=0.98192
### END_ENTRY users=650 run=38 ###

### ENTRY users=660 run=38 seed=38 ###
ResponseTime=6.97208 Throughput=64.84375 goodput=64.68125 badput=0.16250 completed=11484 timedout=26 dropped=0 Util=0.98191
### END_ENTRY users=660 run=38 ###

### ENTRY users=670 run=38 seed=38 ###
ResponseTime=7.03036 Throughput=65.51250 goodput=65.29375 badput=0.21875 completed=11558 timedout=35 dropped=0 Util=0.98195
### END_ENTRY users=670 run=38 ###

### ENTRY users=680 run=38 seed=38 ###
ResponseTime=7.26054 Throughput=65.01250 goodput=64.81875 badput=0.19375 completed=11499 timedout=31 dropped=0 Util=0.98197
### END_ENTRY users=680 run=38 ###

### ENTRY users=690 run=38 seed=38 ###
ResponseTime=7.40191 Throughput=65.08125 goodput=64.87500 badput=0.20625 completed=11510 timedout=33 dropped=0 Util=0.98195
### END_ENTRY users=690 run=38 ###

### ENTRY users=700 run=38 seed=38 ###
ResponseTime=7.47730 Throughput=65.70000 goodput=65.49375 badput=0.20625 completed=11617 timedout=33 dropped=0 Util=0.98198
### END_ENTRY users=700 run=38 ###

### ENTRY users=710 run=38 seed=38 ###
ResponseTime=7.73537 Throughput=65.10000 goodput=64.87500 badput=0.22500 completed=11510 timedout=36 dropped=0 Util=0.98194
### END_ENTRY users=710 run=38 ###

### ENTRY users=720 run=38 seed=38 ###
ResponseTime=7.83433 Throughput=65.25625 goodput=65.03750 badput=0.21875 completed=11533 timedout=35 dropped=0 Util=0.98195
### END_ENTRY users=720 run=38 ###

### ENTRY users=730 run=38 seed=38 ###
ResponseTime=7.88361 Throughput=65.64375 goodput=65.41875 badput=0.22500 completed=11641 timedout=36 dropped=0 Util=0.98195
### END_ENTRY users=730 run=38 ###

### ENTRY users=740 run=38 seed=38 ###
ResponseTime=8.23539 Throughput=64.54375 goodput=64.30625 badput=0.23750 completed=11447 timedout=38 dropped=0 Util=0.98193
### END_ENTRY users=740 run=38 ###

### ENTRY users=750 run=38 seed=38 ###
ResponseTime=8.24216 Throughput=65.61875 goodput=65.35000 badput=0.26875 completed=11546 timedout=43 dropped=0 Util=0.98192
### END_ENTRY users=750 run=38 ###

### ENTRY users=760 run=38 seed=38 ###
ResponseTime=8.39352 Throughput=65.37500 goodput=65.03750 badput=0.33750 completed=11522 timedout=54 dropped=0 Util=0.98197
### END_ENTRY users=760 run=38 ###

### ENTRY users=770 run=38 seed=38 ###
ResponseTime=8.54949 Throughput=65.52500 goodput=65.20625 badput=0.31875 completed=11534 timedout=51 dropped=0 Util=0.98192
### END_ENTRY users=770 run=38 ###

### ENTRY users=780 run=38 seed=38 ###
ResponseTime=8.49697 Throughput=66.51250 goodput=66.21250 badput=0.30000 completed=11741 timedout=48 dropped=0 Util=0.98197
### END_ENTRY users=780 run=38 ###

### ENTRY users=790 run=38 seed=38 ###
ResponseTime=8.80760 Throughput=65.76250 goodput=65.42500 badput=0.33750 completed=11570 timedout=54 dropped=0 Util=0.98195
### END_ENTRY users=790 run=38 ###

### ENTRY users=800 run=38 seed=38 ###
ResponseTime=8.90909 Throughput=66.00625 goodput=65.70625 badput=0.30000 completed=11637 timedout=48 dropped=0 Util=0.98193
### END_ENTRY users=800 run=38 ###

### ENTRY users=810 run=38 seed=38 ###
ResponseTime=9.17236 Throughput=65.27500 goodput=64.89375 badput=0.38125 completed=11507 timedout=61 dropped=0 Util=0.98194
### END_ENTRY users=810 run=38 ###

### ENTRY users=820 run=38 seed=38 ###
ResponseTime=9.36063 Throughput=65.25625 goodput=64.91875 badput=0.33750 completed=11451 timedout=54 dropped=0 Util=0.98196
### END_ENTRY users=820 run=38 ###

### ENTRY users=830 run=38 seed=38 ###
ResponseTime=9.56501 Throughput=64.90000 goodput=64.48125 badput=0.41875 completed=11427 timedout=67 dropped=0 Util=0.98194
### END_ENTRY users=830 run=38 ###

### ENTRY users=840 run=38 seed=38 ###
ResponseTime=9.71745 Throughput=64.96875 goodput=64.58125 badput=0.38750 completed=11451 timedout=62 dropped=0 Util=0.98196
### END_ENTRY users=840 run=38 ###

### ENTRY users=850 run=38 seed=38 ###
ResponseTime=9.87500 Throughput=65.00625 goodput=64.49375 badput=0.51250 completed=11436 timedout=82 dropped=0 Util=0.98194
### END_ENTRY users=850 run=38 ###

### ENTRY users=860 run=38 seed=38 ###
ResponseTime=9.90483 Throughput=65.57500 goodput=65.05000 badput=0.52500 completed=11537 timedout=84 dropped=0 Util=0.98195
### END_ENTRY users=860 run=38 ###

### ENTRY users=870 run=38 seed=38 ###
ResponseTime=10.18978 Throughput=64.77500 goodput=64.24375 badput=0.53125 completed=11363 timedout=85 dropped=0 Util=0.98195
### END_ENTRY users=870 run=38 ###

### ENTRY users=880 run=38 seed=38 ###
ResponseTime=10.32159 Throughput=64.88125 goodput=64.34375 badput=0.53750 completed=11457 timedout=86 dropped=0 Util=0.98196
### END_ENTRY users=880 run=38 ###

### ENTRY users=890 run=38 seed=38 ###
ResponseTime=10.67074 Throughput=64.13125 goodput=63.51875 badput=0.61250 completed=11248 timedout=98 dropped=0 Util=0.98192
### END_ENTRY users=890 run=38 ###

### ENTRY users=900 run=38 seed=38 ###
ResponseTime=10.53943 Throughput=65.56250 goodput=65.01250 badput=0.55000 completed=11539 timedout=88 dropped=0 Util=0.98195
### END_ENTRY users=900 run=38 ###

### ENTRY users=910 run=38 seed=38 ###
ResponseTime=10.84843 Throughput=64.39375 goodput=63.75000 badput=0.64375 completed=11384 timedout=103 dropped=0 Util=0.98194
### END_ENTRY users=910 run=38 ###

### ENTRY users=920 run=38 seed=38 ###
ResponseTime=10.79186 Throughput=65.94375 goodput=65.36250 badput=0.58125 completed=11544 timedout=93 dropped=0 Util=0.98196
### END_ENTRY users=920 run=38 ###

### ENTRY users=930 run=38 seed=38 ###
ResponseTime=11.18019 Throughput=64.55000 goodput=63.81875 badput=0.73125 completed=11341 timedout=117 dropped=0 Util=0.98193
### END_ENTRY users=930 run=38 ###

### ENTRY users=940 run=38 seed=38 ###
ResponseTime=11.28219 Throughput=64.73125 goodput=64.12500 badput=0.60625 completed=11396 timedout=97 dropped=0 Util=0.98191
### END_ENTRY users=940 run=38 ###

### ENTRY users=950 run=38 seed=38 ###
ResponseTime=11.36478 Throughput=65.19375 goodput=64.52500 badput=0.66875 completed=11482 timedout=107 dropped=0 Util=0.98193
### END_ENTRY users=950 run=38 ###

### ENTRY users=960 run=38 seed=38 ###
ResponseTime=11.50874 Throughput=65.15000 goodput=64.43125 badput=0.71875 completed=11425 timedout=115 dropped=0 Util=0.98193
### END_ENTRY users=960 run=38 ###

### ENTRY users=970 run=38 seed=38 ###
ResponseTime=11.61283 Throughput=65.45625 goodput=64.71875 badput=0.73750 completed=11457 timedout=118 dropped=0 Util=0.98195
### END_ENTRY users=970 run=38 ###

### ENTRY users=980 run=38 seed=38 ###
ResponseTime=11.74712 Throughput=65.45625 goodput=64.69375 badput=0.76250 completed=11478 timedout=122 dropped=0 Util=0.98198
### END_ENTRY users=980 run=38 ###

### ENTRY users=990 run=38 seed=38 ###
ResponseTime=12.05384 Throughput=64.72500 goodput=63.80625 badput=0.91875 completed=11342 timedout=147 dropped=0 Util=0.98193
### END_ENTRY users=990 run=38 ###

### ENTRY users=1000 run=38 seed=38 ###
ResponseTime=12.15817 Throughput=64.91250 goodput=64.11250 badput=0.80000 completed=11359 timedout=128 dropped=0 Util=0.98195
### END_ENTRY users=1000 run=38 ###

### ENTRY users=1010 run=38 seed=38 ###
ResponseTime=12.23531 Throughput=65.27500 goodput=64.44375 badput=0.83125 completed=11426 timedout=133 dropped=0 Util=0.98195
### END_ENTRY users=1010 run=38 ###

### ENTRY users=1020 run=38 seed=38 ###
ResponseTime=12.30858 Throughput=65.73125 goodput=64.90625 badput=0.82500 completed=11511 timedout=132 dropped=0 Util=0.98196
### END_ENTRY users=1020 run=38 ###

### ENTRY users=1030 run=38 seed=38 ###
ResponseTime=12.54086 Throughput=65.45000 goodput=64.45625 badput=0.99375 completed=11420 timedout=159 dropped=0 Util=0.98195
### END_ENTRY users=1030 run=38 ###

### ENTRY users=1040 run=38 seed=38 ###
ResponseTime=12.85925 Throughput=64.58125 goodput=63.49375 badput=1.08750 completed=11262 timedout=174 dropped=0 Util=0.98191
### END_ENTRY users=1040 run=38 ###

### ENTRY users=1050 run=38 seed=38 ###
ResponseTime=12.94883 Throughput=64.92500 goodput=63.70625 badput=1.21875 completed=11303 timedout=195 dropped=0 Util=0.98192
### END_ENTRY users=1050 run=38 ###

### ENTRY users=1060 run=38 seed=38 ###
ResponseTime=12.76499 Throughput=66.34375 goodput=65.38125 badput=0.96250 completed=11555 timedout=154 dropped=0 Util=0.98197
### END_ENTRY users=1060 run=38 ###

### ENTRY users=1070 run=38 seed=38 ###
ResponseTime=12.95549 Throughput=65.91875 goodput=64.85625 badput=1.06250 completed=11497 timedout=170 dropped=0 Util=0.98195
### END_ENTRY users=1070 run=38 ###

### ENTRY users=1080 run=38 seed=38 ###
ResponseTime=13.62397 Throughput=63.81250 goodput=62.46250 badput=1.35000 completed=11142 timedout=216 dropped=0 Util=0.98193
### END_ENTRY users=1080 run=38 ###

### ENTRY users=1090 run=38 seed=38 ###
ResponseTime=13.53115 Throughput=64.91250 goodput=63.63750 badput=1.27500 completed=11331 timedout=204 dropped=0 Util=0.98194
### END_ENTRY users=1090 run=38 ###

### ENTRY users=1100 run=38 seed=38 ###
ResponseTime=13.61577 Throughput=64.95000 goodput=63.60000 badput=1.35000 completed=11329 timedout=216 dropped=0 Util=0.98195
### END_ENTRY users=1100 run=38 ###

### ENTRY users=1110 run=38 seed=38 ###
ResponseTime=13.77516 Throughput=64.99375 goodput=63.68125 badput=1.31250 completed=11324 timedout=210 dropped=0 Util=0.98193
### END_ENTRY users=1110 run=38 ###

### ENTRY users=1120 run=38 seed=38 ###
ResponseTime=13.89875 Throughput=65.20000 goodput=63.82500 badput=1.37500 completed=11328 timedout=220 dropped=0 Util=0.98197
### END_ENTRY users=1120 run=38 ###

### ENTRY users=1130 run=38 seed=38 ###
ResponseTime=13.91426 Throughput=65.40625 goodput=63.91875 badput=1.48750 completed=11421 timedout=238 dropped=0 Util=0.98196
### END_ENTRY users=1130 run=38 ###

### ENTRY users=1140 run=38 seed=38 ###
ResponseTime=14.20684 Throughput=65.43125 goodput=63.93750 badput=1.49375 completed=11346 timedout=239 dropped=0 Util=0.98194
### END_ENTRY users=1140 run=38 ###

### ENTRY users=1150 run=38 seed=38 ###
ResponseTime=14.44118 Throughput=65.07500 goodput=63.43750 badput=1.63750 completed=11256 timedout=262 dropped=0 Util=0.98194
### END_ENTRY users=1150 run=38 ###

### ENTRY users=1160 run=38 seed=38 ###
ResponseTime=14.68629 Throughput=64.61875 goodput=62.78125 badput=1.83750 completed=11177 timedout=294 dropped=0 Util=0.98193
### END_ENTRY users=1160 run=38 ###

### ENTRY users=1170 run=38 seed=38 ###
ResponseTime=14.63047 Throughput=65.12500 goodput=63.44375 badput=1.68125 completed=11317 timedout=269 dropped=0 Util=0.98194
### END_ENTRY users=1170 run=38 ###

### ENTRY users=1180 run=38 seed=38 ###
ResponseTime=14.99128 Throughput=64.54375 goodput=62.56875 badput=1.97500 completed=11119 timedout=316 dropped=0 Util=0.98195
### END_ENTRY users=1180 run=38 ###

### ENTRY users=1190 run=38 seed=38 ###
ResponseTime=15.05197 Throughput=64.73125 goodput=62.78750 badput=1.94375 completed=11196 timedout=311 dropped=0 Util=0.98192
### END_ENTRY users=1190 run=38 ###

### ENTRY users=1200 run=38 seed=38 ###
ResponseTime=15.03022 Throughput=65.58125 goodput=63.67500 badput=1.90625 completed=11273 timedout=305 dropped=0 Util=0.98195
### END_ENTRY users=1200 run=38 ###

### ENTRY users=1210 run=38 seed=38 ###
ResponseTime=15.26774 Throughput=64.97500 goodput=62.98125 badput=1.99375 completed=11242 timedout=319 dropped=0 Util=0.98196
### END_ENTRY users=1210 run=38 ###

### ENTRY users=1220 run=38 seed=38 ###
ResponseTime=15.20192 Throughput=65.76875 goodput=63.70625 badput=2.06250 completed=11339 timedout=330 dropped=0 Util=0.98196
### END_ENTRY users=1220 run=38 ###

### ENTRY users=1230 run=38 seed=38 ###
ResponseTime=15.83257 Throughput=64.18125 goodput=61.77500 badput=2.40625 completed=11018 timedout=385 dropped=0 Util=0.98193
### END_ENTRY users=1230 run=38 ###

### ENTRY users=1240 run=38 seed=38 ###
ResponseTime=15.59248 Throughput=65.63125 goodput=63.48125 badput=2.15000 completed=11341 timedout=344 dropped=0 Util=0.98197
### END_ENTRY users=1240 run=38 ###

### ENTRY users=1250 run=38 seed=38 ###
ResponseTime=15.86087 Throughput=65.18125 goodput=62.68125 badput=2.50000 completed=11176 timedout=400 dropped=0 Util=0.98194
### END_ENTRY users=1250 run=38 ###

### ENTRY users=1260 run=38 seed=38 ###
ResponseTime=16.29827 Throughput=64.51875 goodput=61.65625 badput=2.86250 completed=11005 timedout=458 dropped=0 Util=0.98193
### END_ENTRY users=1260 run=38 ###

### ENTRY users=1270 run=38 seed=38 ###
ResponseTime=16.32962 Throughput=64.88750 goodput=61.82500 badput=3.06250 completed=10996 timedout=490 dropped=0 Util=0.98194
### END_ENTRY users=1270 run=38 ###

### ENTRY users=1280 run=38 seed=38 ###
ResponseTime=16.39069 Throughput=64.81250 goodput=61.89375 badput=2.91875 completed=11016 timedout=467 dropped=0 Util=0.98196
### END_ENTRY users=1280 run=38 ###

### ENTRY users=1290 run=38 seed=38 ###
ResponseTime=16.25039 Throughput=65.94375 goodput=63.18750 badput=2.75625 completed=11263 timedout=441 dropped=0 Util=0.98197
### END_ENTRY users=1290 run=38 ###

### ENTRY users=1300 run=38 seed=38 ###
ResponseTime=16.72336 Throughput=64.88125 goodput=61.60625 badput=3.27500 completed=11004 timedout=524 dropped=0 Util=0.98195
### END_ENTRY users=1300 run=38 ###

### ENTRY users=1310 run=38 seed=38 ###
ResponseTime=16.71336 Throughput=65.30000 goodput=62.18125 badput=3.11875 completed=11065 timedout=499 dropped=0 Util=0.98195
### END_ENTRY users=1310 run=38 ###

### ENTRY users=1320 run=38 seed=38 ###
ResponseTime=17.12219 Throughput=64.75000 goodput=60.95000 badput=3.80000 completed=10888 timedout=608 dropped=0 Util=0.98193
### END_ENTRY users=1320 run=38 ###

### ENTRY users=1330 run=38 seed=38 ###
ResponseTime=16.93026 Throughput=65.45000 goodput=62.10625 badput=3.34375 completed=11092 timedout=535 dropped=0 Util=0.98198
### END_ENTRY users=1330 run=38 ###

### ENTRY users=1340 run=38 seed=38 ###
ResponseTime=17.14402 Throughput=65.32500 goodput=61.52500 badput=3.80000 completed=11019 timedout=608 dropped=0 Util=0.98196
### END_ENTRY users=1340 run=38 ###

### ENTRY users=1350 run=38 seed=38 ###
ResponseTime=17.19362 Throughput=65.80625 goodput=62.10625 badput=3.70000 completed=11088 timedout=592 dropped=0 Util=0.98197
### END_ENTRY users=1350 run=38 ###

### ENTRY users=1360 run=38 seed=38 ###
ResponseTime=17.41661 Throughput=65.31250 goodput=61.50000 badput=3.81250 completed=11006 timedout=610 dropped=0 Util=0.98195
### END_ENTRY users=1360 run=38 ###

### ENTRY users=1370 run=38 seed=38 ###
ResponseTime=17.66026 Throughput=65.04375 goodput=60.92500 badput=4.11875 completed=10942 timedout=659 dropped=0 Util=0.98195
### END_ENTRY users=1370 run=38 ###

### ENTRY users=1380 run=38 seed=38 ###
ResponseTime=17.72548 Throughput=65.40625 goodput=61.20625 badput=4.20000 completed=10941 timedout=672 dropped=0 Util=0.98194
### END_ENTRY users=1380 run=38 ###

### ENTRY users=1390 run=38 seed=38 ###
ResponseTime=17.88630 Throughput=65.33750 goodput=61.06250 badput=4.27500 completed=10925 timedout=684 dropped=0 Util=0.98195
### END_ENTRY users=1390 run=38 ###

### ENTRY users=1400 run=38 seed=38 ###
ResponseTime=17.94670 Throughput=65.65625 goodput=61.20625 badput=4.45000 completed=10940 timedout=712 dropped=0 Util=0.98195
### END_ENTRY users=1400 run=38 ###

### ENTRY users=1410 run=38 seed=38 ###
ResponseTime=18.29249 Throughput=65.11250 goodput=60.25625 badput=4.85625 completed=10789 timedout=777 dropped=0 Util=0.98197
### END_ENTRY users=1410 run=38 ###

### ENTRY users=1420 run=38 seed=38 ###
ResponseTime=18.30276 Throughput=65.26250 goodput=60.26250 badput=5.00000 completed=10790 timedout=800 dropped=0 Util=0.98193
### END_ENTRY users=1420 run=38 ###

### ENTRY users=1430 run=38 seed=38 ###
ResponseTime=18.70056 Throughput=65.15625 goodput=59.67500 badput=5.48125 completed=10627 timedout=877 dropped=0 Util=0.98195
### END_ENTRY users=1430 run=38 ###

### ENTRY users=1440 run=38 seed=38 ###
ResponseTime=18.81678 Throughput=64.85625 goodput=59.05000 badput=5.80625 completed=10602 timedout=929 dropped=0 Util=0.98191
### END_ENTRY users=1440 run=38 ###

### ENTRY users=1450 run=38 seed=38 ###
ResponseTime=18.70290 Throughput=65.24375 goodput=59.79375 badput=5.45000 completed=10728 timedout=872 dropped=0 Util=0.98197
### END_ENTRY users=1450 run=38 ###

### ENTRY users=1460 run=38 seed=38 ###
ResponseTime=19.13442 Throughput=64.48750 goodput=58.24375 badput=6.24375 completed=10477 timedout=999 dropped=0 Util=0.98192
### END_ENTRY users=1460 run=38 ###

### ENTRY users=1470 run=38 seed=38 ###
ResponseTime=19.30300 Throughput=64.80000 goodput=58.43750 badput=6.36250 completed=10470 timedout=1018 dropped=0 Util=0.98193
### END_ENTRY users=1470 run=38 ###

### ENTRY users=1480 run=38 seed=38 ###
ResponseTime=19.33475 Throughput=65.20625 goodput=58.56250 badput=6.64375 completed=10471 timedout=1063 dropped=0 Util=0.98194
### END_ENTRY users=1480 run=38 ###

### ENTRY users=1490 run=38 seed=38 ###
ResponseTime=19.25898 Throughput=65.88125 goodput=59.45000 badput=6.43125 completed=10677 timedout=1029 dropped=0 Util=0.98197
### END_ENTRY users=1490 run=38 ###

### ENTRY users=1500 run=38 seed=38 ###
ResponseTime=19.68809 Throughput=65.03125 goodput=57.70625 badput=7.32500 completed=10357 timedout=1172 dropped=0 Util=0.98193
### END_ENTRY users=1500 run=38 ###

### ENTRY users=1510 run=38 seed=38 ###
ResponseTime=19.80307 Throughput=64.75625 goodput=57.10000 badput=7.65625 completed=10266 timedout=1225 dropped=0 Util=0.98192
### END_ENTRY users=1510 run=38 ###

### ENTRY users=1520 run=38 seed=38 ###
ResponseTime=19.74634 Throughput=65.50625 goodput=58.30625 badput=7.20000 completed=10457 timedout=1152 dropped=0 Util=0.98196
### END_ENTRY users=1520 run=38 ###

### ENTRY users=1530 run=38 seed=38 ###
ResponseTime=19.97795 Throughput=65.24375 goodput=57.36250 badput=7.88125 completed=10301 timedout=1261 dropped=0 Util=0.98194
### END_ENTRY users=1530 run=38 ###

### ENTRY users=1540 run=38 seed=38 ###
ResponseTime=20.61056 Throughput=63.88750 goodput=54.43750 badput=9.45000 completed=9864 timedout=1512 dropped=0 Util=0.98190
### END_ENTRY users=1540 run=38 ###

### ENTRY users=1550 run=38 seed=38 ###
ResponseTime=20.25739 Throughput=65.44375 goodput=56.78125 badput=8.66250 completed=10212 timedout=1386 dropped=0 Util=0.98195
### END_ENTRY users=1550 run=38 ###

### ENTRY users=1560 run=38 seed=38 ###
ResponseTime=20.63620 Throughput=64.75000 goodput=55.00625 badput=9.74375 completed=9943 timedout=1559 dropped=0 Util=0.98193
### END_ENTRY users=1560 run=38 ###

### ENTRY users=1570 run=38 seed=38 ###
ResponseTime=20.27785 Throughput=66.26250 goodput=57.53750 badput=8.72500 completed=10341 timedout=1396 dropped=0 Util=0.98201
### END_ENTRY users=1570 run=38 ###

### ENTRY users=1580 run=38 seed=38 ###
ResponseTime=20.96695 Throughput=64.67500 goodput=54.23125 badput=10.44375 completed=9827 timedout=1671 dropped=0 Util=0.98194
### END_ENTRY users=1580 run=38 ###

### ENTRY users=1590 run=38 seed=38 ###
ResponseTime=20.98991 Throughput=64.85625 goodput=54.50625 badput=10.35000 completed=9859 timedout=1656 dropped=0 Util=0.98196
### END_ENTRY users=1590 run=38 ###

### ENTRY users=1600 run=38 seed=38 ###
ResponseTime=20.87072 Throughput=65.50625 goodput=55.31250 badput=10.19375 completed=9963 timedout=1631 dropped=0 Util=0.98193
### END_ENTRY users=1600 run=38 ###

### ENTRY users=1610 run=38 seed=38 ###
ResponseTime=21.31598 Throughput=64.75000 goodput=53.11250 badput=11.63750 completed=9632 timedout=1862 dropped=0 Util=0.98194
### END_ENTRY users=1610 run=38 ###

### ENTRY users=1620 run=38 seed=38 ###
ResponseTime=21.22020 Throughput=65.40000 goodput=53.65625 badput=11.74375 completed=9710 timedout=1879 dropped=0 Util=0.98193
### END_ENTRY users=1620 run=38 ###

### ENTRY users=1630 run=38 seed=38 ###
ResponseTime=21.70223 Throughput=64.48125 goodput=51.35000 badput=13.13125 completed=9387 timedout=2101 dropped=0 Util=0.98189
### END_ENTRY users=1630 run=38 ###

### ENTRY users=1640 run=38 seed=38 ###
ResponseTime=21.78290 Throughput=64.70000 goodput=51.26875 badput=13.43125 completed=9313 timedout=2149 dropped=0 Util=0.98192
### END_ENTRY users=1640 run=38 ###

### ENTRY users=1650 run=38 seed=38 ###
ResponseTime=21.96333 Throughput=64.75625 goodput=51.07500 badput=13.68125 completed=9321 timedout=2189 dropped=0 Util=0.98194
### END_ENTRY users=1650 run=38 ###

### ENTRY users=1660 run=38 seed=38 ###
ResponseTime=22.17255 Throughput=64.67500 goodput=49.51875 badput=15.15625 completed=9080 timedout=2425 dropped=0 Util=0.98190
### END_ENTRY users=1660 run=38 ###

### ENTRY users=1670 run=38 seed=38 ###
ResponseTime=22.41938 Throughput=64.18125 goodput=47.78125 badput=16.40000 completed=8788 timedout=2624 dropped=0 Util=0.98194
### END_ENTRY users=1670 run=38 ###

### ENTRY users=1680 run=38 seed=38 ###
ResponseTime=22.85752 Throughput=63.86250 goodput=46.01250 badput=17.85000 completed=8486 timedout=2856 dropped=0 Util=0.98191
### END_ENTRY users=1680 run=38 ###

### ENTRY users=1690 run=38 seed=38 ###
ResponseTime=22.52252 Throughput=64.82500 goodput=48.20625 badput=16.61875 completed=8861 timedout=2659 dropped=0 Util=0.98194
### END_ENTRY users=1690 run=38 ###

### ENTRY users=1700 run=38 seed=38 ###
ResponseTime=22.69181 Throughput=64.46250 goodput=46.96250 badput=17.50000 completed=8652 timedout=2800 dropped=0 Util=0.98193
### END_ENTRY users=1700 run=38 ###

### ENTRY users=1710 run=38 seed=38 ###
ResponseTime=22.61805 Throughput=65.27500 goodput=48.07500 badput=17.20000 completed=8809 timedout=2752 dropped=0 Util=0.98194
### END_ENTRY users=1710 run=38 ###

### ENTRY users=1720 run=38 seed=38 ###
ResponseTime=22.99703 Throughput=64.34375 goodput=44.90000 badput=19.44375 completed=8317 timedout=3111 dropped=0 Util=0.98192
### END_ENTRY users=1720 run=38 ###

### ENTRY users=1730 run=38 seed=38 ###
ResponseTime=23.12895 Throughput=64.83750 goodput=45.08750 badput=19.75000 completed=8352 timedout=3160 dropped=0 Util=0.98195
### END_ENTRY users=1730 run=38 ###

### ENTRY users=1740 run=38 seed=38 ###
ResponseTime=23.24244 Throughput=64.67500 goodput=43.96250 badput=20.71250 completed=8168 timedout=3314 dropped=0 Util=0.98190
### END_ENTRY users=1740 run=38 ###

### ENTRY users=1750 run=38 seed=38 ###
ResponseTime=23.12513 Throughput=65.34375 goodput=45.10625 badput=20.23750 completed=8360 timedout=3238 dropped=0 Util=0.98195
### END_ENTRY users=1750 run=38 ###

### ENTRY users=1760 run=38 seed=38 ###
ResponseTime=23.31997 Throughput=65.36875 goodput=44.21875 badput=21.15000 completed=8211 timedout=3384 dropped=0 Util=0.98196
### END_ENTRY users=1760 run=38 ###

### ENTRY users=1770 run=38 seed=38 ###
ResponseTime=23.56319 Throughput=64.85000 goodput=42.28750 badput=22.56250 completed=7886 timedout=3610 dropped=0 Util=0.98195
### END_ENTRY users=1770 run=38 ###

### ENTRY users=1780 run=38 seed=38 ###
ResponseTime=23.73858 Throughput=64.98750 goodput=41.61250 badput=23.37500 completed=7799 timedout=3740 dropped=0 Util=0.98192
### END_ENTRY users=1780 run=38 ###

### ENTRY users=1790 run=38 seed=38 ###
ResponseTime=23.92827 Throughput=64.90000 goodput=40.14375 badput=24.75625 completed=7522 timedout=3961 dropped=0 Util=0.98194
### END_ENTRY users=1790 run=38 ###

### ENTRY users=1800 run=38 seed=38 ###
ResponseTime=23.87749 Throughput=65.28750 goodput=40.90625 badput=24.38125 completed=7715 timedout=3901 dropped=0 Util=0.98195
### END_ENTRY users=1800 run=38 ###

### ENTRY users=1810 run=38 seed=38 ###
ResponseTime=23.96235 Throughput=65.43125 goodput=40.34375 badput=25.08750 completed=7605 timedout=4014 dropped=0 Util=0.98196
### END_ENTRY users=1810 run=38 ###

### ENTRY users=1820 run=38 seed=38 ###
ResponseTime=24.32112 Throughput=64.91875 goodput=37.50625 badput=27.41250 completed=7147 timedout=4386 dropped=0 Util=0.98194
### END_ENTRY users=1820 run=38 ###

### ENTRY users=1830 run=38 seed=38 ###
ResponseTime=24.22758 Throughput=65.48750 goodput=38.68125 badput=26.80625 completed=7311 timedout=4289 dropped=0 Util=0.98193
### END_ENTRY users=1830 run=38 ###

### ENTRY users=1840 run=38 seed=38 ###
ResponseTime=24.50433 Throughput=65.25625 goodput=37.07500 badput=28.18125 completed=7081 timedout=4509 dropped=0 Util=0.98196
### END_ENTRY users=1840 run=38 ###

### ENTRY users=1850 run=38 seed=38 ###
ResponseTime=24.55412 Throughput=65.46250 goodput=36.65625 badput=28.80625 completed=7024 timedout=4609 dropped=0 Util=0.98195
### END_ENTRY users=1850 run=38 ###

### ENTRY users=1860 run=38 seed=38 ###
ResponseTime=25.03605 Throughput=64.70000 goodput=33.57500 badput=31.12500 completed=6505 timedout=4980 dropped=0 Util=0.98192
### END_ENTRY users=1860 run=38 ###

### ENTRY users=1870 run=38 seed=38 ###
ResponseTime=24.69437 Throughput=65.80000 goodput=36.55000 badput=29.25000 completed=6971 timedout=4680 dropped=0 Util=0.98197
### END_ENTRY users=1870 run=38 ###

### ENTRY users=1880 run=38 seed=38 ###
ResponseTime=25.07978 Throughput=65.13750 goodput=33.53125 badput=31.60625 completed=6482 timedout=5057 dropped=0 Util=0.98195
### END_ENTRY users=1880 run=38 ###

### ENTRY users=1890 run=38 seed=38 ###
ResponseTime=25.27369 Throughput=64.83125 goodput=31.97500 badput=32.85625 completed=6255 timedout=5257 dropped=0 Util=0.98194
### END_ENTRY users=1890 run=38 ###

### ENTRY users=1900 run=38 seed=38 ###
ResponseTime=25.15098 Throughput=65.60000 goodput=33.11250 badput=32.48750 completed=6429 timedout=5198 dropped=0 Util=0.98193
### END_ENTRY users=1900 run=38 ###

### ENTRY users=1910 run=38 seed=38 ###
ResponseTime=25.50987 Throughput=65.40000 goodput=30.91875 badput=34.48125 completed=6079 timedout=5517 dropped=0 Util=0.98194
### END_ENTRY users=1910 run=38 ###

### ENTRY users=1920 run=38 seed=38 ###
ResponseTime=25.93129 Throughput=64.59375 goodput=28.59375 badput=36.00000 completed=5705 timedout=5760 dropped=0 Util=0.98189
### END_ENTRY users=1920 run=38 ###

### ENTRY users=1930 run=38 seed=38 ###
ResponseTime=25.99892 Throughput=64.58750 goodput=28.11875 badput=36.46875 completed=5611 timedout=5835 dropped=0 Util=0.98191
### END_ENTRY users=1930 run=38 ###

### ENTRY users=1940 run=38 seed=38 ###
ResponseTime=25.73724 Throughput=65.73750 goodput=29.92500 badput=35.81250 completed=5917 timedout=5730 dropped=0 Util=0.98197
### END_ENTRY users=1940 run=38 ###

### ENTRY users=1950 run=38 seed=38 ###
ResponseTime=25.97777 Throughput=65.34375 goodput=28.24375 badput=37.10000 completed=5639 timedout=5936 dropped=0 Util=0.98194
### END_ENTRY users=1950 run=38 ###

### ENTRY users=1960 run=38 seed=38 ###
ResponseTime=26.02615 Throughput=65.86250 goodput=28.55000 badput=37.31250 completed=5682 timedout=5970 dropped=0 Util=0.98195
### END_ENTRY users=1960 run=38 ###

### ENTRY users=1970 run=38 seed=38 ###
ResponseTime=26.52251 Throughput=64.55625 goodput=24.86250 badput=39.69375 completed=5110 timedout=6351 dropped=0 Util=0.98193
### END_ENTRY users=1970 run=38 ###

### ENTRY users=1980 run=38 seed=38 ###
ResponseTime=26.68522 Throughput=64.81875 goodput=24.15000 badput=40.66875 completed=4978 timedout=6507 dropped=0 Util=0.98189
### END_ENTRY users=1980 run=38 ###

### ENTRY users=1990 run=38 seed=38 ###
ResponseTime=26.69237 Throughput=65.16250 goodput=24.78125 badput=40.38125 completed=5080 timedout=6461 dropped=0 Util=0.98190
### END_ENTRY users=1990 run=38 ###

### ENTRY users=2000 run=38 seed=38 ###
ResponseTime=26.90469 Throughput=64.73750 goodput=22.96250 badput=41.77500 completed=4808 timedout=6684 dropped=0 Util=0.98193
### END_ENTRY users=2000 run=38 ###

### ENTRY users=2010 run=38 seed=38 ###
ResponseTime=26.46625 Throughput=66.38125 goodput=25.79375 badput=40.58750 completed=5218 timedout=6494 dropped=0 Util=0.98197
### END_ENTRY users=2010 run=38 ###

### ENTRY users=2020 run=38 seed=38 ###
ResponseTime=27.32316 Throughput=64.41875 goodput=20.76250 badput=43.65625 completed=4443 timedout=6985 dropped=0 Util=0.98192
### END_ENTRY users=2020 run=38 ###

### ENTRY users=2030 run=38 seed=38 ###
ResponseTime=27.34914 Throughput=64.92500 goodput=20.61875 badput=44.30625 completed=4392 timedout=7089 dropped=0 Util=0.98192
### END_ENTRY users=2030 run=38 ###

### ENTRY users=2040 run=38 seed=38 ###
ResponseTime=27.20084 Throughput=65.52500 goodput=21.52500 badput=44.00000 completed=4529 timedout=7040 dropped=0 Util=0.98196
### END_ENTRY users=2040 run=38 ###

### ENTRY users=2050 run=38 seed=38 ###
ResponseTime=26.86234 Throughput=66.60000 goodput=24.08750 badput=42.51250 completed=4991 timedout=6802 dropped=0 Util=0.98195
### END_ENTRY users=2050 run=38 ###

### ENTRY users=2060 run=38 seed=38 ###
ResponseTime=27.58695 Throughput=65.27500 goodput=19.76250 badput=45.51250 completed=4299 timedout=7282 dropped=0 Util=0.98195
### END_ENTRY users=2060 run=38 ###

### ENTRY users=2070 run=38 seed=38 ###
ResponseTime=27.72189 Throughput=65.20625 goodput=19.03750 badput=46.16875 completed=4123 timedout=7387 dropped=0 Util=0.98193
### END_ENTRY users=2070 run=38 ###

### ENTRY users=2080 run=38 seed=38 ###
ResponseTime=27.58987 Throughput=65.79375 goodput=19.76250 badput=46.03125 completed=4281 timedout=7365 dropped=0 Util=0.98195
### END_ENTRY users=2080 run=38 ###

### ENTRY users=2090 run=38 seed=38 ###
ResponseTime=27.90634 Throughput=65.34375 goodput=17.96875 badput=47.37500 completed=3972 timedout=7580 dropped=0 Util=0.98193
### END_ENTRY users=2090 run=38 ###

### ENTRY users=2100 run=38 seed=38 ###
ResponseTime=28.24665 Throughput=64.81250 goodput=16.81875 badput=47.99375 completed=3805 timedout=7679 dropped=0 Util=0.98194
### END_ENTRY users=2100 run=38 ###

### ENTRY users=2110 run=38 seed=38 ###
ResponseTime=28.36107 Throughput=65.20000 goodput=16.28125 badput=48.91875 completed=3671 timedout=7827 dropped=0 Util=0.98194
### END_ENTRY users=2110 run=38 ###

### ENTRY users=2120 run=38 seed=38 ###
ResponseTime=28.48961 Throughput=65.33125 goodput=15.56250 badput=49.76875 completed=3546 timedout=7963 dropped=0 Util=0.98197
### END_ENTRY users=2120 run=38 ###

### ENTRY users=2130 run=38 seed=38 ###
ResponseTime=28.52612 Throughput=65.43750 goodput=15.13750 badput=50.30000 completed=3495 timedout=8048 dropped=0 Util=0.98197
### END_ENTRY users=2130 run=38 ###

### ENTRY users=2140 run=38 seed=38 ###
ResponseTime=28.78611 Throughput=65.11250 goodput=13.96250 badput=51.15000 completed=3330 timedout=8184 dropped=0 Util=0.98196
### END_ENTRY users=2140 run=38 ###

### ENTRY users=2150 run=38 seed=38 ###
ResponseTime=28.88086 Throughput=65.13750 goodput=13.63125 badput=51.50625 completed=3246 timedout=8241 dropped=0 Util=0.98194
### END_ENTRY users=2150 run=38 ###

### ENTRY users=2160 run=38 seed=38 ###
ResponseTime=28.83771 Throughput=65.58125 goodput=13.76875 badput=51.81250 completed=3306 timedout=8290 dropped=0 Util=0.98196
### END_ENTRY users=2160 run=38 ###

### ENTRY users=2170 run=38 seed=38 ###
ResponseTime=29.16350 Throughput=65.26875 goodput=12.42500 badput=52.84375 completed=3022 timedout=8455 dropped=0 Util=0.98195
### END_ENTRY users=2170 run=38 ###

### ENTRY users=2180 run=38 seed=38 ###
ResponseTime=29.42107 Throughput=64.74375 goodput=11.09375 badput=53.65000 completed=2877 timedout=8584 dropped=0 Util=0.98195
### END_ENTRY users=2180 run=38 ###

### ENTRY users=2190 run=38 seed=38 ###
ResponseTime=29.34677 Throughput=65.30625 goodput=11.71875 badput=53.58750 completed=2927 timedout=8574 dropped=0 Util=0.98193
### END_ENTRY users=2190 run=38 ###

### ENTRY users=2200 run=38 seed=38 ###
ResponseTime=29.19380 Throughput=66.12500 goodput=12.53125 badput=53.59375 completed=3083 timedout=8575 dropped=0 Util=0.98195
### END_ENTRY users=2200 run=38 ###

### ENTRY users=2210 run=38 seed=38 ###
ResponseTime=29.77535 Throughput=65.15000 goodput=10.11250 badput=55.03750 completed=2699 timedout=8806 dropped=0 Util=0.98195
### END_ENTRY users=2210 run=38 ###

### ENTRY users=2220 run=38 seed=38 ###
ResponseTime=29.58566 Throughput=65.99375 goodput=11.12500 badput=54.86875 completed=2812 timedout=8779 dropped=0 Util=0.98197
### END_ENTRY users=2220 run=38 ###

### ENTRY users=2230 run=38 seed=38 ###
ResponseTime=29.55578 Throughput=65.72500 goodput=11.27500 badput=54.45000 completed=2875 timedout=8712 dropped=0 Util=0.98196
### END_ENTRY users=2230 run=38 ###

### ENTRY users=2240 run=38 seed=38 ###
ResponseTime=30.40693 Throughput=64.91250 goodput=8.09375 badput=56.81875 completed=2373 timedout=9091 dropped=0 Util=0.98193
### END_ENTRY users=2240 run=38 ###

### ENTRY users=2250 run=38 seed=38 ###
ResponseTime=30.29120 Throughput=65.00000 goodput=8.40625 badput=56.59375 completed=2420 timedout=9055 dropped=0 Util=0.98195
### END_ENTRY users=2250 run=38 ###

### ENTRY users=2260 run=38 seed=38 ###
ResponseTime=30.46829 Throughput=65.16250 goodput=7.73125 badput=57.43125 completed=2313 timedout=9189 dropped=0 Util=0.98194
### END_ENTRY users=2260 run=38 ###

### ENTRY users=2270 run=38 seed=38 ###
ResponseTime=30.81765 Throughput=64.40000 goodput=7.00000 badput=57.40000 completed=2244 timedout=9184 dropped=0 Util=0.98195
### END_ENTRY users=2270 run=38 ###

### ENTRY users=2280 run=38 seed=38 ###
ResponseTime=30.66775 Throughput=65.10625 goodput=7.16250 badput=57.94375 completed=2221 timedout=9271 dropped=0 Util=0.98196
### END_ENTRY users=2280 run=38 ###

### ENTRY users=2290 run=38 seed=38 ###
ResponseTime=30.90572 Throughput=65.25000 goodput=6.71875 badput=58.53125 completed=2126 timedout=9365 dropped=0 Util=0.98195
### END_ENTRY users=2290 run=38 ###

### ENTRY users=2300 run=38 seed=38 ###
ResponseTime=30.68349 Throughput=65.64375 goodput=7.35000 badput=58.29375 completed=2299 timedout=9327 dropped=0 Util=0.98197
### END_ENTRY users=2300 run=38 ###

### ENTRY users=2310 run=38 seed=38 ###
ResponseTime=31.06513 Throughput=65.13750 goodput=6.36250 badput=58.77500 completed=2106 timedout=9404 dropped=0 Util=0.98195
### END_ENTRY users=2310 run=38 ###

### ENTRY users=2320 run=38 seed=38 ###
ResponseTime=30.64179 Throughput=66.47500 goodput=7.51875 badput=58.95625 completed=2272 timedout=9433 dropped=0 Util=0.98198
### END_ENTRY users=2320 run=38 ###

### ENTRY users=2330 run=38 seed=38 ###
ResponseTime=31.66909 Throughput=64.43125 goodput=5.15000 badput=59.28125 completed=1898 timedout=9485 dropped=0 Util=0.98193
### END_ENTRY users=2330 run=38 ###

### ENTRY users=2340 run=38 seed=38 ###
ResponseTime=31.51566 Throughput=65.07500 goodput=5.55625 badput=59.51875 completed=1976 timedout=9523 dropped=0 Util=0.98191
### END_ENTRY users=2340 run=38 ###

### ENTRY users=2350 run=38 seed=38 ###
ResponseTime=31.63713 Throughput=64.89375 goodput=5.46875 badput=59.42500 completed=2038 timedout=9508 dropped=0 Util=0.98194
### END_ENTRY users=2350 run=38 ###

### ENTRY users=2360 run=38 seed=38 ###
ResponseTime=31.61668 Throughput=65.30625 goodput=5.31875 badput=59.98750 completed=1953 timedout=9598 dropped=0 Util=0.98195
### END_ENTRY users=2360 run=38 ###

### ENTRY users=2370 run=38 seed=38 ###
ResponseTime=31.75151 Throughput=65.27500 goodput=5.43750 badput=59.83750 completed=1989 timedout=9574 dropped=0 Util=0.98195
### END_ENTRY users=2370 run=38 ###

### ENTRY users=2380 run=38 seed=38 ###
ResponseTime=32.38534 Throughput=64.12500 goodput=4.86250 badput=59.26250 completed=1888 timedout=9482 dropped=0 Util=0.98192
### END_ENTRY users=2380 run=38 ###

### ENTRY users=2390 run=38 seed=38 ###
ResponseTime=31.86136 Throughput=65.69375 goodput=5.22500 badput=60.46875 completed=1888 timedout=9675 dropped=0 Util=0.98197
### END_ENTRY users=2390 run=38 ###

### ENTRY users=2400 run=38 seed=38 ###
ResponseTime=32.28097 Throughput=65.02500 goodput=5.16875 badput=59.85625 completed=1939 timedout=9577 dropped=0 Util=0.98194
### END_ENTRY users=2400 run=38 ###

### ENTRY users=2410 run=38 seed=38 ###
ResponseTime=32.37024 Throughput=65.42500 goodput=5.04375 badput=60.38125 completed=1850 timedout=9661 dropped=0 Util=0.98196
### END_ENTRY users=2410 run=38 ###

### ENTRY users=2420 run=38 seed=38 ###
ResponseTime=32.06860 Throughput=65.96875 goodput=5.18125 badput=60.78750 completed=1938 timedout=9726 dropped=0 Util=0.98195
### END_ENTRY users=2420 run=38 ###

### ENTRY users=2430 run=38 seed=38 ###
ResponseTime=32.62073 Throughput=65.16875 goodput=4.73125 badput=60.43750 completed=1829 timedout=9670 dropped=0 Util=0.98197
### END_ENTRY users=2430 run=38 ###

### ENTRY users=2440 run=38 seed=38 ###
ResponseTime=32.89592 Throughput=64.70625 goodput=4.87500 badput=59.83125 completed=1879 timedout=9573 dropped=0 Util=0.98192
### END_ENTRY users=2440 run=38 ###

### ENTRY users=2450 run=38 seed=38 ###
ResponseTime=33.17502 Throughput=64.89375 goodput=4.81875 badput=60.07500 completed=1806 timedout=9612 dropped=0 Util=0.98193
### END_ENTRY users=2450 run=38 ###

### ENTRY users=2460 run=38 seed=38 ###
ResponseTime=33.50939 Throughput=64.46250 goodput=4.72500 badput=59.73750 completed=1836 timedout=9558 dropped=0 Util=0.98192
### END_ENTRY users=2460 run=38 ###

### ENTRY users=2470 run=38 seed=38 ###
ResponseTime=33.21868 Throughput=65.19375 goodput=4.58750 badput=60.60625 completed=1811 timedout=9697 dropped=0 Util=0.98196
### END_ENTRY users=2470 run=38 ###

### ENTRY users=2480 run=38 seed=38 ###
ResponseTime=33.59480 Throughput=64.57500 goodput=5.10625 badput=59.46875 completed=1900 timedout=9515 dropped=0 Util=0.98194
### END_ENTRY users=2480 run=38 ###

### ENTRY users=2490 run=38 seed=38 ###
ResponseTime=33.39233 Throughput=65.39375 goodput=4.39375 badput=61.00000 completed=1768 timedout=9760 dropped=0 Util=0.98194
### END_ENTRY users=2490 run=38 ###

### ENTRY users=2500 run=38 seed=38 ###
ResponseTime=33.59458 Throughput=65.03125 goodput=4.78125 badput=60.25000 completed=1846 timedout=9640 dropped=0 Util=0.98195
### END_ENTRY users=2500 run=38 ###

### ENTRY users=2510 run=38 seed=38 ###
ResponseTime=33.68997 Throughput=65.35000 goodput=4.58750 badput=60.76250 completed=1808 timedout=9722 dropped=0 Util=0.98194
### END_ENTRY users=2510 run=38 ###

### ENTRY users=2520 run=38 seed=38 ###
ResponseTime=33.96175 Throughput=64.96250 goodput=4.85625 badput=60.10625 completed=1867 timedout=9617 dropped=0 Util=0.98194
### END_ENTRY users=2520 run=38 ###

### ENTRY users=2530 run=38 seed=38 ###
ResponseTime=34.04989 Throughput=65.21875 goodput=4.58750 badput=60.63125 completed=1800 timedout=9701 dropped=0 Util=0.98194
### END_ENTRY users=2530 run=38 ###

### ENTRY users=2540 run=38 seed=38 ###
ResponseTime=33.90055 Throughput=65.52500 goodput=4.71250 badput=60.81250 completed=1860 timedout=9730 dropped=0 Util=0.98196
### END_ENTRY users=2540 run=38 ###

### ENTRY users=2550 run=38 seed=38 ###
ResponseTime=34.18520 Throughput=65.15625 goodput=4.76875 badput=60.38750 completed=1880 timedout=9662 dropped=0 Util=0.98195
### END_ENTRY users=2550 run=38 ###

### ENTRY users=2560 run=38 seed=38 ###
ResponseTime=34.85042 Throughput=64.20625 goodput=4.63125 badput=59.57500 completed=1829 timedout=9532 dropped=0 Util=0.98193
### END_ENTRY users=2560 run=38 ###

### ENTRY users=2570 run=38 seed=38 ###
ResponseTime=34.24110 Throughput=65.50625 goodput=4.56875 badput=60.93750 completed=1799 timedout=9750 dropped=0 Util=0.98196
### END_ENTRY users=2570 run=38 ###

### ENTRY users=2580 run=38 seed=38 ###
ResponseTime=34.69484 Throughput=65.25625 goodput=4.77500 badput=60.48125 completed=1822 timedout=9677 dropped=0 Util=0.98195
### END_ENTRY users=2580 run=38 ###

### ENTRY users=2590 run=38 seed=38 ###
ResponseTime=34.19514 Throughput=66.17500 goodput=5.13750 badput=61.03750 completed=1911 timedout=9766 dropped=0 Util=0.98198
### END_ENTRY users=2590 run=38 ###

### ENTRY users=2600 run=38 seed=38 ###
ResponseTime=34.66250 Throughput=65.67500 goodput=4.76250 badput=60.91250 completed=1819 timedout=9746 dropped=0 Util=0.98195
### END_ENTRY users=2600 run=38 ###

### ENTRY users=2610 run=38 seed=38 ###
ResponseTime=34.96082 Throughput=65.48125 goodput=4.64375 badput=60.83750 completed=1835 timedout=9734 dropped=0 Util=0.98197
### END_ENTRY users=2610 run=38 ###

### ENTRY users=2620 run=38 seed=38 ###
ResponseTime=35.04484 Throughput=65.20625 goodput=4.83125 badput=60.37500 completed=1885 timedout=9660 dropped=0 Util=0.98196
### END_ENTRY users=2620 run=38 ###

### ENTRY users=2630 run=38 seed=38 ###
ResponseTime=34.98918 Throughput=65.90625 goodput=4.71250 badput=61.19375 completed=1825 timedout=9791 dropped=0 Util=0.98198
### END_ENTRY users=2630 run=38 ###

### ENTRY users=2640 run=38 seed=38 ###
ResponseTime=35.40274 Throughput=65.07500 goodput=4.81250 badput=60.26250 completed=1824 timedout=9642 dropped=0 Util=0.98196
### END_ENTRY users=2640 run=38 ###

### ENTRY users=2650 run=38 seed=38 ###
ResponseTime=35.36984 Throughput=65.33750 goodput=4.98125 badput=60.35625 completed=1878 timedout=9657 dropped=0 Util=0.98196
### END_ENTRY users=2650 run=38 ###

### ENTRY users=2660 run=38 seed=38 ###
ResponseTime=35.33098 Throughput=65.76875 goodput=4.78750 badput=60.98125 completed=1818 timedout=9757 dropped=0 Util=0.98196
### END_ENTRY users=2660 run=38 ###

### ENTRY users=2670 run=38 seed=38 ###
ResponseTime=35.64268 Throughput=65.40625 goodput=4.87500 badput=60.53125 completed=1891 timedout=9685 dropped=0 Util=0.98195
### END_ENTRY users=2670 run=38 ###

### ENTRY users=2680 run=38 seed=38 ###
ResponseTime=36.25524 Throughput=64.62500 goodput=4.38750 badput=60.23750 completed=1763 timedout=9638 dropped=0 Util=0.98192
### END_ENTRY users=2680 run=38 ###

### ENTRY users=2690 run=38 seed=38 ###
ResponseTime=36.58743 Throughput=64.46875 goodput=4.71875 badput=59.75000 completed=1831 timedout=9560 dropped=0 Util=0.98194
### END_ENTRY users=2690 run=38 ###

### ENTRY users=2700 run=38 seed=38 ###
ResponseTime=35.96486 Throughput=65.61250 goodput=4.47500 badput=61.13750 completed=1786 timedout=9782 dropped=0 Util=0.98198
### END_ENTRY users=2700 run=38 ###

### ENTRY users=2710 run=38 seed=38 ###
ResponseTime=36.64520 Throughput=64.59375 goodput=4.57500 badput=60.01875 completed=1812 timedout=9603 dropped=0 Util=0.98194
### END_ENTRY users=2710 run=38 ###

### ENTRY users=2720 run=38 seed=38 ###
ResponseTime=36.37909 Throughput=65.45000 goodput=4.63125 badput=60.81875 completed=1775 timedout=9731 dropped=0 Util=0.98194
### END_ENTRY users=2720 run=38 ###

### ENTRY users=2730 run=38 seed=38 ###
ResponseTime=36.62967 Throughput=64.91875 goodput=5.21875 badput=59.70000 completed=1904 timedout=9552 dropped=0 Util=0.98197
### END_ENTRY users=2730 run=38 ###

### ENTRY users=2740 run=38 seed=38 ###
ResponseTime=36.88159 Throughput=64.95000 goodput=4.65000 badput=60.30000 completed=1808 timedout=9648 dropped=0 Util=0.98191
### END_ENTRY users=2740 run=38 ###

### ENTRY users=2750 run=38 seed=38 ###
ResponseTime=36.73973 Throughput=65.36875 goodput=4.80000 badput=60.56875 completed=1848 timedout=9691 dropped=0 Util=0.98194
### END_ENTRY users=2750 run=38 ###

### ENTRY users=2760 run=38 seed=38 ###
ResponseTime=36.96276 Throughput=64.96875 goodput=4.67500 badput=60.29375 completed=1793 timedout=9647 dropped=0 Util=0.98194
### END_ENTRY users=2760 run=38 ###

### ENTRY users=2770 run=38 seed=38 ###
ResponseTime=37.32070 Throughput=64.96250 goodput=4.83125 badput=60.13125 completed=1854 timedout=9621 dropped=0 Util=0.98193
### END_ENTRY users=2770 run=38 ###

### ENTRY users=2780 run=38 seed=38 ###
ResponseTime=37.07427 Throughput=65.61875 goodput=4.70000 badput=60.91875 completed=1828 timedout=9747 dropped=0 Util=0.98196
### END_ENTRY users=2780 run=38 ###

### ENTRY users=2790 run=38 seed=38 ###
ResponseTime=36.88329 Throughput=66.07500 goodput=4.88750 badput=61.18750 completed=1856 timedout=9790 dropped=0 Util=0.98196
### END_ENTRY users=2790 run=38 ###

### ENTRY users=2800 run=38 seed=38 ###
ResponseTime=37.33306 Throughput=65.53125 goodput=4.90625 badput=60.62500 completed=1842 timedout=9700 dropped=0 Util=0.98195
### END_ENTRY users=2800 run=38 ###

### ENTRY users=2810 run=38 seed=38 ###
ResponseTime=37.28997 Throughput=65.65000 goodput=4.66250 badput=60.98750 completed=1823 timedout=9758 dropped=0 Util=0.98196
### END_ENTRY users=2810 run=38 ###

### ENTRY users=2820 run=38 seed=38 ###
ResponseTime=37.84472 Throughput=65.31875 goodput=4.71250 badput=60.60625 completed=1794 timedout=9697 dropped=0 Util=0.98195
### END_ENTRY users=2820 run=38 ###

### ENTRY users=2830 run=38 seed=38 ###
ResponseTime=37.58892 Throughput=65.56875 goodput=4.69375 badput=60.87500 completed=1835 timedout=9740 dropped=0 Util=0.98198
### END_ENTRY users=2830 run=38 ###

### ENTRY users=2840 run=38 seed=38 ###
ResponseTime=37.85057 Throughput=65.40625 goodput=4.80625 badput=60.60000 completed=1875 timedout=9696 dropped=0 Util=0.98197
### END_ENTRY users=2840 run=38 ###

### ENTRY users=2850 run=38 seed=38 ###
ResponseTime=38.28903 Throughput=65.13750 goodput=4.76875 badput=60.36875 completed=1870 timedout=9659 dropped=0 Util=0.98195
### END_ENTRY users=2850 run=38 ###

### ENTRY users=2860 run=38 seed=38 ###
ResponseTime=38.05400 Throughput=65.58125 goodput=4.35000 badput=61.23125 completed=1785 timedout=9797 dropped=0 Util=0.98195
### END_ENTRY users=2860 run=38 ###

### ENTRY users=2870 run=38 seed=38 ###
ResponseTime=38.21759 Throughput=65.23750 goodput=4.63125 badput=60.60625 completed=1858 timedout=9697 dropped=0 Util=0.98196
### END_ENTRY users=2870 run=38 ###

### ENTRY users=2880 run=38 seed=38 ###
ResponseTime=38.58340 Throughput=65.14375 goodput=4.54375 badput=60.60000 completed=1792 timedout=9696 dropped=0 Util=0.98194
### END_ENTRY users=2880 run=38 ###

### ENTRY users=2890 run=38 seed=38 ###
ResponseTime=38.74896 Throughput=65.06875 goodput=4.65625 badput=60.41250 completed=1840 timedout=9666 dropped=0 Util=0.98197
### END_ENTRY users=2890 run=38 ###

### ENTRY users=2900 run=38 seed=38 ###
ResponseTime=39.65448 Throughput=63.54375 goodput=4.59375 badput=58.95000 completed=1817 timedout=9432 dropped=0 Util=0.98191
### END_ENTRY users=2900 run=38 ###

### ENTRY users=2910 run=38 seed=38 ###
ResponseTime=38.71276 Throughput=65.44375 goodput=4.60625 badput=60.83750 completed=1830 timedout=9734 dropped=0 Util=0.98199
### END_ENTRY users=2910 run=38 ###

### ENTRY users=2920 run=38 seed=38 ###
ResponseTime=39.23974 Throughput=64.98125 goodput=4.30000 badput=60.68125 completed=1768 timedout=9709 dropped=0 Util=0.98195
### END_ENTRY users=2920 run=38 ###

### ENTRY users=2930 run=38 seed=38 ###
ResponseTime=39.26481 Throughput=64.86250 goodput=4.63125 badput=60.23125 completed=1780 timedout=9637 dropped=0 Util=0.98196
### END_ENTRY users=2930 run=38 ###

### ENTRY users=2940 run=38 seed=38 ###
ResponseTime=39.73533 Throughput=64.65000 goodput=4.37500 badput=60.27500 completed=1761 timedout=9644 dropped=0 Util=0.98196
### END_ENTRY users=2940 run=38 ###

### ENTRY users=2950 run=38 seed=38 ###
ResponseTime=39.36168 Throughput=65.35625 goodput=4.60000 badput=60.75625 completed=1801 timedout=9721 dropped=0 Util=0.98194
### END_ENTRY users=2950 run=38 ###

### ENTRY users=2960 run=38 seed=38 ###
ResponseTime=39.23840 Throughput=65.61875 goodput=4.87500 badput=60.74375 completed=1896 timedout=9719 dropped=0 Util=0.98196
### END_ENTRY users=2960 run=38 ###

### ENTRY users=2970 run=38 seed=38 ###
ResponseTime=39.93312 Throughput=64.48750 goodput=4.59375 badput=59.89375 completed=1857 timedout=9583 dropped=0 Util=0.98194
### END_ENTRY users=2970 run=38 ###

### ENTRY users=2980 run=38 seed=38 ###
ResponseTime=39.91790 Throughput=65.03125 goodput=4.80625 badput=60.22500 completed=1847 timedout=9636 dropped=0 Util=0.98197
### END_ENTRY users=2980 run=38 ###

### ENTRY users=2990 run=38 seed=38 ###
ResponseTime=40.21593 Throughput=64.70625 goodput=4.58750 badput=60.11875 completed=1826 timedout=9619 dropped=0 Util=0.98193
### END_ENTRY users=2990 run=38 ###

### ENTRY users=3000 run=38 seed=38 ###
ResponseTime=39.77322 Throughput=65.70000 goodput=4.38125 badput=61.31875 completed=1805 timedout=9811 dropped=0 Util=0.98194
### END_ENTRY users=3000 run=38 ###

