=== RUN FILE confidence_interval/run_17.log (run index = 17) ===
### ENTRY users=10 run=17 seed=17 ###
ResponseTime=0.05675 Throughput=3.07500 goodput=3.07500 badput=0.00000 completed=538 timedout=0 dropped=0 Util=0.04262
### END_ENTRY users=10 run=17 ###

### ENTRY users=20 run=17 seed=17 ###
ResponseTime=0.06234 Throughput=6.13125 goodput=6.13125 badput=0.00000 completed=1075 timedout=0 dropped=0 Util=0.09217
### END_ENTRY users=20 run=17 ###

### ENTRY users=30 run=17 seed=17 ###
ResponseTime=0.06530 Throughput=9.21250 goodput=9.21250 badput=0.00000 completed=1614 timedout=0 dropped=0 Util=0.13686
### END_ENTRY users=30 run=17 ###

### ENTRY users=40 run=17 seed=17 ###
ResponseTime=0.06694 Throughput=12.21250 goodput=12.21250 badput=0.00000 completed=2145 timedout=0 dropped=0 Util=0.18022
### END_ENTRY users=40 run=17 ###

### ENTRY users=50 run=17 seed=17 ###
ResponseTime=0.07418 Throughput=15.30000 goodput=15.30000 badput=0.00000 completed=2688 timedout=0 dropped=0 Util=0.23623
### END_ENTRY users=50 run=17 ###

### ENTRY users=60 run=17 seed=17 ###
ResponseTime=0.07727 Throughput=18.33125 goodput=18.33125 badput=0.00000 completed=3220 timedout=0 dropped=0 Util=0.27395
### END_ENTRY users=60 run=17 ###

### ENTRY users=70 run=17 seed=17 ###
ResponseTime=0.08207 Throughput=21.38125 goodput=21.38125 badput=0.00000 completed=3754 timedout=0 dropped=0 Util=0.31917
### END_ENTRY users=70 run=17 ###

### ENTRY users=80 run=17 seed=17 ###
ResponseTime=0.09066 Throughput=24.33125 goodput=24.33125 badput=0.00000 completed=4271 timedout=0 dropped=0 Util=0.35714
### END_ENTRY users=80 run=17 ###

### ENTRY users=90 run=17 seed=17 ###
ResponseTime=0.09766 Throughput=27.27500 goodput=27.27500 badput=0.00000 completed=4792 timedout=0 dropped=0 Util=0.40922
### END_ENTRY users=90 run=17 ###

### ENTRY users=100 run=17 seed=17 ###
ResponseTime=0.10287 Throughput=30.33750 goodput=30.33750 badput=0.00000 completed=5328 timedout=0 dropped=0 Util=0.44945
### END_ENTRY users=100 run=17 ###

### ENTRY users=110 run=17 seed=17 ###
ResponseTime=0.10849 Throughput=33.23750 goodput=33.23750 badput=0.00000 completed=5846 timedout=0 dropped=0 Util=0.49618
### END_ENTRY users=110 run=17 ###

### ENTRY users=120 run=17 seed=17 ###
ResponseTime=0.13281 Throughput=36.07500 goodput=36.07500 badput=0.00000 completed=6341 timedout=0 dropped=0 Util=0.55045
### END_ENTRY users=120 run=17 ###

### ENTRY users=130 run=17 seed=17 ###
ResponseTime=0.12937 Throughput=39.09375 goodput=39.09375 badput=0.00000 completed=6868 timedout=0 dropped=0 Util=0.57896
### END_ENTRY users=130 run=17 ###

### ENTRY users=140 run=17 seed=17 ###
ResponseTime=0.14619 Throughput=41.85000 goodput=41.85000 badput=0.00000 completed=7357 timedout=0 dropped=0 Util=0.62149
### END_ENTRY users=140 run=17 ###

### ENTRY users=150 run=17 seed=17 ###
ResponseTime=0.17944 Throughput=44.37500 goodput=44.37500 badput=0.00000 completed=7812 timedout=0 dropped=0 Util=0.66445
### END_ENTRY users=150 run=17 ###

### ENTRY users=160 run=17 seed=17 ###
ResponseTime=0.18871 Throughput=47.20000 goodput=47.20000 badput=0.00000 completed=8308 timedout=0 dropped=0 Util=0.70601
### END_ENTRY users=160 run=17 ###

### ENTRY users=170 run=17 seed=17 ###
ResponseTime=0.20232 Throughput=49.89375 goodput=49.89375 badput=0.00000 completed=8770 timedout=0 dropped=0 Util=0.73414
### END_ENTRY users=170 run=17 ###

### ENTRY users=180 run=17 seed=17 ###
ResponseTime=0.25296 Throughput=52.14375 goodput=52.14375 badput=0.00000 completed=9171 timedout=0 dropped=0 Util=0.78101
### END_ENTRY users=180 run=17 ###

### ENTRY users=190 run=17 seed=17 ###
ResponseTime=0.28738 Throughput=54.53125 goodput=54.53125 badput=0.00000 completed=9582 timedout=0 dropped=0 Util=0.81264
### END_ENTRY users=190 run=17 ###

### ENTRY users=200 run=17 seed=17 ###
ResponseTime=0.32462 Throughput=56.78125 goodput=56.78125 badput=0.00000 completed=10009 timedout=0 dropped=0 Util=0.85686
### END_ENTRY users=200 run=17 ###

### ENTRY users=210 run=17 seed=17 ###
ResponseTime=0.36679 Throughput=59.02500 goodput=59.02500 badput=0.00000 completed=10361 timedout=0 dropped=0 Util=0.88544
### END_ENTRY users=210 run=17 ###

### ENTRY users=220 run=17 seed=17 ###
ResponseTime=0.42089 Throughput=60.78125 goodput=60.78125 badput=0.00000 completed=10715 timedout=0 dropped=0 Util=0.90513
### END_ENTRY users=220 run=17 ###

### ENTRY users=230 run=17 seed=17 ###
ResponseTime=0.54446 Throughput=61.48750 goodput=61.48750 badput=0.00000 completed=10850 timedout=0 dropped=0 Util=0.93359
### END_ENTRY users=230 run=17 ###

### ENTRY users=240 run=17 seed=17 ###
ResponseTime=0.61132 Throughput=63.06250 goodput=63.06250 badput=0.00000 completed=11094 timedout=0 dropped=0 Util=0.94962
### END_ENTRY users=240 run=17 ###

### ENTRY users=250 run=17 seed=17 ###
ResponseTime=0.68248 Throughput=64.42500 goodput=64.42500 badput=0.00000 completed=11341 timedout=0 dropped=0 Util=0.95916
### END_ENTRY users=250 run=17 ###

### ENTRY users=260 run=17 seed=17 ###
ResponseTime=0.81354 Throughput=64.89375 goodput=64.89375 badput=0.00000 completed=11407 timedout=0 dropped=0 Util=0.96934
### END_ENTRY users=260 run=17 ###

### ENTRY users=270 run=17 seed=17 ###
ResponseTime=0.90694 Throughput=65.62500 goodput=65.62500 badput=0.00000 completed=11582 timedout=0 dropped=0 Util=0.97369
### END_ENTRY users=270 run=17 ###

### ENTRY users=280 run=17 seed=17 ###
ResponseTime=1.16219 Throughput=64.31250 goodput=64.31250 badput=0.00000 completed=11322 timedout=0 dropped=0 Util=0.98011
### END_ENTRY users=280 run=17 ###

### ENTRY users=290 run=17 seed=17 ###
ResponseTime=1.17683 Throughput=66.20000 goodput=66.20000 badput=0.00000 completed=11648 timedout=0 dropped=0 Util=0.97957
### END_ENTRY users=290 run=17 ###

### ENTRY users=300 run=17 seed=17 ###
ResponseTime=1.33907 Throughput=65.95000 goodput=65.95000 badput=0.00000 completed=11633 timedout=0 dropped=0 Util=0.98175
### END_ENTRY users=300 run=17 ###

### ENTRY users=310 run=17 seed=17 ###
ResponseTime=1.48893 Throughput=66.20000 goodput=66.20000 badput=0.00000 completed=11653 timedout=0 dropped=0 Util=0.98200
### END_ENTRY users=310 run=17 ###

### ENTRY users=320 run=17 seed=17 ###
ResponseTime=1.61408 Throughput=66.30000 goodput=66.30000 badput=0.00000 completed=11671 timedout=0 dropped=0 Util=0.98200
### END_ENTRY users=320 run=17 ###

### ENTRY users=330 run=17 seed=17 ###
ResponseTime=1.79020 Throughput=65.92500 goodput=65.92500 badput=0.00000 completed=11650 timedout=0 dropped=0 Util=0.98196
### END_ENTRY users=330 run=17 ###

### ENTRY users=340 run=17 seed=17 ###
ResponseTime=2.01162 Throughput=65.48125 goodput=65.47500 badput=0.00625 completed=11511 timedout=1 dropped=0 Util=0.98197
### END_ENTRY users=340 run=17 ###

### ENTRY users=350 run=17 seed=17 ###
ResponseTime=2.04547 Throughput=66.76250 goodput=66.76250 badput=0.00000 completed=11793 timedout=0 dropped=0 Util=0.98201
### END_ENTRY users=350 run=17 ###

### ENTRY users=360 run=17 seed=17 ###
ResponseTime=2.27521 Throughput=65.54375 goodput=65.54375 badput=0.00000 completed=11586 timedout=0 dropped=0 Util=0.98195
### END_ENTRY users=360 run=17 ###

### ENTRY users=370 run=17 seed=17 ###
ResponseTime=2.35357 Throughput=66.41875 goodput=66.41875 badput=0.00000 completed=11738 timedout=0 dropped=0 Util=0.98200
### END_ENTRY users=370 run=17 ###

### ENTRY users=380 run=17 seed=17 ###
ResponseTime=2.60349 Throughput=65.51250 goodput=65.50625 badput=0.00625 completed=11545 timedout=1 dropped=0 Util=0.98197
### END_ENTRY users=380 run=17 ###

### ENTRY users=390 run=17 seed=17 ###
ResponseTime=2.69758 Throughput=66.05000 goodput=66.03750 badput=0.01250 completed=11624 timedout=2 dropped=0 Util=0.98198
### END_ENTRY users=390 run=17 ###

### ENTRY users=400 run=17 seed=17 ###
ResponseTime=2.87128 Throughput=65.65625 goodput=65.63750 badput=0.01875 completed=11622 timedout=3 dropped=0 Util=0.98198
### END_ENTRY users=400 run=17 ###

### ENTRY users=410 run=17 seed=17 ###
ResponseTime=3.06582 Throughput=65.41250 goodput=65.40000 badput=0.01250 completed=11590 timedout=2 dropped=0 Util=0.98196
### END_ENTRY users=410 run=17 ###

### ENTRY users=420 run=17 seed=17 ###
ResponseTime=3.18195 Throughput=65.48125 goodput=65.45625 badput=0.02500 completed=11597 timedout=4 dropped=0 Util=0.98197
### END_ENTRY users=420 run=17 ###

### ENTRY users=430 run=17 seed=17 ###
ResponseTime=3.44901 Throughput=64.52500 goodput=64.46250 badput=0.06250 completed=11401 timedout=10 dropped=0 Util=0.98192
### END_ENTRY users=430 run=17 ###

### ENTRY users=440 run=17 seed=17 ###
ResponseTime=3.47751 Throughput=65.75000 goodput=65.68750 badput=0.06250 completed=11611 timedout=10 dropped=0 Util=0.98198
### END_ENTRY users=440 run=17 ###

### ENTRY users=450 run=17 seed=17 ###
ResponseTime=3.59682 Throughput=65.93750 goodput=65.85625 badput=0.08125 completed=11653 timedout=13 dropped=0 Util=0.98201
### END_ENTRY users=450 run=17 ###

### ENTRY users=460 run=17 seed=17 ###
ResponseTime=3.75963 Throughput=65.84375 goodput=65.78125 badput=0.06250 completed=11607 timedout=10 dropped=0 Util=0.98198
### END_ENTRY users=460 run=17 ###

### ENTRY users=470 run=17 seed=17 ###
ResponseTime=3.91346 Throughput=66.01875 goodput=65.95625 badput=0.06250 completed=11623 timedout=10 dropped=0 Util=0.98196
### END_ENTRY users=470 run=17 ###

### ENTRY users=480 run=17 seed=17 ###
ResponseTime=3.99819 Throughput=66.36875 goodput=66.29375 badput=0.07500 completed=11696 timedout=12 dropped=0 Util=0.98197
### END_ENTRY users=480 run=17 ###

### ENTRY users=490 run=17 seed=17 ###
ResponseTime=4.18037 Throughput=66.29375 goodput=66.21250 badput=0.08125 completed=11669 timedout=13 dropped=0 Util=0.98194
### END_ENTRY users=490 run=17 ###

### ENTRY users=500 run=17 seed=17 ###
ResponseTime=4.39611 Throughput=65.38125 goodput=65.26250 badput=0.11875 completed=11556 timedout=19 dropped=0 Util=0.98194
### END_ENTRY users=500 run=17 ###

### ENTRY users=510 run=17 seed=17 ###
ResponseTime=4.50978 Throughput=65.91250 goodput=65.80000 badput=0.11250 completed=11607 timedout=18 dropped=0 Util=0.98196
### END_ENTRY users=510 run=17 ###

### ENTRY users=520 run=17 seed=17 ###
ResponseTime=4.54639 Throughput=66.70625 goodput=66.61250 badput=0.09375 completed=11776 timedout=15 dropped=0 Util=0.98198
### END_ENTRY users=520 run=17 ###

### ENTRY users=530 run=17 seed=17 ###
ResponseTime=4.89711 Throughput=65.26250 goodput=65.13125 badput=0.13125 completed=11488 timedout=21 dropped=0 Util=0.98197
### END_ENTRY users=530 run=17 ###

### ENTRY users=540 run=17 seed=17 ###
ResponseTime=5.00158 Throughput=65.36250 goodput=65.18750 badput=0.17500 completed=11516 timedout=28 dropped=0 Util=0.98193
### END_ENTRY users=540 run=17 ###

### ENTRY users=550 run=17 seed=17 ###
ResponseTime=5.16189 Throughput=65.36250 goodput=65.25000 badput=0.11250 completed=11533 timedout=18 dropped=0 Util=0.98193
### END_ENTRY users=550 run=17 ###

### ENTRY users=560 run=17 seed=17 ###
ResponseTime=5.36625 Throughput=65.08750 goodput=64.93125 badput=0.15625 completed=11480 timedout=25 dropped=0 Util=0.98195
### END_ENTRY users=560 run=17 ###

### ENTRY users=570 run=17 seed=17 ###
ResponseTime=5.39482 Throughput=65.89375 goodput=65.76875 badput=0.12500 completed=11648 timedout=20 dropped=0 Util=0.98196
### END_ENTRY users=570 run=17 ###

### ENTRY users=580 run=17 seed=17 ###
ResponseTime=5.47514 Throughput=66.38125 goodput=66.21875 badput=0.16250 completed=11717 timedout=26 dropped=0 Util=0.98197
### END_ENTRY users=580 run=17 ###

### ENTRY users=590 run=17 seed=17 ###
ResponseTime=5.69193 Throughput=66.00000 goodput=65.86250 badput=0.13750 completed=11650 timedout=22 dropped=0 Util=0.98196
### END_ENTRY users=590 run=17 ###

### ENTRY users=600 run=17 seed=17 ###
ResponseTime=5.89630 Throughput=65.52500 goodput=65.37500 badput=0.15000 completed=11556 timedout=24 dropped=0 Util=0.98194
### END_ENTRY users=600 run=17 ###

### ENTRY users=610 run=17 seed=17 ###
ResponseTime=6.11310 Throughput=65.33750 goodput=65.15000 badput=0.18750 completed=11501 timedout=30 dropped=0 Util=0.98196
### END_ENTRY users=610 run=17 ###

### ENTRY users=620 run=17 seed=17 ###
ResponseTime=6.09209 Throughput=66.24375 goodput=66.11250 badput=0.13125 completed=11705 timedout=21 dropped=0 Util=0.98195
### END_ENTRY users=620 run=17 ###

### ENTRY users=630 run=17 seed=17 ###
ResponseTime=6.32261 Throughput=65.72500 goodput=65.51250 badput=0.21250 completed=11587 timedout=34 dropped=0 Util=0.98196
### END_ENTRY users=630 run=17 ###

### ENTRY users=640 run=17 seed=17 ###
ResponseTime=6.45047 Throughput=65.90000 goodput=65.73750 badput=0.16250 completed=11640 timedout=26 dropped=0 Util=0.98196
### END_ENTRY users=640 run=17 ###

### ENTRY users=650 run=17 seed=17 ###
ResponseTime=6.61772 Throughput=65.96250 goodput=65.75625 badput=0.20625 completed=11605 timedout=33 dropped=0 Util=0.98193
### END_ENTRY users=650 run=17 ###

### ENTRY users=660 run=17 seed=17 ###
ResponseTime=6.65202 Throughput=66.39375 goodput=66.20000 badput=0.19375 completed=11751 timedout=31 dropped=0 Util=0.98200
### END_ENTRY users=660 run=17 ###

### ENTRY users=670 run=17 seed=17 ###
ResponseTime=6.84756 Throughput=66.14375 goodput=65.95000 badput=0.19375 completed=11669 timedout=31 dropped=0 Util=0.98196
### END_ENTRY users=670 run=17 ###

### ENTRY users=680 run=17 seed=17 ###
ResponseTime=7.14807 Throughput=65.04375 goodput=64.81875 badput=0.22500 completed=11490 timedout=36 dropped=0 Util=0.98195
### END_ENTRY users=680 run=17 ###

### ENTRY users=690 run=17 seed=17 ###
ResponseTime=7.21934 Throughput=65.63750 goodput=65.40625 badput=0.23125 completed=11601 timedout=37 dropped=0 Util=0.98195
### END_ENTRY users=690 run=17 ###

### ENTRY users=700 run=17 seed=17 ###
ResponseTime=7.48865 Throughput=65.20000 goodput=64.86250 badput=0.33750 completed=11467 timedout=54 dropped=0 Util=0.98194
### END_ENTRY users=700 run=17 ###

### ENTRY users=710 run=17 seed=17 ###
ResponseTime=7.54238 Throughput=65.51875 goodput=65.23750 badput=0.28125 completed=11600 timedout=45 dropped=0 Util=0.98195
### END_ENTRY users=710 run=17 ###

### ENTRY users=720 run=17 seed=17 ###
ResponseTime=7.70619 Throughput=65.60000 goodput=65.33750 badput=0.26250 completed=11572 timedout=42 dropped=0 Util=0.98196
### END_ENTRY users=720 run=17 ###

### ENTRY users=730 run=17 seed=17 ###
ResponseTime=7.76432 Throughput=66.18125 goodput=65.88125 badput=0.30000 completed=11629 timedout=48 dropped=0 Util=0.98195
### END_ENTRY users=730 run=17 ###

### ENTRY users=740 run=17 seed=17 ###
ResponseTime=7.93498 Throughput=65.86875 goodput=65.56250 badput=0.30625 completed=11628 timedout=49 dropped=0 Util=0.98195
### END_ENTRY users=740 run=17 ###

### ENTRY users=750 run=17 seed=17 ###
ResponseTime=8.21580 Throughput=65.26875 goodput=64.98125 badput=0.28750 completed=11514 timedout=46 dropped=0 Util=0.98195
### END_ENTRY users=750 run=17 ###

### ENTRY users=760 run=17 seed=17 ###
ResponseTime=8.26975 Throughput=65.73750 goodput=65.38125 badput=0.35625 completed=11561 timedout=57 dropped=0 Util=0.98195
### END_ENTRY users=760 run=17 ###

### ENTRY users=770 run=17 seed=17 ###
ResponseTime=8.43428 Throughput=65.40625 goodput=64.98750 badput=0.41875 completed=11515 timedout=67 dropped=0 Util=0.98191
### END_ENTRY users=770 run=17 ###

### ENTRY users=780 run=17 seed=17 ###
ResponseTime=8.57520 Throughput=65.72500 goodput=65.45000 badput=0.27500 completed=11603 timedout=44 dropped=0 Util=0.98197
### END_ENTRY users=780 run=17 ###

### ENTRY users=790 run=17 seed=17 ###
ResponseTime=8.77410 Throughput=65.36250 goodput=65.00000 badput=0.36250 completed=11532 timedout=58 dropped=0 Util=0.98195
### END_ENTRY users=790 run=17 ###

### ENTRY users=800 run=17 seed=17 ###
ResponseTime=9.00535 Throughput=64.77500 goodput=64.30625 badput=0.46875 completed=11425 timedout=75 dropped=0 Util=0.98192
### END_ENTRY users=800 run=17 ###

### ENTRY users=810 run=17 seed=17 ###
ResponseTime=9.01023 Throughput=65.64375 goodput=65.23750 badput=0.40625 completed=11557 timedout=65 dropped=0 Util=0.98195
### END_ENTRY users=810 run=17 ###

### ENTRY users=820 run=17 seed=17 ###
ResponseTime=8.99870 Throughput=66.63125 goodput=66.25625 badput=0.37500 completed=11739 timedout=60 dropped=0 Util=0.98196
### END_ENTRY users=820 run=17 ###

### ENTRY users=830 run=17 seed=17 ###
ResponseTime=9.33445 Throughput=65.43125 goodput=65.05000 badput=0.38125 completed=11601 timedout=61 dropped=0 Util=0.98192
### END_ENTRY users=830 run=17 ###

### ENTRY users=840 run=17 seed=17 ###
ResponseTime=9.48203 Throughput=65.60000 goodput=65.15625 badput=0.44375 completed=11522 timedout=71 dropped=0 Util=0.98194
### END_ENTRY users=840 run=17 ###

### ENTRY users=850 run=17 seed=17 ###
ResponseTime=9.75977 Throughput=64.86250 goodput=64.40000 badput=0.46250 completed=11427 timedout=74 dropped=0 Util=0.98192
### END_ENTRY users=850 run=17 ###

### ENTRY users=860 run=17 seed=17 ###
ResponseTime=9.75288 Throughput=65.88125 goodput=65.43750 badput=0.44375 completed=11549 timedout=71 dropped=0 Util=0.98197
### END_ENTRY users=860 run=17 ###

### ENTRY users=870 run=17 seed=17 ###
ResponseTime=9.85594 Throughput=65.85000 goodput=65.31250 badput=0.53750 completed=11544 timedout=86 dropped=0 Util=0.98194
### END_ENTRY users=870 run=17 ###

### ENTRY users=880 run=17 seed=17 ###
ResponseTime=10.16245 Throughput=65.30000 goodput=64.68125 badput=0.61875 completed=11447 timedout=99 dropped=0 Util=0.98193
### END_ENTRY users=880 run=17 ###

### ENTRY users=890 run=17 seed=17 ###
ResponseTime=10.27224 Throughput=65.35625 goodput=64.83750 badput=0.51875 completed=11516 timedout=83 dropped=0 Util=0.98196
### END_ENTRY users=890 run=17 ###

### ENTRY users=900 run=17 seed=17 ###
ResponseTime=10.49546 Throughput=65.13125 goodput=64.46250 badput=0.66875 completed=11386 timedout=107 dropped=0 Util=0.98194
### END_ENTRY users=900 run=17 ###

### ENTRY users=910 run=17 seed=17 ###
ResponseTime=10.35328 Throughput=66.45625 goodput=65.90625 badput=0.55000 completed=11646 timedout=88 dropped=0 Util=0.98195
### END_ENTRY users=910 run=17 ###

### ENTRY users=920 run=17 seed=17 ###
ResponseTime=10.61301 Throughput=65.66875 goodput=65.05000 badput=0.61875 completed=11573 timedout=99 dropped=0 Util=0.98194
### END_ENTRY users=920 run=17 ###

### ENTRY users=930 run=17 seed=17 ###
ResponseTime=10.72144 Throughput=66.11250 goodput=65.47500 badput=0.63750 completed=11593 timedout=102 dropped=0 Util=0.98194
### END_ENTRY users=930 run=17 ###

### ENTRY users=940 run=17 seed=17 ###
ResponseTime=10.88131 Throughput=65.87500 goodput=65.25000 badput=0.62500 completed=11598 timedout=100 dropped=0 Util=0.98194
### END_ENTRY users=940 run=17 ###

### ENTRY users=950 run=17 seed=17 ###
ResponseTime=10.94350 Throughput=66.31250 goodput=65.60625 badput=0.70625 completed=11575 timedout=113 dropped=0 Util=0.98198
### END_ENTRY users=950 run=17 ###

### ENTRY users=960 run=17 seed=17 ###
ResponseTime=11.16728 Throughput=66.01250 goodput=65.43750 badput=0.57500 completed=11579 timedout=92 dropped=0 Util=0.98196
### END_ENTRY users=960 run=17 ###

### ENTRY users=970 run=17 seed=17 ###
ResponseTime=11.34946 Throughput=65.64375 goodput=64.86250 badput=0.78125 completed=11499 timedout=125 dropped=0 Util=0.98196
### END_ENTRY users=970 run=17 ###

### ENTRY users=980 run=17 seed=17 ###
ResponseTime=11.56755 Throughput=65.44375 goodput=64.60000 badput=0.84375 completed=11449 timedout=135 dropped=0 Util=0.98195
### END_ENTRY users=980 run=17 ###

### ENTRY users=990 run=17 seed=17 ###
ResponseTime=11.70982 Throughput=65.55625 goodput=64.77500 badput=0.78125 completed=11448 timedout=125 dropped=0 Util=0.98193
### END_ENTRY users=990 run=17 ###

### ENTRY users=1000 run=17 seed=17 ###
ResponseTime=11.75821 Throughput=66.06250 goodput=65.25625 badput=0.80625 completed=11528 timedout=129 dropped=0 Util=0.98194
### END_ENTRY users=1000 run=17 ###

### ENTRY users=1010 run=17 seed=17 ###
ResponseTime=11.95887 Throughput=65.63750 goodput=64.73125 badput=0.90625 completed=11469 timedout=145 dropped=0 Util=0.98194
### END_ENTRY users=1010 run=17 ###

### ENTRY users=1020 run=17 seed=17 ###
ResponseTime=12.08253 Throughput=65.89375 goodput=64.95000 badput=0.94375 completed=11486 timedout=151 dropped=0 Util=0.98194
### END_ENTRY users=1020 run=17 ###

### ENTRY users=1030 run=17 seed=17 ###
ResponseTime=12.33297 Throughput=65.18750 goodput=64.14375 badput=1.04375 completed=11399 timedout=167 dropped=0 Util=0.98193
### END_ENTRY users=1030 run=17 ###

### ENTRY users=1040 run=17 seed=17 ###
ResponseTime=12.57075 Throughput=65.05625 goodput=64.10625 badput=0.95000 completed=11379 timedout=152 dropped=0 Util=0.98195
### END_ENTRY users=1040 run=17 ###

### ENTRY users=1050 run=17 seed=17 ###
ResponseTime=12.62181 Throughput=65.73125 goodput=64.70000 badput=1.03125 completed=11446 timedout=165 dropped=0 Util=0.98194
### END_ENTRY users=1050 run=17 ###

### ENTRY users=1060 run=17 seed=17 ###
ResponseTime=12.53314 Throughput=66.68125 goodput=65.75000 badput=0.93125 completed=11606 timedout=149 dropped=0 Util=0.98198
### END_ENTRY users=1060 run=17 ###

### ENTRY users=1070 run=17 seed=17 ###
ResponseTime=13.00428 Throughput=65.15000 goodput=63.91250 badput=1.23750 completed=11370 timedout=198 dropped=0 Util=0.98196
### END_ENTRY users=1070 run=17 ###

### ENTRY users=1080 run=17 seed=17 ###
ResponseTime=13.34252 Throughput=64.37500 goodput=62.97500 badput=1.40000 completed=11151 timedout=224 dropped=0 Util=0.98190
### END_ENTRY users=1080 run=17 ###

### ENTRY users=1090 run=17 seed=17 ###
ResponseTime=13.04547 Throughput=65.82500 goodput=64.60625 badput=1.21875 completed=11500 timedout=195 dropped=0 Util=0.98194
### END_ENTRY users=1090 run=17 ###

### ENTRY users=1100 run=17 seed=17 ###
ResponseTime=13.14455 Throughput=66.24375 goodput=65.03125 badput=1.21250 completed=11530 timedout=194 dropped=0 Util=0.98195
### END_ENTRY users=1100 run=17 ###

### ENTRY users=1110 run=17 seed=17 ###
ResponseTime=13.48616 Throughput=65.22500 goodput=63.71875 badput=1.50625 completed=11350 timedout=241 dropped=0 Util=0.98191
### END_ENTRY users=1110 run=17 ###

### ENTRY users=1120 run=17 seed=17 ###
ResponseTime=13.25543 Throughput=67.15000 goodput=66.03750 badput=1.11250 completed=11704 timedout=178 dropped=0 Util=0.98199
### END_ENTRY users=1120 run=17 ###

### ENTRY users=1130 run=17 seed=17 ###
ResponseTime=13.70563 Throughput=65.62500 goodput=64.06875 badput=1.55625 completed=11353 timedout=249 dropped=0 Util=0.98197
### END_ENTRY users=1130 run=17 ###

### ENTRY users=1140 run=17 seed=17 ###
ResponseTime=13.68960 Throughput=66.30000 goodput=64.78750 badput=1.51250 completed=11525 timedout=242 dropped=0 Util=0.98196
### END_ENTRY users=1140 run=17 ###

### ENTRY users=1150 run=17 seed=17 ###
ResponseTime=14.02387 Throughput=65.30625 goodput=63.72500 badput=1.58125 completed=11362 timedout=253 dropped=0 Util=0.98191
### END_ENTRY users=1150 run=17 ###

### ENTRY users=1160 run=17 seed=17 ###
ResponseTime=13.95462 Throughput=66.55625 goodput=64.87500 badput=1.68125 completed=11478 timedout=269 dropped=0 Util=0.98200
### END_ENTRY users=1160 run=17 ###

### ENTRY users=1170 run=17 seed=17 ###
ResponseTime=14.19488 Throughput=65.95625 goodput=64.31250 badput=1.64375 completed=11443 timedout=263 dropped=0 Util=0.98198
### END_ENTRY users=1170 run=17 ###

### ENTRY users=1180 run=17 seed=17 ###
ResponseTime=14.48684 Throughput=65.15625 goodput=63.25625 badput=1.90000 completed=11228 timedout=304 dropped=0 Util=0.98193
### END_ENTRY users=1180 run=17 ###

### ENTRY users=1190 run=17 seed=17 ###
ResponseTime=14.72319 Throughput=64.86250 goodput=62.78125 badput=2.08125 completed=11186 timedout=333 dropped=0 Util=0.98195
### END_ENTRY users=1190 run=17 ###

### ENTRY users=1200 run=17 seed=17 ###
ResponseTime=14.81390 Throughput=65.11250 goodput=62.84375 badput=2.26875 completed=11209 timedout=363 dropped=0 Util=0.98194
### END_ENTRY users=1200 run=17 ###

### ENTRY users=1210 run=17 seed=17 ###
ResponseTime=14.73606 Throughput=66.35000 goodput=64.38125 badput=1.96875 completed=11408 timedout=315 dropped=0 Util=0.98198
### END_ENTRY users=1210 run=17 ###

### ENTRY users=1220 run=17 seed=17 ###
ResponseTime=15.16113 Throughput=65.24375 goodput=62.85000 badput=2.39375 completed=11164 timedout=383 dropped=0 Util=0.98193
### END_ENTRY users=1220 run=17 ###

### ENTRY users=1230 run=17 seed=17 ###
ResponseTime=15.09185 Throughput=65.65625 goodput=63.42500 badput=2.23125 completed=11282 timedout=357 dropped=0 Util=0.98194
### END_ENTRY users=1230 run=17 ###

### ENTRY users=1240 run=17 seed=17 ###
ResponseTime=15.42625 Throughput=65.15000 goodput=62.50625 badput=2.64375 completed=11122 timedout=423 dropped=0 Util=0.98190
### END_ENTRY users=1240 run=17 ###

### ENTRY users=1250 run=17 seed=17 ###
ResponseTime=15.57783 Throughput=65.15000 goodput=62.47500 badput=2.67500 completed=11113 timedout=428 dropped=0 Util=0.98193
### END_ENTRY users=1250 run=17 ###

### ENTRY users=1260 run=17 seed=17 ###
ResponseTime=15.54892 Throughput=65.71875 goodput=63.03125 badput=2.68750 completed=11196 timedout=430 dropped=0 Util=0.98196
### END_ENTRY users=1260 run=17 ###

### ENTRY users=1270 run=17 seed=17 ###
ResponseTime=15.69192 Throughput=65.71250 goodput=62.91875 badput=2.79375 completed=11181 timedout=447 dropped=0 Util=0.98196
### END_ENTRY users=1270 run=17 ###

### ENTRY users=1280 run=17 seed=17 ###
ResponseTime=15.81141 Throughput=65.76250 goodput=62.95625 badput=2.80625 completed=11206 timedout=449 dropped=0 Util=0.98196
### END_ENTRY users=1280 run=17 ###

### ENTRY users=1290 run=17 seed=17 ###
ResponseTime=16.19264 Throughput=64.93750 goodput=61.64375 badput=3.29375 completed=10972 timedout=527 dropped=0 Util=0.98193
### END_ENTRY users=1290 run=17 ###

### ENTRY users=1300 run=17 seed=17 ###
ResponseTime=16.05298 Throughput=66.03125 goodput=63.01875 badput=3.01250 completed=11189 timedout=482 dropped=0 Util=0.98196
### END_ENTRY users=1300 run=17 ###

### ENTRY users=1310 run=17 seed=17 ###
ResponseTime=16.30757 Throughput=65.46250 goodput=62.10625 badput=3.35625 completed=11052 timedout=537 dropped=0 Util=0.98195
### END_ENTRY users=1310 run=17 ###

### ENTRY users=1320 run=17 seed=17 ###
ResponseTime=16.24206 Throughput=66.26250 goodput=62.96250 badput=3.30000 completed=11203 timedout=528 dropped=0 Util=0.98200
### END_ENTRY users=1320 run=17 ###

### ENTRY users=1330 run=17 seed=17 ###
ResponseTime=16.67347 Throughput=65.17500 goodput=61.42500 badput=3.75000 completed=10945 timedout=600 dropped=0 Util=0.98194
### END_ENTRY users=1330 run=17 ###

### ENTRY users=1340 run=17 seed=17 ###
ResponseTime=16.81443 Throughput=65.20000 goodput=61.25000 badput=3.95000 completed=10917 timedout=632 dropped=0 Util=0.98193
### END_ENTRY users=1340 run=17 ###

### ENTRY users=1350 run=17 seed=17 ###
ResponseTime=16.60224 Throughput=66.72500 goodput=63.16250 badput=3.56250 completed=11210 timedout=570 dropped=0 Util=0.98199
### END_ENTRY users=1350 run=17 ###

### ENTRY users=1360 run=17 seed=17 ###
ResponseTime=17.30804 Throughput=64.51250 goodput=59.58125 badput=4.93125 completed=10636 timedout=789 dropped=0 Util=0.98195
### END_ENTRY users=1360 run=17 ###

### ENTRY users=1370 run=17 seed=17 ###
ResponseTime=17.19655 Throughput=65.19375 goodput=60.74375 badput=4.45000 completed=10815 timedout=712 dropped=0 Util=0.98196
### END_ENTRY users=1370 run=17 ###

### ENTRY users=1380 run=17 seed=17 ###
ResponseTime=17.46067 Throughput=65.18750 goodput=60.50000 badput=4.68750 completed=10771 timedout=750 dropped=0 Util=0.98193
### END_ENTRY users=1380 run=17 ###

### ENTRY users=1390 run=17 seed=17 ###
ResponseTime=17.66912 Throughput=64.53125 goodput=59.38750 badput=5.14375 completed=10644 timedout=823 dropped=0 Util=0.98192
### END_ENTRY users=1390 run=17 ###

### ENTRY users=1400 run=17 seed=17 ###
ResponseTime=17.54508 Throughput=65.69375 goodput=60.76250 badput=4.93125 completed=10803 timedout=789 dropped=0 Util=0.98198
### END_ENTRY users=1400 run=17 ###

### ENTRY users=1410 run=17 seed=17 ###
ResponseTime=17.47687 Throughput=66.36875 goodput=61.68750 badput=4.68125 completed=10978 timedout=749 dropped=0 Util=0.98197
### END_ENTRY users=1410 run=17 ###

### ENTRY users=1420 run=17 seed=17 ###
ResponseTime=17.80502 Throughput=65.51250 goodput=59.95000 badput=5.56250 completed=10702 timedout=890 dropped=0 Util=0.98196
### END_ENTRY users=1420 run=17 ###

### ENTRY users=1430 run=17 seed=17 ###
ResponseTime=17.85799 Throughput=66.03125 goodput=60.66250 badput=5.36875 completed=10796 timedout=859 dropped=0 Util=0.98196
### END_ENTRY users=1430 run=17 ###

### ENTRY users=1440 run=17 seed=17 ###
ResponseTime=18.27261 Throughput=65.30625 goodput=59.01875 badput=6.28750 completed=10530 timedout=1006 dropped=0 Util=0.98195
### END_ENTRY users=1440 run=17 ###

### ENTRY users=1450 run=17 seed=17 ###
ResponseTime=18.30656 Throughput=65.53750 goodput=59.49375 badput=6.04375 completed=10627 timedout=967 dropped=0 Util=0.98195
### END_ENTRY users=1450 run=17 ###

### ENTRY users=1460 run=17 seed=17 ###
ResponseTime=18.49537 Throughput=65.09375 goodput=58.45000 badput=6.64375 completed=10426 timedout=1063 dropped=0 Util=0.98195
### END_ENTRY users=1460 run=17 ###

### ENTRY users=1470 run=17 seed=17 ###
ResponseTime=18.72429 Throughput=64.85000 goodput=57.60625 badput=7.24375 completed=10335 timedout=1159 dropped=0 Util=0.98192
### END_ENTRY users=1470 run=17 ###

### ENTRY users=1480 run=17 seed=17 ###
ResponseTime=18.42837 Throughput=66.57500 goodput=59.79375 badput=6.78125 completed=10662 timedout=1085 dropped=0 Util=0.98195
### END_ENTRY users=1480 run=17 ###

### ENTRY users=1490 run=17 seed=17 ###
ResponseTime=18.68474 Throughput=66.03125 goodput=58.88125 badput=7.15000 completed=10485 timedout=1144 dropped=0 Util=0.98199
### END_ENTRY users=1490 run=17 ###

### ENTRY users=1500 run=17 seed=17 ###
ResponseTime=18.75977 Throughput=66.06875 goodput=58.64375 badput=7.42500 completed=10491 timedout=1188 dropped=0 Util=0.98194
### END_ENTRY users=1500 run=17 ###

### ENTRY users=1510 run=17 seed=17 ###
ResponseTime=18.97007 Throughput=65.75625 goodput=58.05625 badput=7.70000 completed=10374 timedout=1232 dropped=0 Util=0.98196
### END_ENTRY users=1510 run=17 ###

### ENTRY users=1520 run=17 seed=17 ###
ResponseTime=19.54903 Throughput=64.68750 goodput=55.10000 badput=9.58750 completed=9882 timedout=1534 dropped=0 Util=0.98192
### END_ENTRY users=1520 run=17 ###

### ENTRY users=1530 run=17 seed=17 ###
ResponseTime=19.41430 Throughput=65.13750 goodput=56.08125 badput=9.05625 completed=10083 timedout=1449 dropped=0 Util=0.98193
### END_ENTRY users=1530 run=17 ###

### ENTRY users=1540 run=17 seed=17 ###
ResponseTime=19.46523 Throughput=65.82500 goodput=56.47500 badput=9.35000 completed=10107 timedout=1496 dropped=0 Util=0.98194
### END_ENTRY users=1540 run=17 ###

### ENTRY users=1550 run=17 seed=17 ###
ResponseTime=19.72497 Throughput=65.08125 goodput=54.86875 badput=10.21250 completed=9958 timedout=1634 dropped=0 Util=0.98192
### END_ENTRY users=1550 run=17 ###

### ENTRY users=1560 run=17 seed=17 ###
ResponseTime=19.89479 Throughput=65.23750 goodput=54.40625 badput=10.83125 completed=9826 timedout=1733 dropped=0 Util=0.98194
### END_ENTRY users=1560 run=17 ###

### ENTRY users=1570 run=17 seed=17 ###
ResponseTime=19.95479 Throughput=65.29375 goodput=54.25625 badput=11.03750 completed=9786 timedout=1766 dropped=0 Util=0.98195
### END_ENTRY users=1570 run=17 ###

### ENTRY users=1580 run=17 seed=17 ###
ResponseTime=19.97701 Throughput=66.01250 goodput=54.78750 badput=11.22500 completed=9859 timedout=1796 dropped=0 Util=0.98196
### END_ENTRY users=1580 run=17 ###

### ENTRY users=1590 run=17 seed=17 ###
ResponseTime=19.99604 Throughput=66.05625 goodput=54.88125 badput=11.17500 completed=9893 timedout=1788 dropped=0 Util=0.98195
### END_ENTRY users=1590 run=17 ###

### ENTRY users=1600 run=17 seed=17 ###
ResponseTime=20.11486 Throughput=66.30000 goodput=54.87500 badput=11.42500 completed=9905 timedout=1828 dropped=0 Util=0.98197
### END_ENTRY users=1600 run=17 ###

### ENTRY users=1610 run=17 seed=17 ###
ResponseTime=20.29569 Throughput=66.36250 goodput=54.12500 badput=12.23750 completed=9732 timedout=1958 dropped=0 Util=0.98197
### END_ENTRY users=1610 run=17 ###

### ENTRY users=1620 run=17 seed=17 ###
ResponseTime=20.42852 Throughput=66.13125 goodput=53.01875 badput=13.11250 completed=9620 timedout=2098 dropped=0 Util=0.98197
### END_ENTRY users=1620 run=17 ###

### ENTRY users=1630 run=17 seed=17 ###
ResponseTime=20.66089 Throughput=65.59375 goodput=51.10625 badput=14.48750 completed=9299 timedout=2318 dropped=0 Util=0.98193
### END_ENTRY users=1630 run=17 ###

### ENTRY users=1640 run=17 seed=17 ###
ResponseTime=20.85599 Throughput=65.63750 goodput=49.55625 badput=16.08125 completed=9060 timedout=2573 dropped=0 Util=0.98193
### END_ENTRY users=1640 run=17 ###

### ENTRY users=1650 run=17 seed=17 ###
ResponseTime=20.73926 Throughput=66.32500 goodput=50.89375 badput=15.43125 completed=9230 timedout=2469 dropped=0 Util=0.98196
### END_ENTRY users=1650 run=17 ###

### ENTRY users=1660 run=17 seed=17 ###
ResponseTime=21.23158 Throughput=65.62500 goodput=47.71250 badput=17.91250 completed=8745 timedout=2866 dropped=0 Util=0.98194
### END_ENTRY users=1660 run=17 ###

### ENTRY users=1670 run=17 seed=17 ###
ResponseTime=21.42289 Throughput=65.35000 goodput=46.49375 badput=18.85625 completed=8570 timedout=3017 dropped=0 Util=0.98192
### END_ENTRY users=1670 run=17 ###

### ENTRY users=1680 run=17 seed=17 ###
ResponseTime=21.20702 Throughput=65.94375 goodput=47.55625 badput=18.38750 completed=8774 timedout=2942 dropped=0 Util=0.98197
### END_ENTRY users=1680 run=17 ###

### ENTRY users=1690 run=17 seed=17 ###
ResponseTime=21.55123 Throughput=65.64375 goodput=46.00000 badput=19.64375 completed=8480 timedout=3143 dropped=0 Util=0.98195
### END_ENTRY users=1690 run=17 ###

### ENTRY users=1700 run=17 seed=17 ###
ResponseTime=22.01976 Throughput=64.99375 goodput=41.43125 badput=23.56250 completed=7666 timedout=3770 dropped=0 Util=0.98189
### END_ENTRY users=1700 run=17 ###

### ENTRY users=1710 run=17 seed=17 ###
ResponseTime=21.71097 Throughput=66.10000 goodput=45.54375 badput=20.55625 completed=8427 timedout=3289 dropped=0 Util=0.98198
### END_ENTRY users=1710 run=17 ###

### ENTRY users=1720 run=17 seed=17 ###
ResponseTime=21.30318 Throughput=67.56250 goodput=49.26250 badput=18.30000 completed=8971 timedout=2928 dropped=0 Util=0.98199
### END_ENTRY users=1720 run=17 ###

### ENTRY users=1730 run=17 seed=17 ###
ResponseTime=21.93378 Throughput=65.84375 goodput=42.16875 badput=23.67500 completed=7874 timedout=3788 dropped=0 Util=0.98195
### END_ENTRY users=1730 run=17 ###

### ENTRY users=1740 run=17 seed=17 ###
ResponseTime=22.13088 Throughput=66.08125 goodput=40.66250 badput=25.41875 completed=7611 timedout=4067 dropped=0 Util=0.98195
### END_ENTRY users=1740 run=17 ###

### ENTRY users=1750 run=17 seed=17 ###
ResponseTime=22.33052 Throughput=65.90000 goodput=40.23125 badput=25.66875 completed=7580 timedout=4107 dropped=0 Util=0.98197
### END_ENTRY users=1750 run=17 ###

### ENTRY users=1760 run=17 seed=17 ###
ResponseTime=22.87842 Throughput=64.76875 goodput=33.10625 badput=31.66250 completed=6419 timedout=5066 dropped=0 Util=0.98192
### END_ENTRY users=1760 run=17 ###

### ENTRY users=1770 run=17 seed=17 ###
ResponseTime=22.43681 Throughput=66.57500 goodput=39.51875 badput=27.05625 completed=7439 timedout=4329 dropped=0 Util=0.98197
### END_ENTRY users=1770 run=17 ###

### ENTRY users=1780 run=17 seed=17 ###
ResponseTime=22.76902 Throughput=65.66250 goodput=34.57500 badput=31.08750 completed=6661 timedout=4974 dropped=0 Util=0.98193
### END_ENTRY users=1780 run=17 ###

### ENTRY users=1790 run=17 seed=17 ###
ResponseTime=23.01385 Throughput=65.88125 goodput=34.03125 badput=31.85000 completed=6507 timedout=5096 dropped=0 Util=0.98199
### END_ENTRY users=1790 run=17 ###

### ENTRY users=1800 run=17 seed=17 ###
ResponseTime=22.90115 Throughput=66.19375 goodput=33.91875 badput=32.27500 completed=6570 timedout=5164 dropped=0 Util=0.98198
### END_ENTRY users=1800 run=17 ###

### ENTRY users=1810 run=17 seed=17 ###
ResponseTime=23.12338 Throughput=66.13750 goodput=31.70625 badput=34.43125 completed=6166 timedout=5509 dropped=0 Util=0.98196
### END_ENTRY users=1810 run=17 ###

### ENTRY users=1820 run=17 seed=17 ###
ResponseTime=23.43844 Throughput=66.40000 goodput=31.32500 badput=35.07500 completed=6074 timedout=5612 dropped=0 Util=0.98197
### END_ENTRY users=1820 run=17 ###

### ENTRY users=1830 run=17 seed=17 ###
ResponseTime=23.35092 Throughput=65.95625 goodput=30.01875 badput=35.93750 completed=5921 timedout=5750 dropped=0 Util=0.98196
### END_ENTRY users=1830 run=17 ###

### ENTRY users=1840 run=17 seed=17 ###
ResponseTime=23.23228 Throughput=65.99375 goodput=28.61875 badput=37.37500 completed=5698 timedout=5980 dropped=0 Util=0.98197
### END_ENTRY users=1840 run=17 ###

### ENTRY users=1850 run=17 seed=17 ###
ResponseTime=23.66770 Throughput=66.23750 goodput=27.53125 badput=38.70625 completed=5510 timedout=6193 dropped=0 Util=0.98197
### END_ENTRY users=1850 run=17 ###

### ENTRY users=1860 run=17 seed=17 ###
ResponseTime=23.56186 Throughput=66.00000 goodput=25.67500 badput=40.32500 completed=5245 timedout=6452 dropped=0 Util=0.98197
### END_ENTRY users=1860 run=17 ###

### ENTRY users=1870 run=17 seed=17 ###
ResponseTime=23.83977 Throughput=65.67500 goodput=24.10000 badput=41.57500 completed=4957 timedout=6652 dropped=0 Util=0.98194
### END_ENTRY users=1870 run=17 ###

### ENTRY users=1880 run=17 seed=17 ###
ResponseTime=23.77066 Throughput=66.31250 goodput=22.61250 badput=43.70000 completed=4731 timedout=6992 dropped=0 Util=0.98197
### END_ENTRY users=1880 run=17 ###

### ENTRY users=1890 run=17 seed=17 ###
ResponseTime=23.77546 Throughput=66.55625 goodput=20.93125 badput=45.62500 completed=4446 timedout=7300 dropped=0 Util=0.98195
### END_ENTRY users=1890 run=17 ###

### ENTRY users=1900 run=17 seed=17 ###
ResponseTime=23.99675 Throughput=66.38125 goodput=21.05000 badput=45.33125 completed=4493 timedout=7253 dropped=0 Util=0.98194
### END_ENTRY users=1900 run=17 ###

### ENTRY users=1910 run=17 seed=17 ###
ResponseTime=23.56208 Throughput=64.81250 goodput=14.67500 badput=50.13750 completed=3446 timedout=8022 dropped=0 Util=0.98194
### END_ENTRY users=1910 run=17 ###

### ENTRY users=1920 run=17 seed=17 ###
ResponseTime=23.60889 Throughput=65.59375 goodput=19.46875 badput=46.12500 completed=4215 timedout=7380 dropped=0 Util=0.98196
### END_ENTRY users=1920 run=17 ###

### ENTRY users=1930 run=17 seed=17 ###
ResponseTime=23.41577 Throughput=65.14375 goodput=12.27500 badput=52.86875 completed=3056 timedout=8459 dropped=0 Util=0.98196
### END_ENTRY users=1930 run=17 ###

### ENTRY users=1940 run=17 seed=17 ###
ResponseTime=23.38726 Throughput=65.74375 goodput=15.15000 badput=50.59375 completed=3506 timedout=8095 dropped=0 Util=0.98196
### END_ENTRY users=1940 run=17 ###

### ENTRY users=1950 run=17 seed=17 ###
ResponseTime=23.48515 Throughput=66.22500 goodput=14.52500 badput=51.70000 completed=3440 timedout=8272 dropped=0 Util=0.98196
### END_ENTRY users=1950 run=17 ###

### ENTRY users=1960 run=17 seed=17 ###
ResponseTime=23.18635 Throughput=65.58750 goodput=12.14375 badput=53.44375 completed=3060 timedout=8551 dropped=0 Util=0.98197
### END_ENTRY users=1960 run=17 ###

### ENTRY users=1970 run=17 seed=17 ###
ResponseTime=22.86967 Throughput=65.12500 goodput=12.18750 badput=52.93750 completed=3046 timedout=8470 dropped=0 Util=0.98196
### END_ENTRY users=1970 run=17 ###

### ENTRY users=1980 run=17 seed=17 ###
ResponseTime=23.29168 Throughput=66.52500 goodput=12.80625 badput=53.71875 completed=3137 timedout=8595 dropped=0 Util=0.98197
### END_ENTRY users=1980 run=17 ###

### ENTRY users=1990 run=17 seed=17 ###
ResponseTime=22.91348 Throughput=65.42500 goodput=10.99375 badput=54.43125 completed=2849 timedout=8709 dropped=0 Util=0.98195
### END_ENTRY users=1990 run=17 ###

### ENTRY users=2000 run=17 seed=17 ###
ResponseTime=22.96296 Throughput=64.85625 goodput=11.13125 badput=53.72500 completed=2886 timedout=8596 dropped=0 Util=0.98190
### END_ENTRY users=2000 run=17 ###

### ENTRY users=2010 run=17 seed=17 ###
ResponseTime=22.99187 Throughput=66.22500 goodput=11.24375 badput=54.98125 completed=2925 timedout=8797 dropped=0 Util=0.98198
### END_ENTRY users=2010 run=17 ###

### ENTRY users=2020 run=17 seed=17 ###
ResponseTime=22.66138 Throughput=65.45625 goodput=9.29375 badput=56.16250 completed=2583 timedout=8986 dropped=0 Util=0.98193
### END_ENTRY users=2020 run=17 ###

### ENTRY users=2030 run=17 seed=17 ###
ResponseTime=22.42648 Throughput=64.80000 goodput=8.94375 badput=55.85625 completed=2541 timedout=8937 dropped=0 Util=0.98192
### END_ENTRY users=2030 run=17 ###

### ENTRY users=2040 run=17 seed=17 ###
ResponseTime=21.90047 Throughput=64.87500 goodput=7.53750 badput=57.33750 completed=2278 timedout=9174 dropped=0 Util=0.98192
### END_ENTRY users=2040 run=17 ###

### ENTRY users=2050 run=17 seed=17 ###
ResponseTime=22.53311 Throughput=65.73125 goodput=9.57500 badput=56.15625 completed=2615 timedout=8985 dropped=0 Util=0.98195
### END_ENTRY users=2050 run=17 ###

### ENTRY users=2060 run=17 seed=17 ###
ResponseTime=22.25411 Throughput=65.77500 goodput=9.06875 badput=56.70625 completed=2561 timedout=9073 dropped=0 Util=0.98195
### END_ENTRY users=2060 run=17 ###

### ENTRY users=2070 run=17 seed=17 ###
ResponseTime=22.13317 Throughput=65.10625 goodput=8.05625 badput=57.05000 completed=2425 timedout=9128 dropped=0 Util=0.98196
### END_ENTRY users=2070 run=17 ###

### ENTRY users=2080 run=17 seed=17 ###
ResponseTime=22.26531 Throughput=66.09375 goodput=8.28750 badput=57.80625 completed=2385 timedout=9249 dropped=0 Util=0.98198
### END_ENTRY users=2080 run=17 ###

### ENTRY users=2090 run=17 seed=17 ###
ResponseTime=21.87163 Throughput=65.42500 goodput=7.40625 badput=58.01875 completed=2277 timedout=9283 dropped=0 Util=0.98196
### END_ENTRY users=2090 run=17 ###

### ENTRY users=2100 run=17 seed=17 ###
ResponseTime=21.90543 Throughput=65.38125 goodput=7.55000 badput=57.83125 completed=2235 timedout=9253 dropped=0 Util=0.98193
### END_ENTRY users=2100 run=17 ###

### ENTRY users=2110 run=17 seed=17 ###
ResponseTime=21.93136 Throughput=64.51250 goodput=7.79375 badput=56.71875 completed=2353 timedout=9075 dropped=0 Util=0.98194
### END_ENTRY users=2110 run=17 ###

### ENTRY users=2120 run=17 seed=17 ###
ResponseTime=21.97900 Throughput=65.41875 goodput=7.41875 badput=58.00000 completed=2289 timedout=9280 dropped=0 Util=0.98194
### END_ENTRY users=2120 run=17 ###

### ENTRY users=2130 run=17 seed=17 ###
ResponseTime=21.79243 Throughput=65.21875 goodput=6.96875 badput=58.25000 completed=2181 timedout=9320 dropped=0 Util=0.98193
### END_ENTRY users=2130 run=17 ###

### ENTRY users=2140 run=17 seed=17 ###
ResponseTime=21.73596 Throughput=65.53750 goodput=6.90625 badput=58.63125 completed=2263 timedout=9381 dropped=0 Util=0.98194
### END_ENTRY users=2140 run=17 ###

### ENTRY users=2150 run=17 seed=17 ###
ResponseTime=21.89564 Throughput=65.53750 goodput=6.98125 badput=58.55625 completed=2217 timedout=9369 dropped=0 Util=0.98195
### END_ENTRY users=2150 run=17 ###

### ENTRY users=2160 run=17 seed=17 ###
ResponseTime=21.92534 Throughput=66.25000 goodput=7.41875 badput=58.83125 completed=2322 timedout=9413 dropped=0 Util=0.98197
### END_ENTRY users=2160 run=17 ###

### ENTRY users=2170 run=17 seed=17 ###
ResponseTime=21.19256 Throughput=65.13750 goodput=6.07500 badput=59.06250 completed=2106 timedout=9450 dropped=0 Util=0.98195
### END_ENTRY users=2170 run=17 ###

### ENTRY users=2180 run=17 seed=17 ###
ResponseTime=21.63805 Throughput=65.32500 goodput=6.01875 badput=59.30625 completed=2128 timedout=9489 dropped=0 Util=0.98193
### END_ENTRY users=2180 run=17 ###

### ENTRY users=2190 run=17 seed=17 ###
ResponseTime=21.07720 Throughput=64.82500 goodput=5.90000 badput=58.92500 completed=2060 timedout=9428 dropped=0 Util=0.98192
### END_ENTRY users=2190 run=17 ###

### ENTRY users=2200 run=17 seed=17 ###
ResponseTime=21.73636 Throughput=66.06875 goodput=6.92500 badput=59.14375 completed=2247 timedout=9463 dropped=0 Util=0.98195
### END_ENTRY users=2200 run=17 ###

### ENTRY users=2210 run=17 seed=17 ###
ResponseTime=21.79244 Throughput=66.21250 goodput=7.10625 badput=59.10625 completed=2245 timedout=9457 dropped=0 Util=0.98198
### END_ENTRY users=2210 run=17 ###

### ENTRY users=2220 run=17 seed=17 ###
ResponseTime=21.32547 Throughput=65.41250 goodput=6.05000 badput=59.36250 completed=2057 timedout=9498 dropped=0 Util=0.98196
### END_ENTRY users=2220 run=17 ###

### ENTRY users=2230 run=17 seed=17 ###
ResponseTime=21.83001 Throughput=65.28750 goodput=6.68125 badput=58.60625 completed=2218 timedout=9377 dropped=0 Util=0.98195
### END_ENTRY users=2230 run=17 ###

### ENTRY users=2240 run=17 seed=17 ###
ResponseTime=21.43478 Throughput=65.01250 goodput=6.46250 badput=58.55000 completed=2159 timedout=9368 dropped=0 Util=0.98195
### END_ENTRY users=2240 run=17 ###

### ENTRY users=2250 run=17 seed=17 ###
ResponseTime=21.47899 Throughput=66.78125 goodput=6.21875 badput=60.56250 completed=2122 timedout=9690 dropped=0 Util=0.98198
### END_ENTRY users=2250 run=17 ###

### ENTRY users=2260 run=17 seed=17 ###
ResponseTime=21.35758 Throughput=65.56250 goodput=6.08750 badput=59.47500 completed=2117 timedout=9516 dropped=0 Util=0.98193
### END_ENTRY users=2260 run=17 ###

### ENTRY users=2270 run=17 seed=17 ###
ResponseTime=20.83960 Throughput=65.94375 goodput=5.41250 badput=60.53125 completed=1971 timedout=9685 dropped=0 Util=0.98195
### END_ENTRY users=2270 run=17 ###

### ENTRY users=2280 run=17 seed=17 ###
ResponseTime=20.70359 Throughput=65.21250 goodput=5.01250 badput=60.20000 completed=1910 timedout=9632 dropped=0 Util=0.98193
### END_ENTRY users=2280 run=17 ###

### ENTRY users=2290 run=17 seed=17 ###
ResponseTime=21.51221 Throughput=66.16875 goodput=6.65625 badput=59.51250 completed=2181 timedout=9522 dropped=0 Util=0.98198
### END_ENTRY users=2290 run=17 ###

### ENTRY users=2300 run=17 seed=17 ###
ResponseTime=20.27882 Throughput=64.91250 goodput=4.93750 badput=59.97500 completed=1964 timedout=9596 dropped=0 Util=0.98193
### END_ENTRY users=2300 run=17 ###

### ENTRY users=2310 run=17 seed=17 ###
ResponseTime=20.59413 Throughput=64.19375 goodput=5.16250 badput=59.03125 completed=1979 timedout=9445 dropped=0 Util=0.98190
### END_ENTRY users=2310 run=17 ###

### ENTRY users=2320 run=17 seed=17 ###
ResponseTime=20.94744 Throughput=65.25625 goodput=5.78750 badput=59.46875 completed=2052 timedout=9515 dropped=0 Util=0.98192
### END_ENTRY users=2320 run=17 ###

### ENTRY users=2330 run=17 seed=17 ###
ResponseTime=20.36710 Throughput=65.08125 goodput=5.10000 badput=59.98125 completed=1965 timedout=9597 dropped=0 Util=0.98192
### END_ENTRY users=2330 run=17 ###

### ENTRY users=2340 run=17 seed=17 ###
ResponseTime=20.66562 Throughput=65.10625 goodput=5.36250 badput=59.74375 completed=1980 timedout=9559 dropped=0 Util=0.98193
### END_ENTRY users=2340 run=17 ###

### ENTRY users=2350 run=17 seed=17 ###
ResponseTime=20.34189 Throughput=65.76875 goodput=5.06250 badput=60.70625 completed=1885 timedout=9713 dropped=0 Util=0.98198
### END_ENTRY users=2350 run=17 ###

### ENTRY users=2360 run=17 seed=17 ###
ResponseTime=19.84093 Throughput=64.73750 goodput=5.15000 badput=59.58750 completed=1951 timedout=9534 dropped=0 Util=0.98192
### END_ENTRY users=2360 run=17 ###

### ENTRY users=2370 run=17 seed=17 ###
ResponseTime=20.66065 Throughput=65.08125 goodput=5.54375 badput=59.53750 completed=2054 timedout=9526 dropped=0 Util=0.98194
### END_ENTRY users=2370 run=17 ###

### ENTRY users=2380 run=17 seed=17 ###
ResponseTime=20.60127 Throughput=66.96250 goodput=5.71875 badput=61.24375 completed=2077 timedout=9799 dropped=0 Util=0.98199
### END_ENTRY users=2380 run=17 ###

### ENTRY users=2390 run=17 seed=17 ###
ResponseTime=20.23408 Throughput=65.35000 goodput=4.88125 badput=60.46875 completed=1940 timedout=9675 dropped=0 Util=0.98195
### END_ENTRY users=2390 run=17 ###

### ENTRY users=2400 run=17 seed=17 ###
ResponseTime=20.11158 Throughput=64.60625 goodput=4.96250 badput=59.64375 completed=1889 timedout=9543 dropped=0 Util=0.98194
### END_ENTRY users=2400 run=17 ###

### ENTRY users=2410 run=17 seed=17 ###
ResponseTime=20.29817 Throughput=65.51250 goodput=4.93750 badput=60.57500 completed=1927 timedout=9692 dropped=0 Util=0.98192
### END_ENTRY users=2410 run=17 ###

### ENTRY users=2420 run=17 seed=17 ###
ResponseTime=20.19352 Throughput=65.78750 goodput=5.26875 badput=60.51875 completed=1983 timedout=9683 dropped=0 Util=0.98197
### END_ENTRY users=2420 run=17 ###

### ENTRY users=2430 run=17 seed=17 ###
ResponseTime=20.20447 Throughput=65.69375 goodput=4.98750 badput=60.70625 completed=1927 timedout=9713 dropped=0 Util=0.98195
### END_ENTRY users=2430 run=17 ###

### ENTRY users=2440 run=17 seed=17 ###
ResponseTime=20.14727 Throughput=66.74375 goodput=4.84375 badput=61.90000 completed=1945 timedout=9904 dropped=0 Util=0.98197
### END_ENTRY users=2440 run=17 ###

### ENTRY users=2450 run=17 seed=17 ###
ResponseTime=20.21280 Throughput=66.20625 goodput=4.84375 badput=61.36250 completed=1862 timedout=9818 dropped=0 Util=0.98194
### END_ENTRY users=2450 run=17 ###

### ENTRY users=2460 run=17 seed=17 ###
ResponseTime=20.08762 Throughput=66.42500 goodput=5.03125 badput=61.39375 completed=1919 timedout=9823 dropped=0 Util=0.98195
### END_ENTRY users=2460 run=17 ###

### ENTRY users=2470 run=17 seed=17 ###
ResponseTime=20.37394 Throughput=65.67500 goodput=4.71250 badput=60.96250 completed=1887 timedout=9754 dropped=0 Util=0.98194
### END_ENTRY users=2470 run=17 ###

### ENTRY users=2480 run=17 seed=17 ###
ResponseTime=20.18823 Throughput=65.63125 goodput=5.10000 badput=60.53125 completed=1961 timedout=9685 dropped=0 Util=0.98197
### END_ENTRY users=2480 run=17 ###

### ENTRY users=2490 run=17 seed=17 ###
ResponseTime=20.32186 Throughput=66.38125 goodput=4.99375 badput=61.38750 completed=1897 timedout=9822 dropped=0 Util=0.98196
### END_ENTRY users=2490 run=17 ###

### ENTRY users=2500 run=17 seed=17 ###
ResponseTime=20.20344 Throughput=66.57500 goodput=4.93750 badput=61.63750 completed=1968 timedout=9862 dropped=0 Util=0.98198
### END_ENTRY users=2500 run=17 ###

### ENTRY users=2510 run=17 seed=17 ###
ResponseTime=20.50526 Throughput=65.66875 goodput=4.89375 badput=60.77500 completed=1901 timedout=9724 dropped=0 Util=0.98195
### END_ENTRY users=2510 run=17 ###

### ENTRY users=2520 run=17 seed=17 ###
ResponseTime=20.24045 Throughput=66.29375 goodput=4.91250 badput=61.38125 completed=1967 timedout=9821 dropped=0 Util=0.98198
### END_ENTRY users=2520 run=17 ###

### ENTRY users=2530 run=17 seed=17 ###
ResponseTime=20.26498 Throughput=65.93750 goodput=4.83125 badput=61.10625 completed=1932 timedout=9777 dropped=0 Util=0.98197
### END_ENTRY users=2530 run=17 ###

### ENTRY users=2540 run=17 seed=17 ###
ResponseTime=20.36387 Throughput=66.49375 goodput=4.94375 badput=61.55000 completed=1938 timedout=9848 dropped=0 Util=0.98195
### END_ENTRY users=2540 run=17 ###

### ENTRY users=2550 run=17 seed=17 ###
ResponseTime=20.18393 Throughput=65.04375 goodput=4.75625 badput=60.28750 completed=1924 timedout=9646 dropped=0 Util=0.98195
### END_ENTRY users=2550 run=17 ###

### ENTRY users=2560 run=17 seed=17 ###
ResponseTime=20.18850 Throughput=66.03750 goodput=4.88750 badput=61.15000 completed=1922 timedout=9784 dropped=0 Util=0.98196
### END_ENTRY users=2560 run=17 ###

### ENTRY users=2570 run=17 seed=17 ###
ResponseTime=20.29793 Throughput=66.51875 goodput=4.73750 badput=61.78125 completed=1880 timedout=9885 dropped=0 Util=0.98199
### END_ENTRY users=2570 run=17 ###

### ENTRY users=2580 run=17 seed=17 ###
ResponseTime=20.04052 Throughput=65.19375 goodput=4.86250 badput=60.33125 completed=1942 timedout=9653 dropped=0 Util=0.98197
### END_ENTRY users=2580 run=17 ###

### ENTRY users=2590 run=17 seed=17 ###
ResponseTime=20.28709 Throughput=64.64375 goodput=4.79375 badput=59.85000 completed=1896 timedout=9576 dropped=0 Util=0.98190
### END_ENTRY users=2590 run=17 ###

### ENTRY users=2600 run=17 seed=17 ###
ResponseTime=20.11849 Throughput=65.29375 goodput=4.65000 badput=60.64375 completed=1852 timedout=9703 dropped=0 Util=0.98196
### END_ENTRY users=2600 run=17 ###

### ENTRY users=2610 run=17 seed=17 ###
ResponseTime=20.37603 Throughput=65.98750 goodput=4.92500 badput=61.06250 completed=1922 timedout=9770 dropped=0 Util=0.98196
### END_ENTRY users=2610 run=17 ###

### ENTRY users=2620 run=17 seed=17 ###
ResponseTime=20.19827 Throughput=66.19375 goodput=5.12500 badput=61.06875 completed=1975 timedout=9771 dropped=0 Util=0.98195
### END_ENTRY users=2620 run=17 ###

### ENTRY users=2630 run=17 seed=17 ###
ResponseTime=20.25828 Throughput=66.29375 goodput=5.06875 badput=61.22500 completed=1928 timedout=9796 dropped=0 Util=0.98195
### END_ENTRY users=2630 run=17 ###

### ENTRY users=2640 run=17 seed=17 ###
ResponseTime=20.25230 Throughput=66.65000 goodput=4.88750 badput=61.76250 completed=1942 timedout=9882 dropped=0 Util=0.98197
### END_ENTRY users=2640 run=17 ###

### ENTRY users=2650 run=17 seed=17 ###
ResponseTime=20.42132 Throughput=66.10000 goodput=5.01875 badput=61.08125 completed=1980 timedout=9773 dropped=0 Util=0.98199
### END_ENTRY users=2650 run=17 ###

### ENTRY users=2660 run=17 seed=17 ###
ResponseTime=20.37710 Throughput=65.33125 goodput=4.73750 badput=60.59375 completed=1884 timedout=9695 dropped=0 Util=0.98194
### END_ENTRY users=2660 run=17 ###

### ENTRY users=2670 run=17 seed=17 ###
ResponseTime=20.39703 Throughput=65.65000 goodput=4.73750 badput=60.91250 completed=1873 timedout=9746 dropped=0 Util=0.98195
### END_ENTRY users=2670 run=17 ###

### ENTRY users=2680 run=17 seed=17 ###
ResponseTime=20.26736 Throughput=65.58125 goodput=4.87500 badput=60.70625 completed=1861 timedout=9713 dropped=0 Util=0.98195
### END_ENTRY users=2680 run=17 ###

### ENTRY users=2690 run=17 seed=17 ###
ResponseTime=20.21961 Throughput=65.82500 goodput=4.78125 badput=61.04375 completed=1852 timedout=9767 dropped=0 Util=0.98197
### END_ENTRY users=2690 run=17 ###

### ENTRY users=2700 run=17 seed=17 ###
ResponseTime=20.27524 Throughput=65.38750 goodput=4.77500 badput=60.61250 completed=1875 timedout=9698 dropped=0 Util=0.98195
### END_ENTRY users=2700 run=17 ###

### ENTRY users=2710 run=17 seed=17 ###
ResponseTime=20.31700 Throughput=66.00000 goodput=4.81250 badput=61.18750 completed=1865 timedout=9790 dropped=0 Util=0.98195
### END_ENTRY users=2710 run=17 ###

### ENTRY users=2720 run=17 seed=17 ###
ResponseTime=20.17814 Throughput=66.09375 goodput=5.12500 badput=60.96875 completed=1972 timedout=9755 dropped=0 Util=0.98195
### END_ENTRY users=2720 run=17 ###

### ENTRY users=2730 run=17 seed=17 ###
ResponseTime=20.44361 Throughput=65.56875 goodput=4.91875 badput=60.65000 completed=1868 timedout=9704 dropped=0 Util=0.98197
### END_ENTRY users=2730 run=17 ###

### ENTRY users=2740 run=17 seed=17 ###
ResponseTime=20.24838 Throughput=66.01875 goodput=4.86875 badput=61.15000 completed=1904 timedout=9784 dropped=0 Util=0.98197
### END_ENTRY users=2740 run=17 ###

### ENTRY users=2750 run=17 seed=17 ###
ResponseTime=20.54461 Throughput=66.06875 goodput=4.95000 badput=61.11875 completed=1909 timedout=9779 dropped=0 Util=0.98199
### END_ENTRY users=2750 run=17 ###

### ENTRY users=2760 run=17 seed=17 ###
ResponseTime=20.15978 Throughput=66.18750 goodput=5.08125 badput=61.10625 completed=1932 timedout=9777 dropped=0 Util=0.98195
### END_ENTRY users=2760 run=17 ###

### ENTRY users=2770 run=17 seed=17 ###
ResponseTime=20.33442 Throughput=66.34375 goodput=4.76250 badput=61.58125 completed=1881 timedout=9853 dropped=0 Util=0.98197
### END_ENTRY users=2770 run=17 ###

### ENTRY users=2780 run=17 seed=17 ###
ResponseTime=20.43953 Throughput=66.49375 goodput=4.87500 badput=61.61875 completed=1888 timedout=9859 dropped=0 Util=0.98195
### END_ENTRY users=2780 run=17 ###

### ENTRY users=2790 run=17 seed=17 ###
ResponseTime=20.17754 Throughput=66.31250 goodput=4.86875 badput=61.44375 completed=1940 timedout=9831 dropped=0 Util=0.98199
### END_ENTRY users=2790 run=17 ###

### ENTRY users=2800 run=17 seed=17 ###
ResponseTime=19.92333 Throughput=65.79375 goodput=4.88125 badput=60.91250 completed=1907 timedout=9746 dropped=0 Util=0.98196
### END_ENTRY users=2800 run=17 ###

### ENTRY users=2810 run=17 seed=17 ###
ResponseTime=20.15876 Throughput=65.95000 goodput=4.66250 badput=61.28750 completed=1883 timedout=9806 dropped=0 Util=0.98197
### END_ENTRY users=2810 run=17 ###

### ENTRY users=2820 run=17 seed=17 ###
ResponseTime=20.11225 Throughput=65.21250 goodput=4.74375 badput=60.46875 completed=1860 timedout=9675 dropped=0 Util=0.98194
### END_ENTRY users=2820 run=17 ###

### ENTRY users=2830 run=17 seed=17 ###
ResponseTime=20.11237 Throughput=65.45000 goodput=4.93750 badput=60.51250 completed=1881 timedout=9682 dropped=0 Util=0.98196
### END_ENTRY users=2830 run=17 ###

### ENTRY users=2840 run=17 seed=17 ###
ResponseTime=20.18907 Throughput=66.03125 goodput=4.81250 badput=61.21875 completed=1918 timedout=9795 dropped=0 Util=0.98195
### END_ENTRY users=2840 run=17 ###

### ENTRY users=2850 run=17 seed=17 ###
ResponseTime=20.02445 Throughput=65.14375 goodput=4.47500 badput=60.66875 completed=1871 timedout=9707 dropped=0 Util=0.98196
### END_ENTRY users=2850 run=17 ###

### ENTRY users=2860 run=17 seed=17 ###
ResponseTime=20.46988 Throughput=65.10000 goodput=4.71250 badput=60.38750 completed=1883 timedout=9662 dropped=0 Util=0.98195
### END_ENTRY users=2860 run=17 ###

### ENTRY users=2870 run=17 seed=17 ###
ResponseTime=20.14005 Throughput=65.62500 goodput=4.68125 badput=60.94375 completed=1926 timedout=9751 dropped=0 Util=0.98196
### END_ENTRY users=2870 run=17 ###

### ENTRY users=2880 run=17 seed=17 ###
ResponseTime=20.35146 Throughput=65.78750 goodput=4.79375 badput=60.99375 completed=1851 timedout=9759 dropped=0 Util=0.98194
### END_ENTRY users=2880 run=17 ###

### ENTRY users=2890 run=17 seed=17 ###
ResponseTime=20.47087 Throughput=64.92500 goodput=4.49375 badput=60.43125 completed=1896 timedout=9669 dropped=0 Util=0.98192
### END_ENTRY users=2890 run=17 ###

### ENTRY users=2900 run=17 seed=17 ###
ResponseTime=20.21861 Throughput=66.50625 goodput=4.79375 badput=61.71250 completed=1912 timedout=9874 dropped=0 Util=0.98198
### END_ENTRY users=2900 run=17 ###

### ENTRY users=2910 run=17 seed=17 ###
ResponseTime=20.45763 Throughput=65.14375 goodput=4.89375 badput=60.25000 completed=1924 timedout=9640 dropped=0 Util=0.98192
### END_ENTRY users=2910 run=17 ###

### ENTRY users=2920 run=17 seed=17 ###
ResponseTime=20.27708 Throughput=65.44375 goodput=4.56250 badput=60.88125 completed=1927 timedout=9741 dropped=0 Util=0.98194
### END_ENTRY users=2920 run=17 ###

### ENTRY users=2930 run=17 seed=17 ###
ResponseTime=20.37255 Throughput=66.04375 goodput=4.70000 badput=61.34375 completed=1874 timedout=9815 dropped=0 Util=0.98197
### END_ENTRY users=2930 run=17 ###

### ENTRY users=2940 run=17 seed=17 ###
ResponseTime=20.32973 Throughput=66.19375 goodput=4.63750 badput=61.55625 completed=1871 timedout=9849 dropped=0 Util=0.98197
### END_ENTRY users=2940 run=17 ###

### ENTRY users=2950 run=17 seed=17 ###
ResponseTime=20.07902 Throughput=65.61250 goodput=4.51875 badput=61.09375 completed=1899 timedout=9775 dropped=0 Util=0.98195
### END_ENTRY users=2950 run=17 ###

### ENTRY users=2960 run=17 seed=17 ###
ResponseTime=20.33635 Throughput=66.04375 goodput=4.70000 badput=61.34375 completed=1907 timedout=9815 dropped=0 Util=0.98197
### END_ENTRY users=2960 run=17 ###

### ENTRY users=2970 run=17 seed=17 ###
ResponseTime=20.41732 Throughput=66.18750 goodput=4.53750 badput=61.65000 completed=1857 timedout=9864 dropped=0 Util=0.98199
### END_ENTRY users=2970 run=17 ###

### ENTRY users=2980 run=17 seed=17 ###
ResponseTime=20.18975 Throughput=64.98125 goodput=4.55000 badput=60.43125 completed=1871 timedout=9669 dropped=0 Util=0.98192
### END_ENTRY users=2980 run=17 ###

### ENTRY users=2990 run=17 seed=17 ###
ResponseTime=20.39161 Throughput=65.50625 goodput=4.73750 badput=60.76875 completed=1923 timedout=9723 dropped=0 Util=0.98196
### END_ENTRY users=2990 run=17 ###

### ENTRY users=3000 run=17 seed=17 ###
ResponseTime=20.31329 Throughput=65.58125 goodput=4.66875 badput=60.91250 completed=1903 timedout=9746 dropped=0 Util=0.98193
### END_ENTRY users=3000 run=17 ###

