Running simulation with users=2
0 179000
RUN: avg_rt=30.40000 throughput=0.00049 goodput=0.00049 badput=0.00000 completed=88 timedout=0 dropped=0
Aggregate avg_response_time (mean over runs): 30.40000
--------------------------------------
Running simulation with users=12
0 179000
RUN: avg_rt=32.33657 throughput=0.00292 goodput=0.00292 badput=0.00000 completed=523 timedout=0 dropped=0
Aggregate avg_response_time (mean over runs): 32.33657
--------------------------------------
Running simulation with users=22
0 179000
RUN: avg_rt=31.59723 throughput=0.00534 goodput=0.00534 badput=0.00000 completed=956 timedout=0 dropped=0
Aggregate avg_response_time (mean over runs): 31.59723
--------------------------------------
Running simulation with users=32
0 179000
RUN: avg_rt=34.08118 throughput=0.00776 goodput=0.00776 badput=0.00000 completed=1389 timedout=0 dropped=0
Aggregate avg_response_time (mean over runs): 34.08118
--------------------------------------
Running simulation with users=42
0 179000
RUN: avg_rt=34.90400 throughput=0.01020 goodput=0.01020 badput=0.00000 completed=1826 timedout=0 dropped=0
Aggregate avg_response_time (mean over runs): 34.90400
--------------------------------------
Running simulation with users=52
0 179000
RUN: avg_rt=36.25578 throughput=0.01260 goodput=0.01260 badput=0.00000 completed=2256 timedout=0 dropped=0
Aggregate avg_response_time (mean over runs): 36.25578
--------------------------------------
Running simulation with users=62
0 179000
RUN: avg_rt=38.35994 throughput=0.01503 goodput=0.01503 badput=0.00000 completed=2691 timedout=0 dropped=0
Aggregate avg_response_time (mean over runs): 38.35994
--------------------------------------
Running simulation with users=72
0 179000
RUN: avg_rt=40.12593 throughput=0.01745 goodput=0.01745 badput=0.00000 completed=3124 timedout=0 dropped=0
Aggregate avg_response_time (mean over runs): 40.12593
--------------------------------------
Running simulation with users=82
0 179000
RUN: avg_rt=43.29341 throughput=0.01984 goodput=0.01984 badput=0.00000 completed=3552 timedout=0 dropped=0
Aggregate avg_response_time (mean over runs): 43.29341
--------------------------------------
Running simulation with users=92
0 179000
RUN: avg_rt=46.83865 throughput=0.02227 goodput=0.02227 badput=0.00000 completed=3986 timedout=0 dropped=0
Aggregate avg_response_time (mean over runs): 46.83865
--------------------------------------
Running simulation with users=102
0 179000
RUN: avg_rt=51.56291 throughput=0.02464 goodput=0.02464 badput=0.00000 completed=4410 timedout=0 dropped=0
Aggregate avg_response_time (mean over runs): 51.56291
--------------------------------------
Running simulation with users=112
0 179000
RUN: avg_rt=57.64941 throughput=0.02701 goodput=0.02701 badput=0.00000 completed=4835 timedout=0 dropped=0
Aggregate avg_response_time (mean over runs): 57.64941
--------------------------------------
Running simulation with users=122
0 179000
RUN: avg_rt=65.64966 throughput=0.02937 goodput=0.02937 badput=0.00000 completed=5257 timedout=0 dropped=0
Aggregate avg_response_time (mean over runs): 65.64966
--------------------------------------
Running simulation with users=132
0 179000
RUN: avg_rt=82.75809 throughput=0.03164 goodput=0.03164 badput=0.00000 completed=5664 timedout=0 dropped=0
Aggregate avg_response_time (mean over runs): 82.75809
--------------------------------------
Running simulation with users=142
0 179000
RUN: avg_rt=305.74652 throughput=0.03226 goodput=0.03226 badput=0.00000 completed=5775 timedout=0 dropped=0
Aggregate avg_response_time (mean over runs): 305.74652
--------------------------------------
Running simulation with users=152
0 179000
RUN: avg_rt=604.71237 throughput=0.03226 goodput=0.03226 badput=0.00000 completed=5774 timedout=0 dropped=0
Aggregate avg_response_time (mean over runs): 604.71237
--------------------------------------
Running simulation with users=162
0 179000
RUN: avg_rt=903.66278 throughput=0.03226 goodput=0.03226 badput=0.00000 completed=5775 timedout=0 dropped=0
Aggregate avg_response_time (mean over runs): 903.66278
--------------------------------------
Running simulation with users=172
0 179000
RUN: avg_rt=1204.19894 throughput=0.03224 goodput=0.03224 badput=0.00000 completed=5771 timedout=0 dropped=0
Aggregate avg_response_time (mean over runs): 1204.19894
--------------------------------------
Running simulation with users=182
0 179000
RUN: avg_rt=1503.12611 throughput=0.03223 goodput=0.03223 badput=0.00000 completed=5769 timedout=0 dropped=0
Aggregate avg_response_time (mean over runs): 1503.12611
--------------------------------------
Running simulation with users=192
0 179000
RUN: avg_rt=1802.07455 throughput=0.03222 goodput=0.03222 badput=0.00000 completed=5768 timedout=0 dropped=0
Aggregate avg_response_time (mean over runs): 1802.07455
--------------------------------------
Running simulation with users=202
0 179000
RUN: avg_rt=2100.63935 throughput=0.03221 goodput=0.03221 badput=0.00000 completed=5765 timedout=0 dropped=0
Aggregate avg_response_time (mean over runs): 2100.63935
--------------------------------------
Running simulation with users=212
0 179000
RUN: avg_rt=2401.89447 throughput=0.03218 goodput=0.03218 badput=0.00000 completed=5761 timedout=0 dropped=0
Aggregate avg_response_time (mean over runs): 2401.89447
--------------------------------------
Running simulation with users=222
0 179000
RUN: avg_rt=2702.99965 throughput=0.03217 goodput=0.03217 badput=0.00000 completed=5759 timedout=0 dropped=0
Aggregate avg_response_time (mean over runs): 2702.99965
--------------------------------------
Running simulation with users=232
0 179000
RUN: avg_rt=3004.47054 throughput=0.03215 goodput=0.03215 badput=0.00000 completed=5755 timedout=0 dropped=0
Aggregate avg_response_time (mean over runs): 3004.47054
--------------------------------------
Running simulation with users=242
0 179000
RUN: avg_rt=3304.91063 throughput=0.03213 goodput=0.03213 badput=0.00000 completed=5752 timedout=0 dropped=0
Aggregate avg_response_time (mean over runs): 3304.91063
--------------------------------------
Running simulation with users=252
0 179000
RUN: avg_rt=3604.46136 throughput=0.03210 goodput=0.03210 badput=0.00000 completed=5746 timedout=0 dropped=0
Aggregate avg_response_time (mean over runs): 3604.46136
--------------------------------------
Running simulation with users=262
0 179000
RUN: avg_rt=3903.99793 throughput=0.03208 goodput=0.03208 badput=0.00000 completed=5743 timedout=0 dropped=0
Aggregate avg_response_time (mean over runs): 3903.99793
--------------------------------------
Running simulation with users=272
0 179000
RUN: avg_rt=4202.66957 throughput=0.03209 goodput=0.03209 badput=0.00000 completed=5745 timedout=0 dropped=0
Aggregate avg_response_time (mean over runs): 4202.66957
--------------------------------------
Running simulation with users=282
0 179000
RUN: avg_rt=4502.30373 throughput=0.03204 goodput=0.03204 badput=0.00000 completed=5736 timedout=0 dropped=0
Aggregate avg_response_time (mean over runs): 4502.30373
--------------------------------------
Running simulation with users=292
0 179000
RUN: avg_rt=4800.73629 throughput=0.03205 goodput=0.03205 badput=0.00000 completed=5737 timedout=0 dropped=0
Aggregate avg_response_time (mean over runs): 4800.73629
--------------------------------------
